05-09 09:44:14.685   538   650 I InputReader:   Touch device 'synaptics_dsx' could not query the properties of its associated display.  The device will be inoperable until the display size becomes available.
05-09 09:44:14.685   538   650 I InputReader: Device added: id=1, name='synaptics_dsx', sources=0x00001103
05-09 09:44:14.718   538   538 I SystemServer: Accessibility Manager
05-09 09:44:14.728   538   538 I ActivityManager: Config changes=1df8 {1.0 ?mcc?mnc en_US ldltr sw768dp w768dp h1024dp 320dpi xlrg port ?uimode ?night -touch -keyb/v/h -nav/h s.2}
05-09 09:44:14.733   538   650 I InputReader: Reconfiguring input devices.  changes=0x00000004
05-09 09:44:14.733   538   650 I InputReader: Device reconfigured: id=1, name='synaptics_dsx', size 1536x2048, orientation 0, mode 1, display id 0
05-09 09:44:14.740   538   538 I ActivityManager: Config changes=408 {1.0 ?mcc?mnc en_US ldltr sw768dp w768dp h952dp 320dpi xlrg port ?uimode ?night finger -keyb/v/h -nav/h s.3}
05-09 09:44:14.746   538   538 I SystemServiceManager: Starting com.android.server.MountService$Lifecycle
05-09 09:44:14.756   538   538 I SystemServiceManager: Starting com.android.server.UiModeManagerService
05-09 09:44:14.760   538   538 I ActivityManager: Config changes=200 {1.0 ?mcc?mnc en_US ldltr sw768dp w768dp h952dp 320dpi xlrg port finger -keyb/v/h -nav/h s.4}
05-09 09:44:14.761   538   651 D MountService: Thinking about reset, mSystemReady=false, mDaemonConnected=true
05-09 09:44:14.764   538   651 D MountService: Thinking about reset, mSystemReady=false, mDaemonConnected=true
05-09 09:44:14.765   538   651 D CryptdConnector: SND -> {1 cryptfs getfield SystemLocale}
05-09 09:44:14.765   538   538 I SystemServer: LockSettingsService
05-09 09:44:14.765   154   178 I Ext4Crypt: ext4 crypto complete called on /data
05-09 09:44:14.766   154   178 I Ext4Crypt: No master key, so not ext4enc
05-09 09:44:14.766   538   653 D CryptdConnector: RCV <- {200 1 -1}
05-09 09:44:14.769   538   538 I SystemServiceManager: Starting com.android.server.PersistentDataBlockService
05-09 09:44:14.769   538   651 W MountService: No primary storage mounted!
05-09 09:44:14.769   538   651 D VoldConnector: SND -> {1 asec list}
05-09 09:44:14.774   538   652 D VoldConnector: RCV <- {200 1 asec operation succeeded}
05-09 09:44:14.775   538   651 I PackageManager: No secure containers found
05-09 09:44:14.775   538   651 W PackageManager: Not granting permission android.permission.READ_PHONE_STATE to package pt.up.fc.dcc.hyrax.od_launcher because it was previously installed without
05-09 09:44:14.775   538   651 W PackageManager: Not granting permission android.permission.READ_EXTERNAL_STORAGE to package pt.up.fc.dcc.hyrax.od_launcher because it was previously installed without
05-09 09:44:14.775   538   651 W PackageManager: Not granting permission android.permission.WRITE_EXTERNAL_STORAGE to package pt.up.fc.dcc.hyrax.od_launcher because it was previously installed without
05-09 09:44:14.775   538   651 W PackageManager: Unknown permission android.permission.FOREGROUND_SERVICE in package pt.up.fc.dcc.hyrax.od_launcher
05-09 09:44:14.775   538   651 W PackageManager: Not granting permission android.permission.MANAGE_DOCUMENTS to package com.google.android.youtube (protectionLevel=2 flags=0x38583e45)
05-09 09:44:14.775   538   651 W PackageManager: Not granting permission com.google.android.googleapps.permission.GOOGLE_AUTH to package com.google.android.youtube (protectionLevel=2 flags=0x38583e45)
05-09 09:44:14.775   538   651 W PackageManager: Not granting permission com.google.android.googleapps.permission.GOOGLE_AUTH.youtube to package com.google.android.youtube (protectionLevel=2 flags=0x38583e45)
05-09 09:44:14.776   538   651 W PackageManager: Not granting permission com.google.android.googleapps.permission.GOOGLE_AUTH.YouTubeUser to package com.google.android.youtube (protectionLevel=2 flags=0x38583e45)
05-09 09:44:14.776   538   651 W PackageManager: Unknown permission com.google.android.voicesearch.SHORTCUTS_ACCESS in package com.google.android.googlequicksearchbox
05-09 09:44:14.776   538   651 W PackageManager: Unknown permission com.google.android.voicesearch.ACCESS_SETTINGS in package com.google.android.googlequicksearchbox
05-09 09:44:14.776   538   651 W PackageManager: Unknown permission com.android.browser.permission.PRELOAD in package com.google.android.googlequicksearchbox
05-09 09:44:14.776   538   651 W PackageManager: Unknown permission com.google.android.ears.permission.WRITE in package com.google.android.googlequicksearchbox
05-09 09:44:14.776   538   651 W PackageManager: Unknown permission com.google.android.apps.googlevoice.permission.AUTO_SEND in package com.google.android.googlequicksearchbox
05-09 09:44:14.776   538   651 W PackageManager: Unknown permission com.android.chrome.PRERENDER_URL in package com.google.android.googlequicksearchbox
05-09 09:44:14.777   538   651 W PackageManager: Not granting permission com.google.android.googleapps.permission.GOOGLE_AUTH to package com.android.providers.calendar (protectionLevel=2 flags=0x30083e45)
05-09 09:44:14.777   538   651 W PackageManager: Not granting permission com.google.android.googleapps.permission.GOOGLE_AUTH.cl to package com.android.providers.calendar (protectionLevel=2 flags=0x30083e45)
05-09 09:44:14.777   538   651 W PackageManager: Unknown permission android.permission.WRITE_SYNC_STATS in package com.google.android.apps.docs.editors.docs
05-09 09:44:14.777   538   651 W PackageManager: Not granting permission com.google.android.gm.permission.READ_GMAIL to package com.google.android.apps.docs.editors.docs (protectionLevel=2 flags=0x38183e45)
05-09 09:44:14.777   538   651 W PackageManager: Not granting permission com.google.android.googleapps.permission.GOOGLE_AUTH to package com.google.android.apps.docs.editors.docs (protectionLevel=2 flags=0x38183e45)
05-09 09:44:14.777   538   651 W PackageManager: Not granting permission com.google.android.googleapps.permission.GOOGLE_AUTH.OTHER_SERVICES to package com.google.android.apps.docs.editors.docs (protectionLevel=2 flags=0x38183e45)
05-09 09:44:14.777   538   651 W PackageManager: Not granting permission com.google.android.googleapps.permission.GOOGLE_AUTH.ALL_SERVICES to package com.google.android.apps.docs.editors.docs (protectionLevel=2 flags=0x38183e45)
05-09 09:44:14.777   538   651 W PackageManager: Not granting permission com.google.android.googleapps.permission.GOOGLE_AUTH.writely to package com.google.android.apps.docs.editors.docs (protectionLevel=2 flags=0x38183e45)
05-09 09:44:14.777   538   651 W PackageManager: Not granting permission com.google.android.googleapps.permission.GOOGLE_AUTH.wise to package com.google.android.apps.docs.editors.docs (protectionLevel=2 flags=0x38183e45)
05-09 09:44:14.777   538   651 W PackageManager: Not granting permission android.permission.WRITE_SECURE_SETTINGS to package com.google.android.apps.enterprise.dmagent (protectionLevel=50 flags=0x38083e05)
05-09 09:44:14.778   538   651 W PackageManager: Not granting permission android.permission.CONNECTIVITY_INTERNAL to package com.google.android.apps.enterprise.dmagent (protectionLevel=18 flags=0x38083e05)
05-09 09:44:14.778   538   651 W PackageManager: Not granting permission android.permission.MANAGE_USB to package com.google.android.apps.enterprise.dmagent (protectionLevel=18 flags=0x38083e05)
05-09 09:44:14.778   538   651 W PackageManager: Not granting permission android.permission.CHANGE_COMPONENT_ENABLED_STATE to package com.google.android.apps.enterprise.dmagent (protectionLevel=18 flags=0x38083e05)
05-09 09:44:14.778   538   651 W PackageManager: Not granting permission android.permission.MANAGE_CA_CERTIFICATES to package com.google.android.apps.enterprise.dmagent (protectionLevel=18 flags=0x38083e05)
05-09 09:44:14.778   538   651 W PackageManager: Not granting permission android.permission.MANAGE_USERS to package com.google.android.apps.enterprise.dmagent (protectionLevel=18 flags=0x38083e05)
05-09 09:44:14.778   538   651 W PackageManager: Unknown permission android.permission.WRITE_SYNC_STATS in package com.google.android.apps.docs.editors.sheets
05-09 09:44:14.778   538   651 W PackageManager: Not granting permission com.google.android.gm.permission.READ_GMAIL to package com.google.android.apps.docs.editors.sheets (protectionLevel=2 flags=0x38183e45)
05-09 09:44:14.778   538   651 W PackageManager: Not granting permission com.google.android.googleapps.permission.GOOGLE_AUTH to package com.google.android.apps.docs.editors.sheets (protectionLevel=2 flags=0x38183e45)
05-09 09:44:14.778   538   651 W PackageManager: Not granting permission com.google.android.googleapps.permission.GOOGLE_AUTH.OTHER_SERVICES to package com.google.android.apps.docs.editors.sheets (protectionLevel=2 flags=0x38183e45)
05-09 09:44:14.778   538   651 W PackageManager: Not granting permission com.google.android.googleapps.permission.GOOGLE_AUTH.ALL_SERVICES to package com.google.android.apps.docs.editors.sheets (protectionLevel=2 flags=0x38183e45)
05-09 09:44:14.778   538   651 W PackageManager: Not granting permission com.google.android.googleapps.permission.GOOGLE_AUTH.writely to package com.google.android.apps.docs.editors.sheets (protectionLevel=2 flags=0x38183e45)
05-09 09:44:14.778   538   651 W PackageManager: Not granting permission com.google.android.googleapps.permission.GOOGLE_AUTH.wise to package com.google.android.apps.docs.editors.sheets (protectionLevel=2 flags=0x38183e45)
05-09 09:44:14.779   538   651 W PackageManager: Unknown permission android.permission.WRITE_SYNC_STATS in package com.google.android.apps.docs.editors.slides
05-09 09:44:14.779   538   651 W PackageManager: Not granting permission com.google.android.gm.permission.READ_GMAIL to package com.google.android.apps.docs.editors.slides (protectionLevel=2 flags=0x38583e45)
05-09 09:44:14.779   538   651 W PackageManager: Not granting permission com.google.android.googleapps.permission.GOOGLE_AUTH to package com.google.android.apps.docs.editors.slides (protectionLevel=2 flags=0x38583e45)
05-09 09:44:14.779   538   651 W PackageManager: Not granting permission com.google.android.googleapps.permission.GOOGLE_AUTH.OTHER_SERVICES to package com.google.android.apps.docs.editors.slides (protectionLevel=2 flags=0x38583e45)
05-09 09:44:14.779   538   651 W PackageManager: Not granting permission com.google.android.googleapps.permission.GOOGLE_AUTH.ALL_SERVICES to package com.google.android.apps.docs.editors.slides (protectionLevel=2 flags=0x38583e45)
05-09 09:44:14.779   538   651 W PackageManager: Not granting permission com.google.android.googleapps.permission.GOOGLE_AUTH.writely to package com.google.android.apps.docs.editors.slides (protectionLevel=2 flags=0x38583e45)
05-09 09:44:14.779   538   651 W PackageManager: Not granting permission com.google.android.googleapps.permission.GOOGLE_AUTH.wise to package com.google.android.apps.docs.editors.slides (protectionLevel=2 flags=0x38583e45)
05-09 09:44:14.779   538   651 W PackageManager: Not granting permission android.permission.READ_EXTERNAL_STORAGE to package hyrax.dcc.fc.up.pt.hyraxnetworklayerapp because it was previously installed without
05-09 09:44:14.779   538   651 W PackageManager: Not granting permission android.permission.WRITE_EXTERNAL_STORAGE to package hyrax.dcc.fc.up.pt.hyraxnetworklayerapp because it was previously installed without
05-09 09:44:14.779   538   651 W PackageManager: Not granting permission android.permission.ACCESS_COARSE_LOCATION to package hyrax.dcc.fc.up.pt.hyraxnetworklayerapp because it was previously installed without
05-09 09:44:14.780   538   651 W PackageManager: Not granting permission android.permission.ACCESS_FINE_LOCATION to package hyrax.dcc.fc.up.pt.hyraxnetworklayerapp because it was previously installed without
05-09 09:44:14.780   538   651 W PackageManager: Not granting permission android.permission.SEND_DOWNLOAD_COMPLETED_INTENTS to package com.android.vending (protectionLevel=2 flags=0x384abe45)
05-09 09:44:14.780   538   651 W PackageManager: Unknown permission android.permission.SEND_SMS_NO_CONFIRMATION in package com.android.vending
05-09 09:44:14.780   538   651 W PackageManager: Unknown permission android.permission.NFC_UNLOCK in package com.android.nfc
05-09 09:44:14.781   538   651 W PackageManager: Unknown permission com.android.launcher.permission.READ_SETTINGS in package com.google.android.launcher
05-09 09:44:14.781   538   651 W PackageManager: Unknown permission com.android.launcher.permission.WRITE_SETTINGS in package com.google.android.launcher
05-09 09:44:14.781   538   651 W PackageManager: Unknown permission com.google.android.email.permission.ACCESS_PROVIDER in package com.google.android.gm
05-09 09:44:14.781   538   651 W PackageManager: Unknown permission android.permission.READ_OWNER_DATA in package com.google.android.setupwizard
05-09 09:44:14.782   538   651 W PackageManager: Unknown permission android.permission.WRITE_OWNER_DATA in package com.google.android.setupwizard
05-09 09:44:14.782   538   651 W PackageManager: Not granting permission android.permission.WRITE_EXTERNAL_STORAGE to package pt.up.fc.dcc.hyrax.mandelbrot.demo.debug because it was previously installed without
05-09 09:44:14.782   538   651 W PackageManager: Not granting permission android.permission.READ_EXTERNAL_STORAGE to package pt.up.fc.dcc.hyrax.mandelbrot.demo.debug because it was previously installed without
05-09 09:44:14.782   538   651 W PackageManager: Unknown permission android.permission.WRITE_SYNC_STATS in package com.google.android.apps.docs
05-09 09:44:14.783   538   651 W PackageManager: Unknown permission com.google.android.gallery3d.permission.PICASA_STORE in package com.google.android.apps.plus
05-09 09:44:14.783   538   651 W PackageManager: Unknown permission com.google.android.permission.PROVIDE_BACKGROUND in package com.google.android.apps.fitness
05-09 09:44:14.784   538   651 W PackageManager: Not granting permission android.permission.INTERACT_ACROSS_USERS to package com.google.android.syncadapters.contacts (protectionLevel=50 flags=0x38883e45)
05-09 09:44:14.784   538   651 W PackageManager: Unknown permission com.google.android.gms.permission.CONTACTS_SYNC_DELEGATION in package com.google.android.syncadapters.contacts
05-09 09:44:14.784   538   651 W PackageManager: Unknown permission com.chrome.permission.DEVICE_EXTRAS in package com.android.chrome
05-09 09:44:14.785   538   651 W PackageManager: Unknown permission com.sec.enterprise.knox.MDM_CONTENT_PROVIDER in package com.android.chrome
05-09 09:44:14.785   538   651 W PackageManager: Unknown permission com.google.android.wearable.READ_SETTINGS in package com.google.android.gms
05-09 09:44:14.786   538   651 W PackageManager: Not granting permission android.permission.MANAGE_DOCUMENTS to package com.google.android.gms (protectionLevel=2 flags=0xb8483e45)
05-09 09:44:14.786   538   651 W PackageManager: Unknown permission com.android.launcher.permission.PRELOAD_WORKSPACE in package com.google.android.partnersetup
05-09 09:44:14.786   538   651 W PackageManager: Not granting permission com.google.android.googleapps.permission.GOOGLE_AUTH to package com.google.android.videos (protectionLevel=2 flags=0x38583e45)
05-09 09:44:14.787   538   651 W PackageManager: Unknown permission com.google.android.gallery3d.permission.PICASA_STORE in package com.google.android.apps.photos
05-09 09:44:14.787   538   651 W PackageManager: Not granting permission android.permission.CONTROL_KEYGUARD to package com.google.android.gsf.login (protectionLevel=2 flags=0x3048be45)
05-09 09:44:14.787   538   651 W PackageManager: Unknown permission com.android.vending.billing.IBillingAccountService.BIND2 in package com.google.android.gsf.login
05-09 09:44:14.788   538   651 W PackageManager: Unknown permission com.android.launcher.permission.READ_SETTINGS in package com.android.settings
05-09 09:44:14.788   538   651 W PackageManager: Unknown permission com.android.launcher.permission.WRITE_SETTINGS in package com.android.settings
05-09 09:44:14.789   538   651 W PackageManager: Not granting permission android.permission.REGISTER_CONNECTION_MANAGER to package com.google.android.talk (protectionLevel=18 flags=0x3849be45)
05-09 09:44:14.789   538   651 W PackageManager: Not granting permission android.permission.ACCESS_COARSE_LOCATION to package pt.iris.mediaplayer because it was previously installed without
05-09 09:44:14.789   538   651 W PackageManager: Not granting permission android.permission.WRITE_EXTERNAL_STORAGE to package pt.iris.mediaplayer because it was previously installed without
05-09 09:44:14.789   538   651 W PackageManager: Not granting permission android.permission.READ_EXTERNAL_STORAGE to package pt.iris.mediaplayer because it was previously installed without
05-09 09:44:14.789   538   651 W PackageManager: Unknown permission android.permission.WRITE_INTERNAL_STORAGE in package pt.iris.mediaplayer
05-09 09:44:14.789   538   651 W PackageManager: Unknown permission android.permission.READ_INTERNAL_STORAGE in package pt.iris.mediaplayer
05-09 09:44:14.789   538   651 W PackageManager: Not granting permission android.permission.LOCAL_MAC_ADDRESS to package pt.iris.mediaplayer (protectionLevel=18 flags=0x3848be46)
05-09 09:44:14.789   538   651 W PackageManager: Not granting permission android.permission.ACCESS_FINE_LOCATION to package pt.iris.mediaplayer because it was previously installed without
05-09 09:44:14.789   538   651 W PackageManager: Not granting permission android.permission.BLUETOOTH_PRIVILEGED to package pt.iris.mediaplayer (protectionLevel=18 flags=0x3848be46)
05-09 09:44:14.789   538   651 W PackageManager: Not granting permission android.permission.READ_PHONE_STATE to package pt.iris.mediaplayer because it was previously installed without
05-09 09:44:14.790   538   651 W PackageManager: Unknown permission com.android.smspush.WAPPUSH_MANAGER_BIND in package com.android.phone
05-09 09:44:14.792   538   651 W PackageManager: Unknown permission com.android.gallery3d.permission.GALLERY_PROVIDER in package com.android.bluetooth
05-09 09:44:14.792   538   651 W PackageManager: Not granting permission android.permission.BIND_WALLPAPER to package com.google.android.GoogleCamera (protectionLevel=18 flags=0x38583c45)
05-09 09:44:14.831   538   566 I UsageStatsService: User[0] Rollover scheduled @ 2019-05-10 01:00:00(1557446400000)
05-09 09:44:14.843   538   651 W MountService: No primary storage defined yet; hacking together a stub
05-09 09:44:14.847   538   651 W MountService: No primary storage defined yet; hacking together a stub
05-09 09:44:14.848   538   651 W MountService: No primary storage mounted!
05-09 09:44:14.848   538   651 D VoldConnector: SND -> {2 asec list}
05-09 09:44:14.848   538   652 D VoldConnector: RCV <- {200 2 asec operation succeeded}
05-09 09:44:14.851   538   538 I SystemServiceManager: Starting com.android.server.DeviceIdleController
05-09 09:44:14.853   538   538 I SystemServiceManager: Starting com.android.server.devicepolicy.DevicePolicyManagerService$Lifecycle
05-09 09:44:14.857   538   538 I SystemServer: Status Bar
05-09 09:44:14.860   538   538 I SystemServer: Clipboard Service
05-09 09:44:14.861   538   538 I SystemServer: NetworkManagement Service
05-09 09:44:14.865   538   538 I SystemServer: Text Service Manager Service
05-09 09:44:14.867   538   538 I SystemServer: Network Score Service
05-09 09:44:14.870   538   538 I SystemServer: NetworkStats Service
05-09 09:44:14.876   538   538 I SystemServer: NetworkPolicy Service
05-09 09:44:14.892   538   538 I SystemServiceManager: Starting com.android.server.wifi.p2p.WifiP2pService
05-09 09:44:14.916   538   538 I WifiP2pService: Registering wifip2p
05-09 09:44:14.917   538   538 I SystemServiceManager: Starting com.android.server.wifi.WifiService
05-09 09:44:15.007   538   538 D HS20    : Passpoint is enabled
05-09 09:44:15.020   538   538 D WifiController: isAirplaneModeOn = false, isWifiEnabled = true, isScanningAvailable = false
05-09 09:44:15.020   538   538 I WifiService: Registering wifi
05-09 09:44:15.021   538   538 I SystemServiceManager: Starting com.android.server.wifi.WifiScanningService
05-09 09:44:15.022   538   538 I WifiScanningService: Creating wifiscanner
05-09 09:44:15.022   538   538 I WifiScanningService: Starting wifiscanner
05-09 09:44:15.023   538   538 I SystemServiceManager: Starting com.android.server.wifi.RttService
05-09 09:44:15.023   538   538 I RttService: Creating rttmanager
05-09 09:44:15.023   538   538 I RttService: Starting rttmanager
05-09 09:44:15.024   538   538 I SystemServiceManager: Starting com.android.server.ethernet.EthernetService
05-09 09:44:15.025   538   538 I EthernetServiceImpl: Creating EthernetConfigStore
05-09 09:44:15.026   538   538 E IpConfigStore: Error parsing configuration: java.io.FileNotFoundException: /data/misc/ethernet/ipconfig.txt: open failed: ENOENT (No such file or directory)
05-09 09:44:15.026   538   538 W EthernetConfigStore: No Ethernet configuration found. Using default.
05-09 09:44:15.026   538   538 I EthernetServiceImpl: Read stored IP configuration: IP assignment: DHCP
05-09 09:44:15.026   538   538 I EthernetServiceImpl: Proxy settings: NONE
05-09 09:44:15.026   538   538 I EthernetService: Registering service ethernet
05-09 09:44:15.027   538   538 I SystemServer: Connectivity Service
05-09 09:44:15.029   538   538 D ConnectivityService: ConnectivityService starting up
05-09 09:44:15.031   538   538 D ConnectivityService: wifiOnly=true
05-09 09:44:15.031   538   538 E ConnectivityService: Ignoring protectedNetwork 10
05-09 09:44:15.031   538   538 E ConnectivityService: Ignoring protectedNetwork 11
05-09 09:44:15.031   538   538 E ConnectivityService: Ignoring protectedNetwork 12
05-09 09:44:15.031   538   538 E ConnectivityService: Ignoring protectedNetwork 14
05-09 09:44:15.031   538   538 E ConnectivityService: Ignoring protectedNetwork 15
05-09 09:44:15.035   538   538 I SystemServer: Network Service Discovery Service
05-09 09:44:15.037   538   538 D NsdService: Network service discovery enabled true
05-09 09:44:15.040   538   538 I SystemServer: UpdateLock Service
05-09 09:44:15.041   538   538 I SystemServiceManager: Starting com.android.server.notification.NotificationManagerService
05-09 09:44:15.058   538   538 I SystemServiceManager: Starting com.android.server.storage.DeviceStorageMonitorService
05-09 09:44:15.060   538   538 I SystemServer: Location Manager
05-09 09:44:15.063   538   538 I SystemServer: Country Detector
05-09 09:44:15.064   538   538 I SystemServer: Search Service
05-09 09:44:15.065   538   538 I SystemServer: DropBox Service
05-09 09:44:15.066   538   538 I SystemServer: Wallpaper Service
05-09 09:44:15.069   538   538 I SystemServer: Audio Service
05-09 09:44:15.076   167   640 D PermissionCache: checking android.permission.MODIFY_AUDIO_SETTINGS for uid=1000 => granted (435 us)
05-09 09:44:15.077   538   538 W TelecomManager: Telecom Service not found.
05-09 09:44:15.095   538   538 I CwMcuSensor: CwMcuSensor::batch: set IIO buffer length = 4096, success
05-09 09:44:15.100   538   538 I SystemServiceManager: Starting com.android.server.DockObserver
05-09 09:44:15.101   538   538 W DockObserver: This kernel does not have dock station support
05-09 09:44:15.101   538   538 I SystemServer: Wired Accessory Manager
05-09 09:44:15.102   538   538 W WiredAccessoryManager: This kernel does not have HDMI audio support
05-09 09:44:15.102   538   538 I SystemServiceManager: Starting com.android.server.midi.MidiService$Lifecycle
05-09 09:44:15.105   538   538 I SystemServiceManager: Starting com.android.server.usb.UsbService$Lifecycle
05-09 09:44:15.115   538   538 I SystemServer: Serial Service
05-09 09:44:15.115   538   538 I SystemServiceManager: Starting com.android.server.twilight.TwilightService
05-09 09:44:15.116   538   538 I SystemServiceManager: Starting com.android.server.job.JobSchedulerService
05-09 09:44:15.121   538   538 I SystemServiceManager: Starting com.android.server.backup.BackupManagerService$Lifecycle
05-09 09:44:15.123   538   538 I SystemServiceManager: Starting com.android.server.appwidget.AppWidgetService
05-09 09:44:15.126   538   538 I SystemServiceManager: Starting com.android.server.voiceinteraction.VoiceInteractionManagerService
05-09 09:44:15.127   167   667 D PermissionCache: checking android.permission.CAPTURE_AUDIO_HOTWORD for uid=1000 => granted (106 us)
05-09 09:44:15.128   538   538 I SystemServer: Gesture Launcher Service
05-09 09:44:15.128   538   538 I SystemServiceManager: Starting com.android.server.GestureLauncherService
05-09 09:44:15.128   538   538 I SystemServer: DiskStats Service
05-09 09:44:15.129   538   538 I SystemServer: SamplingProfiler Service
05-09 09:44:15.134   538   538 I SystemServer: NetworkTimeUpdateService
05-09 09:44:15.135   538   538 I SystemServer: CommonTimeManagementService
05-09 09:44:15.136   538   538 I SystemServer: CertBlacklister
05-09 09:44:15.137   538   538 I SystemServiceManager: Starting com.android.server.dreams.DreamManagerService
05-09 09:44:15.140   538   538 I SystemServer: Assets Atlas Service
05-09 09:44:15.145   538   538 I SystemServiceManager: Starting com.android.server.print.PrintManagerService
05-09 09:44:15.147   538   538 I SystemServiceManager: Starting com.android.server.restrictions.RestrictionsManagerService
05-09 09:44:15.148   538   538 I SystemServiceManager: Starting com.android.server.media.MediaSessionService
05-09 09:44:15.149   538   670 D AssetAtlas: Loaded configuration: SliceMinArea (1216x2048) flags=0x2 count=360
05-09 09:44:15.151   538   538 I SystemServer: Media Router Service
05-09 09:44:15.153   538   538 I SystemServiceManager: Starting com.android.server.trust.TrustManagerService
05-09 09:44:15.155   538   538 I SystemServiceManager: Starting com.android.server.fingerprint.FingerprintService
05-09 09:44:15.159   538   538 W FingerprintService: fingerprint service not available
05-09 09:44:15.159   538   538 V FingerprintService: Fingerprint HAL id: 0
05-09 09:44:15.159   538   538 I SystemServer: BackgroundDexOptService
05-09 09:44:15.161   538   538 I SystemServiceManager: Starting com.android.server.pm.LauncherAppsService
05-09 09:44:15.162   538   538 I SystemServiceManager: Starting com.android.server.media.projection.MediaProjectionManagerService
05-09 09:44:15.175   538   538 I WindowManager: SAFE MODE not enabled
05-09 09:44:15.177   538   538 I SystemServiceManager: Starting com.android.server.MmsServiceBroker
05-09 09:44:15.206   538   538 E LockSettingsStorage: Cannot read file java.io.FileNotFoundException: /data/system/password.key: open failed: ENOENT (No such file or directory)
05-09 09:44:15.207   538   538 E LockSettingsStorage: Cannot read file java.io.FileNotFoundException: /data/system/gatekeeper.gesture.key: open failed: ENOENT (No such file or directory)
05-09 09:44:15.207   538   538 E LockSettingsStorage: Cannot read file java.io.FileNotFoundException: /data/system/gesture.key: open failed: ENOENT (No such file or directory)
05-09 09:44:15.207   538   538 I SystemServiceManager: Starting phase 480
05-09 09:44:15.216   538   658 D WifiApConfigStore: 2G band allowed channels are:1,6,11
05-09 09:44:15.229   538   538 I SystemServiceManager: Starting phase 500
05-09 09:44:15.230   538   538 D BluetoothService: onBootPhase: PHASE_SYSTEM_SERVICES_READY
05-09 09:44:15.231   538   538 I WifiService: WifiService starting up with Wi-Fi enabled
05-09 09:44:15.233   538   538 D WifiService: setWifiEnabled: true pid=538, uid=1000
05-09 09:44:15.233   538   538 E WifiService: Invoking mWifiStateMachine.setWifiEnabled
05-09 09:44:15.234   538   659 D WifiController: WifiController msg { when=-1ms what=155656 target=com.android.internal.util.StateMachine$SmHandler } deferred for 500ms
05-09 09:44:15.240   538   538 I WifiScanningService: Registering wifiscanner
05-09 09:44:15.241   538   659 D WifiService: New client listening to asynchronous messages
05-09 09:44:15.247   538   538 I RttService: Registering rttmanager
05-09 09:44:15.253   538   538 I EthernetServiceImpl: Starting Ethernet service
05-09 09:44:15.264   538   538 D Ethernet: Registering NetworkFactory
05-09 09:44:15.275   538   660 D ConnectivityService: Got NetworkFactory Messenger for Ethernet
05-09 09:44:15.276   538   676 D Ethernet: got request NetworkRequest [ id=1, legacyType=-1, [ Capabilities: INTERNET&NOT_RESTRICTED&TRUSTED&NOT_VPN] ] with score 0
05-09 09:44:15.284   538   538 V BackupManagerService: No ancestral data
05-09 09:44:15.306   538   538 V KeyValueBackupJob: Scheduling k/v pass in 241 minutes
05-09 09:44:15.327   538   538 V BackupManagerService: Starting with transport com.google.android.gms/.backup.BackupTransportService
05-09 09:44:15.327   538   538 V BackupManagerService: Found transports: 2
05-09 09:44:15.328   538   538 I BackupManagerService: Binding to transport host ComponentInfo{android/com.android.internal.backup.LocalTransportService}
05-09 09:44:15.330   538   538 I BackupManagerService: Binding to transport host ComponentInfo{com.google.android.gms/com.google.android.gms.backup.BackupTransportService}
05-09 09:44:15.331   538   538 I BackupManagerService: Found stale backup journal, scheduling
05-09 09:44:15.336   195   195 W Binder_2: type=1400 audit(0.0:8): avc: denied { ioctl } for path="socket:[11839]" dev="sockfs" ino=11839 ioctlcmd=7704 scontext=u:r:surfaceflinger:s0 tcontext=u:r:surfaceflinger:s0 tclass=unix_stream_socket permissive=0
05-09 09:44:15.336   195   195 W Binder_2: type=1400 audit(0.0:9): avc: denied { ioctl } for path="socket:[11839]" dev="sockfs" ino=11839 ioctlcmd=7704 scontext=u:r:surfaceflinger:s0 tcontext=u:r:surfaceflinger:s0 tclass=unix_stream_socket permissive=0
05-09 09:44:15.350   193   193 W Binder_1: type=1400 audit(0.0:10): avc: denied { ioctl } for path="socket:[11846]" dev="sockfs" ino=11846 ioctlcmd=7704 scontext=u:r:surfaceflinger:s0 tcontext=u:r:surfaceflinger:s0 tclass=unix_stream_socket permissive=0
05-09 09:44:15.350   193   193 W Binder_1: type=1400 audit(0.0:11): avc: denied { ioctl } for path="socket:[11846]" dev="sockfs" ino=11846 ioctlcmd=7704 scontext=u:r:surfaceflinger:s0 tcontext=u:r:surfaceflinger:s0 tclass=unix_stream_socket permissive=0
05-09 09:44:15.357   538   585 W KeyguardServiceDelegate: onScreenTurningOn(): no keyguard service!
05-09 09:44:15.373   538   538 I ActivityManager: System now ready
05-09 09:44:15.375   538   538 I SystemServer: Making services ready
05-09 09:44:15.375   538   538 I SystemServiceManager: Starting phase 550
05-09 09:44:15.377   538   651 D MountService: Thinking about reset, mSystemReady=true, mDaemonConnected=true
05-09 09:44:15.377   538   651 D VoldConnector: SND -> {3 volume reset}
05-09 09:44:15.377   538   568 I ActivityManager: Force stopping com.android.providers.media appid=10005 user=-1: vold reset
05-09 09:44:15.378   538   652 D VoldConnector: RCV <- {651 emulated 7}
05-09 09:44:15.378   538   652 D VoldConnector: RCV <- {659 emulated}
05-09 09:44:15.378   538   652 D VoldConnector: RCV <- {650 emulated 2 "" ""}
05-09 09:44:15.378   538   652 D VoldConnector: RCV <- {651 emulated 0}
05-09 09:44:15.378   538   652 D VoldConnector: RCV <- {200 3 Command succeeded}
05-09 09:44:15.378   538   651 D VoldConnector: SND -> {4 volume user_added 0 0}
05-09 09:44:15.379   538   652 D VoldConnector: RCV <- {200 4 Command succeeded}
05-09 09:44:15.380   538   538 D UsbAlsaManager: Adding ALSA device AlsaDevice: [card: 0, device: 9, type: 1]
05-09 09:44:15.380   538   538 D UsbAlsaManager: Adding ALSA device AlsaDevice: [card: 0, device: 8, type: 1]
05-09 09:44:15.380   538   538 D UsbAlsaManager: Adding ALSA device AlsaDevice: [card: 0, device: 8, type: 2]
05-09 09:44:15.380   538   538 D UsbAlsaManager: Adding ALSA device AlsaDevice: [card: 0, device: 4, type: 1]
05-09 09:44:15.380   538   571 V MountService: Found primary storage at VolumeInfo{emulated}:
05-09 09:44:15.380   538   571 V MountService:     type=EMULATED diskId=null partGuid=null mountFlags=0 mountUserId=-1 
05-09 09:44:15.380   538   571 V MountService:     state=UNMOUNTED 
05-09 09:44:15.380   538   571 V MountService:     fsType=null fsUuid=null fsLabel=null 
05-09 09:44:15.380   538   571 V MountService:     path=null internalPath=null 
05-09 09:44:15.380   538   538 D UsbAlsaManager: Adding ALSA device AlsaDevice: [card: 0, device: 3, type: 1]
05-09 09:44:15.380   538   651 D VoldConnector: SND -> {5 volume mount emulated 3 -1}
05-09 09:44:15.381   538   652 D VoldConnector: RCV <- {651 emulated 1}
05-09 09:44:15.381   538   652 D VoldConnector: RCV <- {656 emulated /data/media}
05-09 09:44:15.381   538   652 D VoldConnector: RCV <- {655 emulated /storage/emulated}
05-09 09:44:15.382   154   177 V vold    : Waiting for FUSE to spin up...
05-09 09:44:15.382   538   538 D UsbAlsaManager: Adding ALSA device AlsaDevice: [card: 0, device: 4, type: 2]
05-09 09:44:15.382   538   538 D UsbAlsaManager: Adding ALSA device AlsaDevice: [card: 0, device: 2, type: 1]
05-09 09:44:15.382   538   538 D UsbAlsaManager: Adding ALSA device AlsaDevice: [card: 0, device: 3, type: 2]
05-09 09:44:15.382   538   538 D UsbAlsaManager: Adding ALSA device AlsaDevice: [card: 0, device: 1, type: 1]
05-09 09:44:15.382   538   538 D UsbAlsaManager: Adding ALSA device AlsaDevice: [card: 0, device: 2, type: 2]
05-09 09:44:15.382   538   538 D UsbAlsaManager: Adding ALSA device AlsaDevice: [card: 0, device: 0, type: 1]
05-09 09:44:15.382   538   538 D UsbAlsaManager: Adding ALSA device AlsaDevice: [card: 0, device: 1, type: 2]
05-09 09:44:15.382   538   538 D UsbAlsaManager: Adding ALSA device AlsaDevice: [card: 0, device: 0, type: 2]
05-09 09:44:15.384   538   538 I SystemServer: WebViewFactory preparation
05-09 09:44:15.391   538   538 I Zygote  : Process: zygote socket opened, supported ABIS: arm64-v8a
05-09 09:44:15.392   538   538 I Zygote  : Process: zygote socket opened, supported ABIS: armeabi-v7a,armeabi
05-09 09:44:15.393   173   173 I art     : Starting a blocking GC Background
05-09 09:44:15.418   538   670 D AssetAtlas: Rendered atlas in 260.45ms (108.55+151.89ms)
05-09 09:44:15.432   538   652 D VoldConnector: RCV <- {651 emulated 2}
05-09 09:44:15.432   538   652 D VoldConnector: RCV <- {200 5 Command succeeded}
05-09 09:44:15.465   538   538 I ActivityManager: Start proc 689:WebViewLoader-armeabi-v7a/1037 [android.webkit.WebViewFactory$RelroFileCreator] for 
05-09 09:44:15.476   538   538 I ActivityManager: Start proc 699:WebViewLoader-arm64-v8a/1037 [android.webkit.WebViewFactory$RelroFileCreator] for 
05-09 09:44:15.483   699   699 V WebViewFactory: RelroFileCreator (64bit = true),  32-bit lib: /system/app/WebViewGoogle/WebViewGoogle.apk!/lib/armeabi-v7a/libwebviewchromium.so, 64-bit lib: /system/app/WebViewGoogle/WebViewGoogle.apk!/lib/arm64-v8a/libwebviewchromium.so
05-09 09:44:15.485   689   689 V WebViewFactory: RelroFileCreator (64bit = false),  32-bit lib: /system/app/WebViewGoogle/WebViewGoogle.apk!/lib/armeabi-v7a/libwebviewchromium.so, 64-bit lib: /system/app/WebViewGoogle/WebViewGoogle.apk!/lib/arm64-v8a/libwebviewchromium.so
05-09 09:44:15.502   538   538 I ActivityManager: Start proc 713:com.android.systemui/u0a22 for service com.android.systemui/.SystemUIService
05-09 09:44:15.502   538   538 D NetworkManagement: enabling bandwidth control
05-09 09:44:15.528   538   568 I ActivityManager: Start proc 726:android.process.media/u0a5 for broadcast com.android.providers.media/.MtpReceiver
05-09 09:44:15.546   538   568 I ActivityManager: Start proc 736:com.android.externalstorage/u0a6 for broadcast com.android.externalstorage/.MountReceiver
05-09 09:44:15.581   713   713 W System  : ClassLoader referenced unknown path: /system/priv-app/SystemUI/lib/arm64
05-09 09:44:15.608   689   689 I art     : System.exit called, status: 0
05-09 09:44:15.608   689   689 I AndroidRuntime: VM exiting with result code 0, cleanup skipped.
05-09 09:44:15.617   713   713 V SystemUIService: Starting SystemUI services.
05-09 09:44:15.638   699   699 I art     : System.exit called, status: 0
05-09 09:44:15.638   699   699 I AndroidRuntime: VM exiting with result code 0, cleanup skipped.
05-09 09:44:15.653   726   726 W System  : ClassLoader referenced unknown path: /system/priv-app/MediaProvider/lib/arm64
05-09 09:44:15.676   726   726 W System  : ClassLoader referenced unknown path: /system/priv-app/DownloadProvider/lib/arm64
05-09 09:44:15.712   713   760 E WVMExtractor: Failed to open libwvm.so: dlopen failed: library "libwvm.so" not found
05-09 09:44:15.739   538   659 D WifiController: DEFERRED_TOGGLE handled
05-09 09:44:15.812   167   640 D NvOsDebugPrintf: WARNING: Library libnvmmlite_msaudio is not present
05-09 09:44:15.844   167   640 D NvOsDebugPrintf: Inside NvxLiteH264DecoderLowLatencyInit
05-09 09:44:15.846   167   640 D NvOsDebugPrintf: NvxLiteH264DecoderLowLatencyInit set DPB and Mjstreaming
05-09 09:44:15.883   726   726 D MtpService: starting MTP server in MTP mode
05-09 09:44:15.887   736   736 W System  : ClassLoader referenced unknown path: /system/priv-app/ExternalStorageProvider/lib/arm64
05-09 09:44:15.980   736   736 D ExternalStorage: After updating volumes, found 1 active roots
05-09 09:44:15.986   167   640 D NvOsDebugPrintf: NvMMLiteOpen : Block : BlockType = 260 
05-09 09:44:15.987   167   640 D NvOsDebugPrintf: TVMR: NvMMLiteTVMRDecBlockOpen: 4948: NvMMLiteBlockOpen 
05-09 09:44:16.002   167   640 D NvOsDebugPrintf: NvMMLiteBlockCreate : Block : BlockType = 260 
05-09 09:44:16.002   167   816 D NvOsDebugPrintf: TVMR: TVMRFrameDelivery: 3681: Closing TVMR Frame Delivery Thread -------------
05-09 09:44:16.002   167   640 D NvOsDebugPrintf: TVMR: NvMMDecTVMRDestroyParser: 4164: NvAvpClose
05-09 09:44:16.002   167   640 D NvOsDebugPrintf: TVMR: NvMMLiteTVMRDecBlockClose: 5103: Done 
05-09 09:44:16.018   167   640 D NvOsDebugPrintf: NvMMLiteOpen : Block : BlockType = 260 
05-09 09:44:16.020   167   640 D NvOsDebugPrintf: TVMR: NvMMLiteTVMRDecBlockOpen: 4948: NvMMLiteBlockOpen 
05-09 09:44:16.041   167   640 D NvOsDebugPrintf: NvMMLiteBlockCreate : Block : BlockType = 260 
05-09 09:44:16.042   167   821 D NvOsDebugPrintf: TVMR: TVMRFrameDelivery: 3681: Closing TVMR Frame Delivery Thread -------------
05-09 09:44:16.042   167   640 D NvOsDebugPrintf: TVMR: NvMMDecTVMRDestroyParser: 4164: NvAvpClose
05-09 09:44:16.042   167   640 D NvOsDebugPrintf: TVMR: NvMMLiteTVMRDecBlockClose: 5103: Done 
05-09 09:44:16.046   167   640 D NvOsDebugPrintf: NvMMLiteOpen : Block : BlockType = 261 
05-09 09:44:16.047   167   640 D NvOsDebugPrintf: TVMR: NvMMLiteTVMRDecBlockOpen: 4948: NvMMLiteBlockOpen 
05-09 09:44:16.057   167   640 D NvOsDebugPrintf: NvMMLiteBlockCreate : Block : BlockType = 261 
05-09 09:44:16.057   167   827 D NvOsDebugPrintf: TVMR: TVMRFrameDelivery: 3681: Closing TVMR Frame Delivery Thread -------------
05-09 09:44:16.058   167   640 D NvOsDebugPrintf: TVMR: NvMMDecTVMRDestroyParser: 4164: NvAvpClose
05-09 09:44:16.058   167   640 D NvOsDebugPrintf: TVMR: NvMMLiteTVMRDecBlockClose: 5103: Done 
05-09 09:44:16.059   167   640 D NvOsDebugPrintf: NvMMLiteOpen : Block : BlockType = 261 
05-09 09:44:16.059   167   640 D NvOsDebugPrintf: TVMR: NvMMLiteTVMRDecBlockOpen: 4948: NvMMLiteBlockOpen 
05-09 09:44:16.067   167   640 D NvOsDebugPrintf: NvMMLiteBlockCreate : Block : BlockType = 261 
05-09 09:44:16.071   167   832 D NvOsDebugPrintf: TVMR: TVMRFrameDelivery: 3681: Closing TVMR Frame Delivery Thread -------------
05-09 09:44:16.071   167   640 D NvOsDebugPrintf: TVMR: NvMMDecTVMRDestroyParser: 4164: NvAvpClose
05-09 09:44:16.072   167   640 D NvOsDebugPrintf: TVMR: NvMMLiteTVMRDecBlockClose: 5103: Done 
05-09 09:44:16.073   167   640 D NvOsDebugPrintf: NvMMLiteOpen : Block : BlockType = 267 
05-09 09:44:16.073   167   640 D NvOsDebugPrintf: TVMR: NvMMLiteTVMRDecBlockOpen: 4948: NvMMLiteBlockOpen 
05-09 09:44:16.078   167   640 D NvOsDebugPrintf: NvMMLiteBlockCreate : Block : BlockType = 267 
05-09 09:44:16.079   167   837 D NvOsDebugPrintf: TVMR: TVMRFrameDelivery: 3681: Closing TVMR Frame Delivery Thread -------------
05-09 09:44:16.079   167   640 D NvOsDebugPrintf: TVMR: NvMMDecTVMRDestroyParser: 4164: NvAvpClose
05-09 09:44:16.080   167   640 D NvOsDebugPrintf: TVMR: NvMMLiteTVMRDecBlockClose: 5103: Done 
05-09 09:44:16.084   736   736 D ExternalStorage: After updating volumes, found 1 active roots
05-09 09:44:16.088   167   640 D NvOsDebugPrintf: NvMMLiteOpen : Block : BlockType = 278 
05-09 09:44:16.088   167   640 D NvOsDebugPrintf: TVMR: NvMMLiteTVMRDecBlockOpen: 4948: NvMMLiteBlockOpen 
05-09 09:44:16.108   167   640 D NvOsDebugPrintf: NvMMLiteBlockCreate : Block : BlockType = 278 
05-09 09:44:16.108   167   842 D NvOsDebugPrintf: TVMR: TVMRFrameDelivery: 3681: Closing TVMR Frame Delivery Thread -------------
05-09 09:44:16.108   167   640 D NvOsDebugPrintf: TVMR: NvMMDecTVMRDestroyParser: 4164: NvAvpClose
05-09 09:44:16.108   167   640 D NvOsDebugPrintf: TVMR: NvMMLiteTVMRDecBlockClose: 5103: Done 
05-09 09:44:16.114   167   640 D NvOsDebugPrintf: NvMMLiteOpen : Block : BlockType = 4 
05-09 09:44:16.117   167   640 D NvOsDebugPrintf: ===== MSENC =====
05-09 09:44:16.127   167   640 D NvOsDebugPrintf: NvMMLiteBlockCreate : Block : BlockType = 4 
05-09 09:44:16.127   167   640 W ACodec  : do not know color format 0x7f000789 = 2130708361
05-09 09:44:16.127   736   736 D ExternalStorage: After updating volumes, found 1 active roots
05-09 09:44:16.133   538   538 E NetdConnector: NDC Command {2 bandwidth enable} took too long (630ms)
05-09 09:44:16.133   163   626 D SoftapController: Softap fwReload - Ok
05-09 09:44:16.134   167   640 D NvOsDebugPrintf: NvMMLiteOpen : Block : BlockType = 7 
05-09 09:44:16.134   167   640 D NvOsDebugPrintf: ===== MSENC =====
05-09 09:44:16.136   163   626 D CommandListener: Setting iface cfg
05-09 09:44:16.136   163   626 D CommandListener: Trying to bring down wlan0
05-09 09:44:16.141   167   640 D NvOsDebugPrintf: NvMMLiteBlockCreate : Block : BlockType = 7 
05-09 09:44:16.141   167   640 W ACodec  : do not know color format 0x7f000789 = 2130708361
05-09 09:44:16.154   167   640 W OMXNodeInstance: [16:google.mpeg4.decoder] component does not support metadata mode; using fallback
05-09 09:44:16.163   167   640 W OMXNodeInstance: [17:google.h263.decoder] component does not support metadata mode; using fallback
05-09 09:44:16.176   167   640 W OMXNodeInstance: [18:google.h264.decoder] component does not support metadata mode; using fallback
05-09 09:44:16.190   163   626 I iptables: iptables: No chain/target/match by that name.
05-09 09:44:16.196   163   626 I iptables: iptables terminated by exit(1)
05-09 09:44:16.198   167   640 W OMXNodeInstance: [19:google.hevc.decoder] component does not support metadata mode; using fallback
05-09 09:44:16.198   163   626 E Netd    : exec() res=0, status=256 for /system/bin/iptables -w -F st_penalty_log 
05-09 09:44:16.208   163   626 I ip6tables: ip6tables: No chain/target/match by that name.
05-09 09:44:16.212   167   640 W OMXNodeInstance: [1a:google.vp8.decoder] component does not support metadata mode; using fallback
05-09 09:44:16.214   163   626 I ip6tables: ip6tables terminated by exit(1)
05-09 09:44:16.215   163   626 E Netd    : exec() res=0, status=256 for /system/bin/ip6tables -w -F st_penalty_log 
05-09 09:44:16.219   167   640 W OMXNodeInstance: [1b:google.vp9.decoder] component does not support metadata mode; using fallback
05-09 09:44:16.221   713   713 I vol.Events: writeEvent collection_started
05-09 09:44:16.225   163   626 I iptables: iptables: No chain/target/match by that name.
05-09 09:44:16.226   167   640 I SoftMPEG4Encoder: Construct SoftMPEG4Encoder
05-09 09:44:16.226   167   640 W ACodec  : do not know color format 0x7f000789 = 2130708361
05-09 09:44:16.231   713   869 I vol.Events: writeEvent external_ringer_mode_changed vibrate
05-09 09:44:16.231   163   626 I iptables: iptables terminated by exit(1)
05-09 09:44:16.232   163   626 E Netd    : exec() res=0, status=256 for /system/bin/iptables -w -F st_penalty_reject 
05-09 09:44:16.232   713   869 I vol.Events: writeEvent internal_ringer_mode_changed vibrate
05-09 09:44:16.244   167   640 W ACodec  : do not know color format 0x7f000789 = 2130708361
05-09 09:44:16.244   163   626 I ip6tables: ip6tables: No chain/target/match by that name.
05-09 09:44:16.250   167   640 I SoftMPEG4Encoder: Construct SoftMPEG4Encoder
05-09 09:44:16.250   167   640 W ACodec  : do not know color format 0x7f000789 = 2130708361
05-09 09:44:16.251   163   626 I ip6tables: ip6tables terminated by exit(1)
05-09 09:44:16.252   163   626 E Netd    : exec() res=0, status=256 for /system/bin/ip6tables -w -F st_penalty_reject 
05-09 09:44:16.257   167   640 W ACodec  : do not know color format 0x7f000789 = 2130708361
05-09 09:44:16.261   163   626 I iptables: iptables: No chain/target/match by that name.
05-09 09:44:16.271   163   626 I iptables: iptables terminated by exit(1)
05-09 09:44:16.271   163   626 E Netd    : exec() res=0, status=256 for /system/bin/iptables -w -F st_clear_caught 
05-09 09:44:16.272   167   640 W MediaCodecList: unable to open media codecs configuration xml file: /data/misc/media/media_codecs_profiling_results.xml
05-09 09:44:16.273   713   766 I OMXClient: Using client-side OMX mux.
05-09 09:44:16.283   163   626 I ip6tables: ip6tables: No chain/target/match by that name.
05-09 09:44:16.290   163   626 I ip6tables: ip6tables terminated by exit(1)
05-09 09:44:16.290   163   626 E Netd    : exec() res=0, status=256 for /system/bin/ip6tables -w -F st_clear_caught 
05-09 09:44:16.328   713   869 I vol.Events: writeEvent level_changed STREAM_ALARM 6
05-09 09:44:16.330   713   869 I vol.Events: writeEvent level_changed STREAM_BLUETOOTH_SCO 7
05-09 09:44:16.331   713   869 I vol.Events: writeEvent level_changed STREAM_MUSIC 11
05-09 09:44:16.333   713   869 I vol.Events: writeEvent mute_changed STREAM_RING true
05-09 09:44:16.335   713   869 I vol.Events: writeEvent mute_changed STREAM_SYSTEM true
05-09 09:44:16.336   163   626 I iptables: iptables: No chain/target/match by that name.
05-09 09:44:16.336   713   869 I vol.Events: writeEvent level_changed STREAM_VOICE_CALL 4
05-09 09:44:16.345   163   626 I iptables: iptables terminated by exit(1)
05-09 09:44:16.345   163   626 E Netd    : exec() res=0, status=256 for /system/bin/iptables -w -F st_clear_detect 
05-09 09:44:16.348   713   885 I OMXClient: Using client-side OMX mux.
05-09 09:44:16.349   713   713 D StorageNotification: Notifying about private volume: VolumeInfo{private}:
05-09 09:44:16.349   713   713 D StorageNotification:     type=PRIVATE diskId=null partGuid=null mountFlags=0 mountUserId=-1 
05-09 09:44:16.349   713   713 D StorageNotification:     state=MOUNTED 
05-09 09:44:16.349   713   713 D StorageNotification:     fsType=null fsUuid=null fsLabel=null 
05-09 09:44:16.349   713   713 D StorageNotification:     path=/data internalPath=null 
05-09 09:44:16.357   538   569 W WindowManager: Keyguard drawn timeout. Setting mKeyguardDrawComplete
05-09 09:44:16.371   163   626 I ip6tables: ip6tables: No chain/target/match by that name.
05-09 09:44:16.379   163   626 I ip6tables: ip6tables terminated by exit(1)
05-09 09:44:16.379   163   626 E Netd    : exec() res=0, status=256 for /system/bin/ip6tables -w -F st_clear_detect 
05-09 09:44:16.393   163   626 I iptables: iptables: No chain/target/match by that name.
05-09 09:44:16.399   163   626 I iptables: iptables terminated by exit(1)
05-09 09:44:16.399   163   626 E Netd    : exec() res=0, status=256 for /system/bin/iptables -w -X st_penalty_log 
05-09 09:44:16.408   163   626 I ip6tables: ip6tables: No chain/target/match by that name.
05-09 09:44:16.414   163   626 I ip6tables: ip6tables terminated by exit(1)
05-09 09:44:16.414   163   626 E Netd    : exec() res=0, status=256 for /system/bin/ip6tables -w -X st_penalty_log 
05-09 09:44:16.423   163   626 I iptables: iptables: No chain/target/match by that name.
05-09 09:44:16.423   163   626 I iptables: iptables terminated by exit(1)
05-09 09:44:16.423   163   626 E Netd    : exec() res=0, status=256 for /system/bin/iptables -w -X st_penalty_reject 
05-09 09:44:16.432   163   626 I ip6tables: ip6tables: No chain/target/match by that name.
05-09 09:44:16.432   163   626 I ip6tables: ip6tables terminated by exit(1)
05-09 09:44:16.432   163   626 E Netd    : exec() res=0, status=256 for /system/bin/ip6tables -w -X st_penalty_reject 
05-09 09:44:16.437   538   553 I StatusBarManagerService: registerStatusBar bar=com.android.internal.statusbar.IStatusBar$Stub$Proxy@1c8d6e
05-09 09:44:16.441   163   626 I iptables: iptables: No chain/target/match by that name.
05-09 09:44:16.441   163   626 I iptables: iptables terminated by exit(1)
05-09 09:44:16.441   163   626 E Netd    : exec() res=0, status=256 for /system/bin/iptables -w -X st_clear_caught 
05-09 09:44:16.448   713   897 I OMXClient: Using client-side OMX mux.
05-09 09:44:16.451   163   626 I ip6tables: ip6tables: No chain/target/match by that name.
05-09 09:44:16.461   163   626 I ip6tables: ip6tables terminated by exit(1)
05-09 09:44:16.461   163   626 E Netd    : exec() res=0, status=256 for /system/bin/ip6tables -w -X st_clear_caught 
05-09 09:44:16.469   163   626 I iptables: iptables: No chain/target/match by that name.
05-09 09:44:16.475   163   626 I iptables: iptables terminated by exit(1)
05-09 09:44:16.475   163   626 E Netd    : exec() res=0, status=256 for /system/bin/iptables -w -X st_clear_detect 
05-09 09:44:16.485   163   626 I ip6tables: ip6tables: No chain/target/match by that name.
05-09 09:44:16.485   163   626 I ip6tables: ip6tables terminated by exit(1)
05-09 09:44:16.485   163   626 E Netd    : exec() res=0, status=256 for /system/bin/ip6tables -w -X st_clear_detect 
