05-09 10:13:07.926   529   951 I ActivityManager: Start proc 2433:com.google.android.apps.magazines/u0a60 for broadcast com.google.android.apps.magazines/com.google.apps.dots.android.newsstand.appwidget.NewsWidgetProvider
05-09 10:13:07.959  2433  2433 W System  : ClassLoader referenced unknown path: /system/app/Newsstand/lib/arm64
05-09 10:13:07.977   529  1757 D libgps  : proxy_gps_xtra_inject_xtra_data: called.
05-09 10:13:07.979   178   178 D gpsd    : WakeLock(Acquire,GPSD)
05-09 10:13:07.980   178   178 D gpsd    : WakeLock(Release,GPSD)
05-09 10:13:07.987   178   178 D gpsd    : WakeLock(Acquire,GPSD)
05-09 10:13:07.988   178   178 D gpsd    : WakeLock(Release,GPSD)
05-09 10:13:08.048  1718  2432 I Babel   : connection state changed from UNKNOWN to CONNECTED
05-09 10:13:08.126  2433  2433 I GAv4    : Google Analytics 7.5.71 is starting up. To enable debug logging on a device run:
05-09 10:13:08.126  2433  2433 I GAv4    :   adb shell setprop log.tag.GAv4 DEBUG
05-09 10:13:08.126  2433  2433 I GAv4    :   adb logcat -s GAv4
05-09 10:13:08.135  2433  2433 W GAv4    : AnalyticsReceiver is not registered or is disabled. Register the receiver for reliable dispatching on non-Google Play devices. See http://goo.gl/8Rd3yj for instructions.
05-09 10:13:08.137  2433  2433 W GAv4    : CampaignTrackingReceiver is not registered, not exported or is disabled. Installation campaign tracking is not possible. See http://goo.gl/8Rd3yj for instructions.
05-09 10:13:08.145  2433  2456 W GAv4    : AnalyticsService not registered in the app manifest. Hits might not be delivered reliably. See http://goo.gl/8Rd3yj for instructions.
05-09 10:13:08.237  2433  2433 I WebViewFactory: Loading com.google.android.webview version 44.0.2403.117 (code 246011750)
05-09 10:13:08.268  2433  2433 W System  : ClassLoader referenced unknown path: /system/app/WebViewGoogle/lib/arm64
05-09 10:13:08.298  2433  2433 I LibraryLoader: Time to load native libraries: 10 ms (timestamps 2091-2101)
05-09 10:13:08.300  2433  2433 I LibraryLoader: Expected native library version number "",actual native library version number ""
05-09 10:13:08.312  2433  2433 V WebViewChromiumFactoryProvider: Binding Chromium to main looper Looper (main, tid 1) {2d2eca8}
05-09 10:13:08.313  2433  2433 I LibraryLoader: Expected native library version number "",actual native library version number ""
05-09 10:13:08.319  2433  2433 I chromium: [INFO:library_loader_hooks.cc(120)] Chromium logging enabled: level = 0, default verbosity = 0
05-09 10:13:08.322  2433  2433 I BrowserStartupController: Initializing chromium process, singleProcess=true
05-09 10:13:08.328  2433  2433 E SysUtils: ApplicationContext is null in ApplicationStatus
05-09 10:13:08.360  2473  2473 W ip      : type=1400 audit(0.0:38): avc: denied { search } for name="net" dev="mmcblk0p31" ino=23 scontext=u:r:shell:s0 tcontext=u:object_r:net_data_file:s0 tclass=dir permissive=0
05-09 10:13:08.393  2433  2433 W chromium: [WARNING:resource_bundle.cc(285)] locale_file_path.empty()
05-09 10:13:08.397  2433  2433 E libEGL  : validate_display:255 error 3008 (EGL_BAD_DISPLAY)
05-09 10:13:08.397  2433  2433 E libEGL  : validate_display:255 error 3008 (EGL_BAD_DISPLAY)
05-09 10:13:08.509  2433  2486 W AudioManagerAndroid: Requires BLUETOOTH permission
05-09 10:13:08.529  2433  2433 I NSApplication: Starting up...
05-09 10:13:08.545   529   549 I ActivityManager: Start proc 2492:com.google.android.apps.photos/u0a63 for broadcast com.google.android.apps.photos/.actionqueue.SystemReceiver
05-09 10:13:08.548   529   549 I ActivityManager: Killing 1893:com.android.vending/u0a17 (adj 15): empty #17
05-09 10:13:08.629  2492  2492 W System  : ClassLoader referenced unknown path: /system/app/Photos/lib/arm
05-09 10:13:08.898   529  1164 I ActivityManager: Start proc 2506:com.google.android.apps.plus/u0a65 for broadcast com.google.android.apps.plus/.service.ConnectivityReceiver
05-09 10:13:08.898   529  1164 I ActivityManager: Killing 1996:com.google.process.gapps/u0a45 (adj 15): empty #17
05-09 10:13:08.937  2506  2506 W System  : ClassLoader referenced unknown path: /system/app/PlusOne/lib/arm
05-09 10:13:09.018   686   696 E DatabaseUtils: Writing exception to parcel
05-09 10:13:09.018   686   696 E DatabaseUtils: java.lang.SecurityException: Permission Denial: reading com.android.providers.media.MediaProvider uri content://media/external/fs_id from pid=2506, uid=10065 requires android.permission.READ_EXTERNAL_STORAGE, or grantUriPermission()
05-09 10:13:09.018   686   696 E DatabaseUtils: 	at android.content.ContentProvider.enforceReadPermissionInner(ContentProvider.java:605)
05-09 10:13:09.018   686   696 E DatabaseUtils: 	at android.content.ContentProvider$Transport.enforceReadPermission(ContentProvider.java:480)
05-09 10:13:09.018   686   696 E DatabaseUtils: 	at android.content.ContentProvider$Transport.query(ContentProvider.java:211)
05-09 10:13:09.018   686   696 E DatabaseUtils: 	at android.content.ContentProviderNative.onTransact(ContentProviderNative.java:112)
05-09 10:13:09.018   686   696 E DatabaseUtils: 	at android.os.Binder.execTransact(Binder.java:453)
05-09 10:13:09.062   529   951 I ActivityManager: Killing 2012:com.google.android.apps.inputmethod.zhuyin/u0a52 (adj 15): empty #17
05-09 10:13:09.142   529   549 W ActivityManager: Permission Denial: opening provider com.android.providers.contacts.ContactsProvider2 from ProcessRecord{bb1d5ad 2506:com.google.android.apps.plus/u0a65} (pid=2506, uid=10065) requires android.permission.READ_CONTACTS or android.permission.WRITE_CONTACTS
05-09 10:13:09.158   529   548 W ActivityManager: Permission Denial: opening provider com.android.providers.contacts.ContactsProvider2 from ProcessRecord{bb1d5ad 2506:com.google.android.apps.plus/u0a65} (pid=2506, uid=10065) requires android.permission.READ_CONTACTS or android.permission.WRITE_CONTACTS
05-09 10:13:09.172   529  1164 I ActivityManager: Killing 2057:com.google.android.apps.maps/u0a58 (adj 15): empty #17
05-09 10:13:09.210   529   951 W ActivityManager: Permission Denial: opening provider com.android.providers.contacts.ContactsProvider2 from ProcessRecord{bb1d5ad 2506:com.google.android.apps.plus/u0a65} (pid=2506, uid=10065) requires android.permission.READ_CONTACTS or android.permission.WRITE_CONTACTS
05-09 10:13:09.216  2506  2522 E GooglePlusContactsSync: Failed to clear out contacts
05-09 10:13:09.216  2506  2522 E GooglePlusContactsSync: java.lang.SecurityException: Permission Denial: opening provider com.android.providers.contacts.ContactsProvider2 from ProcessRecord{bb1d5ad 2506:com.google.android.apps.plus/u0a65} (pid=2506, uid=10065) requires android.permission.READ_CONTACTS or android.permission.WRITE_CONTACTS
05-09 10:13:09.216  2506  2522 E GooglePlusContactsSync: 	at android.os.Parcel.readException(Parcel.java:1620)
05-09 10:13:09.216  2506  2522 E GooglePlusContactsSync: 	at android.os.Parcel.readException(Parcel.java:1573)
05-09 10:13:09.216  2506  2522 E GooglePlusContactsSync: 	at android.app.ActivityManagerProxy.getContentProvider(ActivityManagerNative.java:3551)
05-09 10:13:09.216  2506  2522 E GooglePlusContactsSync: 	at android.app.ActivityThread.acquireProvider(ActivityThread.java:4778)
05-09 10:13:09.216  2506  2522 E GooglePlusContactsSync: 	at android.app.ContextImpl$ApplicationContentResolver.acquireUnstableProvider(ContextImpl.java:2018)
05-09 10:13:09.216  2506  2522 E GooglePlusContactsSync: 	at android.content.ContentResolver.acquireUnstableProvider(ContentResolver.java:1468)
05-09 10:13:09.216  2506  2522 E GooglePlusContactsSync: 	at android.content.ContentResolver.query(ContentResolver.java:475)
05-09 10:13:09.216  2506  2522 E GooglePlusContactsSync: 	at android.content.ContentResolver.query(ContentResolver.java:434)
05-09 10:13:09.216  2506  2522 E GooglePlusContactsSync: 	at dcl.a(PG:447)
05-09 10:13:09.216  2506  2522 E GooglePlusContactsSync: 	at dcl.b(PG:1396)
05-09 10:13:09.216  2506  2522 E GooglePlusContactsSync: 	at dcm.run(PG:333)
05-09 10:13:09.216  2506  2522 E GooglePlusContactsSync: 	at java.lang.Thread.run(Thread.java:818)
05-09 10:13:09.323   529   650 I InputReader: Reconfiguring input devices.  changes=0x00000010
05-09 10:13:09.332   529   951 I ActivityManager: Start proc 2534:com.android.vending/u0a17 for broadcast com.android.vending/com.google.android.finsky.receivers.PackageMonitorReceiver$RegisteredReceiver
05-09 10:13:09.333  1452  1959 W FusedLocationProvider: I/O error: java.io.IOException: Timed out waiting for response from server
05-09 10:13:09.389  2534  2534 W System  : ClassLoader referenced unknown path: /system/priv-app/Phonesky/lib/arm64
05-09 10:13:09.405  1473  1473 V GmsNetworkLocationProvi: DISABLE
05-09 10:13:09.425  2534  2534 W Finsky  : [1] FinskyApp.getCurrentAccount: No account configured on this device.
05-09 10:13:09.447  2534  2534 D Finsky  : [1] FinskyApp.onCreate: Initializing network with DFE https://android.clients.google.com/fdfe/
05-09 10:13:09.449  2534  2534 W Finsky  : [1] FinskyApp.getCurrentAccount: No account configured on this device.
05-09 10:13:09.473  2534  2534 W Finsky  : [1] FinskyApp.getCurrentAccount: No account configured on this device.
05-09 10:13:09.473  2534  2534 W Finsky  : [1] FinskyApp.getCurrentAccount: No account configured on this device.
05-09 10:13:09.475  2534  2534 W Finsky  : [1] FinskyApp.getCurrentAccount: No account configured on this device.
05-09 10:13:09.476  2534  2534 W Finsky  : [1] FinskyApp.getCurrentAccount: No account configured on this device.
05-09 10:13:09.487  2534  2534 W Finsky  : [1] FinskyApp.getCurrentAccount: No account configured on this device.
05-09 10:13:09.488  2534  2534 W Finsky  : [1] FinskyApp.getCurrentAccount: No account configured on this device.
05-09 10:13:09.494  2534  2534 D Finsky  : [1] DailyHygiene.goMakeHygieneIfDirty: No need to run daily hygiene.
05-09 10:13:09.505  2534  2534 W Settings: Setting download_manager_max_bytes_over_mobile has moved from android.provider.Settings.Secure to android.provider.Settings.Global.
05-09 10:13:09.505  2534  2534 W Settings: Setting download_manager_recommended_max_bytes_over_mobile has moved from android.provider.Settings.Secure to android.provider.Settings.Global.
05-09 10:13:09.513  2534  2534 W Finsky  : [1] FinskyApp.getCurrentAccount: No account configured on this device.
05-09 10:13:09.514  2534  2534 W Finsky  : [1] FinskyApp.getCurrentAccount: No account configured on this device.
05-09 10:13:09.514  2534  2534 W Finsky  : [1] FinskyApp.getDfeApi: No account configured on this device.
05-09 10:13:09.516  1473  1473 V GmsNetworkLocationProvi: ENABLE
05-09 10:13:09.516  1473  1537 V GmsNetworkLocationProvi: onSetRequest: ProviderRequestUnbundled, reportLocation is true and interval is 86400000
05-09 10:13:09.516  1473  1473 V GmsNetworkLocationProvi: SET-REQUEST
05-09 10:13:09.517  1473  1473 V GmsNetworkLocationProvi: in Handler: ProviderRequestUnbundled, reportLocation is true and interval is 86400000
05-09 10:13:09.518  2534  2534 W Finsky  : [1] FinskyApp.getCurrentAccount: No account configured on this device.
05-09 10:13:09.524   529   564 D ActivityRecognitionProxy: AR HW instance not available, binding will be a no-op.
05-09 10:13:09.527  2534  2571 D Ads     : Skipping gmscore version check
05-09 10:13:09.532  1452  2572 D PackageBroadcastService: Received broadcast action=android.intent.action.PACKAGE_CHANGED and uri=com.google.android.gms
05-09 10:13:09.535  1452  2572 I PackageBroadcastService: Null package name or gms related package.  Ignoreing.
05-09 10:13:09.540  1315  2573 I UpdateIcingCorporaServi: Updating corpora: APPS=com.google.android.gms, CONTACTS=MAYBE
05-09 10:13:09.544  1452  1493 I Icing   : updateResources: need to parse f{com.google.android.gms}
05-09 10:13:09.564  2534  2534 D Finsky  : [1] GmsCoreHelper.cleanupNlp: result=false type=4
05-09 10:13:09.599  1315  2573 I UpdateIcingCorporaServi: UpdateCorporaTask done [took 57 ms] updated apps [took 57 ms] 
05-09 10:13:09.616  2534  2571 W GooglePlayServicesUtil: Google Play services out of date.  Requires 8296000 but found 8122446
05-09 10:13:09.619  2534  2534 D Finsky  : [1] RestoreTracker.stopServiceIfDone: Restore complete with 0 success and 0 failed.
05-09 10:13:09.625  2534  2534 W Finsky  : [1] FinskyApp.getCurrentAccount: No account configured on this device.
05-09 10:13:09.625  2534  2534 W Finsky  : [1] FinskyApp.getCurrentAccount: No account configured on this device.
05-09 10:13:09.935  2348  2364 W UnsafeUtil: platform method missing - proto runtime falling back to safer methods: java.lang.NoSuchMethodException: getByte [class java.lang.Object, long]
05-09 10:13:10.179   529   539 I art     : Background partial concurrent mark sweep GC freed 42700(2MB) AllocSpace objects, 6(304KB) LOS objects, 33% free, 16MB/25MB, paused 5.343ms total 186.389ms
05-09 10:13:10.344   529   660 D ConnectivityService: notifyType CAP_CHANGED for NetworkAgentInfo [WIFI () - 100]
05-09 10:13:13.726  2348  2603 E art     : No implementation found for long org.tensorflow.contrib.android.RunStats.allocate() (tried Java_org_tensorflow_contrib_android_RunStats_allocate and Java_org_tensorflow_contrib_android_RunStats_allocate__)
05-09 10:13:14.426   529  1271 I ActivityManager: Killing 1587:com.android.printspooler/u0a71 (adj 15): empty #17
05-09 10:13:14.630   529   565 I ActivityManager: Waited long enough for: ServiceRecord{fc0bcd2 u0 com.google.android.calendar/com.android.calendar.alerts.InitAlarmsService}
05-09 10:13:15.598   529   660 D ConnectivityService: handlePromptUnvalidated 100
05-09 10:13:19.305  1452  1945 I CheckinService: Done disabling old GoogleServicesFramework version
05-09 10:13:20.592   529   658 D WifiStateMachine: L2Connected CMD_START_SCAN source -2 3, 4 -> obsolete
05-09 10:13:29.701   529   731 I ActivityManager: Killing 2046:com.google.android.gm.exchange/u0a67 (adj 15): empty #17
05-09 10:13:53.249  1234  1341 I Keyboard.Facilitator.LanguageModelFlusher: run()
05-09 10:13:53.250  1234  1341 I Keyboard.Facilitator: flushDynamicLanguageModels()
05-09 10:13:56.035   529  2383 D NetlinkSocketObserver: NeighborEvent{elapsedMs=89837, 192.168.1.1, [BCEE7B8E7F30], RTM_NEWNEIGH, NUD_STALE}
05-09 10:14:07.512   529   658 D WifiStateMachine: starting scan for "Tomato"WPA_PSK with 2462,5180
05-09 10:14:07.616   529   658 D WifiStateMachine: shouldSwitchNetwork  txSuccessRate=9.37 rxSuccessRate=8.94 delta 999 -> 993
05-09 10:14:07.618   529   658 D WifiStateMachine: CMD_AUTO_ROAM sup state CompletedState my state ConnectedState nid=2 config "Tomato"WPA_PSK roam=1 to bc:ee:7b:8e:7f:34 targetRoamBSSID any
05-09 10:14:07.618   529   658 E WifiConfigStore: saveWifiConfigBSSID Setting BSSID for "Tomato"WPA_PSK to bc:ee:7b:8e:7f:34
05-09 10:14:07.620  1013  1013 I wpa_supplicant: wlan0: Trying to associate with SSID 'Tomato'
05-09 10:14:07.621   529   658 D WifiStateMachine: WifiStateMachine: Leaving Connected state
05-09 10:14:07.621   529   658 D WifiStateMachine: Start Roam Watchdog 1
05-09 10:14:07.708  1013  1013 I wpa_supplicant: wlan0: Associated with bc:ee:7b:8e:7f:34
05-09 10:14:07.711   529   660 D ConnectivityService: notifyType CAP_CHANGED for NetworkAgentInfo [WIFI () - 100]
05-09 10:14:07.732  1013  1013 I wpa_supplicant: wlan0: WPA: Key negotiation completed with bc:ee:7b:8e:7f:34 [PTK=CCMP GTK=CCMP]
05-09 10:14:07.733  1013  1013 I wpa_supplicant: wlan0: CTRL-EVENT-CONNECTED - Connection to bc:ee:7b:8e:7f:34 completed [id=2 id_str=]
05-09 10:14:07.736   529   658 D WifiStateMachine: WifiStateMachine: Leaving Roaming state
05-09 10:14:07.736   529   658 E WifiConfigStore: saveWifiConfigBSSID Setting BSSID for "Tomato"WPA_PSK to any
05-09 10:14:07.754   529   658 D WifiStateMachine: Start Dhcp Watchdog 2
05-09 10:14:07.758   529   658 D IpReachabilityMonitor: probing ip=192.168.1.1%6
05-09 10:14:07.842   529   658 E native  : do suspend false
05-09 10:14:07.865   529  2384 D DhcpClient: Unicasting DHCPREQUEST ciaddr=192.168.1.20 request=0.0.0.0 serverid=null to /192.168.1.1:67
05-09 10:14:07.872   529  2385 D DhcpClient: Received packet: b4:ce:f6:09:7b:7a ACK: your new IP /192.168.1.20, netmask /255.255.255.0, gateways [/192.168.1.1] DNS servers: /192.168.1.1 , lease time 86400
05-09 10:14:07.878   529  2384 D DhcpClient: Scheduling renewal in 43199s
05-09 10:14:07.889   529   658 D WifiConfigStore: No blacklist allowed without epno enabled
05-09 10:14:10.732   529   660 D ConnectivityService: notifyType CAP_CHANGED for NetworkAgentInfo [WIFI () - 100]
05-09 10:14:27.514   529   658 D WifiStateMachine: L2Connected CMD_START_SCAN source -2 7, 8 -> obsolete
05-09 10:15:01.766  1473  1684 I ClearcutLoggerApiImpl: disconnect managed GoogleApiClient
05-09 10:15:02.367  1452  2623 I EventLogService: Aggregate from 1557392720870 (log), 1557391469333 (data)
05-09 10:15:02.456  1151  2626 I VacuumService: Vacuum at: now=1557393302456 tag=VacuumService
05-09 10:15:02.477  1151  2629 D GetConfigurationSnapshotOperation: no corresponding serverToken: com.google.android.gms.playlog.uploader, 1, 
05-09 10:15:02.507  1151  2627 I PhenotypeFlagCommitter: Experiment Configs successfully retrieved for com.google.android.gms.playlog.uploader
05-09 10:15:02.509  1151  2627 I GoogleURLConnFactory: Using platform SSLCertificateSocketFactory
05-09 10:15:02.524  1151  2629 D GetCommittedConfigurationOperation: no corresponding serverToken: com.google.android.gms.playlog.uploader
05-09 10:15:02.797  1151  2627 W Uploader:  no longer exists, so no auth token.
05-09 10:15:02.801  1151  2630 D GetCommittedConfigurationOperation: no corresponding serverToken: com.google.android.gms.playlog.uploader
05-09 10:15:03.044  1151  2629 D GetCommittedConfigurationOperation: no corresponding serverToken: com.google.android.gms.playlog.uploader
05-09 10:15:03.099  1151  2627 W Uploader:  no longer exists, so no auth token.
05-09 10:15:03.102  1151  2630 D GetCommittedConfigurationOperation: no corresponding serverToken: com.google.android.gms.playlog.uploader
05-09 10:15:03.252  1151  2629 D GetCommittedConfigurationOperation: no corresponding serverToken: com.google.android.gms.playlog.uploader
05-09 10:15:03.341  1151  2630 D GetCommittedConfigurationOperation: no corresponding serverToken: com.google.android.gms.playlog.uploader
05-09 10:15:03.432  1151  2629 D GetCommittedConfigurationOperation: no corresponding serverToken: com.google.android.gms.playlog.uploader
05-09 10:15:46.781   529  2383 D NetlinkSocketObserver: NeighborEvent{elapsedMs=200583, 192.168.1.1, [BCEE7B8E7F30], RTM_NEWNEIGH, NUD_STALE}
05-09 10:15:47.914   529   658 D WifiStateMachine: starting scan for "Tomato"WPA_PSK with 2462,5180
05-09 10:15:50.412   529   660 D ConnectivityService: notifyType CAP_CHANGED for NetworkAgentInfo [WIFI () - 100]
05-09 10:15:52.435   529  2383 D NetlinkSocketObserver: NeighborEvent{elapsedMs=206237, 192.168.1.1, [BCEE7B8E7F30], RTM_NEWNEIGH, NUD_PROBE}
05-09 10:15:53.429   529   660 D ConnectivityService: notifyType CAP_CHANGED for NetworkAgentInfo [WIFI () - 100]
05-09 10:16:35.741   529  2383 D NetlinkSocketObserver: NeighborEvent{elapsedMs=249543, 192.168.1.1, [BCEE7B8E7F30], RTM_NEWNEIGH, NUD_STALE}
05-09 10:16:45.435   529  2383 D NetlinkSocketObserver: NeighborEvent{elapsedMs=259237, 192.168.1.1, [BCEE7B8E7F30], RTM_NEWNEIGH, NUD_PROBE}
05-09 10:17:07.929   529   658 D WifiStateMachine: starting scan for "Tomato"WPA_PSK with 2462,5180
05-09 10:17:27.032  1013  1013 I wpa_supplicant: wlan0: WPA: Group rekeying completed with bc:ee:7b:8e:7f:34 [GTK=CCMP]
05-09 10:17:27.049   529   658 D IpReachabilityMonitor: probing ip=192.168.1.1%6
05-09 10:17:27.052  1013  1013 I wpa_supplicant: wlan0: WPA: Group rekeying completed with bc:ee:7b:8e:7f:34 [GTK=CCMP]
05-09 10:17:27.059   529   658 D IpReachabilityMonitor: probing ip=192.168.1.1%6
05-09 10:17:40.884   529   951 D WifiService: acquireWifiLockLocked: WifiLock{NlpWifiLock type=2 binder=android.os.BinderProxy@a4b6f5e}
05-09 10:17:40.890   529   674 D wifi    : Initialized common fields 10000, 25, 100, 10
05-09 10:17:40.892   529   674 D wifi    : bucket[0] = 2:3:10000:2
05-09 10:17:40.940   529   731 D WifiService: releaseWifiLockLocked: WifiLock{NlpWifiLock type=2 binder=android.os.BinderProxy@a4b6f5e}
05-09 10:17:41.506   529   564 D libgps  : proxy_gps_inject_location: called.
05-09 10:17:41.507   178   178 D gpsd    : WakeLock(Acquire,GPSD)
05-09 10:17:41.507   178   178 D gpsd    : WakeLock(Release,GPSD)
05-09 10:17:47.936   529   658 D WifiStateMachine: starting scan for "Tomato"WPA_PSK with 2462,5180
05-09 10:17:53.177  1315  1353 W art     : No such thread id for suspend: 40
05-09 10:18:07.940   529   658 D WifiStateMachine: starting scan for "Tomato"WPA_PSK with 2462,5180
05-09 10:18:47.946   529   658 D WifiStateMachine: starting scan for "Tomato"WPA_PSK with 2462,5180
05-09 10:19:07.949   529   658 D WifiStateMachine: starting scan for "Tomato"WPA_PSK with 2462,5180
05-09 10:19:47.954   529   658 D WifiStateMachine: starting scan for "Tomato"WPA_PSK with 2462,5180
05-09 10:19:48.594   529  2383 D NetlinkSocketObserver: NeighborEvent{elapsedMs=442397, 192.168.1.1, [BCEE7B8E7F30], RTM_NEWNEIGH, NUD_STALE}
05-09 10:19:55.368   529  2383 D NetlinkSocketObserver: NeighborEvent{elapsedMs=449171, 192.168.1.1, [BCEE7B8E7F30], RTM_NEWNEIGH, NUD_PROBE}
05-09 10:20:07.956   529   658 D WifiStateMachine: starting scan for "Tomato"WPA_PSK with 2462,5180
05-09 10:20:27.960   529   658 D WifiStateMachine: starting scan for "Tomato"WPA_PSK with 2462,5180
05-09 10:21:07.964   529   658 D WifiStateMachine: starting scan for "Tomato"WPA_PSK with 2462,5180
05-09 10:21:18.621   529  2383 D NetlinkSocketObserver: NeighborEvent{elapsedMs=532423, 192.168.1.1, [BCEE7B8E7F30], RTM_NEWNEIGH, NUD_STALE}
05-09 10:21:25.448   529  2383 D NetlinkSocketObserver: NeighborEvent{elapsedMs=539250, 192.168.1.1, [BCEE7B8E7F30], RTM_NEWNEIGH, NUD_PROBE}
05-09 10:21:27.968   529   658 D WifiStateMachine: starting scan for "Tomato"WPA_PSK with 2462,5180
05-09 10:21:47.971   529   658 D WifiStateMachine: starting scan for "Tomato"WPA_PSK with 2462,5180
05-09 10:22:07.972   529   658 D WifiStateMachine: starting scan for "Tomato"WPA_PSK with 2462,5180
05-09 10:22:18.621   529  2383 D NetlinkSocketObserver: NeighborEvent{elapsedMs=592424, 192.168.1.1, [BCEE7B8E7F30], RTM_NEWNEIGH, NUD_STALE}
05-09 10:22:25.475   529  2383 D NetlinkSocketObserver: NeighborEvent{elapsedMs=599277, 192.168.1.1, [BCEE7B8E7F30], RTM_NEWNEIGH, NUD_PROBE}
05-09 10:22:25.893   529  1271 D WifiService: acquireWifiLockLocked: WifiLock{NlpWifiLock type=2 binder=android.os.BinderProxy@fb809d1}
05-09 10:22:25.898   529   674 D wifi    : Initialized common fields 10000, 25, 100, 10
05-09 10:22:25.898   529   674 D wifi    : bucket[0] = 2:3:10000:2
05-09 10:22:25.930   529  1164 D WifiService: releaseWifiLockLocked: WifiLock{NlpWifiLock type=2 binder=android.os.BinderProxy@fb809d1}
05-09 10:22:26.498   529   564 D libgps  : proxy_gps_inject_location: called.
05-09 10:22:26.499   178   178 D gpsd    : WakeLock(Acquire,GPSD)
05-09 10:22:26.499   178   178 D gpsd    : WakeLock(Release,GPSD)
05-09 10:22:27.975   529   658 D WifiStateMachine: starting scan for "Tomato"WPA_PSK with 2462,5180
05-09 10:23:07.982   529   658 D WifiStateMachine: starting scan for "Tomato"WPA_PSK with 2462,5180
05-09 10:23:27.985   529   658 D WifiStateMachine: starting scan for "Tomato"WPA_PSK with 2462,5180
05-09 10:23:47.986   529   658 D WifiStateMachine: starting scan for "Tomato"WPA_PSK with 2462,5180
05-09 10:23:48.701   529  2383 D NetlinkSocketObserver: NeighborEvent{elapsedMs=682503, 192.168.1.1, [BCEE7B8E7F30], RTM_NEWNEIGH, NUD_STALE}
05-09 10:23:58.668  2666  2666 D AndroidRuntime: >>>>>> START com.android.internal.os.RuntimeInit uid 2000 <<<<<<
05-09 10:23:58.672  2666  2666 D AndroidRuntime: CheckJNI is OFF
05-09 10:23:58.704  2666  2666 D ICU     : No timezone override file found: /data/misc/zoneinfo/current/icu/icu_tzdata.dat
05-09 10:23:58.741  2666  2666 I Radio-JNI: register_android_hardware_Radio DONE
05-09 10:23:58.769  2666  2666 D AndroidRuntime: Calling main entry com.android.commands.am.Am
05-09 10:23:58.773  2666  2666 D AndroidRuntime: Shutting down VM
05-09 10:23:58.818  2348  2348 E ActivityThread: Service pt.up.fc.dcc.hyrax.od_launcher.ODLauncherService has leaked ServiceConnection pt.up.fc.dcc.hyrax.odlib.ODLib$clientConnection$1@7d5727e that was originally bound here
05-09 10:23:58.818  2348  2348 E ActivityThread: android.app.ServiceConnectionLeaked: Service pt.up.fc.dcc.hyrax.od_launcher.ODLauncherService has leaked ServiceConnection pt.up.fc.dcc.hyrax.odlib.ODLib$clientConnection$1@7d5727e that was originally bound here
05-09 10:23:58.818  2348  2348 E ActivityThread: 	at android.app.LoadedApk$ServiceDispatcher.<init>(LoadedApk.java:1092)
05-09 10:23:58.818  2348  2348 E ActivityThread: 	at android.app.LoadedApk.getServiceDispatcher(LoadedApk.java:986)
05-09 10:23:58.818  2348  2348 E ActivityThread: 	at android.app.ContextImpl.bindServiceCommon(ContextImpl.java:1303)
05-09 10:23:58.818  2348  2348 E ActivityThread: 	at android.app.ContextImpl.bindService(ContextImpl.java:1286)
05-09 10:23:58.818  2348  2348 E ActivityThread: 	at android.content.ContextWrapper.bindService(ContextWrapper.java:604)
05-09 10:23:58.818  2348  2348 E ActivityThread: 	at pt.up.fc.dcc.hyrax.odlib.ODLib.<init>(ODLib.kt:53)
05-09 10:23:58.818  2348  2348 E ActivityThread: 	at pt.up.fc.dcc.hyrax.od_launcher.ODLauncherService.onCreate(ODLauncherService.kt:153)
05-09 10:23:58.818  2348  2348 E ActivityThread: 	at android.app.ActivityThread.handleCreateService(ActivityThread.java:2877)
05-09 10:23:58.818  2348  2348 E ActivityThread: 	at android.app.ActivityThread.-wrap4(ActivityThread.java)
05-09 10:23:58.818  2348  2348 E ActivityThread: 	at android.app.ActivityThread$H.handleMessage(ActivityThread.java:1427)
05-09 10:23:58.818  2348  2348 E ActivityThread: 	at android.os.Handler.dispatchMessage(Handler.java:102)
05-09 10:23:58.818  2348  2348 E ActivityThread: 	at android.os.Looper.loop(Looper.java:148)
05-09 10:23:58.818  2348  2348 E ActivityThread: 	at android.app.ActivityThread.main(ActivityThread.java:5417)
05-09 10:23:58.818  2348  2348 E ActivityThread: 	at java.lang.reflect.Method.invoke(Native Method)
05-09 10:23:58.818  2348  2348 E ActivityThread: 	at com.android.internal.os.ZygoteInit$MethodAndArgsCaller.run(ZygoteInit.java:726)
05-09 10:23:58.818  2348  2348 E ActivityThread: 	at com.android.internal.os.ZygoteInit.main(ZygoteInit.java:616)
05-09 10:23:58.819   529  1164 W ActivityManager: Unbind failed: could not find connection for android.os.BinderProxy@bb95710
05-09 10:23:58.834  2348  2348 E ActivityThread: Service pt.up.fc.dcc.hyrax.odlib.services.WorkerAndroidService has leaked IntentReceiver pt.up.fc.dcc.hyrax.odlib.services.worker.status.battery.AndroidBatteryMonitor$BatteryChargeStateUpdatesReceiver@7f478d9 that was originally registered here. Are you missing a call to unregisterReceiver()?
05-09 10:23:58.834  2348  2348 E ActivityThread: android.app.IntentReceiverLeaked: Service pt.up.fc.dcc.hyrax.odlib.services.WorkerAndroidService has leaked IntentReceiver pt.up.fc.dcc.hyrax.odlib.services.worker.status.battery.AndroidBatteryMonitor$BatteryChargeStateUpdatesReceiver@7f478d9 that was originally registered here. Are you missing a call to unregisterReceiver()?
05-09 10:23:58.834  2348  2348 E ActivityThread: 	at android.app.LoadedApk$ReceiverDispatcher.<init>(LoadedApk.java:918)
05-09 10:23:58.834  2348  2348 E ActivityThread: 	at android.app.LoadedApk.getReceiverDispatcher(LoadedApk.java:719)
05-09 10:23:58.834  2348  2348 E ActivityThread: 	at android.app.ContextImpl.registerReceiverInternal(ContextImpl.java:1172)
05-09 10:23:58.834  2348  2348 E ActivityThread: 	at android.app.ContextImpl.registerReceiver(ContextImpl.java:1152)
05-09 10:23:58.834  2348  2348 E ActivityThread: 	at android.app.ContextImpl.registerReceiver(ContextImpl.java:1146)
05-09 10:23:58.834  2348  2348 E ActivityThread: 	at android.content.ContextWrapper.registerReceiver(ContextWrapper.java:554)
05-09 10:23:58.834  2348  2348 E ActivityThread: 	at pt.up.fc.dcc.hyrax.odlib.services.worker.status.battery.AndroidBatteryMonitor.monitor(AndroidBatteryMonitor.kt:85)
05-09 10:23:58.834  2348  2348 E ActivityThread: 	at pt.up.fc.dcc.hyrax.odlib.services.worker.WorkerProfiler.monitorBattery$ODLib_Common(WorkerProfiler.kt:87)
05-09 10:23:58.834  2348  2348 E ActivityThread: 	at pt.up.fc.dcc.hyrax.odlib.services.worker.WorkerService.monitorBattery(WorkerService.kt:90)
05-09 10:23:58.834  2348  2348 E ActivityThread: 	at pt.up.fc.dcc.hyrax.odlib.services.WorkerAndroidService.onStartCommand(WorkerAndroidService.kt:15)
05-09 10:23:58.834  2348  2348 E ActivityThread: 	at android.app.ActivityThread.handleServiceArgs(ActivityThread.java:3010)
05-09 10:23:58.834  2348  2348 E ActivityThread: 	at android.app.ActivityThread.-wrap17(ActivityThread.java)
05-09 10:23:58.834  2348  2348 E ActivityThread: 	at android.app.ActivityThread$H.handleMessage(ActivityThread.java:1442)
05-09 10:23:58.834  2348  2348 E ActivityThread: 	at android.os.Handler.dispatchMessage(Handler.java:102)
05-09 10:23:58.834  2348  2348 E ActivityThread: 	at android.os.Looper.loop(Looper.java:148)
05-09 10:23:58.834  2348  2348 E ActivityThread: 	at android.app.ActivityThread.main(ActivityThread.java:5417)
05-09 10:23:58.834  2348  2348 E ActivityThread: 	at java.lang.reflect.Method.invoke(Native Method)
05-09 10:23:58.834  2348  2348 E ActivityThread: 	at com.android.internal.os.ZygoteInit$MethodAndArgsCaller.run(ZygoteInit.java:726)
05-09 10:23:58.834  2348  2348 E ActivityThread: 	at com.android.internal.os.ZygoteInit.main(ZygoteInit.java:616)
05-09 10:23:58.837  2348  2348 E ActivityThread: Service pt.up.fc.dcc.hyrax.odlib.services.WorkerAndroidService has leaked IntentReceiver pt.up.fc.dcc.hyrax.odlib.services.worker.status.battery.AndroidBatteryMonitor$BatteryLevelUpdatesReceiver@d7efbdd that was originally registered here. Are you missing a call to unregisterReceiver()?
05-09 10:23:58.837  2348  2348 E ActivityThread: android.app.IntentReceiverLeaked: Service pt.up.fc.dcc.hyrax.odlib.services.WorkerAndroidService has leaked IntentReceiver pt.up.fc.dcc.hyrax.odlib.services.worker.status.battery.AndroidBatteryMonitor$BatteryLevelUpdatesReceiver@d7efbdd that was originally registered here. Are you missing a call to unregisterReceiver()?
05-09 10:23:58.837  2348  2348 E ActivityThread: 	at android.app.LoadedApk$ReceiverDispatcher.<init>(LoadedApk.java:918)
05-09 10:23:58.837  2348  2348 E ActivityThread: 	at android.app.LoadedApk.getReceiverDispatcher(LoadedApk.java:719)
05-09 10:23:58.837  2348  2348 E ActivityThread: 	at android.app.ContextImpl.registerReceiverInternal(ContextImpl.java:1172)
05-09 10:23:58.837  2348  2348 E ActivityThread: 	at android.app.ContextImpl.registerReceiver(ContextImpl.java:1152)
05-09 10:23:58.837  2348  2348 E ActivityThread: 	at android.app.ContextImpl.registerReceiver(ContextImpl.java:1146)
05-09 10:23:58.837  2348  2348 E ActivityThread: 	at android.content.ContextWrapper.registerReceiver(ContextWrapper.java:554)
05-09 10:23:58.837  2348  2348 E ActivityThread: 	at pt.up.fc.dcc.hyrax.odlib.services.worker.status.battery.AndroidBatteryMonitor.monitor(AndroidBatteryMonitor.kt:78)
05-09 10:23:58.837  2348  2348 E ActivityThread: 	at pt.up.fc.dcc.hyrax.odlib.services.worker.WorkerProfiler.monitorBattery$ODLib_Common(WorkerProfiler.kt:87)
05-09 10:23:58.837  2348  2348 E ActivityThread: 	at pt.up.fc.dcc.hyrax.odlib.services.worker.WorkerService.monitorBattery(WorkerService.kt:90)
05-09 10:23:58.837  2348  2348 E ActivityThread: 	at pt.up.fc.dcc.hyrax.odlib.services.WorkerAndroidService.onStartCommand(WorkerAndroidService.kt:15)
05-09 10:23:58.837  2348  2348 E ActivityThread: 	at android.app.ActivityThread.handleServiceArgs(ActivityThread.java:3010)
05-09 10:23:58.837  2348  2348 E ActivityThread: 	at android.app.ActivityThread.-wrap17(ActivityThread.java)
05-09 10:23:58.837  2348  2348 E ActivityThread: 	at android.app.ActivityThread$H.handleMessage(ActivityThread.java:1442)
05-09 10:23:58.837  2348  2348 E ActivityThread: 	at android.os.Handler.dispatchMessage(Handler.java:102)
05-09 10:23:58.837  2348  2348 E ActivityThread: 	at android.os.Looper.loop(Looper.java:148)
05-09 10:23:58.837  2348  2348 E ActivityThread: 	at android.app.ActivityThread.main(ActivityThread.java:5417)
05-09 10:23:58.837  2348  2348 E ActivityThread: 	at java.lang.reflect.Method.invoke(Native Method)
05-09 10:23:58.837  2348  2348 E ActivityThread: 	at com.android.internal.os.ZygoteInit$MethodAndArgsCaller.run(ZygoteInit.java:726)
05-09 10:23:58.837  2348  2348 E ActivityThread: 	at com.android.internal.os.ZygoteInit.main(ZygoteInit.java:616)
05-09 10:23:59.293  2675  2675 D AndroidRuntime: >>>>>> START com.android.internal.os.RuntimeInit uid 2000 <<<<<<
05-09 10:23:59.297  2675  2675 D AndroidRuntime: CheckJNI is OFF
05-09 10:23:59.330  2675  2675 D ICU     : No timezone override file found: /data/misc/zoneinfo/current/icu/icu_tzdata.dat
05-09 10:23:59.360  2675  2675 I Radio-JNI: register_android_hardware_Radio DONE
05-09 10:23:59.386  2675  2675 D AndroidRuntime: Calling main entry com.android.commands.am.Am
05-09 10:23:59.390   529  1270 W ActivityManager: Invalid packageName: pt.up.fc.dcc.hyrax.odlib
05-09 10:23:59.391  2675  2675 D AndroidRuntime: Shutting down VM
05-09 10:23:59.923  2684  2684 D AndroidRuntime: >>>>>> START com.android.internal.os.RuntimeInit uid 2000 <<<<<<
05-09 10:23:59.927  2684  2684 D AndroidRuntime: CheckJNI is OFF
05-09 10:23:59.959  2684  2684 D ICU     : No timezone override file found: /data/misc/zoneinfo/current/icu/icu_tzdata.dat
05-09 10:23:59.990  2684  2684 I Radio-JNI: register_android_hardware_Radio DONE
05-09 10:24:00.014  2684  2684 D AndroidRuntime: Calling main entry com.android.commands.am.Am
05-09 10:24:00.017  2684  2684 D AndroidRuntime: Shutting down VM
05-09 10:24:00.395   529   549 I ActivityManager: Killing 2170:com.google.android.youtube/u0a78 (adj 15): empty #17
05-09 10:24:00.548  2692  2692 D AndroidRuntime: >>>>>> START com.android.internal.os.RuntimeInit uid 2000 <<<<<<
05-09 10:24:00.552  2692  2692 D AndroidRuntime: CheckJNI is OFF
05-09 10:24:00.585  2692  2692 D ICU     : No timezone override file found: /data/misc/zoneinfo/current/icu/icu_tzdata.dat
05-09 10:24:00.616  2692  2692 I Radio-JNI: register_android_hardware_Radio DONE
05-09 10:24:00.639  2692  2692 D AndroidRuntime: Calling main entry com.android.commands.am.Am
05-09 10:24:00.643  2692  2692 D AndroidRuntime: Shutting down VM
05-09 10:24:01.159  2704  2704 D AndroidRuntime: >>>>>> START com.android.internal.os.RuntimeInit uid 2000 <<<<<<
05-09 10:24:01.163  2704  2704 D AndroidRuntime: CheckJNI is OFF
05-09 10:24:01.195  2704  2704 D ICU     : No timezone override file found: /data/misc/zoneinfo/current/icu/icu_tzdata.dat
05-09 10:24:01.226  2704  2704 I Radio-JNI: register_android_hardware_Radio DONE
05-09 10:24:01.249  2704  2704 D AndroidRuntime: Calling main entry com.android.commands.am.Am
05-09 10:24:01.252  2704  2704 D AndroidRuntime: Shutting down VM
05-09 10:24:02.719   529   660 D ConnectivityService: updateNetworkScore for NetworkAgentInfo [WIFI () - 100] to 56
05-09 10:24:03.462  2717  2717 D AndroidRuntime: >>>>>> START com.android.internal.os.RuntimeInit uid 2000 <<<<<<
05-09 10:24:03.466  2717  2717 D AndroidRuntime: CheckJNI is OFF
05-09 10:24:03.499  2717  2717 D ICU     : No timezone override file found: /data/misc/zoneinfo/current/icu/icu_tzdata.dat
05-09 10:24:03.530  2717  2717 I Radio-JNI: register_android_hardware_Radio DONE
05-09 10:24:03.554  2717  2717 D AndroidRuntime: Calling main entry com.android.commands.input.Input
05-09 10:24:03.557  2717  2717 I Input   : injectKeyEvent: KeyEvent { action=ACTION_DOWN, keyCode=KEYCODE_POWER, scanCode=0, metaState=0, flags=0x0, repeatCount=0, eventTime=697359, downTime=697359, deviceId=-1, source=0x101 }
05-09 10:24:03.563  2717  2717 I Input   : injectKeyEvent: KeyEvent { action=ACTION_UP, keyCode=KEYCODE_POWER, scanCode=0, metaState=0, flags=0x0, repeatCount=0, eventTime=697359, downTime=697359, deviceId=-1, source=0x101 }
05-09 10:24:03.563   529  2111 I PowerManagerService: Going to sleep due to power button (uid 1000)...
05-09 10:24:03.564   529   583 I PowerManagerService: Sleeping (uid 1000)...
05-09 10:24:03.569  2717  2717 D AndroidRuntime: Shutting down VM
05-09 10:24:03.573  1164  1164 W Binder_5: type=1400 audit(0.0:39): avc: denied { ioctl } for path="socket:[14081]" dev="sockfs" ino=14081 ioctlcmd=7704 scontext=u:r:system_server:s0 tcontext=u:r:system_server:s0 tclass=unix_stream_socket permissive=0
05-09 10:24:03.576  1315  1323 W SearchService: Abort, client detached.
05-09 10:24:03.583  1315  1315 I HotwordDetector: Closing mic
05-09 10:24:03.583  1315  1445 I MicrophoneInputStream: mic_close com.google.android.apps.gsa.speech.audio.x@e06b1d0
05-09 10:24:03.599   169   637 I SoundTriggerHwService::Module: void android::SoundTriggerHwService::Module::onCallbackEvent(const android::sp<android::SoundTriggerHwService::CallbackEvent>&) mClient == 0
05-09 10:24:03.601  1315  1446 I MicroRecognitionRnrImpl: Stopping hotword detection.
05-09 10:24:03.602  1315  1447 I MicroRecognitionRnrImpl: Detection finished
05-09 10:24:03.620  1234  1234 I Keyboard.Facilitator: onFinishInput()
05-09 10:24:03.573  1164  1164 W Binder_5: type=1400 audit(0.0:40): avc: denied { ioctl } for path="socket:[14081]" dev="sockfs" ino=14081 ioctlcmd=7704 scontext=u:r:system_server:s0 tcontext=u:r:system_server:s0 tclass=unix_stream_socket permissive=0
05-09 10:24:03.646   529   548 I ActivityManager: Killing 1685:com.google.android.apps.fitness/u0a43 (adj 15): empty #17
05-09 10:24:04.207   529   583 V KeyguardServiceDelegate: onScreenTurnedOff()
05-09 10:24:04.211   529   583 E libEGL  : call to OpenGL ES API with no current context (logged once per thread)
05-09 10:24:04.212   529   581 I DisplayManagerService: Display device changed state: "Built-in Screen", OFF
05-09 10:24:04.212   161   161 D SurfaceFlinger: Set power mode=0, type=0 flinger=0x559043a430
05-09 10:24:04.212   161   161 D hwcomposer: hwc_blank: display 0: blank
05-09 10:24:04.212   161   161 D hwcomposer: hwc_blank_display: display 0: [0 -> 1]
05-09 10:24:04.522   529   679 D SurfaceControl: Excessive delay in setPowerMode(): 310ms
05-09 10:24:04.534   529   529 V AudioService.RotationHelper: publishing device rotation =2 (x90deg)
05-09 10:24:04.548   529   658 D WifiConfigStore: Retrieve network priorities after PNO.
05-09 10:24:04.559   529   658 E native  : do suspend false
05-09 10:24:04.564  1252  1338 D NfcService: Discovery configuration equal, not updating.
05-09 10:24:04.568   529   658 D WifiConfigStore: No blacklist allowed without epno enabled
05-09 10:24:04.584   529   658 D WifiConfigStore: Retrieve network priorities after PNO.
05-09 10:24:04.589   529   658 E native  : do suspend true
05-09 10:24:05.055   529   658 D WifiStateMachine: L2Connected CMD_START_SCAN source -2 39, 40 -> obsolete
05-09 10:24:07.988   529   658 D WifiStateMachine: L2Connected CMD_START_SCAN source -2 37, 40 -> obsolete
05-09 10:24:10.640  2735  2735 D AndroidRuntime: >>>>>> START com.android.internal.os.RuntimeInit uid 2000 <<<<<<
05-09 10:24:10.649  2735  2735 D AndroidRuntime: CheckJNI is OFF
05-09 10:24:10.717  2735  2735 D ICU     : No timezone override file found: /data/misc/zoneinfo/current/icu/icu_tzdata.dat
05-09 10:24:10.782  2735  2735 I Radio-JNI: register_android_hardware_Radio DONE
05-09 10:24:10.836  2735  2735 D AndroidRuntime: Calling main entry com.android.commands.input.Input
05-09 10:24:10.838  2735  2735 I Input   : injectKeyEvent: KeyEvent { action=ACTION_DOWN, keyCode=KEYCODE_WAKEUP, scanCode=0, metaState=0, flags=0x0, repeatCount=0, eventTime=704640, downTime=704640, deviceId=-1, source=0x101 }
05-09 10:24:10.841   529   549 I PowerManagerService: Waking up from sleep (uid 1000)...
05-09 10:24:10.842   529   529 V KeyguardServiceDelegate: onStartedWakingUp()
05-09 10:24:10.843   951   951 W Binder_4: type=1400 audit(0.0:41): avc: denied { ioctl } for path="socket:[14081]" dev="sockfs" ino=14081 ioctlcmd=7704 scontext=u:r:system_server:s0 tcontext=u:r:system_server:s0 tclass=unix_stream_socket permissive=0
05-09 10:24:10.843   951   951 W Binder_4: type=1400 audit(0.0:42): avc: denied { ioctl } for path="socket:[14081]" dev="sockfs" ino=14081 ioctlcmd=7704 scontext=u:r:system_server:s0 tcontext=u:r:system_server:s0 tclass=unix_stream_socket permissive=0
05-09 10:24:10.845  1234  1234 I Keyboard.Facilitator: onFinishInput()
05-09 10:24:10.852   529   583 I DisplayPowerController: Blocking screen on until initial contents have been drawn.
05-09 10:24:10.858  2735  2735 I Input   : injectKeyEvent: KeyEvent { action=ACTION_UP, keyCode=KEYCODE_WAKEUP, scanCode=0, metaState=0, flags=0x0, repeatCount=0, eventTime=704640, downTime=704640, deviceId=-1, source=0x101 }
05-09 10:24:10.859  2735  2735 D AndroidRuntime: Shutting down VM
05-09 10:24:10.863   529   583 V KeyguardServiceDelegate: onScreenTurnedOn(showListener = com.android.server.policy.PhoneWindowManager$2@7bb3b1a)
05-09 10:24:10.872   161   161 D SurfaceFlinger: Set power mode=2, type=0 flinger=0x559043a430
05-09 10:24:10.872   529   581 I DisplayManagerService: Display device changed state: "Built-in Screen", ON
05-09 10:24:10.872   161   161 D hwcomposer: hwc_blank: display 0: unblank
05-09 10:24:10.873   161   161 D hwcomposer: hwc_blank_display: display 0: [1 -> 0]
05-09 10:24:10.873   161   161 D hwcomposer: Display 0 layer clip is 1536 x 2048
05-09 10:24:10.873   161   161 D hwcomposer: Display 0 device clip is 1536 x 2048
05-09 10:24:10.878  1473  1473 V UserPresentBroadcastReceiver: Received Intent { act=android.intent.action.USER_PRESENT flg=0x24000010 cmp=com.google.android.gms/.auth.trustagent.UserPresentBroadcastReceiver }.
05-09 10:24:10.883   529   658 D WifiConfigStore: Retrieve network priorities after PNO.
05-09 10:24:10.904   529  2111 V KeyguardServiceDelegate: **** SHOWN CALLED ****
05-09 10:24:10.923   529  1270 I ActivityManager: Start proc 2747:com.google.android.apps.fitness/u0a43 for broadcast com.google.android.apps.fitness/.widget.TodayStatusWidgetProvider
05-09 10:24:10.923   529   658 E native  : do suspend false
05-09 10:24:10.938   529   658 D WifiConfigStore: No blacklist allowed without epno enabled
05-09 10:24:10.960  1315  1315 W ThreadPoolDumper: Queue length for executor AudioRouter with 1 threads is now 8. Perhaps some tasks are too long, or the pool is too small.
05-09 10:24:10.974   529   583 I DisplayPowerController: Unblocked screen on after 122 ms
05-09 10:24:10.974   529   583 V KeyguardServiceDelegate: onScreenTurnedOn()
05-09 10:24:10.994  1315  1315 W LocationOracleImpl: Best location was null
05-09 10:24:11.015  1315  2761 I MicroRecognitionRnrImpl: Starting detection.
05-09 10:24:11.021  1315  2762 I MicrophoneInputStream: mic_starting com.google.android.apps.gsa.speech.audio.x@e794f14
05-09 10:24:11.022   169  2764 I AudioFlinger: AudioFlinger's thread 0xab519a00 ready to run
05-09 10:24:11.026   169   637 I SoundTriggerHwService::Module: void android::SoundTriggerHwService::Module::onCallbackEvent(const android::sp<android::SoundTriggerHwService::CallbackEvent>&) mClient == 0
05-09 10:24:11.028  1315  2762 I MicrophoneInputStream: mic_started com.google.android.apps.gsa.speech.audio.x@e794f14
05-09 10:24:11.034  1252  1351 E BrcmNfcJni: nfaConnectionCallback: unknown event ????
05-09 10:24:11.034  1252  1351 D BrcmNfcJni: RoutingManager::nfaEeCallback: NFA_EE_SET_TECH_CFG_EVT; status=0x0
05-09 10:24:11.034  1252  1351 D BrcmNfcJni: RoutingManager::nfaEeCallback: NFA_EE_SET_PROTO_CFG_EVT; status=0x0
05-09 10:24:11.034  1252  1782 D BrcmNfcJni: RoutingManager::commitRouting
05-09 10:24:11.034  1252  1351 D BrcmNfcJni: RoutingManager::nfaEeCallback: NFA_EE_UPDATED_EVT
05-09 10:24:11.044  1252  1782 D NfcService: Discovery configuration equal, not updating.
05-09 10:24:11.054  2747  2747 W System  : ClassLoader referenced unknown path: /system/app/FitnessPrebuilt/lib/arm64
05-09 10:24:11.090  1315  1315 E LocationReceiver: Received bad location: null
05-09 10:24:11.154   529   679 D SurfaceControl: Excessive delay in setPowerMode(): 281ms
05-09 10:24:11.214  1315  1315 I HotwordWorkerImpl: onReady
