05-09 10:25:02.264   691   701 E DatabaseUtils: java.lang.SecurityException: Permission Denial: reading com.android.providers.media.MediaProvider uri content://media/external/fs_id from pid=2519, uid=10065 requires android.permission.READ_EXTERNAL_STORAGE, or grantUriPermission()
05-09 10:25:02.264   691   701 E DatabaseUtils: 	at android.content.ContentProvider.enforceReadPermissionInner(ContentProvider.java:605)
05-09 10:25:02.264   691   701 E DatabaseUtils: 	at android.content.ContentProvider$Transport.enforceReadPermission(ContentProvider.java:480)
05-09 10:25:02.264   691   701 E DatabaseUtils: 	at android.content.ContentProvider$Transport.query(ContentProvider.java:211)
05-09 10:25:02.264   691   701 E DatabaseUtils: 	at android.content.ContentProviderNative.onTransact(ContentProviderNative.java:112)
05-09 10:25:02.264   691   701 E DatabaseUtils: 	at android.os.Binder.execTransact(Binder.java:453)
05-09 10:25:02.389   531   546 W ActivityManager: Permission Denial: opening provider com.android.providers.contacts.ContactsProvider2 from ProcessRecord{8f11aa7 2519:com.google.android.apps.plus/u0a65} (pid=2519, uid=10065) requires android.permission.READ_CONTACTS or android.permission.WRITE_CONTACTS
05-09 10:25:02.399   531  1718 W ActivityManager: Permission Denial: opening provider com.android.providers.contacts.ContactsProvider2 from ProcessRecord{8f11aa7 2519:com.google.android.apps.plus/u0a65} (pid=2519, uid=10065) requires android.permission.READ_CONTACTS or android.permission.WRITE_CONTACTS
05-09 10:25:02.419   531   709 I ActivityManager: Killing 2051:com.google.android.apps.inputmethod.zhuyin/u0a52 (adj 15): empty #17
05-09 10:25:02.443  2519  2528 W art     : Suspending all threads took: 5.383ms
05-09 10:25:02.467   531  1103 W ActivityManager: Permission Denial: opening provider com.android.providers.contacts.ContactsProvider2 from ProcessRecord{8f11aa7 2519:com.google.android.apps.plus/u0a65} (pid=2519, uid=10065) requires android.permission.READ_CONTACTS or android.permission.WRITE_CONTACTS
05-09 10:25:02.477  2519  2536 E GooglePlusContactsSync: Failed to clear out contacts
05-09 10:25:02.477  2519  2536 E GooglePlusContactsSync: java.lang.SecurityException: Permission Denial: opening provider com.android.providers.contacts.ContactsProvider2 from ProcessRecord{8f11aa7 2519:com.google.android.apps.plus/u0a65} (pid=2519, uid=10065) requires android.permission.READ_CONTACTS or android.permission.WRITE_CONTACTS
05-09 10:25:02.477  2519  2536 E GooglePlusContactsSync: 	at android.os.Parcel.readException(Parcel.java:1620)
05-09 10:25:02.477  2519  2536 E GooglePlusContactsSync: 	at android.os.Parcel.readException(Parcel.java:1573)
05-09 10:25:02.477  2519  2536 E GooglePlusContactsSync: 	at android.app.ActivityManagerProxy.getContentProvider(ActivityManagerNative.java:3551)
05-09 10:25:02.477  2519  2536 E GooglePlusContactsSync: 	at android.app.ActivityThread.acquireProvider(ActivityThread.java:4778)
05-09 10:25:02.477  2519  2536 E GooglePlusContactsSync: 	at android.app.ContextImpl$ApplicationContentResolver.acquireUnstableProvider(ContextImpl.java:2018)
05-09 10:25:02.477  2519  2536 E GooglePlusContactsSync: 	at android.content.ContentResolver.acquireUnstableProvider(ContentResolver.java:1468)
05-09 10:25:02.477  2519  2536 E GooglePlusContactsSync: 	at android.content.ContentResolver.query(ContentResolver.java:475)
05-09 10:25:02.477  2519  2536 E GooglePlusContactsSync: 	at android.content.ContentResolver.query(ContentResolver.java:434)
05-09 10:25:02.477  2519  2536 E GooglePlusContactsSync: 	at dcl.a(PG:447)
05-09 10:25:02.477  2519  2536 E GooglePlusContactsSync: 	at dcl.b(PG:1396)
05-09 10:25:02.477  2519  2536 E GooglePlusContactsSync: 	at dcm.run(PG:333)
05-09 10:25:02.477  2519  2536 E GooglePlusContactsSync: 	at java.lang.Thread.run(Thread.java:818)
05-09 10:25:02.481  2294  2294 D MusicLifecycle: com.google.android.music.leanback.AutoCacheSchedulingService$EnablingReceiver generated event: Broadcast received with context android.app.ReceiverRestrictedContext@7d8fc8f and intent Intent { act=com.google.android.music.START_DOWNLOAD_SCHEDULING flg=0x10 cmp=com.google.android.music/.leanback.AutoCacheSchedulingService$EnablingReceiver }
05-09 10:25:02.490  2294  2294 D MusicLifecycle: com.google.android.music.leanback.AutoCacheSchedulingService generated event: Service created
05-09 10:25:02.494  2294  2294 D MusicLifecycle: com.google.android.music.leanback.AutoCacheSchedulingService generated event: Service started with intent Intent { act=com.google.android.music.leanback.APP_IN_USE cmp=com.google.android.music/.leanback.AutoCacheSchedulingService (has extras) }
05-09 10:25:02.495  2294  2294 D MusicLifecycle: com.google.android.music.wear.WearBroadcastReceiver generated event: Broadcast received with context android.app.ReceiverRestrictedContext@7d8fc8f and intent Intent { act=com.google.android.music.START_DOWNLOAD_SCHEDULING flg=0x10 cmp=com.google.android.music/.wear.WearBroadcastReceiver }
05-09 10:25:02.502  2361  2361 D WearableService: callingUid 10008, callindPid: 2361
05-09 10:25:02.504  2294  2294 D MusicLifecycle: com.google.android.music.download.TrackDownloadQueueService generated event: Service created
05-09 10:25:02.511  2294  2294 D MusicLifecycle: com.google.android.music.download.cache.TrackCacheService generated event: Service created
05-09 10:25:02.518  2294  2294 D MusicLifecycle: com.google.android.music.wear.WearMetadataSyncService generated event: Service created
05-09 10:25:02.518  2294  2294 D MusicLifecycle: com.google.android.music.wear.WearMetadataSyncService generated event: Service started with intent Intent { cmp=com.google.android.music/.wear.WearMetadataSyncService }
05-09 10:25:02.521  2294  2294 E GmsUtils: Failed to connect to Google API client: ConnectionResult{statusCode=API_UNAVAILABLE, resolution=null}
05-09 10:25:02.527  2294  2547 E GmsUtils: Failed to connect to Google API client: ConnectionResult{statusCode=API_UNAVAILABLE, resolution=null}
05-09 10:25:02.528  2294  2294 D MusicLifecycle: com.google.android.music.wear.WearMetadataSyncService generated event: Service destroyed
05-09 10:25:02.530  2294  2542 I MusicLeanback: Conditions not met for autocaching. okToAttempt=false
05-09 10:25:02.530  2294  2542 I MusicLeanback: Stop autocaching.
05-09 10:25:02.532  2294  2294 D MusicLifecycle: com.google.android.music.download.cache.TrackCacheService generated event: Service destroyed
05-09 10:25:02.532  2294  2294 D MusicLifecycle: com.google.android.music.download.TrackDownloadQueueService generated event: Service destroyed
05-09 10:25:03.628   531   661 D ConnectivityService: notifyType CAP_CHANGED for NetworkAgentInfo [WIFI () - 100]
05-09 10:25:03.687  1166  1987 W FusedLocationProvider: I/O error: java.io.IOException: Timed out waiting for response from server
05-09 10:25:03.716   531   651 I InputReader: Reconfiguring input devices.  changes=0x00000010
05-09 10:25:03.774   531  1718 I ActivityManager: Start proc 2554:com.android.vending/u0a17 for broadcast com.android.vending/com.google.android.finsky.receivers.PackageMonitorReceiver$RegisteredReceiver
05-09 10:25:03.828  2554  2554 W System  : ClassLoader referenced unknown path: /system/priv-app/Phonesky/lib/arm64
05-09 10:25:03.865  2554  2554 W Finsky  : [1] FinskyApp.getCurrentAccount: No account configured on this device.
05-09 10:25:03.872  1222  1222 V GmsNetworkLocationProvi: DISABLE
05-09 10:25:03.889  2554  2554 D Finsky  : [1] FinskyApp.onCreate: Initializing network with DFE https://android.clients.google.com/fdfe/
05-09 10:25:03.892  2554  2554 W Finsky  : [1] FinskyApp.getCurrentAccount: No account configured on this device.
05-09 10:25:03.918  2554  2554 W Finsky  : [1] FinskyApp.getCurrentAccount: No account configured on this device.
05-09 10:25:03.918  2554  2554 W Finsky  : [1] FinskyApp.getCurrentAccount: No account configured on this device.
05-09 10:25:03.920  2554  2554 W Finsky  : [1] FinskyApp.getCurrentAccount: No account configured on this device.
05-09 10:25:03.921  2554  2554 W Finsky  : [1] FinskyApp.getCurrentAccount: No account configured on this device.
05-09 10:25:03.927  2554  2554 W Finsky  : [1] FinskyApp.getCurrentAccount: No account configured on this device.
05-09 10:25:03.928  2554  2554 W Finsky  : [1] FinskyApp.getCurrentAccount: No account configured on this device.
05-09 10:25:03.929  2554  2554 D Finsky  : [1] DailyHygiene.goMakeHygieneIfDirty: No need to run daily hygiene.
05-09 10:25:03.934  2554  2554 W Settings: Setting download_manager_max_bytes_over_mobile has moved from android.provider.Settings.Secure to android.provider.Settings.Global.
05-09 10:25:03.935  2554  2554 W Settings: Setting download_manager_recommended_max_bytes_over_mobile has moved from android.provider.Settings.Secure to android.provider.Settings.Global.
05-09 10:25:03.941  2554  2554 W Finsky  : [1] FinskyApp.getCurrentAccount: No account configured on this device.
05-09 10:25:03.942  2554  2554 W Finsky  : [1] FinskyApp.getCurrentAccount: No account configured on this device.
05-09 10:25:03.942  2554  2554 W Finsky  : [1] FinskyApp.getDfeApi: No account configured on this device.
05-09 10:25:03.945  2554  2554 W Finsky  : [1] FinskyApp.getCurrentAccount: No account configured on this device.
05-09 10:25:03.948  1222  1222 V GmsNetworkLocationProvi: ENABLE
05-09 10:25:03.949  1222  1575 V GmsNetworkLocationProvi: onSetRequest: ProviderRequestUnbundled, reportLocation is true and interval is 86400000
05-09 10:25:03.949  1222  1222 V GmsNetworkLocationProvi: SET-REQUEST
05-09 10:25:03.950  1222  1222 V GmsNetworkLocationProvi: in Handler: ProviderRequestUnbundled, reportLocation is true and interval is 86400000
05-09 10:25:03.955   531   558 D ActivityRecognitionProxy: AR HW instance not available, binding will be a no-op.
05-09 10:25:03.957  2554  2591 D Ads     : Skipping gmscore version check
05-09 10:25:03.957   531   547 I ActivityManager: Killing 1676:com.android.printspooler/u0a71 (adj 15): empty #17
05-09 10:25:03.963  2554  2591 W GooglePlayServicesUtil: Google Play services out of date.  Requires 8296000 but found 8122446
05-09 10:25:03.983  1166  2592 D PackageBroadcastService: Received broadcast action=android.intent.action.PACKAGE_CHANGED and uri=com.google.android.gms
05-09 10:25:03.986  1166  2592 I PackageBroadcastService: Null package name or gms related package.  Ignoreing.
05-09 10:25:03.988  1397  2593 I UpdateIcingCorporaServi: Updating corpora: APPS=com.google.android.gms, CONTACTS=MAYBE
05-09 10:25:03.997  1166  1540 I Icing   : updateResources: need to parse f{com.google.android.gms}
05-09 10:25:04.007  2554  2554 D Finsky  : [1] GmsCoreHelper.cleanupNlp: result=false type=4
05-09 10:25:04.015  2554  2554 D Finsky  : [1] RestoreTracker.stopServiceIfDone: Restore complete with 0 success and 0 failed.
05-09 10:25:04.033  1397  2593 I UpdateIcingCorporaServi: UpdateCorporaTask done [took 44 ms] updated apps [took 44 ms] 
05-09 10:25:04.046  2554  2554 W Finsky  : [1] FinskyApp.getCurrentAccount: No account configured on this device.
05-09 10:25:04.047  2554  2554 W Finsky  : [1] FinskyApp.getCurrentAccount: No account configured on this device.
05-09 10:25:08.823   531  1388 I ActivityManager: Killing 2097:com.google.android.apps.maps/u0a58 (adj 15): empty #17
05-09 10:25:08.879   531   661 D ConnectivityService: handlePromptUnvalidated 100
05-09 10:25:09.166   531   559 I ActivityManager: Waited long enough for: ServiceRecord{d640c2e u0 com.google.android.calendar/com.android.calendar.alerts.InitAlarmsService}
05-09 10:25:13.601  1166  1976 I CheckinService: Done disabling old GoogleServicesFramework version
05-09 10:25:13.876   531   659 D WifiStateMachine: L2Connected CMD_START_SCAN source -2 3, 4 -> obsolete
05-09 10:25:23.477   531  2398 D NetlinkSocketObserver: NeighborEvent{elapsedMs=63040, 192.168.1.1, [BCEE7B8E7F30], RTM_NEWNEIGH, NUD_STALE}
05-09 10:25:24.239   531  1045 I ActivityManager: Killing 2083:com.google.android.gm.exchange/u0a67 (adj 15): empty #17
05-09 10:25:40.847   531   659 D WifiStateMachine: starting scan for "Tomato"WPA_PSK with 2462,5180
05-09 10:25:47.147  1316  1424 I Keyboard.Facilitator.LanguageModelFlusher: run()
05-09 10:25:47.148  1316  1424 I Keyboard.Facilitator: flushDynamicLanguageModels()
05-09 10:26:07.143   531  2398 D NetlinkSocketObserver: NeighborEvent{elapsedMs=106707, 192.168.1.1, [BCEE7B8E7F30], RTM_NEWNEIGH, NUD_PROBE}
05-09 10:26:20.855   531   659 D WifiStateMachine: starting scan for "Tomato"WPA_PSK with 2462,5180
05-09 10:26:22.730   531  2398 D NetlinkSocketObserver: NeighborEvent{elapsedMs=122294, 192.168.1.1, [BCEE7B8E7F30], RTM_NEWNEIGH, NUD_STALE}
05-09 10:26:40.857   531   659 D WifiStateMachine: starting scan for "Tomato"WPA_PSK with 2462,5180
05-09 10:26:56.168  1222  1691 I ClearcutLoggerApiImpl: disconnect managed GoogleApiClient
05-09 10:26:57.036  1074  2605 I VacuumService: Vacuum at: now=1557394017036 tag=VacuumService
05-09 10:26:57.085  1074  2608 D GetConfigurationSnapshotOperation: no corresponding serverToken: com.google.android.gms.playlog.uploader, 1, 
05-09 10:26:57.108  1074  2606 I PhenotypeFlagCommitter: Experiment Configs successfully retrieved for com.google.android.gms.playlog.uploader
05-09 10:26:57.110  1074  2606 I GoogleURLConnFactory: Using platform SSLCertificateSocketFactory
05-09 10:26:57.124  1074  2608 D GetCommittedConfigurationOperation: no corresponding serverToken: com.google.android.gms.playlog.uploader
05-09 10:26:57.463  1074  2606 W Uploader:  no longer exists, so no auth token.
05-09 10:26:57.470  1074  2609 D GetCommittedConfigurationOperation: no corresponding serverToken: com.google.android.gms.playlog.uploader
05-09 10:26:57.699  1074  2608 D GetCommittedConfigurationOperation: no corresponding serverToken: com.google.android.gms.playlog.uploader
05-09 10:26:57.759  1074  2609 D GetCommittedConfigurationOperation: no corresponding serverToken: com.google.android.gms.playlog.uploader
05-09 10:26:57.815  1074  2606 W Uploader:  no longer exists, so no auth token.
05-09 10:26:57.819  1074  2608 D GetCommittedConfigurationOperation: no corresponding serverToken: com.google.android.gms.playlog.uploader
05-09 10:26:57.879  1074  2609 D GetCommittedConfigurationOperation: no corresponding serverToken: com.google.android.gms.playlog.uploader
05-09 10:26:57.951  1074  2608 D GetCommittedConfigurationOperation: no corresponding serverToken: com.google.android.gms.playlog.uploader
05-09 10:27:00.861   531   659 D WifiStateMachine: starting scan for "Tomato"WPA_PSK with 2462,5180
05-09 10:27:02.143   531  2398 D NetlinkSocketObserver: NeighborEvent{elapsedMs=161707, 192.168.1.1, [BCEE7B8E7F30], RTM_NEWNEIGH, NUD_REACHABLE}
05-09 10:27:13.583   531  2398 D NetlinkSocketObserver: NeighborEvent{elapsedMs=173147, 192.168.1.1, [BCEE7B8E7F30], RTM_NEWNEIGH, NUD_STALE}
05-09 10:27:20.916   531  2398 D NetlinkSocketObserver: NeighborEvent{elapsedMs=180480, 192.168.1.1, [BCEE7B8E7F30], RTM_NEWNEIGH, NUD_PROBE}
