05-09 10:24:39.984   531   651 I InputReader:   Touch device 'synaptics_dsx' could not query the properties of its associated display.  The device will be inoperable until the display size becomes available.
05-09 10:24:39.985   531   651 I InputReader: Device added: id=1, name='synaptics_dsx', sources=0x00001103
05-09 10:24:40.016   531   531 I SystemServer: Accessibility Manager
05-09 10:24:40.025   531   531 I ActivityManager: Config changes=1df8 {1.0 ?mcc?mnc en_US ldltr sw768dp w768dp h1024dp 320dpi xlrg port ?uimode ?night -touch -keyb/v/h -nav/h s.2}
05-09 10:24:40.028   531   651 I InputReader: Reconfiguring input devices.  changes=0x00000004
05-09 10:24:40.028   531   651 I InputReader: Device reconfigured: id=1, name='synaptics_dsx', size 1536x2048, orientation 0, mode 1, display id 0
05-09 10:24:40.043   531   531 I ActivityManager: Config changes=408 {1.0 ?mcc?mnc en_US ldltr sw768dp w768dp h952dp 320dpi xlrg port ?uimode ?night finger -keyb/v/h -nav/h s.3}
05-09 10:24:40.045   531   531 I SystemServiceManager: Starting com.android.server.MountService$Lifecycle
05-09 10:24:40.055   531   652 D MountService: Thinking about reset, mSystemReady=false, mDaemonConnected=true
05-09 10:24:40.055   531   531 I SystemServiceManager: Starting com.android.server.UiModeManagerService
05-09 10:24:40.055   531   652 D MountService: Thinking about reset, mSystemReady=false, mDaemonConnected=true
05-09 10:24:40.056   531   652 D CryptdConnector: SND -> {1 cryptfs getfield SystemLocale}
05-09 10:24:40.056   154   187 I Ext4Crypt: ext4 crypto complete called on /data
05-09 10:24:40.057   154   187 I Ext4Crypt: No master key, so not ext4enc
05-09 10:24:40.057   531   531 I ActivityManager: Config changes=200 {1.0 ?mcc?mnc en_US ldltr sw768dp w768dp h952dp 320dpi xlrg port finger -keyb/v/h -nav/h s.4}
05-09 10:24:40.059   531   654 D CryptdConnector: RCV <- {200 1 -1}
05-09 10:24:40.059   531   531 I SystemServer: LockSettingsService
05-09 10:24:40.060   531   652 W MountService: No primary storage mounted!
05-09 10:24:40.060   531   652 D VoldConnector: SND -> {1 asec list}
05-09 10:24:40.061   531   653 D VoldConnector: RCV <- {200 1 asec operation succeeded}
05-09 10:24:40.061   531   652 I PackageManager: No secure containers found
05-09 10:24:40.061   531   531 I SystemServiceManager: Starting com.android.server.PersistentDataBlockService
05-09 10:24:40.061   531   652 W PackageManager: Not granting permission android.permission.READ_PHONE_STATE to package pt.up.fc.dcc.hyrax.od_launcher because it was previously installed without
05-09 10:24:40.061   531   652 W PackageManager: Not granting permission android.permission.READ_EXTERNAL_STORAGE to package pt.up.fc.dcc.hyrax.od_launcher because it was previously installed without
05-09 10:24:40.061   531   652 W PackageManager: Not granting permission android.permission.WRITE_EXTERNAL_STORAGE to package pt.up.fc.dcc.hyrax.od_launcher because it was previously installed without
05-09 10:24:40.061   531   652 W PackageManager: Unknown permission android.permission.FOREGROUND_SERVICE in package pt.up.fc.dcc.hyrax.od_launcher
05-09 10:24:40.061   531   652 W PackageManager: Not granting permission android.permission.MANAGE_DOCUMENTS to package com.google.android.youtube (protectionLevel=2 flags=0x38583e45)
05-09 10:24:40.062   531   652 W PackageManager: Not granting permission com.google.android.googleapps.permission.GOOGLE_AUTH to package com.google.android.youtube (protectionLevel=2 flags=0x38583e45)
05-09 10:24:40.062   531   652 W PackageManager: Not granting permission com.google.android.googleapps.permission.GOOGLE_AUTH.youtube to package com.google.android.youtube (protectionLevel=2 flags=0x38583e45)
05-09 10:24:40.062   531   652 W PackageManager: Not granting permission com.google.android.googleapps.permission.GOOGLE_AUTH.YouTubeUser to package com.google.android.youtube (protectionLevel=2 flags=0x38583e45)
05-09 10:24:40.062   531   652 W PackageManager: Unknown permission com.google.android.voicesearch.SHORTCUTS_ACCESS in package com.google.android.googlequicksearchbox
05-09 10:24:40.062   531   652 W PackageManager: Unknown permission com.google.android.voicesearch.ACCESS_SETTINGS in package com.google.android.googlequicksearchbox
05-09 10:24:40.062   531   652 W PackageManager: Unknown permission com.android.browser.permission.PRELOAD in package com.google.android.googlequicksearchbox
05-09 10:24:40.062   531   652 W PackageManager: Unknown permission com.google.android.ears.permission.WRITE in package com.google.android.googlequicksearchbox
05-09 10:24:40.062   531   652 W PackageManager: Unknown permission com.google.android.apps.googlevoice.permission.AUTO_SEND in package com.google.android.googlequicksearchbox
05-09 10:24:40.062   531   652 W PackageManager: Unknown permission com.android.chrome.PRERENDER_URL in package com.google.android.googlequicksearchbox
05-09 10:24:40.062   531   652 W PackageManager: Not granting permission com.google.android.googleapps.permission.GOOGLE_AUTH to package com.android.providers.calendar (protectionLevel=2 flags=0x30083e45)
05-09 10:24:40.062   531   652 W PackageManager: Not granting permission com.google.android.googleapps.permission.GOOGLE_AUTH.cl to package com.android.providers.calendar (protectionLevel=2 flags=0x30083e45)
05-09 10:24:40.062   531   652 W PackageManager: Unknown permission android.permission.WRITE_SYNC_STATS in package com.google.android.apps.docs.editors.docs
05-09 10:24:40.062   531   652 W PackageManager: Not granting permission com.google.android.gm.permission.READ_GMAIL to package com.google.android.apps.docs.editors.docs (protectionLevel=2 flags=0x38183e45)
05-09 10:24:40.062   531   652 W PackageManager: Not granting permission com.google.android.googleapps.permission.GOOGLE_AUTH to package com.google.android.apps.docs.editors.docs (protectionLevel=2 flags=0x38183e45)
05-09 10:24:40.062   531   652 W PackageManager: Not granting permission com.google.android.googleapps.permission.GOOGLE_AUTH.OTHER_SERVICES to package com.google.android.apps.docs.editors.docs (protectionLevel=2 flags=0x38183e45)
05-09 10:24:40.062   531   652 W PackageManager: Not granting permission com.google.android.googleapps.permission.GOOGLE_AUTH.ALL_SERVICES to package com.google.android.apps.docs.editors.docs (protectionLevel=2 flags=0x38183e45)
05-09 10:24:40.062   531   652 W PackageManager: Not granting permission com.google.android.googleapps.permission.GOOGLE_AUTH.writely to package com.google.android.apps.docs.editors.docs (protectionLevel=2 flags=0x38183e45)
05-09 10:24:40.063   531   652 W PackageManager: Not granting permission com.google.android.googleapps.permission.GOOGLE_AUTH.wise to package com.google.android.apps.docs.editors.docs (protectionLevel=2 flags=0x38183e45)
05-09 10:24:40.063   531   652 W PackageManager: Not granting permission android.permission.WRITE_SECURE_SETTINGS to package com.google.android.apps.enterprise.dmagent (protectionLevel=50 flags=0x38083e05)
05-09 10:24:40.063   531   652 W PackageManager: Not granting permission android.permission.CONNECTIVITY_INTERNAL to package com.google.android.apps.enterprise.dmagent (protectionLevel=18 flags=0x38083e05)
05-09 10:24:40.063   531   652 W PackageManager: Not granting permission android.permission.MANAGE_USB to package com.google.android.apps.enterprise.dmagent (protectionLevel=18 flags=0x38083e05)
05-09 10:24:40.063   531   652 W PackageManager: Not granting permission android.permission.CHANGE_COMPONENT_ENABLED_STATE to package com.google.android.apps.enterprise.dmagent (protectionLevel=18 flags=0x38083e05)
05-09 10:24:40.063   531   652 W PackageManager: Not granting permission android.permission.MANAGE_CA_CERTIFICATES to package com.google.android.apps.enterprise.dmagent (protectionLevel=18 flags=0x38083e05)
05-09 10:24:40.063   531   652 W PackageManager: Not granting permission android.permission.MANAGE_USERS to package com.google.android.apps.enterprise.dmagent (protectionLevel=18 flags=0x38083e05)
05-09 10:24:40.063   531   652 W PackageManager: Unknown permission android.permission.WRITE_SYNC_STATS in package com.google.android.apps.docs.editors.sheets
05-09 10:24:40.063   531   652 W PackageManager: Not granting permission com.google.android.gm.permission.READ_GMAIL to package com.google.android.apps.docs.editors.sheets (protectionLevel=2 flags=0x38183e45)
05-09 10:24:40.063   531   652 W PackageManager: Not granting permission com.google.android.googleapps.permission.GOOGLE_AUTH to package com.google.android.apps.docs.editors.sheets (protectionLevel=2 flags=0x38183e45)
05-09 10:24:40.063   531   652 W PackageManager: Not granting permission com.google.android.googleapps.permission.GOOGLE_AUTH.OTHER_SERVICES to package com.google.android.apps.docs.editors.sheets (protectionLevel=2 flags=0x38183e45)
05-09 10:24:40.063   531   652 W PackageManager: Not granting permission com.google.android.googleapps.permission.GOOGLE_AUTH.ALL_SERVICES to package com.google.android.apps.docs.editors.sheets (protectionLevel=2 flags=0x38183e45)
05-09 10:24:40.063   531   652 W PackageManager: Not granting permission com.google.android.googleapps.permission.GOOGLE_AUTH.writely to package com.google.android.apps.docs.editors.sheets (protectionLevel=2 flags=0x38183e45)
05-09 10:24:40.063   531   652 W PackageManager: Not granting permission com.google.android.googleapps.permission.GOOGLE_AUTH.wise to package com.google.android.apps.docs.editors.sheets (protectionLevel=2 flags=0x38183e45)
05-09 10:24:40.063   531   652 W PackageManager: Unknown permission android.permission.WRITE_SYNC_STATS in package com.google.android.apps.docs.editors.slides
05-09 10:24:40.063   531   652 W PackageManager: Not granting permission com.google.android.gm.permission.READ_GMAIL to package com.google.android.apps.docs.editors.slides (protectionLevel=2 flags=0x38583e45)
05-09 10:24:40.063   531   652 W PackageManager: Not granting permission com.google.android.googleapps.permission.GOOGLE_AUTH to package com.google.android.apps.docs.editors.slides (protectionLevel=2 flags=0x38583e45)
05-09 10:24:40.063   531   652 W PackageManager: Not granting permission com.google.android.googleapps.permission.GOOGLE_AUTH.OTHER_SERVICES to package com.google.android.apps.docs.editors.slides (protectionLevel=2 flags=0x38583e45)
05-09 10:24:40.064   531   652 W PackageManager: Not granting permission com.google.android.googleapps.permission.GOOGLE_AUTH.ALL_SERVICES to package com.google.android.apps.docs.editors.slides (protectionLevel=2 flags=0x38583e45)
05-09 10:24:40.064   531   652 W PackageManager: Not granting permission com.google.android.googleapps.permission.GOOGLE_AUTH.writely to package com.google.android.apps.docs.editors.slides (protectionLevel=2 flags=0x38583e45)
05-09 10:24:40.064   531   652 W PackageManager: Not granting permission com.google.android.googleapps.permission.GOOGLE_AUTH.wise to package com.google.android.apps.docs.editors.slides (protectionLevel=2 flags=0x38583e45)
05-09 10:24:40.064   531   652 W PackageManager: Not granting permission android.permission.READ_EXTERNAL_STORAGE to package hyrax.dcc.fc.up.pt.hyraxnetworklayerapp because it was previously installed without
05-09 10:24:40.064   531   652 W PackageManager: Not granting permission android.permission.WRITE_EXTERNAL_STORAGE to package hyrax.dcc.fc.up.pt.hyraxnetworklayerapp because it was previously installed without
05-09 10:24:40.064   531   652 W PackageManager: Not granting permission android.permission.ACCESS_COARSE_LOCATION to package hyrax.dcc.fc.up.pt.hyraxnetworklayerapp because it was previously installed without
05-09 10:24:40.064   531   652 W PackageManager: Not granting permission android.permission.ACCESS_FINE_LOCATION to package hyrax.dcc.fc.up.pt.hyraxnetworklayerapp because it was previously installed without
05-09 10:24:40.064   531   652 W PackageManager: Not granting permission android.permission.SEND_DOWNLOAD_COMPLETED_INTENTS to package com.android.vending (protectionLevel=2 flags=0x384abe45)
05-09 10:24:40.064   531   652 W PackageManager: Unknown permission android.permission.SEND_SMS_NO_CONFIRMATION in package com.android.vending
05-09 10:24:40.064   531   652 W PackageManager: Unknown permission android.permission.NFC_UNLOCK in package com.android.nfc
05-09 10:24:40.064   531   652 W PackageManager: Unknown permission com.android.launcher.permission.READ_SETTINGS in package com.google.android.launcher
05-09 10:24:40.064   531   652 W PackageManager: Unknown permission com.android.launcher.permission.WRITE_SETTINGS in package com.google.android.launcher
05-09 10:24:40.064   531   652 W PackageManager: Unknown permission com.google.android.email.permission.ACCESS_PROVIDER in package com.google.android.gm
05-09 10:24:40.065   531   652 W PackageManager: Unknown permission android.permission.READ_OWNER_DATA in package com.google.android.setupwizard
05-09 10:24:40.065   531   652 W PackageManager: Unknown permission android.permission.WRITE_OWNER_DATA in package com.google.android.setupwizard
05-09 10:24:40.065   531   652 W PackageManager: Not granting permission android.permission.WRITE_EXTERNAL_STORAGE to package pt.up.fc.dcc.hyrax.mandelbrot.demo.debug because it was previously installed without
05-09 10:24:40.065   531   652 W PackageManager: Not granting permission android.permission.READ_EXTERNAL_STORAGE to package pt.up.fc.dcc.hyrax.mandelbrot.demo.debug because it was previously installed without
05-09 10:24:40.065   531   652 W PackageManager: Unknown permission android.permission.WRITE_SYNC_STATS in package com.google.android.apps.docs
05-09 10:24:40.065   531   652 W PackageManager: Unknown permission com.google.android.gallery3d.permission.PICASA_STORE in package com.google.android.apps.plus
05-09 10:24:40.065   531   652 W PackageManager: Unknown permission com.google.android.permission.PROVIDE_BACKGROUND in package com.google.android.apps.fitness
05-09 10:24:40.065   531   652 W PackageManager: Not granting permission android.permission.INTERACT_ACROSS_USERS to package com.google.android.syncadapters.contacts (protectionLevel=50 flags=0x38883e45)
05-09 10:24:40.065   531   652 W PackageManager: Unknown permission com.google.android.gms.permission.CONTACTS_SYNC_DELEGATION in package com.google.android.syncadapters.contacts
05-09 10:24:40.066   531   652 W PackageManager: Unknown permission com.chrome.permission.DEVICE_EXTRAS in package com.android.chrome
05-09 10:24:40.066   531   652 W PackageManager: Unknown permission com.sec.enterprise.knox.MDM_CONTENT_PROVIDER in package com.android.chrome
05-09 10:24:40.066   531   652 W PackageManager: Unknown permission com.google.android.wearable.READ_SETTINGS in package com.google.android.gms
05-09 10:24:40.067   531   652 W PackageManager: Not granting permission android.permission.MANAGE_DOCUMENTS to package com.google.android.gms (protectionLevel=2 flags=0xb8483e45)
05-09 10:24:40.067   531   652 W PackageManager: Unknown permission com.android.launcher.permission.PRELOAD_WORKSPACE in package com.google.android.partnersetup
05-09 10:24:40.067   531   652 W PackageManager: Not granting permission com.google.android.googleapps.permission.GOOGLE_AUTH to package com.google.android.videos (protectionLevel=2 flags=0x38583e45)
05-09 10:24:40.068   531   652 W PackageManager: Unknown permission com.google.android.gallery3d.permission.PICASA_STORE in package com.google.android.apps.photos
05-09 10:24:40.068   531   652 W PackageManager: Not granting permission android.permission.CONTROL_KEYGUARD to package com.google.android.gsf.login (protectionLevel=2 flags=0x3048be45)
05-09 10:24:40.068   531   652 W PackageManager: Unknown permission com.android.vending.billing.IBillingAccountService.BIND2 in package com.google.android.gsf.login
05-09 10:24:40.069   531   652 W PackageManager: Unknown permission com.android.launcher.permission.READ_SETTINGS in package com.android.settings
05-09 10:24:40.069   531   652 W PackageManager: Unknown permission com.android.launcher.permission.WRITE_SETTINGS in package com.android.settings
05-09 10:24:40.069   531   652 W PackageManager: Not granting permission android.permission.REGISTER_CONNECTION_MANAGER to package com.google.android.talk (protectionLevel=18 flags=0x3849be45)
05-09 10:24:40.070   531   652 W PackageManager: Not granting permission android.permission.ACCESS_COARSE_LOCATION to package pt.iris.mediaplayer because it was previously installed without
05-09 10:24:40.070   531   652 W PackageManager: Not granting permission android.permission.WRITE_EXTERNAL_STORAGE to package pt.iris.mediaplayer because it was previously installed without
05-09 10:24:40.070   531   652 W PackageManager: Not granting permission android.permission.READ_EXTERNAL_STORAGE to package pt.iris.mediaplayer because it was previously installed without
05-09 10:24:40.070   531   652 W PackageManager: Unknown permission android.permission.WRITE_INTERNAL_STORAGE in package pt.iris.mediaplayer
05-09 10:24:40.070   531   652 W PackageManager: Unknown permission android.permission.READ_INTERNAL_STORAGE in package pt.iris.mediaplayer
05-09 10:24:40.070   531   652 W PackageManager: Not granting permission android.permission.LOCAL_MAC_ADDRESS to package pt.iris.mediaplayer (protectionLevel=18 flags=0x3848be46)
05-09 10:24:40.070   531   652 W PackageManager: Not granting permission android.permission.ACCESS_FINE_LOCATION to package pt.iris.mediaplayer because it was previously installed without
05-09 10:24:40.070   531   652 W PackageManager: Not granting permission android.permission.BLUETOOTH_PRIVILEGED to package pt.iris.mediaplayer (protectionLevel=18 flags=0x3848be46)
05-09 10:24:40.070   531   652 W PackageManager: Not granting permission android.permission.READ_PHONE_STATE to package pt.iris.mediaplayer because it was previously installed without
05-09 10:24:40.070   531   652 W PackageManager: Unknown permission com.android.smspush.WAPPUSH_MANAGER_BIND in package com.android.phone
05-09 10:24:40.072   531   652 W PackageManager: Unknown permission com.android.gallery3d.permission.GALLERY_PROVIDER in package com.android.bluetooth
05-09 10:24:40.072   531   652 W PackageManager: Not granting permission android.permission.BIND_WALLPAPER to package com.google.android.GoogleCamera (protectionLevel=18 flags=0x38583c45)
05-09 10:24:40.078   531   558 I UsageStatsService: User[0] Rollover scheduled @ 2019-05-10 01:00:00(1557446400000)
05-09 10:24:40.118   531   652 W MountService: No primary storage defined yet; hacking together a stub
05-09 10:24:40.120   531   652 W MountService: No primary storage defined yet; hacking together a stub
05-09 10:24:40.121   531   652 W MountService: No primary storage mounted!
05-09 10:24:40.121   531   652 D VoldConnector: SND -> {2 asec list}
05-09 10:24:40.122   531   653 D VoldConnector: RCV <- {200 2 asec operation succeeded}
05-09 10:24:40.126   531   531 I SystemServiceManager: Starting com.android.server.DeviceIdleController
05-09 10:24:40.128   531   531 I SystemServiceManager: Starting com.android.server.devicepolicy.DevicePolicyManagerService$Lifecycle
05-09 10:24:40.132   531   531 I SystemServer: Status Bar
05-09 10:24:40.134   531   531 I SystemServer: Clipboard Service
05-09 10:24:40.135   531   531 I SystemServer: NetworkManagement Service
05-09 10:24:40.140   531   531 I SystemServer: Text Service Manager Service
05-09 10:24:40.143   531   531 I SystemServer: Network Score Service
05-09 10:24:40.146   531   531 I SystemServer: NetworkStats Service
05-09 10:24:40.154   531   531 I SystemServer: NetworkPolicy Service
05-09 10:24:40.172   531   531 I SystemServiceManager: Starting com.android.server.wifi.p2p.WifiP2pService
05-09 10:24:40.197   531   531 I WifiP2pService: Registering wifip2p
05-09 10:24:40.198   531   531 I SystemServiceManager: Starting com.android.server.wifi.WifiService
05-09 10:24:40.289   531   531 D HS20    : Passpoint is enabled
05-09 10:24:40.301   531   531 D WifiController: isAirplaneModeOn = false, isWifiEnabled = true, isScanningAvailable = false
05-09 10:24:40.302   531   531 I WifiService: Registering wifi
05-09 10:24:40.303   531   531 I SystemServiceManager: Starting com.android.server.wifi.WifiScanningService
05-09 10:24:40.303   531   531 I WifiScanningService: Creating wifiscanner
05-09 10:24:40.303   531   531 I WifiScanningService: Starting wifiscanner
05-09 10:24:40.305   531   531 I SystemServiceManager: Starting com.android.server.wifi.RttService
05-09 10:24:40.305   531   531 I RttService: Creating rttmanager
05-09 10:24:40.305   531   531 I RttService: Starting rttmanager
05-09 10:24:40.306   531   531 I SystemServiceManager: Starting com.android.server.ethernet.EthernetService
05-09 10:24:40.307   531   531 I EthernetServiceImpl: Creating EthernetConfigStore
05-09 10:24:40.308   531   531 E IpConfigStore: Error parsing configuration: java.io.FileNotFoundException: /data/misc/ethernet/ipconfig.txt: open failed: ENOENT (No such file or directory)
05-09 10:24:40.308   531   531 W EthernetConfigStore: No Ethernet configuration found. Using default.
05-09 10:24:40.308   531   531 I EthernetServiceImpl: Read stored IP configuration: IP assignment: DHCP
05-09 10:24:40.308   531   531 I EthernetServiceImpl: Proxy settings: NONE
05-09 10:24:40.308   531   531 I EthernetService: Registering service ethernet
05-09 10:24:40.309   531   531 I SystemServer: Connectivity Service
05-09 10:24:40.311   531   531 D ConnectivityService: ConnectivityService starting up
05-09 10:24:40.313   531   531 D ConnectivityService: wifiOnly=true
05-09 10:24:40.314   531   531 E ConnectivityService: Ignoring protectedNetwork 10
05-09 10:24:40.314   531   531 E ConnectivityService: Ignoring protectedNetwork 11
05-09 10:24:40.314   531   531 E ConnectivityService: Ignoring protectedNetwork 12
05-09 10:24:40.314   531   531 E ConnectivityService: Ignoring protectedNetwork 14
05-09 10:24:40.314   531   531 E ConnectivityService: Ignoring protectedNetwork 15
05-09 10:24:40.318   531   531 I SystemServer: Network Service Discovery Service
05-09 10:24:40.320   531   531 D NsdService: Network service discovery enabled true
05-09 10:24:40.322   531   531 I SystemServer: UpdateLock Service
05-09 10:24:40.323   531   531 I SystemServiceManager: Starting com.android.server.notification.NotificationManagerService
05-09 10:24:40.340   531   531 I SystemServiceManager: Starting com.android.server.storage.DeviceStorageMonitorService
05-09 10:24:40.343   531   531 I SystemServer: Location Manager
05-09 10:24:40.345   531   531 I SystemServer: Country Detector
05-09 10:24:40.347   531   531 I SystemServer: Search Service
05-09 10:24:40.348   531   531 I SystemServer: DropBox Service
05-09 10:24:40.349   531   531 I SystemServer: Wallpaper Service
05-09 10:24:40.356   531   531 I SystemServer: Audio Service
05-09 10:24:40.362   168   642 D PermissionCache: checking android.permission.MODIFY_AUDIO_SETTINGS for uid=1000 => granted (382 us)
05-09 10:24:40.365   531   531 W TelecomManager: Telecom Service not found.
05-09 10:24:40.383   531   531 I CwMcuSensor: CwMcuSensor::batch: set IIO buffer length = 4096, success
05-09 10:24:40.387   531   531 I SystemServiceManager: Starting com.android.server.DockObserver
05-09 10:24:40.388   531   531 W DockObserver: This kernel does not have dock station support
05-09 10:24:40.389   531   531 I SystemServer: Wired Accessory Manager
05-09 10:24:40.390   531   531 W WiredAccessoryManager: This kernel does not have HDMI audio support
05-09 10:24:40.391   531   531 I SystemServiceManager: Starting com.android.server.midi.MidiService$Lifecycle
05-09 10:24:40.394   531   531 I SystemServiceManager: Starting com.android.server.usb.UsbService$Lifecycle
05-09 10:24:40.404   531   531 I SystemServer: Serial Service
05-09 10:24:40.404   531   531 I SystemServiceManager: Starting com.android.server.twilight.TwilightService
05-09 10:24:40.406   531   531 I SystemServiceManager: Starting com.android.server.job.JobSchedulerService
05-09 10:24:40.412   531   531 I SystemServiceManager: Starting com.android.server.backup.BackupManagerService$Lifecycle
05-09 10:24:40.413   531   531 I SystemServiceManager: Starting com.android.server.appwidget.AppWidgetService
05-09 10:24:40.416   531   531 I SystemServiceManager: Starting com.android.server.voiceinteraction.VoiceInteractionManagerService
05-09 10:24:40.417   168   668 D PermissionCache: checking android.permission.CAPTURE_AUDIO_HOTWORD for uid=1000 => granted (94 us)
05-09 10:24:40.419   531   531 I SystemServer: Gesture Launcher Service
05-09 10:24:40.419   531   531 I SystemServiceManager: Starting com.android.server.GestureLauncherService
05-09 10:24:40.419   531   531 I SystemServer: DiskStats Service
05-09 10:24:40.420   531   531 I SystemServer: SamplingProfiler Service
05-09 10:24:40.426   531   531 I SystemServer: NetworkTimeUpdateService
05-09 10:24:40.426   531   531 I SystemServer: CommonTimeManagementService
05-09 10:24:40.427   531   531 I SystemServer: CertBlacklister
05-09 10:24:40.428   531   531 I SystemServiceManager: Starting com.android.server.dreams.DreamManagerService
05-09 10:24:40.431   531   531 I SystemServer: Assets Atlas Service
05-09 10:24:40.435   531   531 I SystemServiceManager: Starting com.android.server.print.PrintManagerService
05-09 10:24:40.439   531   672 D AssetAtlas: Loaded configuration: SliceMinArea (1216x2048) flags=0x2 count=360
05-09 10:24:40.440   531   531 I SystemServiceManager: Starting com.android.server.restrictions.RestrictionsManagerService
05-09 10:24:40.441   531   531 I SystemServiceManager: Starting com.android.server.media.MediaSessionService
05-09 10:24:40.445   531   531 I SystemServer: Media Router Service
05-09 10:24:40.446   531   531 I SystemServiceManager: Starting com.android.server.trust.TrustManagerService
05-09 10:24:40.450   531   531 I SystemServiceManager: Starting com.android.server.fingerprint.FingerprintService
05-09 10:24:40.459   531   531 W FingerprintService: fingerprint service not available
05-09 10:24:40.459   531   531 V FingerprintService: Fingerprint HAL id: 0
05-09 10:24:40.459   531   531 I SystemServer: BackgroundDexOptService
05-09 10:24:40.461   531   531 I SystemServiceManager: Starting com.android.server.pm.LauncherAppsService
05-09 10:24:40.463   531   531 I SystemServiceManager: Starting com.android.server.media.projection.MediaProjectionManagerService
05-09 10:24:40.473   531   531 I WindowManager: SAFE MODE not enabled
05-09 10:24:40.476   531   531 I SystemServiceManager: Starting com.android.server.MmsServiceBroker
05-09 10:24:40.499   531   659 D WifiApConfigStore: 2G band allowed channels are:1,6,11
05-09 10:24:40.526   531   531 E LockSettingsStorage: Cannot read file java.io.FileNotFoundException: /data/system/password.key: open failed: ENOENT (No such file or directory)
05-09 10:24:40.527   531   531 E LockSettingsStorage: Cannot read file java.io.FileNotFoundException: /data/system/gatekeeper.gesture.key: open failed: ENOENT (No such file or directory)
05-09 10:24:40.527   531   531 E LockSettingsStorage: Cannot read file java.io.FileNotFoundException: /data/system/gesture.key: open failed: ENOENT (No such file or directory)
05-09 10:24:40.527   531   531 I SystemServiceManager: Starting phase 480
05-09 10:24:40.554   531   531 I SystemServiceManager: Starting phase 500
05-09 10:24:40.555   531   531 D BluetoothService: onBootPhase: PHASE_SYSTEM_SERVICES_READY
05-09 10:24:40.557   531   531 I WifiService: WifiService starting up with Wi-Fi enabled
05-09 10:24:40.559   531   531 D WifiService: setWifiEnabled: true pid=531, uid=1000
05-09 10:24:40.559   531   531 E WifiService: Invoking mWifiStateMachine.setWifiEnabled
05-09 10:24:40.560   531   660 D WifiController: WifiController msg { when=-1ms what=155656 target=com.android.internal.util.StateMachine$SmHandler } deferred for 498ms
05-09 10:24:40.565   531   660 D WifiService: New client listening to asynchronous messages
05-09 10:24:40.566   531   531 I WifiScanningService: Registering wifiscanner
05-09 10:24:40.569   531   531 I RttService: Registering rttmanager
05-09 10:24:40.571   531   531 I EthernetServiceImpl: Starting Ethernet service
05-09 10:24:40.574   531   531 D Ethernet: Registering NetworkFactory
05-09 10:24:40.574   531   661 D ConnectivityService: Got NetworkFactory Messenger for Ethernet
05-09 10:24:40.577   531   678 D Ethernet: got request NetworkRequest [ id=1, legacyType=-1, [ Capabilities: INTERNET&NOT_RESTRICTED&TRUSTED&NOT_VPN] ] with score 0
05-09 10:24:40.586   531   531 V BackupManagerService: No ancestral data
05-09 10:24:40.615   531   531 V KeyValueBackupJob: Scheduling k/v pass in 241 minutes
05-09 10:24:40.633   531   531 V BackupManagerService: Starting with transport com.google.android.gms/.backup.BackupTransportService
05-09 10:24:40.633   531   531 V BackupManagerService: Found transports: 2
05-09 10:24:40.634   531   531 I BackupManagerService: Binding to transport host ComponentInfo{android/com.android.internal.backup.LocalTransportService}
05-09 10:24:40.637   531   531 I BackupManagerService: Binding to transport host ComponentInfo{com.google.android.gms/com.google.android.gms.backup.BackupTransportService}
05-09 10:24:40.638   531   531 I BackupManagerService: Found stale backup journal, scheduling
05-09 10:24:40.640   582   582 W Binder_3: type=1400 audit(0.0:8): avc: denied { ioctl } for path="socket:[12520]" dev="sockfs" ino=12520 ioctlcmd=7704 scontext=u:r:surfaceflinger:s0 tcontext=u:r:surfaceflinger:s0 tclass=unix_stream_socket permissive=0
05-09 10:24:40.640   582   582 W Binder_3: type=1400 audit(0.0:9): avc: denied { ioctl } for path="socket:[12520]" dev="sockfs" ino=12520 ioctlcmd=7704 scontext=u:r:surfaceflinger:s0 tcontext=u:r:surfaceflinger:s0 tclass=unix_stream_socket permissive=0
05-09 10:24:40.656   191   191 W Binder_1: type=1400 audit(0.0:10): avc: denied { ioctl } for path="socket:[12524]" dev="sockfs" ino=12524 ioctlcmd=7704 scontext=u:r:surfaceflinger:s0 tcontext=u:r:surfaceflinger:s0 tclass=unix_stream_socket permissive=0
05-09 10:24:40.656   191   191 W Binder_1: type=1400 audit(0.0:11): avc: denied { ioctl } for path="socket:[12524]" dev="sockfs" ino=12524 ioctlcmd=7704 scontext=u:r:surfaceflinger:s0 tcontext=u:r:surfaceflinger:s0 tclass=unix_stream_socket permissive=0
05-09 10:24:40.664   531   577 W KeyguardServiceDelegate: onScreenTurningOn(): no keyguard service!
05-09 10:24:40.681   531   531 I ActivityManager: System now ready
05-09 10:24:40.682   531   531 I SystemServer: Making services ready
05-09 10:24:40.682   531   531 I SystemServiceManager: Starting phase 550
05-09 10:24:40.683   531   652 D MountService: Thinking about reset, mSystemReady=true, mDaemonConnected=true
05-09 10:24:40.684   531   559 I ActivityManager: Force stopping com.android.providers.media appid=10005 user=-1: vold reset
05-09 10:24:40.684   531   652 D VoldConnector: SND -> {3 volume reset}
05-09 10:24:40.684   531   653 D VoldConnector: RCV <- {651 emulated 7}
05-09 10:24:40.684   531   653 D VoldConnector: RCV <- {659 emulated}
05-09 10:24:40.684   531   531 D UsbAlsaManager: Adding ALSA device AlsaDevice: [card: 0, device: 9, type: 1]
05-09 10:24:40.684   531   653 D VoldConnector: RCV <- {650 emulated 2 "" ""}
05-09 10:24:40.684   531   653 D VoldConnector: RCV <- {651 emulated 0}
05-09 10:24:40.685   531   531 D UsbAlsaManager: Adding ALSA device AlsaDevice: [card: 0, device: 8, type: 1]
05-09 10:24:40.685   531   653 D VoldConnector: RCV <- {200 3 Command succeeded}
05-09 10:24:40.685   531   531 D UsbAlsaManager: Adding ALSA device AlsaDevice: [card: 0, device: 8, type: 2]
05-09 10:24:40.685   531   531 D UsbAlsaManager: Adding ALSA device AlsaDevice: [card: 0, device: 4, type: 1]
05-09 10:24:40.685   531   531 D UsbAlsaManager: Adding ALSA device AlsaDevice: [card: 0, device: 3, type: 1]
05-09 10:24:40.685   531   531 D UsbAlsaManager: Adding ALSA device AlsaDevice: [card: 0, device: 4, type: 2]
05-09 10:24:40.685   531   531 D UsbAlsaManager: Adding ALSA device AlsaDevice: [card: 0, device: 2, type: 1]
05-09 10:24:40.685   531   531 D UsbAlsaManager: Adding ALSA device AlsaDevice: [card: 0, device: 3, type: 2]
05-09 10:24:40.685   531   652 D VoldConnector: SND -> {4 volume user_added 0 0}
05-09 10:24:40.685   531   531 D UsbAlsaManager: Adding ALSA device AlsaDevice: [card: 0, device: 1, type: 1]
05-09 10:24:40.685   531   531 D UsbAlsaManager: Adding ALSA device AlsaDevice: [card: 0, device: 2, type: 2]
05-09 10:24:40.685   531   531 D UsbAlsaManager: Adding ALSA device AlsaDevice: [card: 0, device: 0, type: 1]
05-09 10:24:40.685   531   531 D UsbAlsaManager: Adding ALSA device AlsaDevice: [card: 0, device: 1, type: 2]
05-09 10:24:40.685   531   531 D UsbAlsaManager: Adding ALSA device AlsaDevice: [card: 0, device: 0, type: 2]
05-09 10:24:40.685   531   653 D VoldConnector: RCV <- {200 4 Command succeeded}
05-09 10:24:40.686   531   562 V MountService: Found primary storage at VolumeInfo{emulated}:
05-09 10:24:40.686   531   562 V MountService:     type=EMULATED diskId=null partGuid=null mountFlags=0 mountUserId=-1 
05-09 10:24:40.686   531   562 V MountService:     state=UNMOUNTED 
05-09 10:24:40.686   531   562 V MountService:     fsType=null fsUuid=null fsLabel=null 
05-09 10:24:40.686   531   562 V MountService:     path=null internalPath=null 
05-09 10:24:40.686   531   652 D VoldConnector: SND -> {5 volume mount emulated 3 -1}
05-09 10:24:40.688   531   653 D VoldConnector: RCV <- {651 emulated 1}
05-09 10:24:40.688   531   653 D VoldConnector: RCV <- {656 emulated /data/media}
05-09 10:24:40.688   531   653 D VoldConnector: RCV <- {655 emulated /storage/emulated}
05-09 10:24:40.689   154   186 V vold    : Waiting for FUSE to spin up...
05-09 10:24:40.690   531   531 I SystemServer: WebViewFactory preparation
05-09 10:24:40.704   531   559 I Zygote  : Process: zygote socket opened, supported ABIS: arm64-v8a
05-09 10:24:40.715   531   559 I ActivityManager: Start proc 691:android.process.media/u0a5 for broadcast com.android.providers.media/.MtpReceiver
05-09 10:24:40.726   531   531 I Zygote  : Process: zygote socket opened, supported ABIS: armeabi-v7a,armeabi
05-09 10:24:40.729   174   174 I art     : Starting a blocking GC Background
05-09 10:24:40.732   531   672 D AssetAtlas: Rendered atlas in 278.38ms (101.07+177.31ms)
05-09 10:24:40.739   531   653 D VoldConnector: RCV <- {651 emulated 2}
05-09 10:24:40.740   531   653 D VoldConnector: RCV <- {200 5 Command succeeded}
05-09 10:24:40.800   531   531 I ActivityManager: Start proc 703:WebViewLoader-armeabi-v7a/1037 [android.webkit.WebViewFactory$RelroFileCreator] for 
05-09 10:24:40.815   531   531 I ActivityManager: Start proc 710:WebViewLoader-arm64-v8a/1037 [android.webkit.WebViewFactory$RelroFileCreator] for 
05-09 10:24:40.823   703   703 V WebViewFactory: RelroFileCreator (64bit = false),  32-bit lib: /system/app/WebViewGoogle/WebViewGoogle.apk!/lib/armeabi-v7a/libwebviewchromium.so, 64-bit lib: /system/app/WebViewGoogle/WebViewGoogle.apk!/lib/arm64-v8a/libwebviewchromium.so
05-09 10:24:40.824   691   691 W System  : ClassLoader referenced unknown path: /system/priv-app/MediaProvider/lib/arm64
05-09 10:24:40.833   531   559 I ActivityManager: Start proc 721:com.android.externalstorage/u0a6 for broadcast com.android.externalstorage/.MountReceiver
05-09 10:24:40.843   710   710 V WebViewFactory: RelroFileCreator (64bit = true),  32-bit lib: /system/app/WebViewGoogle/WebViewGoogle.apk!/lib/armeabi-v7a/libwebviewchromium.so, 64-bit lib: /system/app/WebViewGoogle/WebViewGoogle.apk!/lib/arm64-v8a/libwebviewchromium.so
05-09 10:24:40.859   531   531 I ActivityManager: Start proc 738:com.android.systemui/u0a22 for service com.android.systemui/.SystemUIService
05-09 10:24:40.860   531   531 D NetworkManagement: enabling bandwidth control
05-09 10:24:40.861   691   691 W System  : ClassLoader referenced unknown path: /system/priv-app/DownloadProvider/lib/arm64
05-09 10:24:40.951   738   738 W System  : ClassLoader referenced unknown path: /system/priv-app/SystemUI/lib/arm64
05-09 10:24:40.959   703   703 I art     : System.exit called, status: 0
05-09 10:24:40.960   703   703 I AndroidRuntime: VM exiting with result code 0, cleanup skipped.
05-09 10:24:40.987   721   721 W System  : ClassLoader referenced unknown path: /system/priv-app/ExternalStorageProvider/lib/arm64
05-09 10:24:41.005   738   738 V SystemUIService: Starting SystemUI services.
05-09 10:24:41.007   721   721 D ExternalStorage: After updating volumes, found 1 active roots
05-09 10:24:41.012   710   710 I art     : System.exit called, status: 0
05-09 10:24:41.012   710   710 I AndroidRuntime: VM exiting with result code 0, cleanup skipped.
05-09 10:24:41.013   721   721 D ExternalStorage: After updating volumes, found 1 active roots
05-09 10:24:41.016   721   721 D ExternalStorage: After updating volumes, found 1 active roots
05-09 10:24:41.063   531   660 D WifiController: DEFERRED_TOGGLE handled
05-09 10:24:41.080   691   691 D MtpService: starting MTP server in MTP mode
05-09 10:24:41.111   738   771 E WVMExtractor: Failed to open libwvm.so: dlopen failed: library "libwvm.so" not found
05-09 10:24:41.166   168   642 D NvOsDebugPrintf: WARNING: Library libnvmmlite_msaudio is not present
05-09 10:24:41.194   168   642 D NvOsDebugPrintf: Inside NvxLiteH264DecoderLowLatencyInit
05-09 10:24:41.194   168   642 D NvOsDebugPrintf: NvxLiteH264DecoderLowLatencyInit set DPB and Mjstreaming
05-09 10:24:41.345   168   642 D NvOsDebugPrintf: NvMMLiteOpen : Block : BlockType = 260 
05-09 10:24:41.345   168   642 D NvOsDebugPrintf: TVMR: NvMMLiteTVMRDecBlockOpen: 4948: NvMMLiteBlockOpen 
05-09 10:24:41.359   168   642 D NvOsDebugPrintf: NvMMLiteBlockCreate : Block : BlockType = 260 
05-09 10:24:41.365   168   823 D NvOsDebugPrintf: TVMR: TVMRFrameDelivery: 3681: Closing TVMR Frame Delivery Thread -------------
05-09 10:24:41.365   168   642 D NvOsDebugPrintf: TVMR: NvMMDecTVMRDestroyParser: 4164: NvAvpClose
05-09 10:24:41.365   168   642 D NvOsDebugPrintf: TVMR: NvMMLiteTVMRDecBlockClose: 5103: Done 
05-09 10:24:41.367   168   642 D NvOsDebugPrintf: NvMMLiteOpen : Block : BlockType = 260 
05-09 10:24:41.368   168   642 D NvOsDebugPrintf: TVMR: NvMMLiteTVMRDecBlockOpen: 4948: NvMMLiteBlockOpen 
05-09 10:24:41.369   168   642 D NvOsDebugPrintf: NvMMLiteBlockCreate : Block : BlockType = 260 
05-09 10:24:41.370   168   828 D NvOsDebugPrintf: TVMR: TVMRFrameDelivery: 3681: Closing TVMR Frame Delivery Thread -------------
05-09 10:24:41.370   168   642 D NvOsDebugPrintf: TVMR: NvMMDecTVMRDestroyParser: 4164: NvAvpClose
05-09 10:24:41.370   168   642 D NvOsDebugPrintf: TVMR: NvMMLiteTVMRDecBlockClose: 5103: Done 
05-09 10:24:41.374   168   642 D NvOsDebugPrintf: NvMMLiteOpen : Block : BlockType = 261 
05-09 10:24:41.374   168   642 D NvOsDebugPrintf: TVMR: NvMMLiteTVMRDecBlockOpen: 4948: NvMMLiteBlockOpen 
05-09 10:24:41.384   168   642 D NvOsDebugPrintf: NvMMLiteBlockCreate : Block : BlockType = 261 
05-09 10:24:41.385   168   832 D NvOsDebugPrintf: TVMR: TVMRFrameDelivery: 3681: Closing TVMR Frame Delivery Thread -------------
05-09 10:24:41.385   168   642 D NvOsDebugPrintf: TVMR: NvMMDecTVMRDestroyParser: 4164: NvAvpClose
05-09 10:24:41.385   168   642 D NvOsDebugPrintf: TVMR: NvMMLiteTVMRDecBlockClose: 5103: Done 
05-09 10:24:41.389   168   642 D NvOsDebugPrintf: NvMMLiteOpen : Block : BlockType = 261 
05-09 10:24:41.390   168   642 D NvOsDebugPrintf: TVMR: NvMMLiteTVMRDecBlockOpen: 4948: NvMMLiteBlockOpen 
05-09 10:24:41.400   168   642 D NvOsDebugPrintf: NvMMLiteBlockCreate : Block : BlockType = 261 
05-09 10:24:41.400   168   837 D NvOsDebugPrintf: TVMR: TVMRFrameDelivery: 3681: Closing TVMR Frame Delivery Thread -------------
05-09 10:24:41.400   168   642 D NvOsDebugPrintf: TVMR: NvMMDecTVMRDestroyParser: 4164: NvAvpClose
05-09 10:24:41.401   168   642 D NvOsDebugPrintf: TVMR: NvMMLiteTVMRDecBlockClose: 5103: Done 
05-09 10:24:41.407   531   531 E NetdConnector: NDC Command {2 bandwidth enable} took too long (547ms)
05-09 10:24:41.408   164   630 D SoftapController: Softap fwReload - Ok
05-09 10:24:41.411   168   642 D NvOsDebugPrintf: NvMMLiteOpen : Block : BlockType = 267 
05-09 10:24:41.411   168   642 D NvOsDebugPrintf: TVMR: NvMMLiteTVMRDecBlockOpen: 4948: NvMMLiteBlockOpen 
05-09 10:24:41.419   168   642 D NvOsDebugPrintf: NvMMLiteBlockCreate : Block : BlockType = 267 
05-09 10:24:41.419   168   842 D NvOsDebugPrintf: TVMR: TVMRFrameDelivery: 3681: Closing TVMR Frame Delivery Thread -------------
05-09 10:24:41.419   168   642 D NvOsDebugPrintf: TVMR: NvMMDecTVMRDestroyParser: 4164: NvAvpClose
05-09 10:24:41.420   168   642 D NvOsDebugPrintf: TVMR: NvMMLiteTVMRDecBlockClose: 5103: Done 
05-09 10:24:41.430   168   642 D NvOsDebugPrintf: NvMMLiteOpen : Block : BlockType = 278 
05-09 10:24:41.430   168   642 D NvOsDebugPrintf: TVMR: NvMMLiteTVMRDecBlockOpen: 4948: NvMMLiteBlockOpen 
05-09 10:24:41.433   168   642 D NvOsDebugPrintf: NvMMLiteBlockCreate : Block : BlockType = 278 
05-09 10:24:41.434   168   847 D NvOsDebugPrintf: TVMR: TVMRFrameDelivery: 3681: Closing TVMR Frame Delivery Thread -------------
05-09 10:24:41.434   168   642 D NvOsDebugPrintf: TVMR: NvMMDecTVMRDestroyParser: 4164: NvAvpClose
05-09 10:24:41.435   168   642 D NvOsDebugPrintf: TVMR: NvMMLiteTVMRDecBlockClose: 5103: Done 
05-09 10:24:41.436   168   642 D NvOsDebugPrintf: NvMMLiteOpen : Block : BlockType = 4 
05-09 10:24:41.437   168   642 D NvOsDebugPrintf: ===== MSENC =====
05-09 10:24:41.441   168   642 D NvOsDebugPrintf: NvMMLiteBlockCreate : Block : BlockType = 4 
05-09 10:24:41.441   168   642 W ACodec  : do not know color format 0x7f000789 = 2130708361
05-09 10:24:41.453   168   642 D NvOsDebugPrintf: NvMMLiteOpen : Block : BlockType = 7 
05-09 10:24:41.457   168   642 D NvOsDebugPrintf: ===== MSENC =====
05-09 10:24:41.466   168   642 D NvOsDebugPrintf: NvMMLiteBlockCreate : Block : BlockType = 7 
05-09 10:24:41.466   168   642 W ACodec  : do not know color format 0x7f000789 = 2130708361
05-09 10:24:41.470   164   630 I iptables: iptables: No chain/target/match by that name.
05-09 10:24:41.477   168   642 W OMXNodeInstance: [16:google.mpeg4.decoder] component does not support metadata mode; using fallback
05-09 10:24:41.478   164   630 I iptables: iptables terminated by exit(1)
05-09 10:24:41.479   164   630 E Netd    : exec() res=0, status=256 for /system/bin/iptables -w -F st_penalty_log 
05-09 10:24:41.486   168   642 W OMXNodeInstance: [17:google.h263.decoder] component does not support metadata mode; using fallback
05-09 10:24:41.490   164   630 I ip6tables: ip6tables: No chain/target/match by that name.
05-09 10:24:41.497   164   630 I ip6tables: ip6tables terminated by exit(1)
05-09 10:24:41.497   164   630 E Netd    : exec() res=0, status=256 for /system/bin/ip6tables -w -F st_penalty_log 
05-09 10:24:41.498   168   642 W OMXNodeInstance: [18:google.h264.decoder] component does not support metadata mode; using fallback
05-09 10:24:41.507   164   630 I iptables: iptables: No chain/target/match by that name.
05-09 10:24:41.513   168   642 W OMXNodeInstance: [19:google.hevc.decoder] component does not support metadata mode; using fallback
05-09 10:24:41.516   164   630 I iptables: iptables terminated by exit(1)
05-09 10:24:41.516   164   630 E Netd    : exec() res=0, status=256 for /system/bin/iptables -w -F st_penalty_reject 
05-09 10:24:41.520   168   642 W OMXNodeInstance: [1a:google.vp8.decoder] component does not support metadata mode; using fallback
05-09 10:24:41.522   738   738 I vol.Events: writeEvent collection_started
05-09 10:24:41.523   168   642 W OMXNodeInstance: [1b:google.vp9.decoder] component does not support metadata mode; using fallback
05-09 10:24:41.532   168   642 I SoftMPEG4Encoder: Construct SoftMPEG4Encoder
05-09 10:24:41.532   168   642 W ACodec  : do not know color format 0x7f000789 = 2130708361
05-09 10:24:41.533   164   630 I ip6tables: ip6tables: No chain/target/match by that name.
05-09 10:24:41.533   164   630 I ip6tables: ip6tables terminated by exit(1)
05-09 10:24:41.534   164   630 E Netd    : exec() res=0, status=256 for /system/bin/ip6tables -w -F st_penalty_reject 
05-09 10:24:41.535   738   872 I vol.Events: writeEvent external_ringer_mode_changed vibrate
05-09 10:24:41.535   738   872 I vol.Events: writeEvent internal_ringer_mode_changed vibrate
05-09 10:24:41.543   168   642 W ACodec  : do not know color format 0x7f000789 = 2130708361
05-09 10:24:41.548   164   630 I iptables: iptables: No chain/target/match by that name.
05-09 10:24:41.549   168   642 I SoftMPEG4Encoder: Construct SoftMPEG4Encoder
05-09 10:24:41.550   168   642 W ACodec  : do not know color format 0x7f000789 = 2130708361
05-09 10:24:41.558   164   630 I iptables: iptables terminated by exit(1)
05-09 10:24:41.559   164   630 E Netd    : exec() res=0, status=256 for /system/bin/iptables -w -F st_clear_caught 
05-09 10:24:41.560   168   642 W ACodec  : do not know color format 0x7f000789 = 2130708361
05-09 10:24:41.567   164   630 I ip6tables: ip6tables: No chain/target/match by that name.
05-09 10:24:41.573   164   630 I ip6tables: ip6tables terminated by exit(1)
05-09 10:24:41.573   164   630 E Netd    : exec() res=0, status=256 for /system/bin/ip6tables -w -F st_clear_caught 
05-09 10:24:41.580   168   642 W MediaCodecList: unable to open media codecs configuration xml file: /data/misc/media/media_codecs_profiling_results.xml
05-09 10:24:41.581   738   776 I OMXClient: Using client-side OMX mux.
05-09 10:24:41.584   164   630 I iptables: iptables: No chain/target/match by that name.
05-09 10:24:41.585   164   630 I iptables: iptables terminated by exit(1)
05-09 10:24:41.585   164   630 E Netd    : exec() res=0, status=256 for /system/bin/iptables -w -F st_clear_detect 
05-09 10:24:41.597   164   630 I ip6tables: ip6tables: No chain/target/match by that name.
05-09 10:24:41.606   164   630 I ip6tables: ip6tables terminated by exit(1)
05-09 10:24:41.606   164   630 E Netd    : exec() res=0, status=256 for /system/bin/ip6tables -w -F st_clear_detect 
05-09 10:24:41.615   164   630 I iptables: iptables: No chain/target/match by that name.
05-09 10:24:41.623   164   630 I iptables: iptables terminated by exit(1)
05-09 10:24:41.625   164   630 E Netd    : exec() res=0, status=256 for /system/bin/iptables -w -X st_penalty_log 
05-09 10:24:41.634   164   630 I ip6tables: ip6tables: No chain/target/match by that name.
05-09 10:24:41.642   164   630 I ip6tables: ip6tables terminated by exit(1)
05-09 10:24:41.642   164   630 E Netd    : exec() res=0, status=256 for /system/bin/ip6tables -w -X st_penalty_log 
05-09 10:24:41.651   738   890 I OMXClient: Using client-side OMX mux.
05-09 10:24:41.652   164   630 I iptables: iptables: No chain/target/match by that name.
05-09 10:24:41.658   738   872 I vol.Events: writeEvent level_changed STREAM_ALARM 6
05-09 10:24:41.659   738   872 I vol.Events: writeEvent level_changed STREAM_BLUETOOTH_SCO 7
05-09 10:24:41.660   738   872 I vol.Events: writeEvent level_changed STREAM_MUSIC 11
05-09 10:24:41.662   738   872 I vol.Events: writeEvent mute_changed STREAM_RING true
05-09 10:24:41.663   738   872 I vol.Events: writeEvent mute_changed STREAM_SYSTEM true
05-09 10:24:41.664   531   560 W WindowManager: Keyguard drawn timeout. Setting mKeyguardDrawComplete
05-09 10:24:41.666   738   872 I vol.Events: writeEvent level_changed STREAM_VOICE_CALL 4
05-09 10:24:41.666   164   630 I iptables: iptables terminated by exit(1)
05-09 10:24:41.667   164   630 E Netd    : exec() res=0, status=256 for /system/bin/iptables -w -X st_penalty_reject 
05-09 10:24:41.685   738   738 D StorageNotification: Notifying about private volume: VolumeInfo{private}:
05-09 10:24:41.685   738   738 D StorageNotification:     type=PRIVATE diskId=null partGuid=null mountFlags=0 mountUserId=-1 
05-09 10:24:41.685   738   738 D StorageNotification:     state=MOUNTED 
05-09 10:24:41.685   738   738 D StorageNotification:     fsType=null fsUuid=null fsLabel=null 
05-09 10:24:41.685   738   738 D StorageNotification:     path=/data internalPath=null 
05-09 10:24:41.700   164   630 I ip6tables: ip6tables: No chain/target/match by that name.
05-09 10:24:41.710   164   630 I ip6tables: ip6tables terminated by exit(1)
05-09 10:24:41.711   164   630 E Netd    : exec() res=0, status=256 for /system/bin/ip6tables -w -X st_penalty_reject 
05-09 10:24:41.721   164   630 I iptables: iptables: No chain/target/match by that name.
05-09 10:24:41.728   164   630 I iptables: iptables terminated by exit(1)
05-09 10:24:41.728   164   630 E Netd    : exec() res=0, status=256 for /system/bin/iptables -w -X st_clear_caught 
05-09 10:24:41.730   738   898 I OMXClient: Using client-side OMX mux.
05-09 10:24:41.741   164   630 I ip6tables: ip6tables: No chain/target/match by that name.
05-09 10:24:41.742   164   630 I ip6tables: ip6tables terminated by exit(1)
05-09 10:24:41.742   164   630 E Netd    : exec() res=0, status=256 for /system/bin/ip6tables -w -X st_clear_caught 
05-09 10:24:41.749   164   630 I iptables: iptables: No chain/target/match by that name.
05-09 10:24:41.749   164   630 I iptables: iptables terminated by exit(1)
05-09 10:24:41.749   164   630 E Netd    : exec() res=0, status=256 for /system/bin/iptables -w -X st_clear_detect 
05-09 10:24:41.760   164   630 I ip6tables: ip6tables: No chain/target/match by that name.
05-09 10:24:41.760   164   630 I ip6tables: ip6tables terminated by exit(1)
05-09 10:24:41.760   164   630 E Netd    : exec() res=0, status=256 for /system/bin/ip6tables -w -X st_clear_detect 
05-09 10:24:41.789   531   546 I StatusBarManagerService: registerStatusBar bar=com.android.internal.statusbar.IStatusBar$Stub$Proxy@3aaf28b
05-09 10:24:41.885   531   660 D WifiService: New client listening to asynchronous messages
