05-09 10:24:41.990   194   194 W Binder_2: type=1400 audit(0.0:12): avc: denied { ioctl } for path="socket:[13681]" dev="sockfs" ino=13681 ioctlcmd=7704 scontext=u:r:surfaceflinger:s0 tcontext=u:r:surfaceflinger:s0 tclass=unix_stream_socket permissive=0
05-09 10:24:41.993   194   194 W Binder_2: type=1400 audit(0.0:13): avc: denied { ioctl } for path="socket:[13681]" dev="sockfs" ino=13681 ioctlcmd=7704 scontext=u:r:surfaceflinger:s0 tcontext=u:r:surfaceflinger:s0 tclass=unix_stream_socket permissive=0
05-09 10:24:42.035   531   573 D BluetoothManagerService: Added callback: android.bluetooth.IBluetoothManagerCallback$Stub$Proxy@82be298:true
05-09 10:24:42.045   738   738 D LocalBluetoothProfileManager: Adding local MAP profile
05-09 10:24:42.046   738   738 D BluetoothMap: Create BluetoothMap proxy object
05-09 10:24:42.047   738   738 E BluetoothMap: Could not bind to Bluetooth MAP Service with Intent { act=android.bluetooth.IBluetoothMap }
05-09 10:24:42.049   738   738 D LocalBluetoothProfileManager: LocalBluetoothProfileManager construction complete
05-09 10:24:42.054   531   547 D ConnectivityService: listenForNetwork for Listen from uid/pid:10022/738 for NetworkRequest [ id=3, legacyType=-1, [] ]
05-09 10:24:42.064   738   738 I CameraManagerGlobal: Connecting to camera service
05-09 10:24:42.142   531   547 I ActivityManager: Start proc 944:android.process.acore/u0a3 for content provider com.android.providers.contacts/.ContactsProvider2
05-09 10:24:42.146   191   191 W Binder_1: type=1400 audit(0.0:14): avc: denied { ioctl } for path="socket:[13750]" dev="sockfs" ino=13750 ioctlcmd=7704 scontext=u:r:surfaceflinger:s0 tcontext=u:r:surfaceflinger:s0 tclass=unix_stream_socket permissive=0
05-09 10:24:42.146   191   191 W Binder_1: type=1400 audit(0.0:15): avc: denied { ioctl } for path="socket:[13750]" dev="sockfs" ino=13750 ioctlcmd=7704 scontext=u:r:surfaceflinger:s0 tcontext=u:r:surfaceflinger:s0 tclass=unix_stream_socket permissive=0
05-09 10:24:42.153   738   956 D OpenGLRenderer: Use EGL_SWAP_BEHAVIOR_PRESERVED: true
05-09 10:24:42.154   738   956 D OpenGLRenderer: profile bars disabled
05-09 10:24:42.162   738   956 D OpenGLRenderer: ambientRatio = 1.50
05-09 10:24:42.176   531   531 E NetdConnector: NDC Command {4 strict enable} took too long (768ms)
05-09 10:24:42.176   531   659 E NetdConnector: NDC Command {5 interface getcfg wlan0} took too long (768ms)
05-09 10:24:42.178   164   630 D CommandListener: Setting iface cfg
05-09 10:24:42.178   164   630 D CommandListener: Trying to bring down wlan0
05-09 10:24:42.178   164   630 D CommandListener: Clearing all IP addresses on wlan0
05-09 10:24:42.180   531   659 E WifiMonitor: killSupplicant p2ptrue init.svc.wpa_supplicant=unknown init.svc.p2p_supplicant=unknown
05-09 10:24:42.196   546   546 W Binder_1: type=1400 audit(0.0:16): avc: denied { ioctl } for path="socket:[12985]" dev="sockfs" ino=12985 ioctlcmd=7704 scontext=u:r:system_server:s0 tcontext=u:r:system_server:s0 tclass=unix_stream_socket permissive=0
05-09 10:24:42.196   546   546 W Binder_1: type=1400 audit(0.0:17): avc: denied { ioctl } for path="socket:[12985]" dev="sockfs" ino=12985 ioctlcmd=7704 scontext=u:r:system_server:s0 tcontext=u:r:system_server:s0 tclass=unix_stream_socket permissive=0
05-09 10:24:42.197   944   944 W System  : ClassLoader referenced unknown path: /system/priv-app/ContactsProvider/lib/arm64
05-09 10:24:42.202   738   738 D PhoneStatusBar: disable: < expand icons alerts system_info back home recent clock search quick_settings >
05-09 10:24:42.213   709   709 W Binder_3: type=1400 audit(0.0:18): avc: denied { ioctl } for path="socket:[13776]" dev="sockfs" ino=13776 ioctlcmd=7704 scontext=u:r:system_server:s0 tcontext=u:r:system_server:s0 tclass=unix_stream_socket permissive=0
05-09 10:24:42.213   709   709 W Binder_3: type=1400 audit(0.0:19): avc: denied { ioctl } for path="socket:[13776]" dev="sockfs" ino=13776 ioctlcmd=7704 scontext=u:r:system_server:s0 tcontext=u:r:system_server:s0 tclass=unix_stream_socket permissive=0
05-09 10:24:42.216   709   709 W Binder_3: type=1400 audit(0.0:20): avc: denied { ioctl } for path="socket:[12994]" dev="sockfs" ino=12994 ioctlcmd=7704 scontext=u:r:system_server:s0 tcontext=u:r:system_server:s0 tclass=unix_stream_socket permissive=0
05-09 10:24:42.216   709   709 W Binder_3: type=1400 audit(0.0:21): avc: denied { ioctl } for path="socket:[12994]" dev="sockfs" ino=12994 ioctlcmd=7704 scontext=u:r:system_server:s0 tcontext=u:r:system_server:s0 tclass=unix_stream_socket permissive=0
05-09 10:24:42.248   738   738 D PhoneStatusBar: heads up is enabled
05-09 10:24:42.257   738   738 D ViewRootImpl: changeCanvasOpacity: opaque=true
05-09 10:24:42.330   944   944 W System  : ClassLoader referenced unknown path: /system/app/UserDictionaryProvider/lib/arm64
05-09 10:24:42.359   738   956 I OpenGLRenderer: Initialized EGL, version 1.4
05-09 10:24:42.435   531   660 D WifiService: New client listening to asynchronous messages
05-09 10:24:42.612   944   965 I ContactLocale: AddressBook Labels [en-US]: [, A, B, C, D, E, F, G, H, I, J, K, L, M, N, O, P, Q, R, S, T, U, V, W, X, Y, Z, , , , , , , , , , , , , , , , , , , , , , , , , , , , , , , , , , , , , , , , , , , , , , , , , , , , , , , , , , , , , , , , , , , , , , , , , , , , , , , , , , , , , , , , , , , , , , , , , , , , , , , , , , , , , , , , , , , , , , , , , , , , , , , , , , , , , , , , , , , , , , , , , , , , , , , , , , , , , , , , , , , , , , , , , , , , , , , , , , , , , , , , , , , #, ]
05-09 10:24:42.765   944   965 D ContactDirectoryManager: Found com.google.contacts.gal.provider
05-09 10:24:42.765   944   965 D ContactDirectoryManager: Found com.google.android.gm.exchange.directory.provider
05-09 10:24:42.777   531   970 I ActivityManager: Start proc 996:com.google.android.gm.exchange/u0a67 for content provider com.google.android.gm.exchange/com.android.exchange.provider.ExchangeDirectoryProvider
05-09 10:24:42.817   531   659 D wifi    : set interface wlan0 flags (UP)
05-09 10:24:42.817   531   659 I WifiHAL : Initializing wifi
05-09 10:24:42.817   531   659 I WifiHAL : Creating socket
05-09 10:24:42.819   531   659 I WifiHAL : Initialized Wifi HAL Successfully; vendor cmd = 103
05-09 10:24:42.819   531   659 D wifi    : Did set static halHandle = 0x55ba931900
05-09 10:24:42.819   531   659 D wifi    : halHandle = 0x55ba931900, mVM = 0x55ba605c30, mCls = 0x100a0a
05-09 10:24:42.819   531   659 D wifi    : array field set
05-09 10:24:42.819   531   659 I WifiNative-HAL: interface[0] = wlan0
05-09 10:24:42.820   531  1010 I WifiNative-HAL: Waiting for HAL events mWifiHalHandle=368202422528
05-09 10:24:42.820   531  1010 D wifi    : waitForHalEvents called, vm = 0x55ba605c30, obj = 0x100a0a, env = 0x55ba930ec0
05-09 10:24:42.826   531   659 D WifiMonitor: startMonitoring(wlan0) with mConnected = false
05-09 10:24:42.826   531   659 E WifiHW  : Unable to open connection to supplicant on "@android:wpa_wlan0": No such file or directory
05-09 10:24:42.829   996   996 W System  : ClassLoader referenced unknown path: /system/app/PrebuiltExchange3Google/lib/arm64
05-09 10:24:42.837   531   559 I ActivityManager: Start proc 1012:com.google.android.apps.gcs/u0a7 for broadcast com.google.android.apps.gcs/.receiver.WifiStateChangedReceiver
05-09 10:24:42.903  1011  1011 I wpa_supplicant: Successfully initialized wpa_supplicant
05-09 10:24:42.967  1011  1011 I wpa_supplicant: rfkill: Cannot open RFKILL control device
05-09 10:24:42.972  1012  1012 W System  : ClassLoader referenced unknown path: /system/priv-app/GCS/lib/arm64
05-09 10:24:43.011   531   970 I ActivityManager: Start proc 1032:com.google.android.gm/u0a68 for content provider com.google.android.gm/com.android.email.provider.EmailProvider
05-09 10:24:43.038  1011  1011 I wpa_supplicant: rfkill: Cannot open RFKILL control device
05-09 10:24:43.038  1011  1011 E wpa_supplicant: Could not read interface p2p-dev-wlan0 flags: No such device
05-09 10:24:43.070   531   709 I ActivityManager: Start proc 1049:com.google.process.gapps/u0a45 for content provider com.google.android.syncadapters.contacts/.GalProvider
05-09 10:24:43.106  1032  1032 W System  : ClassLoader referenced unknown path: /system/app/PrebuiltGmail/lib/arm64
05-09 10:24:43.121  1049  1049 W System  : ClassLoader referenced unknown path: /system/app/GoogleContactsSyncAdapter/lib/arm64
05-09 10:24:43.161   531   547 I ActivityManager: Start proc 1074:com.google.process.gapps/u0a8 for content provider com.google.android.gsf/.gservices.GservicesProvider
05-09 10:24:43.219  1074  1074 W System  : ClassLoader referenced unknown path: /system/priv-app/GoogleServicesFramework/lib/arm64
05-09 10:24:43.252  1074  1074 I GservicesProvider: Gservices pushing to system: true; secure/global: true
05-09 10:24:43.296  1032  1099 D ActivityThread: Loading provider com.google.android.gmail.provider;com.android.mail.notifier;com.google.android.gm.email.provider;com.google.android.gm.email.notifier: com.android.email.provider.EmailProvider
05-09 10:24:43.321  1032  1098 I Gmail   : getAccountsCursor
05-09 10:24:43.363  1074  1074 I GoogleHttpClient: GMS http client unavailable, use old client
05-09 10:24:43.378  1074  1074 W System  : ClassLoader referenced unknown path: /system/priv-app/PrebuiltGmsCore/lib/arm64
05-09 10:24:43.382  1049  1049 I GoogleHttpClient: GMS http client unavailable, use old client
05-09 10:24:43.413   944   965 I ContactDirectoryManager: deleted 0 stale rows which don't have any relevant directory
05-09 10:24:43.419  1012  1012 W ClientExperimentManager: [1] d.a: com.google.android.apps.gcs does not have permission com.google.android.apps.gcs.WRITE_EXPERIMENTS; disabling overrides
05-09 10:24:43.433   531   546 I ActivityManager: Start proc 1119:com.google.android.keep/u0a69 for broadcast com.google.android.keep/.notification.AlertReceiver
05-09 10:24:43.460   944   965 I ContactDirectoryManager: Discovered 0 contact directories in 744ms
05-09 10:24:43.484  1119  1119 W System  : ClassLoader referenced unknown path: /system/app/PrebuiltKeep/lib/arm64
05-09 10:24:43.509  1074  1074 I MultiDex: VM with version 2.1.0 has multidex support
05-09 10:24:43.509  1074  1074 I MultiDex: install
05-09 10:24:43.509  1074  1074 I MultiDex: VM has multidex support, MultiDex support library is disabled.
05-09 10:24:43.607  1074  1074 V JNIHelp : Registering com/google/android/gms/org/conscrypt/NativeCrypto's 241 native methods...
05-09 10:24:43.660  1074  1074 I ProviderInstaller: Installed default security provider GmsCore_OpenSSL
05-09 10:24:43.703  1074  1074 V GLSActivity: AuthDelegateWrapperCreated with selected intent: Intent { cmp=com.google.android.gms/.auth.DefaultAuthDelegateService }
05-09 10:24:43.717  1074  1150 D NativeLibraryUtils: Install completed successfully. count=17 extracted=0
05-09 10:24:43.807  1074  1074 D GCM     : COMPAT: Multi user ser=0 current=0
05-09 10:24:43.828   531  1108 I ActivityManager: Start proc 1166:com.google.android.gms/u0a8 for broadcast com.google.android.gms/.subscribedfeeds.ConfigurationReceiver
05-09 10:24:43.831   531   659 D WifiConfigStore: Loading config and enabling all networks 
05-09 10:24:43.856   531   659 D WifiConfigStore: loaded 0 passpoint configs
05-09 10:24:43.858   531   659 W WifiConfigStore: Upgrading network 1 to android.uid.system:1000
05-09 10:24:43.859   531   659 W WifiConfigStore: Upgrading network 0 to android.uid.system:1000
05-09 10:24:43.859   531   659 W WifiConfigStore: Upgrading network 2 to android.uid.system:1000
05-09 10:24:43.860   531   659 E WifiConfigStore: readAutoJoinStatus: Error parsing configurationjava.io.FileNotFoundException: /data/misc/wifi/autojoinconfig.txt: open failed: ENOENT (No such file or directory)
05-09 10:24:43.860   531   659 E WifiConfigStore: buildPnoList sortedWifiConfigurations size 3
05-09 10:24:43.860   531   659 E WifiConfigStore: found sortedWifiConfigurations : "DIRECT-r7-Android_2be0"WPA_PSK
05-09 10:24:43.860   531   659 E WifiConfigStore: found sortedWifiConfigurations : "DIRECT-M2-RMBL-ROQ85"WPA_PSK
05-09 10:24:43.860   531   659 E WifiConfigStore: found sortedWifiConfigurations : "Tomato"WPA_PSK
05-09 10:24:43.862   531   659 D WifiNative-HAL: Setting external_sim to 1
05-09 10:24:43.862   531   659 D wifi    : setting dfs flag to true, 0x55ba92dc20
05-09 10:24:43.862   531   659 D WifiStateMachine: Setting OUI to DA-A1-19
05-09 10:24:43.862   531   659 D wifi    : setting scan oui 0x55ba92dc20
05-09 10:24:43.862   531   659 D WifiHAL : Sending mac address OUI
05-09 10:24:43.882   531   659 D WifiConfigStore: Retrieve network priorities after PNO.
05-09 10:24:43.884   531   659 D wifi    : android_net_wifi_setLinkLayerStats: 1
05-09 10:24:43.910   531   659 E native  : do suspend false
05-09 10:24:43.914   531   659 D WifiConfigStore: No blacklist allowed without epno enabled
05-09 10:24:43.914   531   659 D WifiConfigStore: Retrieve network priorities after PNO.
05-09 10:24:43.937   164   630 W CommandListener: Failed to retrieve HW addr for p2p0 (No such device)
05-09 10:24:43.956  1074  1074 I GCM     : GCM config loaded
05-09 10:24:43.964  1074  1190 D GCM     : GcmService start Intent { act=com.google.android.gms.INITIALIZE flg=0x10 pkg=com.google.android.gms cmp=com.google.android.gms/.gcm.GcmService } com.google.android.gms.INITIALIZE
05-09 10:24:43.976   164   630 D CommandListener: Setting iface cfg
05-09 10:24:43.976   531   658 E WifiP2pService: Unable to change interface settings: java.lang.IllegalStateException: command '61 interface setcfg p2p0 0.0.0.0 0 up' failed with '400 61 Failed to set address (No such device)'
05-09 10:24:43.976   531   658 D WifiMonitor: startMonitoring(p2p0) with mConnected = true
05-09 10:24:43.979   531   658 D WifiNative-HAL: p2pGetDeviceAddress
05-09 10:24:43.979   531   658 D WifiNative-HAL: p2pGetDeviceAddress returning b6:ce:f6:09:7b:7a
05-09 10:24:44.004  1166  1166 W System  : ClassLoader referenced unknown path: /system/priv-app/PrebuiltGmsCore/lib/arm64
05-09 10:24:44.030  1166  1166 I MultiDex: VM with version 2.1.0 has multidex support
05-09 10:24:44.030  1166  1166 I MultiDex: install
05-09 10:24:44.030  1166  1166 I MultiDex: VM has multidex support, MultiDex support library is disabled.
05-09 10:24:44.186  1166  1166 V JNIHelp : Registering com/google/android/gms/org/conscrypt/NativeCrypto's 241 native methods...
05-09 10:24:44.214  1166  1166 I ProviderInstaller: Installed default security provider GmsCore_OpenSSL
05-09 10:24:44.233  1074  1074 D AuthorizationBluetoothService: Received GmsCore event: Intent { act=com.google.android.gms.INITIALIZE flg=0x10 pkg=com.google.android.gms cmp=com.google.android.gms/.auth.be.proximity.authorization.bt.AuthorizationBluetoothService$AutoStarter }.
05-09 10:24:44.242  1074  1074 D a       : Opening database auth.proximity.permit_store...
05-09 10:24:44.249  1074  1074 V GLSActivity: AuthDelegateWrapperCreated with selected intent: Intent { cmp=com.google.android.gms/.auth.DefaultAuthDelegateService }
05-09 10:24:44.251  1074  1074 V GLSActivity: AuthDelegateWrapperCreated with selected intent: Intent { cmp=com.google.android.gms/.auth.DefaultAuthDelegateService }
05-09 10:24:44.257  1166  1166 V GmsCoreStatsServiceLauncher: Received broadcast intent Intent { act=com.google.android.gms.INITIALIZE flg=0x10 pkg=com.google.android.gms cmp=com.google.android.gms/.common.stats.GmsCoreStatsServiceLauncher }
05-09 10:24:44.280   531   546 I ActivityManager: Start proc 1222:com.google.android.gms.persistent/u0a8 for broadcast com.google.android.gms/.fitness.service.FitnessInitReceiver
05-09 10:24:44.350  1222  1222 W System  : ClassLoader referenced unknown path: /system/priv-app/PrebuiltGmsCore/lib/arm64
05-09 10:24:44.368  1222  1222 I MultiDex: VM with version 2.1.0 has multidex support
05-09 10:24:44.369  1222  1222 I MultiDex: install
05-09 10:24:44.369  1222  1222 I MultiDex: VM has multidex support, MultiDex support library is disabled.
05-09 10:24:44.378  1166  1215 D NativeLibraryUtils: Install completed successfully. count=17 extracted=0
05-09 10:24:44.476  1222  1222 V JNIHelp : Registering com/google/android/gms/org/conscrypt/NativeCrypto's 241 native methods...
05-09 10:24:44.505  1222  1222 I ProviderInstaller: Installed default security provider GmsCore_OpenSSL
05-09 10:24:44.584  1222  1252 D NativeLibraryUtils: Install completed successfully. count=17 extracted=0
05-09 10:24:44.639   531   659 D WIFI    : Registering NetworkFactory
05-09 10:24:44.639   531   659 D WIFI_UT : Registering NetworkFactory
05-09 10:24:44.639   531   661 D ConnectivityService: Got NetworkFactory Messenger for WIFI
05-09 10:24:44.640   531   661 D ConnectivityService: Got NetworkFactory Messenger for WIFI_UT
05-09 10:24:44.651   531   659 D WIFI    : got request NetworkRequest [ id=1, legacyType=-1, [ Capabilities: INTERNET&NOT_RESTRICTED&TRUSTED&NOT_VPN] ] with score 0
05-09 10:24:44.651   531   659 D WIFI_UT : got request NetworkRequest [ id=1, legacyType=-1, [ Capabilities: INTERNET&NOT_RESTRICTED&TRUSTED&NOT_VPN] ] with score 0
05-09 10:24:44.655  1222  1222 W GmsBackupAccountManager: Backup account not found in gmscore.
05-09 10:24:44.720   531  1080 I ActivityManager: Start proc 1278:com.google.android.gms.wearable/u0a8 for service com.google.android.gms/.wearable.service.WearableService
05-09 10:24:44.775  1278  1278 W System  : ClassLoader referenced unknown path: /system/priv-app/PrebuiltGmsCore/lib/arm64
05-09 10:24:44.786   531   531 D PermissionMonitor: Monitoring
05-09 10:24:44.793   531   531 D PermissionMonitor: Users: 1, Apps: 86
05-09 10:24:44.795  1278  1278 I MultiDex: VM with version 2.1.0 has multidex support
05-09 10:24:44.795  1278  1278 I MultiDex: install
05-09 10:24:44.795  1278  1278 I MultiDex: VM has multidex support, MultiDex support library is disabled.
05-09 10:24:44.797   531   531 I SystemServiceManager: Starting phase 600
05-09 10:24:44.799   531   531 I BackupManagerService: Backup enabled => false
05-09 10:24:44.799   531   573 D BluetoothManagerService: Added callback: android.bluetooth.BluetoothAdapter$1@e8bf6f3:true
05-09 10:24:44.800   168   669 I AudioFlinger: systemReady
05-09 10:24:44.820   531   531 I ActivityManager: Start proc 1302:com.google.android.googlequicksearchbox:interactor/u0a24 for service com.google.android.googlequicksearchbox/com.google.android.voiceinteraction.GsaVoiceInteractionService
05-09 10:24:44.825   531  1299 E WVMExtractor: Failed to open libwvm.so: dlopen failed: library "libwvm.so" not found
05-09 10:24:44.832   531   531 E InputMethodManagerService: Ignoring updateSystemUiLocked due to an invalid token. uid:1000 token:null
05-09 10:24:44.861   531  1314 I OMXClient: Using client-side OMX mux.
05-09 10:24:44.865   531   531 I ActivityManager: Start proc 1316:com.google.android.inputmethod.latin/u0a56 for service com.google.android.inputmethod.latin/com.android.inputmethod.latin.LatinIME
05-09 10:24:44.865   531   531 V InputMethodManagerService: Adding window token: android.os.Binder@5971a72
05-09 10:24:44.871   531   531 E libgps  : proxy_gps_get_extension: Unsupported GpsInterface extension: "gps_measurement"
05-09 10:24:44.871   531   531 E libgps  : Interface "gps_measurement" is not supported
05-09 10:24:44.871   531   531 E libgps  : proxy_gps_get_extension: Unsupported GpsInterface extension: "gps_navigation_message"
05-09 10:24:44.871   531   531 E libgps  : Interface "gps_navigation_message" is not supported
05-09 10:24:44.871   531   531 E libgps  : proxy_gps_get_extension: Unsupported GpsInterface extension: "gnss_configuration"
05-09 10:24:44.904  1278  1278 V JNIHelp : Registering com/google/android/gms/org/conscrypt/NativeCrypto's 241 native methods...
05-09 10:24:44.914   531   531 E FlpHardwareProvider: Error hw_get_module 'flp': -2
05-09 10:24:44.916   531   531 E LocationManagerService: FLP HAL not supported
05-09 10:24:44.933   531   531 E ActivityRecognitionHardware: Error hw_get_module: -2
05-09 10:24:44.933   531   531 E LocationManagerService: Hardware Activity-Recognition not supported.
05-09 10:24:44.957   531   531 I CommonTimeManagementService: No common time service detected on this platform.  Common time services will be unavailable.
05-09 10:24:44.960   531   651 I InputReader: Reconfiguring input devices.  changes=0x00000020
05-09 10:24:44.962   531   531 I MmsServiceBroker: Delay connecting to MmsService until an API is called
05-09 10:24:44.963   531   651 I InputReader: Reconfiguring input devices.  changes=0x00000010
05-09 10:24:44.964   531   531 D MountService: onStartUser 0
05-09 10:24:44.964   531   531 D VoldConnector: SND -> {6 volume user_started 0}
05-09 10:24:44.965   154   186 D vold    : Linking /storage/emulated/0 to /mnt/user/0/primary
05-09 10:24:44.965   531   653 D VoldConnector: RCV <- {200 6 Command succeeded}
05-09 10:24:44.968   531   652 D MountService: Volume emulated broadcasting mounted to UserHandle{0}
05-09 10:24:44.968   531  1333 I OMXClient: Using client-side OMX mux.
05-09 10:24:44.982   531   531 I ActivityManager: Start proc 1336:com.android.nfc/1027 for added application com.android.nfc
05-09 10:24:44.993   691   691 D MtpService: onStorageStateChanged /storage/emulated/0 mounted -> mounted
05-09 10:24:45.005   531   531 I ActivityManager: Start proc 1341:com.android.phone/1001 for added application com.android.phone
05-09 10:24:45.006   531   558 D GpsLocationProvider: Reset GPS properties, previous size = 0
05-09 10:24:45.006   531   531 I ActivityManager: START u0 {act=android.intent.action.MAIN cat=[android.intent.category.HOME] flg=0x10000000 cmp=com.google.android.googlequicksearchbox/com.google.android.launcher.GEL} from uid 0 on display 0
05-09 10:24:45.021   531  1346 I OMXClient: Using client-side OMX mux.
05-09 10:24:45.028   531   531 I ActivityManager: Start proc 1350:com.google.android.googlequicksearchbox/u0a24 for activity com.google.android.googlequicksearchbox/com.google.android.launcher.GEL
05-09 10:24:45.048   531   531 D RttService: SCAN_AVAILABLE : 1
05-09 10:24:45.049   531   677 D RttService: DefaultState got{ when=-1ms what=160513 target=com.android.internal.util.StateMachine$SmHandler }
05-09 10:24:45.053   738   738 V StatusBar: userId 0 is in the house
05-09 10:24:45.089   531   531 I Choreographer: Skipped 261 frames!  The application may be doing too much work on its main thread.
05-09 10:24:45.113   531   531 W System  : ClassLoader referenced unknown path: /system/priv-app/Telecom/lib/arm64
05-09 10:24:45.126  1278  1278 I ProviderInstaller: Installed default security provider GmsCore_OpenSSL
05-09 10:24:45.170  1222  1222 W art     : Verification of void com.google.android.location.fused.s.onSetRequest(com.android.location.provider.ProviderRequestUnbundled, android.os.WorkSource) took 117.464ms
05-09 10:24:45.173   531  1373 I OMXClient: Using client-side OMX mux.
05-09 10:24:45.180  1278  1278 D WearableService: callingUid 10008, callindPid: 1278
05-09 10:24:45.234   531   531 I Telecom : Class: TelecomSystem.INSTANCE being set
05-09 10:24:45.234   531   531 W ContextImpl: Calling a method in the system process without a qualified user: android.app.ContextImpl.startService:1221 android.content.ContextWrapper.startService:581 com.android.server.telecom.components.TelecomService.initializeTelecomSystem:107 com.android.server.telecom.components.TelecomService.onBind:46 android.app.ActivityThread.handleBindService:2904 
05-09 10:24:45.288   531   531 D RttService: SCAN_AVAILABLE : 3
05-09 10:24:45.289   531   677 D RttService: DefaultState got{ when=0 what=160512 target=com.android.internal.util.StateMachine$SmHandler }
05-09 10:24:45.290   531   531 V BackupManagerService: Connected to transport ComponentInfo{com.google.android.gms/com.google.android.gms.backup.BackupTransportService}
05-09 10:24:45.290   738   738 D PhoneStatusBar: disable: < EXPAND* icons alerts system_info BACK* HOME* RECENT* clock SEARCH* quick_settings >
05-09 10:24:45.292   531   531 V BackupManagerService: Registering transport com.google.android.gms/.backup.BackupTransportService::com.google.android.gms/.backup.BackupTransportService = com.android.internal.backup.IBackupTransport$Stub$Proxy@a48d0bd
05-09 10:24:45.313   531   531 D GpsNetInitiatedHandler: location enabled :true
05-09 10:24:45.313   531   531 V WiredAccessoryManager: init()
05-09 10:24:45.316   531  1381 I OMXClient: Using client-side OMX mux.
05-09 10:24:45.331  1222  1222 E GmsWearableLS: GoogleApiClient connection failed: ConnectionResult{statusCode=API_UNAVAILABLE, resolution=null, message=null}
05-09 10:24:45.336  1278  1375 D NativeLibraryUtils: Install completed successfully. count=17 extracted=0
05-09 10:24:45.338   531   679 V KeyValueBackupJob: Scheduling k/v pass in 247 minutes
05-09 10:24:45.339  1336  1336 I NfcService: Starting NFC service
05-09 10:24:45.351  1222  1284 E MDM     : [80] b.run: Couldn't connect to Google API client: ConnectionResult{statusCode=API_UNAVAILABLE, resolution=null, message=null}
05-09 10:24:45.365  1341  1341 W System  : ClassLoader referenced unknown path: /system/priv-app/TeleService/lib/arm64
05-09 10:24:45.398   531   540 W art     : Suspending all threads took: 31.796ms
05-09 10:24:45.427   163   582 D PermissionCache: checking android.permission.HARDWARE_TEST for uid=1000 => granted (369 us)
05-09 10:24:45.456  1316  1316 I Decoder : createOrResetDecoder
05-09 10:24:45.460  1341  1341 W System  : ClassLoader referenced unknown path: /system/priv-app/TelephonyProvider/lib/arm64
05-09 10:24:45.461   531   531 V BackupManagerService: Connected to transport ComponentInfo{android/com.android.internal.backup.LocalTransportService}
05-09 10:24:45.461   531   531 V BackupManagerService: Registering transport android/com.android.internal.backup.LocalTransportService::android/com.android.internal.backup.LocalTransport = android.app.backup.BackupTransport$TransportImpl@623927b
05-09 10:24:45.462  1316  1316 I Decoder : createOrResetDecoder
05-09 10:24:45.478   531   540 I art     : Background partial concurrent mark sweep GC freed 47749(3MB) AllocSpace objects, 6(116KB) LOS objects, 33% free, 16MB/24MB, paused 33.544ms total 417.134ms
05-09 10:24:45.489  1336  1336 D BrcmNfcJni: JNI_OnLoad: enter
05-09 10:24:45.489  1336  1336 I BrcmNfcJni: NFC Service: loading nci JNI
05-09 10:24:45.489  1336  1336 D BrcmNfcJni: register_com_android_nfc_NativeNfcManager: enter
05-09 10:24:45.490  1336  1336 D BrcmNfcJni: PowerSwitch::initialize: level=PS-UNKNOWN (0)
05-09 10:24:45.496  1336  1336 D NfcAdaptation: bool CNfcConfig::readConfig(const char*, bool) Opened base config /etc/libnfc-brcm.conf
05-09 10:24:45.499  1316  1316 I LatinIME: Hardware accelerated drawing: true
05-09 10:24:45.502   531  1390 I OMXClient: Using client-side OMX mux.
05-09 10:24:45.527  1336  1336 D NfcAdaptation: const CNfcParam* CNfcConfig::find(const char*) const found SCREEN_OFF_POWER_STATE=(0x1)
05-09 10:24:45.527  1336  1336 D BrcmNfcJni: PowerSwitch::initialize: desired screen-off state=1
05-09 10:24:45.527  1336  1336 D BrcmNfcJni: register_com_android_nfc_NativeNfcManager: exit
05-09 10:24:45.527  1336  1336 D BrcmNfcJni: register_com_android_nfc_NativeNfcTag
05-09 10:24:45.528  1336  1336 D NfcAdaptation: const CNfcParam* CNfcConfig::find(const char*) const found ACTIVE_SE=(0x0)
05-09 10:24:45.528  1336  1336 D BrcmNfcJni: RoutingManager::RoutingManager(): default route is 0x00
05-09 10:24:45.528  1336  1336 D BrcmNfcJni: RoutingManager::RoutingManager(): mOffHostEe=0xF4
05-09 10:24:45.528  1336  1336 D BrcmNfcJni: RoutingManager::registerJniFunctions
05-09 10:24:45.528  1336  1336 D BrcmNfcJni: JNI_OnLoad: exit
05-09 10:24:45.551  1336  1336 D BrcmNfcJni: nfcManager_initNativeStruc: enter
05-09 10:24:45.552  1336  1336 D BrcmNfcJni: nfcManager_initNativeStruc: exit
05-09 10:24:45.565   531   573 D BluetoothManagerService: Added callback: android.bluetooth.IBluetoothManagerCallback$Stub$Proxy@66728f1:true
05-09 10:24:45.570  1336  1336 W Settings: Setting device_provisioned has moved from android.provider.Settings.Secure to android.provider.Settings.Global.
05-09 10:24:45.598  1341  1341 D TelephonyProvider: dbh.onOpen: ok, queried table=siminfo
05-09 10:24:45.602  1341  1341 D TelephonyProvider: dbh.onOpen: ok, queried table=carriers
05-09 10:24:45.654   531  1103 I ActivityManager: Start proc 1397:com.google.android.googlequicksearchbox:search/u0a24 for service com.google.android.googlequicksearchbox/com.google.android.hotword.service.HotwordService
05-09 10:24:45.667   531   558 D GpsLocationProvider: GpsParamsResource: SUPL_HOST=supl.google.com
05-09 10:24:45.667   531   558 D GpsLocationProvider: GpsParamsResource: SUPL_PORT=7275
05-09 10:24:45.667   531   558 D GpsLocationProvider: GpsParamsResource: NTP_SERVER=north-america.pool.ntp.org
05-09 10:24:45.667   531   558 D GpsLocationProvider: GpsParamsResource: SUPL_VER=0x20000
05-09 10:24:45.667   531   558 D GpsLocationProvider: GpsParamsResource: SUPL_MODE=1
05-09 10:24:45.669  1316  1316 I StatsUtilsManager: onCreate()
05-09 10:24:45.669  1316  1316 I PeriodicStatsRecorder: shouldRecordStats() = Disabled
05-09 10:24:45.700  1336  1336 W NfceeAccess: could not find /etc/nfcee_access.xml, no NFCEE access allowed
05-09 10:24:45.700  1336  1336 I NfceeAccess: read 0 signature(s) for NFCEE access
05-09 10:24:45.703  1336  1336 W Settings: Setting airplane_mode_radios has moved from android.provider.Settings.System to android.provider.Settings.Global, returning read-only value.
05-09 10:24:45.703  1336  1336 W Settings: Setting airplane_mode_toggleable_radios has moved from android.provider.Settings.System to android.provider.Settings.Global, returning read-only value.
05-09 10:24:45.747  1336  1336 D RegisteredServicesCache: Dynamic AIDs file does not exist.
05-09 10:24:45.781  1074  1074 W InstanceID/Rpc: Found 10008
05-09 10:24:45.799  1316  1316 W InputAttributes: No editor info for this field. Bug?
05-09 10:24:45.825  1350  1350 V Launcher: LauncherAppState inited
05-09 10:24:45.839  1166  1420 D LocationInitializer: Restart initialization of location
05-09 10:24:45.875  1316  1316 I Keyboard.Facilitator: resetDictionaries() : en_US
05-09 10:24:45.875  1316  1316 I Keyboard.Personal: create()
05-09 10:24:45.882  1316  1316 I StatsUtilsManager: onLoadSettings()
05-09 10:24:45.898  1316  1424 I Keyboard.Facilitator.DecoderInitializer: run()
05-09 10:24:45.898  1316  1424 I Decoder : createOrResetDecoder
05-09 10:24:45.907  1350  1350 D Launcher.Model: Old launcher provider: content://com.google.android.launcher.oldhome.settings/favorites?notify=true
05-09 10:24:45.907  1350  1350 D Launcher.Model: Old launcher provider does not exist.
05-09 10:24:45.973   191   191 W Binder_1: type=1400 audit(0.0:22): avc: denied { ioctl } for path="socket:[15811]" dev="sockfs" ino=15811 ioctlcmd=7704 scontext=u:r:surfaceflinger:s0 tcontext=u:r:surfaceflinger:s0 tclass=unix_stream_socket permissive=0
05-09 10:24:45.973   191   191 W Binder_1: type=1400 audit(0.0:23): avc: denied { ioctl } for path="socket:[15811]" dev="sockfs" ino=15811 ioctlcmd=7704 scontext=u:r:surfaceflinger:s0 tcontext=u:r:surfaceflinger:s0 tclass=unix_stream_socket permissive=0
05-09 10:24:46.033   531   531 W system_server: type=1400 audit(0.0:24): avc: denied { ioctl } for path="socket:[15053]" dev="sockfs" ino=15053 ioctlcmd=7704 scontext=u:r:system_server:s0 tcontext=u:r:system_server:s0 tclass=unix_stream_socket permissive=0
05-09 10:24:46.033   531   531 W system_server: type=1400 audit(0.0:25): avc: denied { ioctl } for path="socket:[15053]" dev="sockfs" ino=15053 ioctlcmd=7704 scontext=u:r:system_server:s0 tcontext=u:r:system_server:s0 tclass=unix_stream_socket permissive=0
05-09 10:24:46.039  1341  1437 E DcSwitchStateMachine-0: DctController is not ready
05-09 10:24:46.041   531   661 E ConnectivityService: Failed to find Messenger in unregisterNetworkFactory
05-09 10:24:46.043   531   661 D ConnectivityService: Got NetworkFactory Messenger for Telephony
05-09 10:24:46.077  1341  1341 D CarrierConfigLoader: CarrierConfigLoader has started
05-09 10:24:46.079   531   573 D BluetoothManagerService: Added callback: android.bluetooth.IBluetoothManagerCallback$Stub$Proxy@e5193da:true
05-09 10:24:46.104  1341  1341 I Telephony: TtyManager: updateUiTtyMode -1 -> 0
05-09 10:24:46.126  1080  1080 W Binder_6: type=1400 audit(0.0:26): avc: denied { ioctl } for path="socket:[15057]" dev="sockfs" ino=15057 ioctlcmd=7704 scontext=u:r:system_server:s0 tcontext=u:r:system_server:s0 tclass=unix_stream_socket permissive=0
05-09 10:24:46.126  1080  1080 W Binder_6: type=1400 audit(0.0:27): avc: denied { ioctl } for path="socket:[15057]" dev="sockfs" ino=15057 ioctlcmd=7704 scontext=u:r:system_server:s0 tcontext=u:r:system_server:s0 tclass=unix_stream_socket permissive=0
05-09 10:24:46.446   582   582 W Binder_3: type=1400 audit(0.0:28): avc: denied { ioctl } for path="socket:[15127]" dev="sockfs" ino=15127 ioctlcmd=7704 scontext=u:r:surfaceflinger:s0 tcontext=u:r:surfaceflinger:s0 tclass=unix_stream_socket permissive=0
05-09 10:24:46.446   582   582 W Binder_3: type=1400 audit(0.0:29): avc: denied { ioctl } for path="socket:[15127]" dev="sockfs" ino=15127 ioctlcmd=7704 scontext=u:r:surfaceflinger:s0 tcontext=u:r:surfaceflinger:s0 tclass=unix_stream_socket permissive=0
05-09 10:24:46.463   547   547 W Binder_2: type=1400 audit(0.0:30): avc: denied { ioctl } for path="socket:[15136]" dev="sockfs" ino=15136 ioctlcmd=7704 scontext=u:r:system_server:s0 tcontext=u:r:system_server:s0 tclass=unix_stream_socket permissive=0
05-09 10:24:46.463   547   547 W Binder_2: type=1400 audit(0.0:31): avc: denied { ioctl } for path="socket:[15136]" dev="sockfs" ino=15136 ioctlcmd=7704 scontext=u:r:system_server:s0 tcontext=u:r:system_server:s0 tclass=unix_stream_socket permissive=0
05-09 10:24:46.654  1336  1416 D BrcmNfcJni: nfcManager_doInitialize: enter; ver=NFCDROID-AOSP_M_00.01 nfa=NFA_PI_1.03.66+ NCI_VERSION=0x10
05-09 10:24:46.654  1336  1416 D BrcmNfcJni: PowerSwitch::initialize: level=PS-FULL (1)
05-09 10:24:46.654  1336  1416 D NfcAdaptation: const CNfcParam* CNfcConfig::find(const char*) const found SCREEN_OFF_POWER_STATE=(0x1)
05-09 10:24:46.654  1336  1416 D BrcmNfcJni: PowerSwitch::initialize: desired screen-off state=1
05-09 10:24:46.654  1336  1416 D NfcAdaptation: NfcAdaptation::Initialize: enter
05-09 10:24:46.654  1336  1416 E NfcAdaptation: NfcAdaptation::Initialize: ver=NFCDROID-AOSP_M_00.01 nfa=NFA_PI_1.03.66+
05-09 10:24:46.654  1336  1416 D NfcAdaptation: const CNfcParam* CNfcConfig::find(const char*) const found NFA_STORAGE=/data/nfc
05-09 10:24:46.654  1336  1416 D NfcAdaptation: const CNfcParam* CNfcConfig::find(const char*) const found PROTOCOL_TRACE_LEVEL=(0x0)
05-09 10:24:46.654  1336  1416 D NfcAdaptation: const CNfcParam* CNfcConfig::find(const char*) const found NFA_MAX_EE_SUPPORTED=(0x0)
05-09 10:24:46.654  1336  1416 D NfcAdaptation: NfcAdaptation::Initialize: Overriding NFA_EE_MAX_EE_SUPPORTED to use 0
05-09 10:24:46.654  1336  1416 D NfcAdaptation: const CNfcParam* CNfcConfig::find(const char*) const found APPL_TRACE_LEVEL=(0x1)
05-09 10:24:46.656  1336  1507 I BrcmNfcNfa: NFC_TASK started.
05-09 10:24:46.656  1336  1416 E NfcAdaptation: No HAL module specified in config, falling back to BCM2079x
05-09 10:24:46.663  1336  1416 D NfcNciHal: nfc_open: enter; name=nci
05-09 10:24:46.664  1336  1416 D NfcNciHal: HaiInitializeLibrary: enter
05-09 10:24:46.664  1336  1416 E NfcNciHal: HaiInitializeLibrary: ver=NFCDROID-AOSP_M_00.01 nfa=NFA_PI_1.03.66+
05-09 10:24:46.664  1336  1416 D NfcNciHal: bool CNfcConfig::readConfig(const char*, bool) Opened base config /etc/libnfc-brcm.conf
05-09 10:24:46.670  1336  1416 D NfcNciHal: const CNfcParam* CNfcConfig::find(const char*) const found APPL_TRACE_LEVEL=(0x1)
05-09 10:24:46.670  1336  1416 I USERIAL_LINUX: USERIAL_Init
05-09 10:24:46.670  1336  1416 I NfcNciHal: HAL_NfcInitialize (): NFC_HAL_TASK id=0
05-09 10:24:47.055   531   558 D GpsLocationProvider: GPS configuration:
05-09 10:24:47.055   531   558 D GpsLocationProvider:  #Thu May 09 10:24:47 GMT+01:00 2019
05-09 10:24:47.055   531   558 D GpsLocationProvider: XTRA_SERVER_2=http\://gllto2.glpals.com/7day/v3/latest/lto2.dat
05-09 10:24:47.055   531   558 D GpsLocationProvider: SUPL_VER=0x20000
05-09 10:24:47.055   531   558 D GpsLocationProvider: SUPL_HOST=supl.google.com
05-09 10:24:47.055   531   558 D GpsLocationProvider: NTP_SERVER=pool.ntp.org
05-09 10:24:47.055   531   558 D GpsLocationProvider: XTRA_SERVER_1=http\://gllto1.glpals.com/7day/v3/latest/lto2.dat
05-09 10:24:47.055   531   558 D GpsLocationProvider: SUPL_PORT=7275
05-09 10:24:47.055   531   558 D GpsLocationProvider: SUPL_MODE=1
05-09 10:24:47.103   531  1108 W SoundModelDBHelper: No SoundModel available for the given keyphrase
05-09 10:24:47.119   531   531 V KeyguardServiceDelegate: *** Keyguard connected (yay!)
05-09 10:24:47.171   738   738 W PathParser: Points are too far apart 4.030360828967057
05-09 10:24:47.171   738   738 W PathParser: Points are too far apart 4.030360538880159
05-09 10:24:47.180   738   738 W KeyguardUpdateMonitor: invalid subId in handleSimStateChange()
05-09 10:24:47.181   738   738 W KeyguardUpdateMonitor: invalid subId in handleServiceStateChange()
05-09 10:24:47.186   531  1103 V KeyguardServiceDelegate: **** SHOWN CALLED ****
05-09 10:24:47.193  1388  1388 W Binder_9: type=1400 audit(0.0:32): avc: denied { ioctl } for path="socket:[15242]" dev="sockfs" ino=15242 ioctlcmd=7704 scontext=u:r:system_server:s0 tcontext=u:r:system_server:s0 tclass=unix_stream_socket permissive=0
05-09 10:24:47.193  1388  1388 W Binder_9: type=1400 audit(0.0:33): avc: denied { ioctl } for path="socket:[15242]" dev="sockfs" ino=15242 ioctlcmd=7704 scontext=u:r:system_server:s0 tcontext=u:r:system_server:s0 tclass=unix_stream_socket permissive=0
05-09 10:24:47.198   531   531 W InputMethodManagerService: Starting input on non-focused client android.view.inputmethod.InputMethodManager$1@77accd0 (uid=1000 pid=531)
05-09 10:24:47.203   738   738 D PhoneStatusBar: disable: < expand* icons alerts system_info back* home* recent* clock search* quick_settings >
05-09 10:24:47.213   970   970 W Binder_4: type=1400 audit(0.0:34): avc: denied { ioctl } for path="socket:[15241]" dev="sockfs" ino=15241 ioctlcmd=7704 scontext=u:r:system_server:s0 tcontext=u:r:system_server:s0 tclass=unix_stream_socket permissive=0
05-09 10:24:47.215   163  1533 I SurfaceFlinger: Boot is finished (17452 ms)
05-09 10:24:47.215  1397  1397 W LocationOracleImpl: Best location was null
05-09 10:24:47.216   970   970 W Binder_4: type=1400 audit(0.0:35): avc: denied { ioctl } for path="socket:[15241]" dev="sockfs" ino=15241 ioctlcmd=7704 scontext=u:r:system_server:s0 tcontext=u:r:system_server:s0 tclass=unix_stream_socket permissive=0
05-09 10:24:47.223  1316  1316 I Keyboard.Facilitator: onFinishInput()
05-09 10:24:47.273  1032  1032 W GAV2    : Thread[main,5,main]: Need to call initialize() and be in fallback mode to start dispatch.
05-09 10:24:47.285  1516  1516 W System  : ClassLoader referenced unknown path: /system/app/Hangouts/lib/arm
05-09 10:24:47.333   531   665 D NotificationSQLiteLog: Pruned event entries: 0
05-09 10:24:47.352   531   558 D libgps  : configuration_update: Waiting for IPC connection...
05-09 10:24:47.359  1032  1098 I Gmail   : getAccountsCursor
05-09 10:24:47.370  1032  1546 E Gmail   : Error finding the version of the Email provider.....
05-09 10:24:47.370  1032  1546 E Gmail   : android.content.pm.PackageManager$NameNotFoundException: com.google.android.email
05-09 10:24:47.370  1032  1546 E Gmail   : 	at android.app.ApplicationPackageManager.getPackageInfo(ApplicationPackageManager.java:137)
05-09 10:24:47.370  1032  1546 E Gmail   : 	at com.google.android.gm.EmailMigrationService.a(SourceFile:1280)
05-09 10:24:47.370  1032  1546 E Gmail   : 	at com.google.android.gm.EmailMigrationService.onHandleIntent(SourceFile:219)
05-09 10:24:47.370  1032  1546 E Gmail   : 	at android.app.IntentService$ServiceHandler.handleMessage(IntentService.java:66)
05-09 10:24:47.370  1032  1546 E Gmail   : 	at android.os.Handler.dispatchMessage(Handler.java:102)
05-09 10:24:47.370  1032  1546 E Gmail   : 	at android.os.Looper.loop(Looper.java:148)
05-09 10:24:47.370  1032  1546 E Gmail   : 	at android.os.HandlerThread.run(HandlerThread.java:61)
05-09 10:24:47.378  1032  1546 W EmailMigration: We do not support migrating this version of the Email provider.
05-09 10:24:47.393  1397  1397 I VS.Container: create_recognizer
05-09 10:24:47.406  1074  1074 I ConfigService: onCreate
05-09 10:24:47.453  1074  1074 V GLSActivity: AuthDelegateWrapperCreated with selected intent: Intent { cmp=com.google.android.gms/.auth.DefaultAuthDelegateService }
05-09 10:24:47.517  1074  1074 V GLSActivity: AuthDelegateWrapperCreated with selected intent: Intent { cmp=com.google.android.gms/.auth.DefaultAuthDelegateService }
05-09 10:24:47.527  1397  1564 I MicroRecognitionRnrImpl: Starting detection.
05-09 10:24:47.536  1397  1566 I MicrophoneInputStream: mic_starting com.google.android.apps.gsa.speech.audio.x@8fe2dda
05-09 10:24:47.536  1032  1544 I Gmail   : getAccountsCursor
05-09 10:24:47.541   168   669 D PermissionCache: checking android.permission.CAPTURE_AUDIO_HOTWORD for uid=10024 => granted (690 us)
05-09 10:24:47.550   168   641 I SoundTriggerHwService::Module: void android::SoundTriggerHwService::Module::onCallbackEvent(const android::sp<android::SoundTriggerHwService::CallbackEvent>&) mClient == 0
05-09 10:24:47.554  1074  1074 V GLSActivity: AuthDelegateWrapperCreated with selected intent: Intent { cmp=com.google.android.gms/.auth.DefaultAuthDelegateService }
05-09 10:24:47.563   168  1568 I AudioFlinger: AudioFlinger's thread 0xab1cab18 ready to run
05-09 10:24:47.566  1397  1566 I MicrophoneInputStream: mic_started com.google.android.apps.gsa.speech.audio.x@8fe2dda
05-09 10:24:47.571  1222  1222 D GeofencerStateMachine: Creating GeofencerStateMachine
05-09 10:24:47.607   531   660 D WifiService: New client listening to asynchronous messages
05-09 10:24:47.619  1316  1424 I Keyboard.Facilitator.MainLanguageModelLoader: run()
05-09 10:24:47.657   531   660 D WifiService: New client listening to asynchronous messages
05-09 10:24:47.712  1074  1573 D GetCommittedConfigurationOperation: no corresponding serverToken: com.google.android.gms.playlog.uploader
05-09 10:24:47.722  1074  1562 I Scheduler: Use legacy PeriodicScheduler
05-09 10:24:47.731  1222  1222 V GeofencerHelper: Initializing geofence's system cache.
05-09 10:24:47.747  1222  1222 E GmsWearableLS: GoogleApiClient connection failed: ConnectionResult{statusCode=API_UNAVAILABLE, resolution=null, message=null}
05-09 10:24:47.764  1397  1397 I HotwordWorkerImpl: onReady
05-09 10:24:47.782  1222  1379 W GCoreFlp: No location to return for getLastLocation()
05-09 10:24:47.782  1074  1552 W FusedLocationProvider: location=null
05-09 10:24:47.791  1222  1570 D GeofenceStateCache: Recovered 0 geofences.
05-09 10:24:47.817   531   573 D BluetoothManagerService: Added callback: android.bluetooth.IBluetoothManagerCallback$Stub$Proxy@3526286:true
05-09 10:24:47.928  1222  1379 W GCoreFlp: No location to return for getLastLocation()
05-09 10:24:47.987  1316  1424 I Keyboard.Facilitator.MainLanguageModelLoader: loadStaticLm() : Loading File = /system/app/LatinImeGoogle/LatinImeGoogle.apk (offset=3132360, length=4014912) with up to date LoudsLmContentVersion = 20150512
05-09 10:24:47.992  1316  1424 I Keyboard.Facilitator.DynamicLanguageModelLoader: run()
05-09 10:24:47.993  1316  1424 I Keyboard.Facilitator.DynamicLanguageModelLoader: run() : Loading LM = contacts
05-09 10:24:48.007  1316  1424 I Keyboard.Facilitator.DynamicLanguageModelLoader: run() : Missing File = Contacts.dict
05-09 10:24:48.010  1316  1424 I Keyboard.Facilitator.DynamicLanguageModelLoader: run() : Loading LM = history
05-09 10:24:48.015  1316  1424 I Keyboard.Facilitator.DynamicLanguageModelLoader: run() : Loaded File = UserHistory.en_US.dict
05-09 10:24:48.015  1316  1424 I Keyboard.Facilitator.DynamicLanguageModelLoader: run() : Loading LM = user
05-09 10:24:48.017  1316  1424 I Keyboard.Facilitator.DynamicLanguageModelLoader: run() : Missing File = Personal.en_US.dict
05-09 10:24:48.017  1316  1424 I Keyboard.Facilitator.PersonalDictionaryLoader: run() : Loading Personal Dictionary
05-09 10:24:48.017  1316  1424 I Keyboard.Personal: open()
05-09 10:24:48.017  1316  1424 I Keyboard.Personal: loadPersonalDictionary() : Start Loading
05-09 10:24:48.035  1316  1424 I Keyboard.Personal: loadPersonalDictionary() : Empty
05-09 10:24:48.035  1316  1424 I Keyboard.Personal: loadPersonalDictionary() : Loaded 0 words and 0 shortcuts
05-09 10:24:48.035  1316  1424 I Keyboard.Facilitator.Delight2FileSweeper: run()
05-09 10:24:48.035  1316  1424 I Keyboard.Facilitator.RecurringTaskScheduler: run()
05-09 10:24:48.035  1316  1424 I StatsUtilsManager: startPeriodStatsRecorder() : Success
05-09 10:24:48.041   531  1080 W ActivityManager: Unable to start service Intent { cmp=com.google.android.gm/com.android.email.service.AttachmentService } U=0: not found
05-09 10:24:48.054  1316  1424 I PeriodicStatsRecorder: shouldRecordStats() = Too Soon
05-09 10:24:48.066   996   996 W GAV2    : Thread[main,5,main]: Need to call initialize() and be in fallback mode to start dispatch.
05-09 10:24:48.070  1032  1592 I Gmail   : Observing account changes for notifications
05-09 10:24:48.109   996   996 I Exchange: EasService.onCreate
05-09 10:24:48.131  1336  1508 E NfcNciHal: Downloading patch version: 3.69 (previous version in NVM: 3.110)...
05-09 10:24:48.142   531   573 D BluetoothManagerService: Added callback: android.bluetooth.IBluetoothManagerCallback$Stub$Proxy@45a695b:true
05-09 10:24:48.143   996  1596 I Exchange: RestartPingTask
05-09 10:24:48.151  1336  1508 E NfcNciHal: Patch authentication failed
05-09 10:24:48.151  1336  1508 E NfcNciHal: postDownloadPatchram: Patch download failed
05-09 10:24:48.204  1032  1543 I art     : Waiting for a blocking GC DisableMovingGc
05-09 10:24:48.205  1032  1543 I art     : Starting a blocking GC DisableMovingGc
05-09 10:24:48.207  1516  1602 I Babel_SMS: MmsConfig: mnc/mcc: 0/0
05-09 10:24:48.207  1516  1602 I Babel_SMS: MmsConfig.loadMmsSettings
05-09 10:24:48.217  1516  1602 I Babel_SMS: MmsConfig.loadDeviceMmsSettings from API: mUserAgent=, mUaProfUrl=
05-09 10:24:48.218  1516  1602 I Babel_SMS: MmsConfig.loadFromDatabase
05-09 10:24:48.245   996   996 I Exchange: RestartPingsTask did not start any pings.
05-09 10:24:48.245   996   996 I Exchange: PSS stopIfIdle
05-09 10:24:48.245   996   996 I Exchange: PSS has no active accounts; stopping service.
05-09 10:24:48.247   996   996 I Exchange: onDestroy
05-09 10:24:48.254  1516  1516 W Settings: Setting airplane_mode_on has moved from android.provider.Settings.System to android.provider.Settings.Global, returning read-only value.
05-09 10:24:48.262  1516  1516 I Babel_Crash: startup - clean
05-09 10:24:48.264  1516  1602 E Babel_SMS: canonicalizeMccMnc: invalid mccmnc 
05-09 10:24:48.264  1516  1602 I Babel_SMS: MmsConfig.loadFromResources
05-09 10:24:48.267  1516  1602 E Babel_SMS: canonicalizeMccMnc: invalid mccmnc nullnull
05-09 10:24:48.267  1516  1602 I Babel_SMS: MmsConfig.loadMmsSettings: mUserAgent=Hangouts/4.1.102314611, mUaProfUrl=https://ssl.gstatic.com/android/hangouts/hangouts_mms_ua_profile.xml
05-09 10:24:48.301  1074  1074 D AuthorizationBluetoothService: Received GmsCore event: Intent { act=com.google.android.gms.INITIALIZE flg=0x10 pkg=com.google.android.gms cmp=com.google.android.gms/.auth.be.proximity.authorization.bt.AuthorizationBluetoothService$AutoStarter }.
05-09 10:24:48.308  1074  1605 D GCM     : GcmService start Intent { act=com.google.android.gms.INITIALIZE flg=0x10 pkg=com.google.android.gms cmp=com.google.android.gms/.gcm.GcmService } com.google.android.gms.INITIALIZE
05-09 10:24:48.312  1074  1074 V GLSActivity: AuthDelegateWrapperCreated with selected intent: Intent { cmp=com.google.android.gms/.auth.DefaultAuthDelegateService }
05-09 10:24:48.313  1074  1074 V GLSActivity: AuthDelegateWrapperCreated with selected intent: Intent { cmp=com.google.android.gms/.auth.DefaultAuthDelegateService }
05-09 10:24:48.314  1166  1166 V GmsCoreStatsServiceLauncher: Received broadcast intent Intent { act=com.google.android.gms.INITIALIZE flg=0x10 pkg=com.google.android.gms cmp=com.google.android.gms/.common.stats.GmsCoreStatsServiceLauncher }
05-09 10:24:48.334  1222  1607 E MDM     : [95] b.run: Couldn't connect to Google API client: ConnectionResult{statusCode=API_UNAVAILABLE, resolution=null, message=null}
05-09 10:24:48.345  1166  1608 D LocationInitializer: Restart initialization of location
05-09 10:24:48.348  1516  1527 W art     : Suspending all threads took: 15.728ms
05-09 10:24:48.354  1074  1074 D AuthorizationBluetoothService: Received GmsCore event: Intent { act=com.google.android.gms.INITIALIZE flg=0x10 pkg=com.google.android.gms cmp=com.google.android.gms/.auth.be.proximity.authorization.bt.AuthorizationBluetoothService$AutoStarter }.
05-09 10:24:48.369  1074  1609 D GCM     : GcmService start Intent { act=com.google.android.gms.INITIALIZE flg=0x10 pkg=com.google.android.gms cmp=com.google.android.gms/.gcm.GcmService } com.google.android.gms.INITIALIZE
05-09 10:24:48.371  1074  1074 V GLSActivity: AuthDelegateWrapperCreated with selected intent: Intent { cmp=com.google.android.gms/.auth.DefaultAuthDelegateService }
05-09 10:24:48.373  1166  1166 V GmsCoreStatsServiceLauncher: Received broadcast intent Intent { act=com.google.android.gms.INITIALIZE flg=0x10 pkg=com.google.android.gms cmp=com.google.android.gms/.common.stats.GmsCoreStatsServiceLauncher }
05-09 10:24:48.387  1222  1379 W GCoreFlp: No location to return for getLastLocation()
