05-09 10:12:54.084  1516  1516 I ProviderInstaller: Installed default security provider GmsCore_OpenSSL
05-09 10:12:54.101  1516  1516 D WearableService: callingUid 10008, callindPid: 1516
05-09 10:12:54.134  1516  1562 D NativeLibraryUtils: Install completed successfully. count=17 extracted=0
05-09 10:12:54.160  1473  1509 W GCoreFlp: No location to return for getLastLocation()
05-09 10:12:54.240  1473  1473 E GmsWearableLS: GoogleApiClient connection failed: ConnectionResult{statusCode=API_UNAVAILABLE, resolution=null, message=null}
05-09 10:12:54.242  1545  1545 W System  : ClassLoader referenced unknown path: /system/app/Maps/lib/arm64
05-09 10:12:54.247  1452  1493 I Icing   : updateResources: need to parse f{com.google.android.gms}
05-09 10:12:54.269  1473  1563 I GCoreUlr: WorldUpdater received intent Intent { act=com.google.android.location.reporting.ACTION_UPDATE_WORLD cmp=com.google.android.gms/com.google.android.location.reporting.service.DispatchingService (has extras) } with receiverAction android.location.PROVIDERS_CHANGED
05-09 10:12:54.339  1473  1509 W GCoreFlp: No location to return for getLastLocation()
05-09 10:12:54.340  1473  1509 W GCoreFlp: No location to return for getLastLocation()
05-09 10:12:54.374  1473  1563 I GCoreUlr: WorldUpdater:android.location.PROVIDERS_CHANGED: Ensuring that reporting is stopped because of reasons: (no Google accounts)
05-09 10:12:54.377  1473  1509 W GCoreFlp: No location to return for getLastLocation()
05-09 10:12:54.377  1473  1509 W GCoreFlp: No location to return for getLastLocation()
05-09 10:12:54.386  1473  1563 I GCoreUlr: Unbound from all location providers
05-09 10:12:54.406  1473  1473 I GCoreUlr: DispatchingService.onDestroy()
05-09 10:12:54.406  1473  1473 I GCoreUlr: Stopping handler for UlrDispSvcFast
05-09 10:12:54.408  1473  1473 I GCoreUlr: Unbound from all location providers
05-09 10:12:54.422  1473  1544 W Settings: Setting airplane_mode_on has moved from android.provider.Settings.System to android.provider.Settings.Global, returning read-only value.
05-09 10:12:54.433  1170  1170 W Binder_6: type=1400 audit(0.0:36): avc: denied { ioctl } for path="socket:[15830]" dev="sockfs" ino=15830 ioctlcmd=7704 scontext=u:r:system_server:s0 tcontext=u:r:system_server:s0 tclass=unix_stream_socket permissive=0
05-09 10:12:54.433  1170  1170 W Binder_6: type=1400 audit(0.0:37): avc: denied { ioctl } for path="socket:[15830]" dev="sockfs" ino=15830 ioctlcmd=7704 scontext=u:r:system_server:s0 tcontext=u:r:system_server:s0 tclass=unix_stream_socket permissive=0
05-09 10:12:54.489  1452  1493 I Icing   : Internal init done: storage state 0
05-09 10:12:54.506  1452  1501 W Icing   : Received bad json for section weights override -- ignoring.
05-09 10:12:54.506  1452  1501 W Icing   : Received bad json for corpus scoring config -- ignoring.
05-09 10:12:54.506  1452  1501 W Icing   : Received bad json for corpus context scoring override -- ignoring.
05-09 10:12:54.507  1452  1501 W Icing   : Received bad json for section weights override -- ignoring.
05-09 10:12:54.507  1452  1501 W Icing   : Received bad json for corpus scoring config -- ignoring.
05-09 10:12:54.507  1452  1501 W Icing   : Received bad json for corpus context scoring override -- ignoring.
05-09 10:12:54.513  1452  1493 I Icing   : Post-init done
05-09 10:12:54.614   529   564 D libgps  : configuration_update: Waiting for IPC connection - timeout
05-09 10:12:54.614   529   564 E libgps  : LIBGPS: Cannot communicate (write) with a GPSD
05-09 10:12:54.614   529   564 E libgps  : IPC Communication Error 1, ../../../../tmp/14042980_235285/proprietary/deliverables/android/gps_interface/gpsi_client/GpsiClient.cpp:1965 configuration_update
05-09 10:12:54.617   529   564 D GpsLocationProvider: final config = #Thu May 09 10:12:52 GMT+01:00 2019
05-09 10:12:54.617   529   564 D GpsLocationProvider: XTRA_SERVER_2=http\://gllto2.glpals.com/7day/v3/latest/lto2.dat
05-09 10:12:54.617   529   564 D GpsLocationProvider: SUPL_VER=0x20000
05-09 10:12:54.617   529   564 D GpsLocationProvider: SUPL_HOST=supl.google.com
05-09 10:12:54.617   529   564 D GpsLocationProvider: NTP_SERVER=pool.ntp.org
05-09 10:12:54.617   529   564 D GpsLocationProvider: XTRA_SERVER_1=http\://gllto1.glpals.com/7day/v3/latest/lto2.dat
05-09 10:12:54.617   529   564 D GpsLocationProvider: SUPL_PORT=7275
05-09 10:12:54.617   529   564 D GpsLocationProvider: SUPL_MODE=1
05-09 10:12:54.618   529   564 D libgps  : proxy_gps_init: called.
05-09 10:12:54.618   529   564 D libgps  : proxy_gps_xtra_init: called.
05-09 10:12:54.618   529   564 E GpsLocationProvider: no AGPS interface in set_agps_server
05-09 10:12:54.625   178   178 D gpsd    : WakeLock(Acquire,GPSD)
05-09 10:12:54.625   178   178 D gpsd    : WakeLock(Release,GPSD)
05-09 10:12:54.626   529  1585 D libgps  : GeofenceControllerStateWaitForConnection: EXIT
05-09 10:12:54.626   529  1585 D libgps  : GeofenceControllerStateConnected: ENTRY
05-09 10:12:54.626   178   178 D gpsd    : WakeLock(Acquire,GPSD)
05-09 10:12:54.627   178   178 D gpsd    : WakeLock(Release,GPSD)
05-09 10:12:54.627   529  1585 D libgps  : proxy_gps_set_capabilities_cb: called.
05-09 10:12:54.627   529  1585 D GpsLocationProvider: set_capabilities_callback: 0u
05-09 10:12:54.657  1252  1351 E BrcmNfcNfa: NCI version mismatch!!:0x10 != 0x11 
05-09 10:12:54.681  1252  1338 E         : bool CNxpNfcConfig::readConfig(const char*, bool) Cannot open config file /etc/libnfc-nxp.conf
05-09 10:12:54.681  1252  1338 E         : bool CNxpNfcConfig::readConfig(const char*, bool) Using default value for all settings
05-09 10:12:54.681   529   564 I ActivityManager: Start proc 1587:com.android.printspooler/u0a71 for service com.android.printspooler/.model.PrintSpoolerService
05-09 10:12:54.681  1252  1338 D         : phNxpLog_InitializeLogLevel: global =1, Fwdnld =1, extns =1,                 hal =1, tml =1, ncir =1,                 ncix =1
05-09 10:12:54.681  1252  1338 D BrcmNfcJni: RoutingManager::initialize(): try ee register
05-09 10:12:54.681  1252  1351 D BrcmNfcJni: RoutingManager::nfaEeCallback: NFA_EE_REGISTER_EVT; status=0
05-09 10:12:54.681  1252  1351 D BrcmNfcJni: nfaEeCallback: NFA_EE_DISCOVER_REQ_EVT; status=0x0; num ee=0
05-09 10:12:54.682  1252  1351 D BrcmNfcJni: RoutingManager::stackCallback: event=0x15
05-09 10:12:54.682  1252  1351 D BrcmNfcJni: RoutingManager::stackCallback: NFA_CE_REGISTERED_EVT; status=0x0; h=0x301
05-09 10:12:54.698  1252  1338 D NdefPushServer: start, thread = null
05-09 10:12:54.698  1252  1338 D NdefPushServer: starting new server thread
05-09 10:12:54.700  1252  1602 D NdefPushServer: about create LLCP service socket
05-09 10:12:54.700  1252  1602 D NdefPushServer: created LLCP service socket
05-09 10:12:54.701  1252  1602 D NdefPushServer: about to accept
05-09 10:12:54.710  1252  1252 D NfcService: Not committing routing because discovery is disabled.
05-09 10:12:54.710  1587  1587 I PrintSpoolerService: No existing print spooler state.
05-09 10:12:54.713  1473  1473 V GmsNetworkLocationProvi: DISABLE
05-09 10:12:54.715  1252  1351 D BrcmNfcJni: RoutingManager::nfaEeCallback: NFA_EE_SET_TECH_CFG_EVT; status=0x0
05-09 10:12:54.715  1252  1351 D BrcmNfcJni: RoutingManager::nfaEeCallback: NFA_EE_SET_PROTO_CFG_EVT; status=0x0
05-09 10:12:54.716  1252  1338 D BrcmNfcJni: RoutingManager::commitRouting
05-09 10:12:54.717  1252  1351 D BrcmNfcJni: RoutingManager::nfaEeCallback: NFA_EE_UPDATED_EVT
05-09 10:12:54.718  1252  1605 E WVMExtractor: Failed to open libwvm.so: dlopen failed: library "libwvm.so" not found
05-09 10:12:54.726  1252  1608 I OMXClient: Using client-side OMX mux.
05-09 10:12:54.777  1252  1351 E BrcmNfcJni: nfaConnectionCallback: unknown event ????
05-09 10:12:54.778  1252  1351 D BrcmNfcJni: RoutingManager::nfaEeCallback: NFA_EE_SET_TECH_CFG_EVT; status=0x0
05-09 10:12:54.778  1252  1351 D BrcmNfcJni: RoutingManager::nfaEeCallback: NFA_EE_SET_PROTO_CFG_EVT; status=0x0
05-09 10:12:54.778  1252  1611 D BrcmNfcJni: RoutingManager::commitRouting
05-09 10:12:54.779  1252  1351 D BrcmNfcJni: RoutingManager::nfaEeCallback: NFA_EE_UPDATED_EVT
05-09 10:12:54.792  1252  1615 I OMXClient: Using client-side OMX mux.
05-09 10:12:54.824  1545  1545 D StrictMode: StrictMode policy violation; ~duration=240 ms: android.os.StrictMode$StrictModeDiskReadViolation: policy=65567 violation=2
05-09 10:12:54.824  1545  1545 D StrictMode: 	at android.os.StrictMode$AndroidBlockGuardPolicy.onReadFromDisk(StrictMode.java:1263)
05-09 10:12:54.824  1545  1545 D StrictMode: 	at libcore.io.BlockGuardOs.access(BlockGuardOs.java:67)
05-09 10:12:54.824  1545  1545 D StrictMode: 	at java.io.File.doAccess(File.java:281)
05-09 10:12:54.824  1545  1545 D StrictMode: 	at java.io.File.exists(File.java:361)
05-09 10:12:54.824  1545  1545 D StrictMode: 	at android.app.ContextImpl.createFilesDirLocked(ContextImpl.java:418)
05-09 10:12:54.824  1545  1545 D StrictMode: 	at android.app.ContextImpl.getFilesDir(ContextImpl.java:441)
05-09 10:12:54.824  1545  1545 D StrictMode: 	at android.app.ContextImpl.openFileInput(ContextImpl.java:383)
05-09 10:12:54.824  1545  1545 D StrictMode: 	at android.content.ContextWrapper.openFileInput(ContextWrapper.java:177)
05-09 10:12:54.824  1545  1545 D StrictMode: 	at com.google.android.apps.gmm.shared.i.h.a(PG:250)
05-09 10:12:54.824  1545  1545 D StrictMode: 	at com.google.android.apps.gmm.map.m.q.a(PG:8693)
05-09 10:12:54.824  1545  1545 D StrictMode: 	at com.google.android.apps.gmm.shared.f.a.a(PG:48)
05-09 10:12:54.824  1545  1545 D StrictMode: 	at com.google.android.apps.gmm.map.m.e.a(PG:1531)
05-09 10:12:54.824  1545  1545 D StrictMode: 	at com.google.android.apps.gmm.base.app.a.a(PG:244)
05-09 10:12:54.824  1545  1545 D StrictMode: 	at com.google.android.apps.gmm.base.app.a.a(PG:2265)
05-09 10:12:54.824  1545  1545 D StrictMode: 	at com.google.android.apps.gmm.base.app.GoogleMapsApplication.a(PG:206)
05-09 10:12:54.824  1545  1545 D StrictMode: 	at com.google.android.apps.gmm.base.app.GoogleMapsApplication.onCreate(PG:174)
05-09 10:12:54.824  1545  1545 D StrictMode: 	at android.app.Instrumentation.callApplicationOnCreate(Instrumentation.java:1013)
05-09 10:12:54.824  1545  1545 D StrictMode: 	at android.app.ActivityThread.handleBindApplication(ActivityThread.java:4707)
05-09 10:12:54.824  1545  1545 D StrictMode: 	at android.app.ActivityThread.-wrap1(ActivityThread.java)
05-09 10:12:54.824  1545  1545 D StrictMode: 	at android.app.ActivityThread$H.handleMessage(ActivityThread.java:1405)
05-09 10:12:54.824  1545  1545 D StrictMode: 	at android.os.Handler.dispatchMessage(Handler.java:102)
05-09 10:12:54.824  1545  1545 D StrictMode: 	at android.os.Looper.loop(Looper.java:148)
05-09 10:12:54.824  1545  1545 D StrictMode: 	at android.app.ActivityThread.main(ActivityThread.java:5417)
05-09 10:12:54.824  1545  1545 D StrictMode: 	at java.lang.reflect.Method.invoke(Native Method)
05-09 10:12:54.824  1545  1545 D StrictMode: 	at com.android.internal.os.ZygoteInit$MethodAndArgsCaller.run(ZygoteInit.java:726)
05-09 10:12:54.824  1545  1545 D StrictMode: 	at com.android.internal.os.ZygoteInit.main(ZygoteInit.java:616)
05-09 10:12:54.825  1545  1545 D StrictMode: StrictMode policy violation; ~duration=239 ms: android.os.StrictMode$StrictModeDiskReadViolation: policy=65567 violation=2
05-09 10:12:54.825  1545  1545 D StrictMode: 	at android.os.StrictMode$AndroidBlockGuardPolicy.onReadFromDisk(StrictMode.java:1263)
05-09 10:12:54.825  1545  1545 D StrictMode: 	at libcore.io.BlockGuardOs.open(BlockGuardOs.java:182)
05-09 10:12:54.825  1545  1545 D StrictMode: 	at libcore.io.IoBridge.open(IoBridge.java:438)
05-09 10:12:54.825  1545  1545 D StrictMode: 	at java.io.FileInputStream.<init>(FileInputStream.java:76)
05-09 10:12:54.825  1545  1545 D StrictMode: 	at android.app.ContextImpl.openFileInput(ContextImpl.java:384)
05-09 10:12:54.825  1545  1545 D StrictMode: 	at android.content.ContextWrapper.openFileInput(ContextWrapper.java:177)
05-09 10:12:54.825  1545  1545 D StrictMode: 	at com.google.android.apps.gmm.shared.i.h.a(PG:250)
05-09 10:12:54.825  1545  1545 D StrictMode: 	at com.google.android.apps.gmm.map.m.q.a(PG:8693)
05-09 10:12:54.825  1545  1545 D StrictMode: 	at com.google.android.apps.gmm.shared.f.a.a(PG:48)
05-09 10:12:54.825  1545  1545 D StrictMode: 	at com.google.android.apps.gmm.map.m.e.a(PG:1531)
05-09 10:12:54.825  1545  1545 D StrictMode: 	at com.google.android.apps.gmm.base.app.a.a(PG:244)
05-09 10:12:54.825  1545  1545 D StrictMode: 	at com.google.android.apps.gmm.base.app.a.a(PG:2265)
05-09 10:12:54.825  1545  1545 D StrictMode: 	at com.google.android.apps.gmm.base.app.GoogleMapsApplication.a(PG:206)
05-09 10:12:54.825  1545  1545 D StrictMode: 	at com.google.android.apps.gmm.base.app.GoogleMapsApplication.onCreate(PG:174)
05-09 10:12:54.825  1545  1545 D StrictMode: 	at android.app.Instrumentation.callApplicationOnCreate(Instrumentation.java:1013)
05-09 10:12:54.825  1545  1545 D StrictMode: 	at android.app.ActivityThread.handleBindApplication(ActivityThread.java:4707)
05-09 10:12:54.825  1545  1545 D StrictMode: 	at android.app.ActivityThread.-wrap1(ActivityThread.java)
05-09 10:12:54.825  1545  1545 D StrictMode: 	at android.app.ActivityThread$H.handleMessage(ActivityThread.java:1405)
05-09 10:12:54.825  1545  1545 D StrictMode: 	at android.os.Handler.dispatchMessage(Handler.java:102)
05-09 10:12:54.825  1545  1545 D StrictMode: 	at android.os.Looper.loop(Looper.java:148)
05-09 10:12:54.825  1545  1545 D StrictMode: 	at android.app.ActivityThread.main(ActivityThread.java:5417)
05-09 10:12:54.825  1545  1545 D StrictMode: 	at java.lang.reflect.Method.invoke(Native Method)
05-09 10:12:54.825  1545  1545 D StrictMode: 	at com.android.internal.os.ZygoteInit$MethodAndArgsCaller.run(ZygoteInit.java:726)
05-09 10:12:54.825  1545  1545 D StrictMode: 	at com.android.internal.os.ZygoteInit.main(ZygoteInit.java:616)
05-09 10:12:54.825  1545  1545 D StrictMode: StrictMode policy violation; ~duration=237 ms: android.os.StrictMode$StrictModeDiskReadViolation: policy=65567 violation=2
05-09 10:12:54.825  1545  1545 D StrictMode: 	at android.os.StrictMode$AndroidBlockGuardPolicy.onReadFromDisk(StrictMode.java:1263)
05-09 10:12:54.825  1545  1545 D StrictMode: 	at libcore.io.BlockGuardOs.fstat(BlockGuardOs.java:132)
05-09 10:12:54.825  1545  1545 D StrictMode: 	at libcore.io.IoBridge.open(IoBridge.java:441)
05-09 10:12:54.825  1545  1545 D StrictMode: 	at java.io.FileInputStream.<init>(FileInputStream.java:76)
05-09 10:12:54.825  1545  1545 D StrictMode: 	at android.app.ContextImpl.openFileInput(ContextImpl.java:384)
05-09 10:12:54.825  1545  1545 D StrictMode: 	at android.content.ContextWrapper.openFileInput(ContextWrapper.java:177)
05-09 10:12:54.825  1545  1545 D StrictMode: 	at com.google.android.apps.gmm.shared.i.h.a(PG:250)
05-09 10:12:54.825  1545  1545 D StrictMode: 	at com.google.android.apps.gmm.map.m.q.a(PG:8693)
05-09 10:12:54.825  1545  1545 D StrictMode: 	at com.google.android.apps.gmm.shared.f.a.a(PG:48)
05-09 10:12:54.825  1545  1545 D StrictMode: 	at com.google.android.apps.gmm.map.m.e.a(PG:1531)
05-09 10:12:54.825  1545  1545 D StrictMode: 	at com.google.android.apps.gmm.base.app.a.a(PG:244)
05-09 10:12:54.825  1545  1545 D StrictMode: 	at com.google.android.apps.gmm.base.app.a.a(PG:2265)
05-09 10:12:54.825  1545  1545 D StrictMode: 	at com.google.android.apps.gmm.base.app.GoogleMapsApplication.a(PG:206)
05-09 10:12:54.825  1545  1545 D StrictMode: 	at com.google.android.apps.gmm.base.app.GoogleMapsApplication.onCreate(PG:174)
05-09 10:12:54.825  1545  1545 D StrictMode: 	at android.app.Instrumentation.callApplicationOnCreate(Instrumentation.java:1013)
05-09 10:12:54.825  1545  1545 D StrictMode: 	at android.app.ActivityThread.handleBindApplication(ActivityThread.java:4707)
05-09 10:12:54.825  1545  1545 D StrictMode: 	at android.app.ActivityThread.-wrap1(ActivityThread.java)
05-09 10:12:54.825  1545  1545 D StrictMode: 	at android.app.ActivityThread$H.handleMessage(ActivityThread.java:1405)
05-09 10:12:54.825  1545  1545 D StrictMode: 	at android.os.Handler.dispatchMessage(Handler.java:102)
05-09 10:12:54.825  1545  1545 D StrictMode: 	at android.os.Looper.loop(Looper.java:148)
05-09 10:12:54.825  1545  1545 D StrictMode: 	at android.app.ActivityThread.main(ActivityThread.java:5417)
05-09 10:12:54.825  1545  1545 D StrictMode: 	at java.lang.reflect.Method.invoke(Native Method)
05-09 10:12:54.825  1545  1545 D StrictMode: 	at com.android.internal.os.ZygoteInit$MethodAndArgsCaller.run(ZygoteInit.java:726)
05-09 10:12:54.825  1545  1545 D StrictMode: 	at com.android.internal.os.ZygoteInit.main(ZygoteInit.java:616)
05-09 10:12:54.825  1545  1545 D StrictMode: StrictMode policy violation; ~duration=230 ms: android.os.StrictMode$StrictModeDiskReadViolation: policy=65567 violation=2
05-09 10:12:54.825  1545  1545 D StrictMode: 	at android.os.StrictMode$AndroidBlockGuardPolicy.onReadFromDisk(StrictMode.java:1263)
05-09 10:12:54.825  1545  1545 D StrictMode: 	at libcore.io.BlockGuardOs.read(BlockGuardOs.java:229)
05-09 10:12:54.825  1545  1545 D StrictMode: 	at libcore.io.IoBridge.read(IoBridge.java:468)
05-09 10:12:54.825  1545  1545 D StrictMode: 	at java.io.FileInputStream.read(FileInputStream.java:177)
05-09 10:12:54.825  1545  1545 D StrictMode: 	at java.io.BufferedInputStream.read(BufferedInputStream.java:290)
05-09 10:12:54.825  1545  1545 D StrictMode: 	at java.io.DataInputStream.read(DataInputStream.java:63)
05-09 10:12:54.825  1545  1545 D StrictMode: 	at com.google.r.k.d(PG:1187)
05-09 10:12:54.825  1545  1545 D StrictMode: 	at com.google.r.k.a(PG:2107)
05-09 10:12:54.825  1545  1545 D StrictMode: 	at com.google.w.a.a.do.<init>(PG:23)
05-09 10:12:54.825  1545  1545 D StrictMode: 	at com.google.w.a.a.do.a(PG:405)
05-09 10:12:54.825  1545  1545 D StrictMode: 	at com.google.r.v.a(PG:1161)
05-09 10:12:54.825  1545  1545 D StrictMode: 	at com.google.r.y.a(PG:2188)
05-09 10:12:54.825  1545  1545 D StrictMode: 	at com.google.r.e.b(PG:170)
05-09 10:12:54.825  1545  1545 D StrictMode: 	at com.google.r.e.b(PG:15188)
05-09 10:12:54.825  1545  1545 D StrictMode: 	at com.google.android.apps.gmm.shared.i.h.a(PG:251)
05-09 10:12:54.825  1545  1545 D StrictMode: 	at com.google.android.apps.gmm.map.m.q.a(PG:8693)
05-09 10:12:54.825  1545  1545 D StrictMode: 	at com.google.android.apps.gmm.shared.f.a.a(PG:48)
05-09 10:12:54.825  1545  1545 D StrictMode: 	at com.google.android.apps.gmm.map.m.e.a(PG:1531)
05-09 10:12:54.825  1545  1545 D StrictMode: 	at com.google.android.apps.gmm.base.app.a.a(PG:244)
05-09 10:12:54.825  1545  1545 D StrictMode: 	at com.google.android.apps.gmm.base.app.a.a(PG:2265)
05-09 10:12:54.825  1545  1545 D StrictMode: 	at com.google.android.apps.gmm.base.app.GoogleMapsApplication.a(PG:206)
05-09 10:12:54.825  1545  1545 D StrictMode: 	at com.google.android.apps.gmm.base.app.GoogleMapsApplication.onCreate(PG:174)
05-09 10:12:54.825  1545  1545 D StrictMode: 	at android.app.Instrumentation.callApplicationOnCreate(Instrumentation.java:1013)
05-09 10:12:54.825  1545  1545 D StrictMode: 	at android.app.ActivityThread.handleBindApplication(ActivityThread.java:4707)
05-09 10:12:54.825  1545  1545 D StrictMode: 	at android.app.ActivityThread.-wrap1(ActivityThread.java)
05-09 10:12:54.825  1545  1545 D StrictMode: 	at android.app.ActivityThread$H.handleMessage(ActivityThread.java:1405)
05-09 10:12:54.825  1545  1545 D StrictMode: 	at android.os.Handler.dispatchMessage(Handler.java:102)
05-09 10:12:54.825  1545  1545 D StrictMode: 	at android.os.Looper.loop(Looper.java:148)
05-09 10:12:54.825  1545  1545 D StrictMode: 	at android.app.ActivityThread.main(ActivityThread.java:5417)
05-09 10:12:54.825  1545  1545 D StrictMode: 	at java.lang.reflect.Method.invoke(Native Method)
05-09 10:12:54.825  1545  1545 D StrictMode: 	at com.android.internal.os.ZygoteInit$MethodAndArgsCaller.run(ZygoteInit.java:726)
05-09 10:12:54.825  1545  1545 D StrictMode: 	at com.android.internal.os.ZygoteInit.main(ZygoteInit.java:616)
05-09 10:12:54.825  1545  1545 D StrictMode: StrictMode policy violation; ~duration=214 ms: android.os.StrictMode$StrictModeDiskReadViolation: policy=65567 violation=2
05-09 10:12:54.825  1545  1545 D StrictMode: 	at android.os.StrictMode$AndroidBlockGuardPolicy.onReadFromDisk(StrictMode.java:1263)
05-09 10:12:54.825  1545  1545 D StrictMode: 	at libcore.io.BlockGuardOs.read(BlockGuardOs.java:229)
05-09 10:12:54.825  1545  1545 D StrictMode: 	at libcore.io.IoBridge.read(IoBridge.java:468)
05-09 10:12:54.825  1545  1545 D StrictMode: 	at java.io.FileInputStream.read(FileInputStream.java:177)
05-09 10:12:54.825  1545  1545 D StrictMode: 	at java.io.BufferedInputStream.read(BufferedInputStream.java:290)
05-09 10:12:54.825  1545  1545 D StrictMode: 	at java.io.DataInputStream.read(DataInputStream.java:63)
05-09 10:12:54.825  1545  1545 D StrictMode: 	at com.google.r.k.d(PG:1187)
05-09 10:12:54.825  1545  1545 D StrictMode: 	at com.google.r.k.c(PG:18147)
05-09 10:12:54.825  1545  1545 D StrictMode: 	at com.google.r.k.d(PG:583)
05-09 10:12:54.825  1545  1545 D StrictMode: 	at com.google.w.a.a.do.<init>(PG:40)
05-09 10:12:54.825  1545  1545 D StrictMode: 	at com.google.w.a.a.do.a(PG:405)
05-09 10:12:54.825  1545  1545 D StrictMode: 	at com.google.r.v.a(PG:1161)
05-09 10:12:54.825  1545  1545 D StrictMode: 	at com.google.r.y.a(PG:2188)
05-09 10:12:54.825  1545  1545 D StrictMode: 	at com.google.r.e.b(PG:170)
05-09 10:12:54.825  1545  1545 D StrictMode: 	at com.google.r.e.b(PG:15188)
05-09 10:12:54.825  1545  1545 D StrictMode: 	at com.google.android.apps.gmm.shared.i.h.a(PG:251)
05-09 10:12:54.825  1545  1545 D StrictMode: 	at com.google.android.apps.gmm.map.m.q.a(PG:8693)
05-09 10:12:54.825  1545  1545 D StrictMode: 	at com.google.android.apps.gmm.shared.f.a.a(PG:48)
05-09 10:12:54.825  1545  1545 D StrictMode: 	at com.google.android.apps.gmm.map.m.e.a(PG:1531)
05-09 10:12:54.825  1545  1545 D StrictMode: 	at com.google.android.apps.gmm.base.app.a.a(PG:244)
05-09 10:12:54.825  1545  1545 D StrictMode: 	at com.google.android.apps.gmm.base.app.a.a(PG:2265)
05-09 10:12:54.825  1545  1545 D StrictMode: 	at com.google.android.apps.gmm.base.app.GoogleMapsApplication.a(PG:206)
05-09 10:12:54.825  1545  1545 D StrictMode: 	at com.google.android.apps.gmm.base.app.GoogleMapsApplication.onCreate(PG:174)
05-09 10:12:54.825  1545  1545 D StrictMode: 	at android.app.Instrumentation.callApplicationOnCreate(Instrumentation.java:1013)
05-09 10:12:54.825  1545  1545 D StrictMode: 	at android.app.ActivityThread.handleBindApplication(ActivityThread.java:4707)
05-09 10:12:54.825  1545  1545 D StrictMode: 	at android.app.ActivityThread.-wrap1(ActivityThread.java)
05-09 10:12:54.825  1545  1545 D StrictMode: 	at android.app.ActivityThread$H.handleMessage(ActivityThread.java:1405)
05-09 10:12:54.825  1545  1545 D StrictMode: 	at android.os.Handler.dispatchMessage(Handler.java:102)
05-09 10:12:54.825  1545  1545 D StrictMode: 	at android.os.Looper.loop(Looper.java:148)
05-09 10:12:54.825  1545  1545 D StrictMode: 	at android.app.ActivityThread.main(ActivityThread.java:5417)
05-09 10:12:54.825  1545  1545 D StrictMode: 	at java.lang.reflect.Method.invoke(Native Method)
05-09 10:12:54.825  1545  1545 D StrictMode: 	at com.android.internal.os.ZygoteInit$MethodAndArgsCaller.run(ZygoteInit.java:726)
05-09 10:12:54.825  1545  1545 D StrictMode: 	at com.android.internal.os.ZygoteInit.main(ZygoteInit.java:616)
05-09 10:12:54.825  1545  1545 D StrictMode: StrictMode policy violation; ~duration=161 ms: android.os.StrictMode$StrictModeDiskReadViolation: policy=65567 violation=2
05-09 10:12:54.825  1545  1545 D StrictMode: 	at android.os.StrictMode$AndroidBlockGuardPolicy.onReadFromDisk(StrictMode.java:1263)
05-09 10:12:54.825  1545  1545 D StrictMode: 	at libcore.io.BlockGuardOs.access(BlockGuardOs.java:67)
05-09 10:12:54.825  1545  1545 D StrictMode: 	at java.io.File.doAccess(File.java:281)
05-09 10:12:54.825  1545  1545 D StrictMode: 	at java.io.File.exists(File.java:361)
05-09 10:12:54.825  1545  1545 D StrictMode: 	at android.app.ContextImpl.createFilesDirLocked(ContextImpl.java:418)
05-09 10:12:54.825  1545  1545 D StrictMode: 	at android.app.ContextImpl.getFilesDir(ContextImpl.java:441)
05-09 10:12:54.825  1545  1545 D StrictMode: 	at android.app.ContextImpl.getFileStreamPath(ContextImpl.java:549)
05-09 10:12:54.825  1545  1545 D StrictMode: 	at android.content.ContextWrapper.getFileStreamPath(ContextWrapper.java:193)
05-09 10:12:54.825  1545  1545 D StrictMode: 	at com.google.android.apps.gmm.map.m.q.a(PG:8701)
05-09 10:12:54.825  1545  1545 D StrictMode: 	at com.google.android.apps.gmm.shared.f.a.a(PG:48)
05-09 10:12:54.825  1545  1545 D StrictMode: 	at com.google.android.apps.gmm.map.m.e.a(PG:1531)
05-09 10:12:54.825  1545  1545 D StrictMode: 	at com.google.android.apps.gmm.base.app.a.a(PG:244)
05-09 10:12:54.825  1545  1545 D StrictMode: 	at com.google.android.apps.gmm.base.app.a.a(PG:2265)
05-09 10:12:54.825  1545  1545 D StrictMode: 	at com.google.android.apps.gmm.base.app.GoogleMapsApplication.a(PG:206)
05-09 10:12:54.825  1545  1545 D StrictMode: 	at com.google.android.apps.gmm.base.app.GoogleMapsApplication.onCreate(PG:174)
05-09 10:12:54.825  1545  1545 D StrictMode: 	at android.app.Instrumentation.callApplicationOnCreate(Instrumentation.java:1013)
05-09 10:12:54.825  1545  1545 D StrictMode: 	at android.app.ActivityThread.handleBindApplication(ActivityThread.java:4707)
05-09 10:12:54.825  1545  1545 D StrictMode: 	at android.app.ActivityThread.-wrap1(ActivityThread.java)
05-09 10:12:54.825  1545  1545 D StrictMode: 	at android.app.ActivityThread$H.handleMessage(ActivityThread.java:1405)
05-09 10:12:54.825  1545  1545 D StrictMode: 	at android.os.Handler.dispatchMessage(Handler.java:102)
05-09 10:12:54.825  1545  1545 D StrictMode: 	at android.os.Looper.loop(Looper.java:148)
05-09 10:12:54.825  1545  1545 D StrictMode: 	at android.app.ActivityThread.main(ActivityThread.java:5417)
05-09 10:12:54.825  1545  1545 D StrictMode: 	at java.lang.reflect.Method.invoke(Native Method)
05-09 10:12:54.825  1545  1545 D StrictMode: 	at com.android.internal.os.ZygoteInit$MethodAndArgsCaller.run(ZygoteInit.java:726)
05-09 10:12:54.825  1545  1545 D StrictMode: 	at com.android.internal.os.ZygoteInit.main(ZygoteInit.java:616)
05-09 10:12:54.825  1545  1545 D StrictMode: StrictMode policy violation; ~duration=161 ms: android.os.StrictMode$StrictModeDiskReadViolation: policy=65567 violation=2
05-09 10:12:54.825  1545  1545 D StrictMode: 	at android.os.StrictMode$AndroidBlockGuardPolicy.onReadFromDisk(StrictMode.java:1263)
05-09 10:12:54.825  1545  1545 D StrictMode: 	at libcore.io.BlockGuardOs.access(BlockGuardOs.java:67)
05-09 10:12:54.825  1545  1545 D StrictMode: 	at java.io.File.doAccess(File.java:281)
05-09 10:12:54.825  1545  1545 D StrictMode: 	at java.io.File.exists(File.java:361)
05-09 10:12:54.825  1545  1545 D StrictMode: 	at com.google.android.apps.gmm.map.m.q.a(PG:8703)
05-09 10:12:54.825  1545  1545 D StrictMode: 	at com.google.android.apps.gmm.shared.f.a.a(PG:48)
05-09 10:12:54.825  1545  1545 D StrictMode: 	at com.google.android.apps.gmm.map.m.e.a(PG:1531)
05-09 10:12:54.825  1545  1545 D StrictMode: 	at com.google.android.apps.gmm.base.app.a.a(PG:244)
05-09 10:12:54.825  1545  1545 D StrictMode: 	at com.google.android.apps.gmm.base.app.a.a(PG:2265)
05-09 10:12:54.825  1545  1545 D StrictMode: 	at com.google.android.apps.gmm.base.app.GoogleMapsApplication.a(PG:206)
05-09 10:12:54.825  1545  1545 D StrictMode: 	at com.google.android.apps.gmm.base.app.GoogleMapsApplication.onCreate(PG:174)
05-09 10:12:54.825  1545  1545 D StrictMode: 	at android.app.Instrumentation.callApplicationOnCreate(Instrumentation.java:1013)
05-09 10:12:54.825  1545  1545 D StrictMode: 	at android.app.ActivityThread.handleBindApplication(ActivityThread.java:4707)
05-09 10:12:54.825  1545  1545 D StrictMode: 	at android.app.ActivityThread.-wrap1(ActivityThread.java)
05-09 10:12:54.825  1545  1545 D StrictMode: 	at android.app.ActivityThread$H.handleMessage(ActivityThread.java:1405)
05-09 10:12:54.825  1545  1545 D StrictMode: 	at android.os.Handler.dispatchMessage(Handler.java:102)
05-09 10:12:54.825  1545  1545 D StrictMode: 	at android.os.Looper.loop(Looper.java:148)
05-09 10:12:54.825  1545  1545 D StrictMode: 	at android.app.ActivityThread.main(ActivityThread.java:5417)
05-09 10:12:54.825  1545  1545 D StrictMode: 	at java.lang.reflect.Method.invoke(Native Method)
05-09 10:12:54.825  1545  1545 D StrictMode: 	at com.android.internal.os.ZygoteInit$MethodAndArgsCaller.run(ZygoteInit.java:726)
05-09 10:12:54.825  1545  1545 D StrictMode: 	at com.android.internal.os.ZygoteInit.main(ZygoteInit.java:616)
05-09 10:12:54.847  1252  1619 I OMXClient: Using client-side OMX mux.
05-09 10:12:54.855   686   686 D MediaScannerReceiver: action: android.intent.action.MEDIA_MOUNTED path: /storage/emulated/0
05-09 10:12:54.883  1151  1151 D GCM     : COMPAT: Multi user ser=0 current=0
05-09 10:12:54.972  1151  1151 I GCM     : GCM config loaded
05-09 10:12:54.975  1151  1151 D AuthorizationBluetoothService: Received GmsCore event: Intent { act=com.google.android.gms.INITIALIZE flg=0x10 pkg=com.google.android.gms cmp=com.google.android.gms/.auth.be.proximity.authorization.bt.AuthorizationBluetoothService$AutoStarter }.
05-09 10:12:54.979  1151  1632 D GCM     : GcmService start Intent { act=com.google.android.gms.INITIALIZE flg=0x10 pkg=com.google.android.gms cmp=com.google.android.gms/.gcm.GcmService } com.google.android.gms.INITIALIZE
05-09 10:12:54.983  1151  1151 D a       : Opening database auth.proximity.permit_store...
05-09 10:12:54.995  1151  1151 V GLSActivity: AuthDelegateWrapperCreated with selected intent: Intent { cmp=com.google.android.gms/.auth.DefaultAuthDelegateService }
05-09 10:12:54.997  1151  1151 V GLSActivity: AuthDelegateWrapperCreated with selected intent: Intent { cmp=com.google.android.gms/.auth.DefaultAuthDelegateService }
05-09 10:12:55.002  1452  1452 V GmsCoreStatsServiceLauncher: Received broadcast intent Intent { act=com.google.android.gms.INITIALIZE flg=0x10 pkg=com.google.android.gms cmp=com.google.android.gms/.common.stats.GmsCoreStatsServiceLauncher }
05-09 10:12:55.024  1473  1544 W Settings: Setting airplane_mode_on has moved from android.provider.Settings.System to android.provider.Settings.Global, returning read-only value.
05-09 10:12:55.068  1473  1473 E GmsWearableLS: GoogleApiClient connection failed: ConnectionResult{statusCode=API_UNAVAILABLE, resolution=null, message=null}
05-09 10:12:55.087  1473  1639 E MDM     : [129] b.run: Couldn't connect to Google API client: ConnectionResult{statusCode=API_UNAVAILABLE, resolution=null, message=null}
05-09 10:12:55.141   529   548 D WifiService: acquireWifiLockLocked: WifiLock{NlpWifiLock type=2 binder=android.os.BinderProxy@3644de6}
05-09 10:12:55.172  1452  1649 D LocationInitializer: Restart initialization of location
05-09 10:12:55.217  1452  1641 I iu.UploadsManager: #reloadSettings(); account: -1; IU: disabled; IS: disabled; IS account: -1; photoWiFi: true; videoWiFi: true; roam: false; battery: true; size: FULL; maxMobile: 157286400
05-09 10:12:55.224   529   674 D wifi    : getting valid channels 0x55817545e0
05-09 10:12:55.232   529   674 I WifiHAL : Got channel list with 13 channels
05-09 10:12:55.232   529   674 D wifi    : getting valid channels 0x55817545e0
05-09 10:12:55.232   529   674 I WifiHAL : Got channel list with 4 channels
05-09 10:12:55.232   529   674 D wifi    : getting valid channels 0x55817545e0
05-09 10:12:55.233   529   674 I WifiHAL : Got channel list with 0 channels
05-09 10:12:55.233   529   674 W WifiHAL : Ignoring invalid attribute type = 37, size = 0
05-09 10:12:55.236   529   674 D wifi    : Initialized common fields 10000, 25, 100, 10
05-09 10:12:55.236   529   674 D wifi    : bucket[0] = 2:3:10000:2
05-09 10:12:55.246  1452  1641 I iu.UploadsManager: End new media; added: 0, uploading: 0, time: 28 ms
05-09 10:12:55.278   529   731 D WifiService: releaseWifiLockLocked: WifiLock{NlpWifiLock type=2 binder=android.os.BinderProxy@3644de6}
05-09 10:12:55.287   529   659 D WifiService: New client listening to asynchronous messages
05-09 10:12:55.302   529   731 I ActivityManager: Start proc 1664:com.android.settings/1000 for broadcast com.android.settings/.sim.SimSelectNotification
05-09 10:12:55.318  1473  1509 W GCoreFlp: No location to return for getLastLocation()
05-09 10:12:55.319  1151  1656 W FusedLocationProvider: location=null
05-09 10:12:55.342  1545  1599 W com.google.a.a.b.d.a: Application name is not set. Call Builder#setApplicationName.
05-09 10:12:55.353  1664  1664 W System  : ClassLoader referenced unknown path: /system/priv-app/Settings/lib/arm64
05-09 10:12:55.374   529   579 D BluetoothManagerService: Added callback: android.bluetooth.IBluetoothManagerCallback$Stub$Proxy@c62decd:true
05-09 10:12:55.383   529   579 D BluetoothManagerService: Added callback: android.bluetooth.IBluetoothManagerCallback$Stub$Proxy@fea1a85:true
05-09 10:12:55.427  1473  1473 V UserPresentBroadcastReceiver: Received Intent { act=android.intent.action.USER_PRESENT flg=0x24000010 cmp=com.google.android.gms/.auth.trustagent.UserPresentBroadcastReceiver }.
05-09 10:12:55.448   529   951 I ActivityManager: Start proc 1685:com.google.android.apps.fitness/u0a43 for broadcast com.google.android.apps.fitness/.widget.TodayStatusWidgetProvider
05-09 10:12:55.458  1273  1273 E ReflectionService: Message dropped: the service handler is null.
05-09 10:12:55.549  1685  1685 W System  : ClassLoader referenced unknown path: /system/app/FitnessPrebuilt/lib/arm64
05-09 10:12:55.692  1234  1245 W CursorWrapperInner: Cursor finalized without prior close()
05-09 10:12:55.729  1151  1151 D AuthorizationBluetoothService: Received GmsCore event: Intent { act=com.google.android.gms.INITIALIZE flg=0x10 pkg=com.google.android.gms cmp=com.google.android.gms/.auth.be.proximity.authorization.bt.AuthorizationBluetoothService$AutoStarter }.
05-09 10:12:55.730  1151  1704 D GCM     : GcmService start Intent { act=com.google.android.gms.INITIALIZE flg=0x10 pkg=com.google.android.gms cmp=com.google.android.gms/.gcm.GcmService } com.google.android.gms.INITIALIZE
05-09 10:12:55.741  1151  1151 V GLSActivity: AuthDelegateWrapperCreated with selected intent: Intent { cmp=com.google.android.gms/.auth.DefaultAuthDelegateService }
05-09 10:12:55.742  1151  1151 V GLSActivity: AuthDelegateWrapperCreated with selected intent: Intent { cmp=com.google.android.gms/.auth.DefaultAuthDelegateService }
05-09 10:12:55.745  1452  1452 V GmsCoreStatsServiceLauncher: Received broadcast intent Intent { act=com.google.android.gms.INITIALIZE flg=0x10 pkg=com.google.android.gms cmp=com.google.android.gms/.common.stats.GmsCoreStatsServiceLauncher }
05-09 10:12:55.761  1473  1707 E MDM     : [132] b.run: Couldn't connect to Google API client: ConnectionResult{statusCode=API_UNAVAILABLE, resolution=null, message=null}
05-09 10:12:55.770  1151  1651 E copresGcore: ObfuscatedGaiaIdLookup: Could not load ObfuscatedGaiaIds: /data/user/0/com.google.android.gms/files/copresence_gaia_id: open failed: ENOENT (No such file or directory)
05-09 10:12:55.773  1452  1709 D LocationInitializer: Restart initialization of location
05-09 10:12:55.775  1473  1473 V GmsNetworkLocationProvi: ENABLE
05-09 10:12:55.777  1473  1537 V GmsNetworkLocationProvi: onSetRequest: ProviderRequestUnbundled, reportLocation is true and interval is 86400000
05-09 10:12:55.778  1473  1473 V GmsNetworkLocationProvi: SET-REQUEST
05-09 10:12:55.778  1473  1473 V GmsNetworkLocationProvi: in Handler: ProviderRequestUnbundled, reportLocation is true and interval is 86400000
05-09 10:12:55.784  1151  1151 D AuthorizationBluetoothService: Received GmsCore event: Intent { act=com.google.android.gms.INITIALIZE flg=0x10 pkg=com.google.android.gms cmp=com.google.android.gms/.auth.be.proximity.authorization.bt.AuthorizationBluetoothService$AutoStarter }.
05-09 10:12:55.785  1151  1710 D GCM     : GcmService start Intent { act=com.google.android.gms.INITIALIZE flg=0x10 pkg=com.google.android.gms cmp=com.google.android.gms/.gcm.GcmService } com.google.android.gms.INITIALIZE
05-09 10:12:55.795   529   564 D ActivityRecognitionProxy: AR HW instance not available, binding will be a no-op.
05-09 10:12:55.796   529   564 D GpsLocationProvider: received SIM related action: 
05-09 10:12:55.799  1151  1151 V GLSActivity: AuthDelegateWrapperCreated with selected intent: Intent { cmp=com.google.android.gms/.auth.DefaultAuthDelegateService }
05-09 10:12:55.800  1452  1452 V GmsCoreStatsServiceLauncher: Received broadcast intent Intent { act=com.google.android.gms.INITIALIZE flg=0x10 pkg=com.google.android.gms cmp=com.google.android.gms/.common.stats.GmsCoreStatsServiceLauncher }
05-09 10:12:55.801  1473  1509 W GCoreFlp: No location to return for getLastLocation()
05-09 10:12:55.802  1151  1711 W FusedLocationProvider: location=null
05-09 10:12:55.813  1473  1713 E MDM     : [133] b.run: Couldn't connect to Google API client: ConnectionResult{statusCode=API_UNAVAILABLE, resolution=null, message=null}
05-09 10:12:55.815   529   564 D GpsLocationProvider: SIM MCC/MNC is still not available
05-09 10:12:55.815   529   564 D GpsLocationProvider: received SIM related action: 
05-09 10:12:55.824  1151  1632 D GCM     : GcmService start Intent { act=com.google.android.gms.INITIALIZE flg=0x10 pkg=com.google.android.gms cmp=com.google.android.gms/.gcm.GcmService } com.google.android.gms.INITIALIZE
05-09 10:12:55.825  1151  1151 D AuthorizationBluetoothService: Received GmsCore event: Intent { act=com.google.android.gms.INITIALIZE flg=0x10 pkg=com.google.android.gms cmp=com.google.android.gms/.auth.be.proximity.authorization.bt.AuthorizationBluetoothService$AutoStarter }.
05-09 10:12:55.829  1452  1714 D LocationInitializer: Restart initialization of location
05-09 10:12:55.831  1151  1151 V GLSActivity: AuthDelegateWrapperCreated with selected intent: Intent { cmp=com.google.android.gms/.auth.DefaultAuthDelegateService }
05-09 10:12:55.832  1452  1452 V GmsCoreStatsServiceLauncher: Received broadcast intent Intent { act=com.google.android.gms.INITIALIZE flg=0x10 pkg=com.google.android.gms cmp=com.google.android.gms/.common.stats.GmsCoreStatsServiceLauncher }
05-09 10:12:55.843  1473  1639 E MDM     : [129] b.run: Couldn't connect to Google API client: ConnectionResult{statusCode=API_UNAVAILABLE, resolution=null, message=null}
05-09 10:12:55.857  1452  1717 D LocationInitializer: Restart initialization of location
05-09 10:12:55.860  1473  1509 W GCoreFlp: No location to return for getLastLocation()
05-09 10:12:55.862  1151  1716 W FusedLocationProvider: location=null
05-09 10:12:55.864   529   564 D GpsLocationProvider: SIM MCC/MNC is still not available
05-09 10:12:55.870  1473  1473 V GmsNetworkLocationProvi: ENABLE
05-09 10:12:55.870  1473  1485 V GmsNetworkLocationProvi: onSetRequest: ProviderRequestUnbundled, reportLocation is true and interval is 86400000
05-09 10:12:55.870  1473  1473 V GmsNetworkLocationProvi: SET-REQUEST
05-09 10:12:55.871  1473  1473 V GmsNetworkLocationProvi: in Handler: ProviderRequestUnbundled, reportLocation is true and interval is 86400000
05-09 10:12:55.878   529   564 D ActivityRecognitionProxy: AR HW instance not available, binding will be a no-op.
05-09 10:12:55.886   529   549 I ActivityManager: Start proc 1718:com.google.android.talk/u0a54 for broadcast com.google.android.talk/com.google.android.apps.hangouts.service.NetworkStateReceiver
05-09 10:12:55.892  1473  1509 W GCoreFlp: No location to return for getLastLocation()
05-09 10:12:55.893  1151  1716 W FusedLocationProvider: location=null
05-09 10:12:55.984  1718  1718 W System  : ClassLoader referenced unknown path: /system/app/Hangouts/lib/arm
05-09 10:12:56.072   529   564 D libgps  : proxy_gps_inject_location: called.
05-09 10:12:56.073   178   178 D gpsd    : WakeLock(Acquire,GPSD)
05-09 10:12:56.074   178   178 D gpsd    : WakeLock(Release,GPSD)
05-09 10:12:56.177  1452  1452 I GAv4-SVC: Google Analytics 8.1.22 is starting up.
05-09 10:12:56.178  1044  1310 I GAV2    : Thread[GAThread,5,main]: No campaign data found.
05-09 10:12:56.324  1718  1742 I Babel_SMS: MmsConfig: mnc/mcc: 0/0
05-09 10:12:56.324  1718  1742 I Babel_SMS: MmsConfig.loadMmsSettings
05-09 10:12:56.331  1718  1742 I Babel_SMS: MmsConfig.loadDeviceMmsSettings from API: mUserAgent=, mUaProfUrl=
05-09 10:12:56.338  1718  1742 I Babel_SMS: MmsConfig.loadFromDatabase
05-09 10:12:56.386  1718  1742 E Babel_SMS: canonicalizeMccMnc: invalid mccmnc 
05-09 10:12:56.386  1718  1742 I Babel_SMS: MmsConfig.loadFromResources
05-09 10:12:56.388  1718  1742 E Babel_SMS: canonicalizeMccMnc: invalid mccmnc nullnull
05-09 10:12:56.388  1718  1742 I Babel_SMS: MmsConfig.loadMmsSettings: mUserAgent=Hangouts/4.1.102314611, mUaProfUrl=https://ssl.gstatic.com/android/hangouts/hangouts_mms_ua_profile.xml
05-09 10:12:56.423  1718  1718 W Settings: Setting airplane_mode_on has moved from android.provider.Settings.System to android.provider.Settings.Global, returning read-only value.
05-09 10:12:56.430  1718  1718 I Babel_Crash: startup - clean
05-09 10:12:56.465   529   549 I ActivityManager: Start proc 1745:com.google.android.music:main/u0a59 for broadcast com.google.android.music/.store.MediaStoreImportService$Receiver
05-09 10:12:56.547  1745  1745 W System  : ClassLoader referenced unknown path: /system/app/Music2/lib/arm64
05-09 10:12:56.565  1718  1718 W VideoCapabilities: Unrecognized level 0 for video/x-vnd.on2.vp8
05-09 10:12:56.578  1718  1718 I VideoCapabilities: Unsupported profile 4 for video/mp4v-es
05-09 10:12:56.595  1718  1718 W VideoCapabilities: Unrecognized level 0 for video/x-vnd.on2.vp8
05-09 10:12:56.597  1718  1718 W VideoCapabilities: Unrecognized level 0 for video/x-vnd.on2.vp8
05-09 10:12:56.600  1718  1718 W VideoCapabilities: Unrecognized level 0 for video/x-vnd.on2.vp8
05-09 10:12:56.605  1718  1718 W VideoCapabilities: Unrecognized level 0 for video/x-vnd.on2.vp8
05-09 10:12:56.609  1718  1718 I vclib   : onServiceConnected
05-09 10:12:56.623  1745  1745 I MultiDex: VM with version 2.1.0 has multidex support
05-09 10:12:56.624  1745  1745 I MultiDex: install
05-09 10:12:56.624  1745  1745 I MultiDex: VM has multidex support, MultiDex support library is disabled.
05-09 10:12:56.688  1745  1745 I MusicStore: Database version: 121
05-09 10:12:56.761  1745  1745 D MusicLifecycle: com.google.android.music.MusicApplication generated event: Application created
05-09 10:12:56.778  1745  1745 W System  : ClassLoader referenced unknown path: /system/priv-app/PrebuiltGmsCore/lib/arm64
05-09 10:12:56.830  1745  1745 V JNIHelp : Registering com/google/android/gms/org/conscrypt/NativeCrypto's 241 native methods...
05-09 10:12:56.858  1745  1745 I ProviderInstaller: Installed default security provider GmsCore_OpenSSL
05-09 10:12:56.858  1745  1745 D AndroidMusic: GMSCore installation verified
05-09 10:12:56.878  1745  1745 I ConfigStore: Config Database version: 1
05-09 10:12:56.920  1745  1745 I MediaRouter: Found default route: MediaRouter.RouteInfo{ uniqueId=android/.support.v7.media.SystemMediaRouteProvider:DEFAULT_ROUTE, name=Tablet, description=null, iconUri=null, enabled=true, connecting=false, connectionState=0, canDisconnect=false, playbackType=0, playbackStream=3, volumeHandling=1, volume=11, volumeMax=15, presentationDisplayId=-1, extras=null, settingsIntent=null, providerPackageName=android }
05-09 10:12:56.924  1745  1745 D MusicLifecycle: com.google.android.music.store.MediaStoreImportService$Receiver generated event: Broadcast received with context android.app.ReceiverRestrictedContext@614aa48 and intent Intent { act=android.intent.action.MEDIA_SCANNER_STARTED dat=file:///storage/emulated/0 flg=0x10 cmp=com.google.android.music/.store.MediaStoreImportService$Receiver }
05-09 10:12:56.926  1473  1473 I GCoreUlr: Starting service, intent=Intent { act=com.google.android.location.reporting.ACTION_UPDATE_WORLD cmp=com.google.android.gms/com.google.android.location.reporting.service.DispatchingService (has extras) }, extras=Bundle[{receiverAction=com.google.android.location.internal.server.ACTION_RESTARTED}]
05-09 10:12:56.927  1745  1745 D MusicLifecycle: com.google.android.music.net.NetworkMonitor generated event: Service created
05-09 10:12:56.927  1473  1473 I GCoreUlr: DispatchingService.onCreate()
05-09 10:12:56.951  1315  1315 E LocationReceiver: Received bad location: null
05-09 10:12:56.964   529   581 I SystemServiceManager: Starting phase 1000
05-09 10:12:56.970   161   648 D PermissionCache: checking android.permission.READ_FRAME_BUFFER for uid=1000 => granted (90 us)
05-09 10:12:56.975  1745  1745 D MusicLifecycle: com.google.android.music.preferences.MusicPreferenceService$MusicPreferenceServiceBinder generated event: Service created
05-09 10:12:56.976  1745  1745 D MusicLifecycle: com.google.android.music.download.cache.StorageMigrationService generated event: Service created
05-09 10:12:56.982  1745  1745 D MusicLifecycle: com.google.android.music.download.artwork.ArtDownloadService generated event: Service created
05-09 10:12:56.999  1473  1767 I GCoreUlr: WorldUpdater received intent Intent { act=com.google.android.location.reporting.ACTION_UPDATE_WORLD cmp=com.google.android.gms/com.google.android.location.reporting.service.DispatchingService (has extras) } with receiverAction com.google.android.location.internal.server.ACTION_RESTARTED
05-09 10:12:57.018   529   650 I InputReader: Reconfiguring input devices.  changes=0x00000004
05-09 10:12:57.019   529   650 I InputReader: Device reconfigured: id=1, name='synaptics_dsx', size 1536x2048, orientation 2, mode 1, display id 0
05-09 10:12:57.023   529   581 I WindowManager: Screen frozen for +54ms due to Window{e5681d u0 com.android.systemui.ImageWallpaper}
05-09 10:12:57.036  1745  1745 D MusicLifecycle: com.google.android.music.store.MediaStoreImportService generated event: Service created
05-09 10:12:57.038  1745  1745 D MusicLifecycle: com.google.android.music.store.MediaStoreImportService$Receiver generated event: Broadcast received with context android.app.ReceiverRestrictedContext@614aa48 and intent Intent { act=android.intent.action.MEDIA_SCANNER_FINISHED dat=file:///storage/emulated/0 flg=0x10 cmp=com.google.android.music/.store.MediaStoreImportService$Receiver }
05-09 10:12:57.043  1745  1745 D MusicLifecycle: com.google.android.music.download.ArtDownloadQueueService generated event: Service created
05-09 10:12:57.057  1745  1745 I GHttpClientFactory: Using our fixed implementation of GMSCore's GoogleHttpClient
05-09 10:12:57.068  1745  1745 I GoogleURLConnFactory: Using platform SSLCertificateSocketFactory
05-09 10:12:57.073  1473  1767 I GCoreUlr: WorldUpdater:com.google.android.location.internal.server.ACTION_RESTARTED: Ensuring that reporting is stopped because of reasons: (no Google accounts)
05-09 10:12:57.106  1252  1782 D NfcService: Discovery configuration equal, not updating.
05-09 10:12:57.138   529  1784 I RecoverySystem: No recovery log file
05-09 10:12:57.151   529   529 I ActivityManager: Start proc 1786:com.android.providers.calendar/u0a1 for broadcast com.android.providers.calendar/.CalendarReceiver
05-09 10:12:57.188  1745  1745 D MusicLifecycle: com.google.android.music.download.cache.ArtCacheService generated event: Service created
05-09 10:12:57.215   529  1780 I ActivityManager: Start proc 1798:com.android.keychain/1000 for service com.android.keychain/.KeyChainService
05-09 10:12:57.217   529  1784 I BootReceiver: Copying /sys/fs/pstore/console-ramoops to DropBox (SYSTEM_LAST_KMSG)
05-09 10:12:57.254   529   539 I art     : Background partial concurrent mark sweep GC freed 19526(1254KB) AllocSpace objects, 9(724KB) LOS objects, 33% free, 17MB/25MB, paused 1.493ms total 166.625ms
05-09 10:12:57.272  1473  1767 I GCoreUlr: Unbound from all location providers
05-09 10:12:57.273   529  1784 I BootReceiver: Copying audit failures to DropBox
05-09 10:12:57.289  1473  1473 I GCoreUlr: DispatchingService.onDestroy()
05-09 10:12:57.289  1473  1473 I GCoreUlr: Stopping handler for UlrDispSvcFast
05-09 10:12:57.289   529  1784 I BootReceiver: Copied 24825 worth of audits to DropBox
05-09 10:12:57.297  1473  1473 I GCoreUlr: Unbound from all location providers
05-09 10:12:57.298   529  1784 I BootReceiver: Checking for fsck errors
05-09 10:12:57.317  1745  1745 D MusicLifecycle: com.google.android.music.download.cache.StorageMigrationService generated event: Service destroyed
05-09 10:12:57.319  1798  1798 W System  : ClassLoader referenced unknown path: /system/app/KeyChain/lib/arm64
05-09 10:12:57.363  1786  1786 W System  : ClassLoader referenced unknown path: /system/priv-app/CalendarProvider/lib/arm64
05-09 10:12:57.415  1786  1786 I CalendarProvider2: Created com.android.providers.calendar.CalendarAlarmManager@541217a(com.android.providers.calendar.CalendarProvider2@34a9d2b)
05-09 10:12:57.444   529  1270 I ActivityManager: Start proc 1815:com.google.android.configupdater/u0a2 for broadcast com.google.android.configupdater/.CertPin.CertPinUpdateRequestReceiver
05-09 10:12:57.468  1745  1774 I MediaStoreImporter: Update: incremental Added music: 0 Updated music: 0 Deleted music: 0 Created playlists: 0 Updated playlists: 0 Deleted playlists: 0 Inserted playlist items: 0 Deleted playlist items: 0 Removed orphaned playlist items: 0
05-09 10:12:57.469  1745  1745 D MusicLifecycle: com.google.android.music.store.MediaStoreImportService generated event: Service destroyed
05-09 10:12:57.487  1815  1815 W System  : ClassLoader referenced unknown path: /system/priv-app/ConfigUpdater/lib/arm64
05-09 10:12:57.524  1815  1815 E ConfigUpdater: ignoring update request
05-09 10:12:57.527  1815  1815 E ConfigUpdater: ignoring update request
05-09 10:12:57.531  1815  1815 E ConfigUpdater: ignoring update request
