--------- beginning of main
05-09 10:24:21.226   146   146 W auditd  : type=2000 audit(0.0:1): initialized
05-09 10:24:23.483   146   146 I auditd  : type=1403 audit(0.0:2): policy loaded auid=4294967295 ses=4294967295
05-09 10:24:23.486   146   146 W auditd  : type=1404 audit(0.0:3): enforcing=1 old_enforcing=0 auid=4294967295 ses=4294967295
05-09 10:24:29.265   155   155 I /system/bin/tzdatacheck: tzdata file /data/misc/zoneinfo/current/tzdata does not exist. No action required.
05-09 10:24:29.478   161   161 I lowmemorykiller: Using in-kernel low memory killer interface
05-09 10:24:29.501   166   166 I         : debuggerd: starting
--------- beginning of system
05-09 10:24:29.557   154   154 I vold    : Vold 3.0 (the awakening) firing up
05-09 10:24:29.557   154   154 V vold    : Detected support for: ext4 f2fs vfat
05-09 10:24:29.575   169   169 I installd: installd firing up
05-09 10:24:29.603   165   165 I         : debuggerd: starting
05-09 10:24:29.617   172   172 I TLK_Daemon: started
05-09 10:24:29.629   164   164 I Netd    : Netd 1.0 starting
05-09 10:24:29.632   172   172 I TLK_Daemon: ss buffer configured: addr 0xaad0e000 size 0x818
05-09 10:24:29.656   164   164 D TetherController: Setting IP forward enable = 0
05-09 10:24:29.712   175   175 I gatekeeperd: Starting gatekeeperd...
05-09 10:24:29.717   171   171 I keystore: Found keymaster0 module Trusty Keymaster HAL, version 3
05-09 10:24:29.717   171   171 I SoftKeymaster: system/keymaster/soft_keymaster_device.cpp, Line 122: Creating device
05-09 10:24:29.717   171   171 D SoftKeymaster: system/keymaster/soft_keymaster_device.cpp, Line 123: Device address: 0x55a41f4800
05-09 10:24:29.717   171   171 I TrustyKeymaster: Creating device
05-09 10:24:29.717   171   171 D TrustyKeymaster: Device address: 0x55a41f4bc0
05-09 10:24:29.718   171   171 D TrustyKeymaster: Received trusty_call, cmd: 7, in_buf 0x7fc8c105e8, in_size: 0, out_buf: 0x7fc8c125e8, out_size: 8192
05-09 10:24:29.718   171   171 D TrustyKeymaster: trusty returned 7
05-09 10:24:29.718   171   171 E keystore: Wrapping keymaster0 module Trusty Keymaster HAL with SoftKeymasterDevice
05-09 10:24:29.718   171   171 D SoftKeymaster: system/keymaster/soft_keymaster_device.cpp, Line 145: Reinitializing SoftKeymasterDevice to use HW keymaster0
05-09 10:24:29.726   171   171 I SoftKeymaster: system/keymaster/soft_keymaster_device.cpp, Line 122: Creating device
05-09 10:24:29.726   171   171 D SoftKeymaster: system/keymaster/soft_keymaster_device.cpp, Line 123: Device address: 0x55a41f5fe0
05-09 10:24:29.762   163   163 I SurfaceFlinger: SurfaceFlinger is starting
05-09 10:24:29.762   163   163 I SurfaceFlinger: SurfaceFlinger's main thread ready to run. Initializing graphics H/W...
05-09 10:24:29.806   163   163 D libEGL  : loaded /vendor/lib64/egl/libEGL_tegra.so
05-09 10:24:29.937   177   177 D gpsd    : main()
05-09 10:24:29.937   177   177 D gpsd    : argv[0] = '/system/bin/glgps'
05-09 10:24:29.937   177   177 D gpsd    : argv[1] = '-c'
05-09 10:24:29.937   177   177 D gpsd    : argv[2] = '/system/etc/gpsconfig.xml'
05-09 10:24:29.938   177   177 D gpsd    : WakeLock(Release,GPSD)
05-09 10:24:29.945   163   163 D libEGL  : loaded /vendor/lib64/egl/libGLESv1_CM_tegra.so
05-09 10:24:29.947   177   177 D gpsd    : gpsd: pid = 177
05-09 10:24:29.948   177   177 D gpsd    : gpsd: save pid = 177
05-09 10:24:29.972   163   163 D libEGL  : loaded /vendor/lib64/egl/libGLESv2_tegra.so
05-09 10:24:30.339   168   168 V MediaUtils: physMem: 1925140480
05-09 10:24:30.339   168   168 V MediaUtils: requested limit: 1251341260
05-09 10:24:30.339   168   168 V MediaUtils: actual limit: 1251341260
05-09 10:24:30.339   168   168 V MediaUtils: original limits: 4294967295/4294967295
05-09 10:24:30.339   168   168 V MediaUtils: new limits: 1251341260/4294967295
05-09 10:24:30.347   168   168 I mediaserver: ServiceManager: 0xaac73b68
05-09 10:24:30.348   168   168 I AudioFlinger: Using default 3000 mSec as standby time.
05-09 10:24:30.348   168   168 E         : batterystats service unavailable!
05-09 10:24:30.348   168   168 E         : batterystats service unavailable!
05-09 10:24:30.349   168   168 I CameraService: CameraService started (pid=168)
05-09 10:24:30.349   168   168 I CameraService: CameraService process starting
05-09 10:24:30.349   168   168 E         : batterystats service unavailable!
05-09 10:24:30.349   168   168 E         : batterystats service unavailable!
05-09 10:24:30.510   233   233 I recovery: Recovery image already installed 
05-09 10:24:30.538   163   163 D hwcomposer: didim_enable set to: 1
05-09 10:24:30.538   163   163 D hwcomposer: didim_normal set to: 3
05-09 10:24:30.538   163   163 D hwcomposer: didim_video set to: 5
05-09 10:24:30.538   163   163 W hwcomposer: Invalid display_resolution property: ""
05-09 10:24:30.538   163   163 D hwcomposer: HDMI preferred resolution set to: Auto
05-09 10:24:30.538   163   163 D hwcomposer: Compositor set to: glcomposer
05-09 10:24:30.538   163   163 D hwcomposer: Composite policy set to: auto
05-09 10:24:30.538   163   163 D hwcomposer: composite_fallback set to: 1
05-09 10:24:30.538   163   163 D hwcomposer: Overriding minimum_fps, new value = 8
05-09 10:24:30.538   163   163 D hwcomposer: imp_enable set to: 1
05-09 10:24:31.462   173   173 D AndroidRuntime: >>>>>> START com.android.internal.os.ZygoteInit uid 0 <<<<<<
05-09 10:24:31.501   173   173 D AndroidRuntime: CheckJNI is OFF
05-09 10:24:31.516   173   173 I art     : option[0]=-Xzygote
05-09 10:24:31.516   173   173 I art     : option[1]=-Xstacktracefile:/data/anr/traces.txt
05-09 10:24:31.516   173   173 I art     : option[2]=exit
05-09 10:24:31.516   173   173 I art     : option[3]=vfprintf
05-09 10:24:31.516   173   173 I art     : option[4]=sensitiveThread
05-09 10:24:31.516   173   173 I art     : option[5]=-verbose:gc
05-09 10:24:31.516   173   173 I art     : option[6]=-Xms16m
05-09 10:24:31.516   173   173 I art     : option[7]=-Xmx512m
05-09 10:24:31.516   173   173 I art     : option[8]=-XX:HeapGrowthLimit=192m
05-09 10:24:31.516   173   173 I art     : option[9]=-XX:HeapMinFree=512k
05-09 10:24:31.517   173   173 I art     : option[10]=-XX:HeapMaxFree=8m
05-09 10:24:31.517   173   173 I art     : option[11]=-XX:HeapTargetUtilization=0.75
05-09 10:24:31.517   173   173 I art     : option[12]=-agentlib:jdwp=transport=dt_android_adb,suspend=n,server=y
05-09 10:24:31.517   173   173 I art     : option[13]=-Ximage-compiler-option
05-09 10:24:31.517   173   173 I art     : option[14]=--runtime-arg
05-09 10:24:31.517   173   173 I art     : option[15]=-Ximage-compiler-option
05-09 10:24:31.517   173   173 I art     : option[16]=-Xms64m
05-09 10:24:31.517   173   173 I art     : option[17]=-Ximage-compiler-option
05-09 10:24:31.517   173   173 I art     : option[18]=--runtime-arg
05-09 10:24:31.517   173   173 I art     : option[19]=-Ximage-compiler-option
05-09 10:24:31.517   173   173 I art     : option[20]=-Xmx64m
05-09 10:24:31.517   173   173 I art     : option[21]=-Ximage-compiler-option
05-09 10:24:31.517   173   173 I art     : option[22]=--image-classes=/system/etc/preloaded-classes
05-09 10:24:31.517   173   173 I art     : option[23]=-Xcompiler-option
05-09 10:24:31.517   173   173 I art     : option[24]=--runtime-arg
05-09 10:24:31.517   173   173 I art     : option[25]=-Xcompiler-option
05-09 10:24:31.517   173   173 I art     : option[26]=-Xms64m
05-09 10:24:31.517   173   173 I art     : option[27]=-Xcompiler-option
05-09 10:24:31.517   173   173 I art     : option[28]=--runtime-arg
05-09 10:24:31.517   173   173 I art     : option[29]=-Xcompiler-option
05-09 10:24:31.517   173   173 I art     : option[30]=-Xmx512m
05-09 10:24:31.517   173   173 I art     : option[31]=-Ximage-compiler-option
05-09 10:24:31.517   173   173 I art     : option[32]=--instruction-set-variant=denver64
05-09 10:24:31.517   173   173 I art     : option[33]=-Xcompiler-option
05-09 10:24:31.517   173   173 I art     : option[34]=--instruction-set-variant=denver64
05-09 10:24:31.517   173   173 I art     : option[35]=-Ximage-compiler-option
05-09 10:24:31.517   173   173 I art     : option[36]=--instruction-set-features=default
05-09 10:24:31.517   173   173 I art     : option[37]=-Xcompiler-option
05-09 10:24:31.517   173   173 I art     : option[38]=--instruction-set-features=default
05-09 10:24:31.517   173   173 I art     : option[39]=-Duser.locale=en-US
05-09 10:24:31.517   173   173 I art     : option[40]=--cpu-abilist=arm64-v8a
05-09 10:24:31.517   173   173 I art     : option[41]=-Xfingerprint:google/volantis/flounder:6.0.1/MOB30W/3031100:user/release-keys
05-09 10:24:31.522   174   174 D AndroidRuntime: >>>>>> START com.android.internal.os.ZygoteInit uid 0 <<<<<<
05-09 10:24:31.555   174   174 D AndroidRuntime: CheckJNI is OFF
05-09 10:24:31.567   174   174 I art     : option[0]=-Xzygote
05-09 10:24:31.567   174   174 I art     : option[1]=-Xstacktracefile:/data/anr/traces.txt
05-09 10:24:31.567   174   174 I art     : option[2]=exit
05-09 10:24:31.567   174   174 I art     : option[3]=vfprintf
05-09 10:24:31.567   174   174 I art     : option[4]=sensitiveThread
05-09 10:24:31.567   174   174 I art     : option[5]=-verbose:gc
05-09 10:24:31.567   174   174 I art     : option[6]=-Xms16m
05-09 10:24:31.567   174   174 I art     : option[7]=-Xmx512m
05-09 10:24:31.568   174   174 I art     : option[8]=-XX:HeapGrowthLimit=192m
05-09 10:24:31.568   174   174 I art     : option[9]=-XX:HeapMinFree=512k
05-09 10:24:31.568   174   174 I art     : option[10]=-XX:HeapMaxFree=8m
05-09 10:24:31.568   174   174 I art     : option[11]=-XX:HeapTargetUtilization=0.75
05-09 10:24:31.568   174   174 I art     : option[12]=-agentlib:jdwp=transport=dt_android_adb,suspend=n,server=y
05-09 10:24:31.568   174   174 I art     : option[13]=-Ximage-compiler-option
05-09 10:24:31.568   174   174 I art     : option[14]=--runtime-arg
05-09 10:24:31.568   174   174 I art     : option[15]=-Ximage-compiler-option
05-09 10:24:31.568   174   174 I art     : option[16]=-Xms64m
05-09 10:24:31.568   174   174 I art     : option[17]=-Ximage-compiler-option
05-09 10:24:31.568   174   174 I art     : option[18]=--runtime-arg
05-09 10:24:31.568   174   174 I art     : option[19]=-Ximage-compiler-option
05-09 10:24:31.569   174   174 I art     : option[20]=-Xmx64m
05-09 10:24:31.569   174   174 I art     : option[21]=-Ximage-compiler-option
05-09 10:24:31.569   174   174 I art     : option[22]=--image-classes=/system/etc/preloaded-classes
05-09 10:24:31.569   174   174 I art     : option[23]=-Xcompiler-option
05-09 10:24:31.569   174   174 I art     : option[24]=--runtime-arg
05-09 10:24:31.569   174   174 I art     : option[25]=-Xcompiler-option
05-09 10:24:31.569   174   174 I art     : option[26]=-Xms64m
05-09 10:24:31.569   174   174 I art     : option[27]=-Xcompiler-option
05-09 10:24:31.569   174   174 I art     : option[28]=--runtime-arg
05-09 10:24:31.569   174   174 I art     : option[29]=-Xcompiler-option
05-09 10:24:31.569   174   174 I art     : option[30]=-Xmx512m
05-09 10:24:31.569   174   174 I art     : option[31]=-Ximage-compiler-option
05-09 10:24:31.570   174   174 I art     : option[32]=--instruction-set-variant=denver
05-09 10:24:31.570   174   174 I art     : option[33]=-Xcompiler-option
05-09 10:24:31.570   174   174 I art     : option[34]=--instruction-set-variant=denver
05-09 10:24:31.570   174   174 I art     : option[35]=-Ximage-compiler-option
05-09 10:24:31.570   174   174 I art     : option[36]=--instruction-set-features=default
05-09 10:24:31.570   174   174 I art     : option[37]=-Xcompiler-option
05-09 10:24:31.570   174   174 I art     : option[38]=--instruction-set-features=default
05-09 10:24:31.570   174   174 I art     : option[39]=-Duser.locale=en-US
05-09 10:24:31.570   174   174 I art     : option[40]=--cpu-abilist=armeabi-v7a,armeabi
05-09 10:24:31.570   174   174 I art     : option[41]=-Xfingerprint:google/volantis/flounder:6.0.1/MOB30W/3031100:user/release-keys
05-09 10:24:31.827   173   173 D ICU     : No timezone override file found: /data/misc/zoneinfo/current/icu/icu_tzdata.dat
05-09 10:24:31.918   174   174 D ICU     : No timezone override file found: /data/misc/zoneinfo/current/icu/icu_tzdata.dat
05-09 10:24:32.177   173   173 I Radio-JNI: register_android_hardware_Radio DONE
05-09 10:24:32.220   173   173 I SamplingProfilerIntegration: Profiling disabled.
05-09 10:24:32.224   173   173 D Zygote  : begin preload
05-09 10:24:32.228   173   173 I Zygote  : Preloading classes...
05-09 10:24:32.239   163   163 D hwcomposer: Display 0 layer clip is 1536 x 2048
05-09 10:24:32.240   163   163 D hwcomposer: Display 0 device clip is 1536 x 2048
05-09 10:24:32.240   163   163 E hwcomposer: Could not open fliplist file "/mnt/tmp/fc0": No such file or directory
05-09 10:24:32.240   163   163 E hwcomposer: Unable to open fliplog for writing. See warnings above for details.
05-09 10:24:32.240   163   163 I SurfaceFlinger: Using composer version 1.2
05-09 10:24:32.240   163   163 E adfhwc  : unknown display attribute 6
05-09 10:24:32.240   163   163 W SurfaceFlinger: no suitable EGLConfig found, trying a simpler query
05-09 10:24:32.240   163   163 I SurfaceFlinger: EGL information:
05-09 10:24:32.240   163   163 I SurfaceFlinger: vendor    : Android
05-09 10:24:32.240   163   163 I SurfaceFlinger: version   : 1.4 Android META-EGL
05-09 10:24:32.240   163   163 I SurfaceFlinger: extensions: EGL_KHR_get_all_proc_addresses EGL_ANDROID_presentation_time EGL_KHR_swap_buffers_with_damage EGL_KHR_image EGL_KHR_image_base EGL_KHR_gl_texture_2D_image EGL_KHR_gl_texture_cubemap_image EGL_KHR_gl_renderbuffer_image EGL_KHR_reusable_sync EGL_KHR_fence_sync EGL_KHR_create_context EGL_KHR_config_attribs EGL_KHR_surfaceless_context EGL_KHR_stream EGL_KHR_stream_fifo EGL_KHR_stream_producer_eglsurface EGL_KHR_stream_consumer_gltexture EGL_EXT_create_context_robustness EGL_NV_system_time EGL_ANDROID_image_native_buffer EGL_KHR_wait_sync EGL_ANDROID_recordable EGL_EXT_buffer_age 
05-09 10:24:32.240   163   163 I SurfaceFlinger: Client API: OpenGL_ES
05-09 10:24:32.240   163   163 I SurfaceFlinger: EGLSurface: 8-8-8-8, config=0xcaf32d
05-09 10:24:32.246   174   174 I Radio-JNI: register_android_hardware_Radio DONE
05-09 10:24:32.264   163   163 I SurfaceFlinger: OpenGL ES informations:
05-09 10:24:32.264   163   163 I SurfaceFlinger: vendor    : NVIDIA Corporation
05-09 10:24:32.264   163   163 I SurfaceFlinger: renderer  : NVIDIA Tegra
05-09 10:24:32.264   163   163 I SurfaceFlinger: version   : OpenGL ES 3.1 NVIDIA 343.00
05-09 10:24:32.264   163   163 I SurfaceFlinger: extensions: GL_EXT_debug_marker GL_EXT_blend_minmax GL_EXT_buffer_storage GL_EXT_color_buffer_float GL_EXT_color_buffer_half_float GL_EXT_copy_image GL_EXT_debug_label GL_EXT_disjoint_timer_query GL_EXT_draw_buffers_indexed GL_EXT_frag_depth GL_EXT_geometry_point_size GL_EXT_geometry_shader GL_EXT_gpu_shader5 GL_EXT_map_buffer_range GL_EXT_occlusion_query_boolean GL_EXT_primitive_bounding_box GL_EXT_render_snorm GL_EXT_robustness GL_EXT_separate_shader_objects GL_EXT_shader_implicit_conversions GL_EXT_shader_integer_mix GL_EXT_shader_io_blocks GL_EXT_shadow_samplers GL_EXT_sRGB GL_EXT_sRGB_write_control GL_EXT_tessellation_point_size GL_EXT_tessellation_shader GL_EXT_texture_border_clamp GL_EXT_texture_buffer GL_EXT_texture_compression_dxt1 GL_EXT_texture_compression_s3tc GL_EXT_texture_cube_map_array GL_EXT_texture_filter_anisotropic GL_EXT_texture_format_BGRA8888 GL_EXT_texture_norm16 GL_EXT_texture_rg GL_EXT_texture_sRGB_decode GL_EXT_texture_storage GL_EXT_texture_view GL_EXT_unpack_subimage GL_KHR_debug
05-09 10:24:32.264   163   163 I SurfaceFlinger: GL_MAX_TEXTURE_SIZE = 16384
05-09 10:24:32.264   163   163 I SurfaceFlinger: GL_MAX_VIEWPORT_DIMS = 16384
05-09 10:24:32.270   163   163 D SurfaceFlinger: Set power mode=2, type=0 flinger=0x55890c5430
05-09 10:24:32.270   163   163 D hwcomposer: hwc_blank: display 0: unblank
05-09 10:24:32.270   163   163 D hwcomposer: hwc_blank_display: display 0: [1 -> 0]
05-09 10:24:32.270   163   163 D hwcomposer: Display 0 layer clip is 1536 x 2048
05-09 10:24:32.270   163   163 D hwcomposer: Display 0 device clip is 1536 x 2048
05-09 10:24:32.275   174   174 I SamplingProfilerIntegration: Profiling disabled.
05-09 10:24:32.278   174   174 D Zygote  : begin preload
05-09 10:24:32.281   174   174 I Zygote  : Preloading classes...
05-09 10:24:32.344   168   168 D NvOsDebugPrintf: On-sensor flash not supported.
05-09 10:24:32.346   168   168 D NvOsDebugPrintf: Extended_CapabilityQuery: not supported.
05-09 10:24:32.346   168   168 D NvOsDebugPrintf: NvPclHwCreateModuleListOne: WARNING: Could not map module to ISP config string
05-09 10:24:32.346   168   168 D NvOsDebugPrintf: NvPclHwCreateModuleListOne: WARNING: Could not map module to ISP config string
05-09 10:24:32.382   168   168 D NvOsDebugPrintf: NvOdmImagerParameter_AFData: AF Data = 0x13b01f3
05-09 10:24:32.434   168   168 D NvOsDebugPrintf: LSC: LSC surface is not based on full res!
05-09 10:24:32.478   168   168 D NvOsDebugPrintf: NvIspSetStats: WARNING: FM can't be enabled because AP is not enabled!!
05-09 10:24:32.573   163   163 D SurfaceFlinger: shader cache generated - 24 shaders in 281.313171 ms
05-09 10:24:32.649   306   339 D libEGL  : loaded /vendor/lib64/egl/libEGL_tegra.so
05-09 10:24:32.710   306   339 D libEGL  : loaded /vendor/lib64/egl/libGLESv1_CM_tegra.so
05-09 10:24:32.736   174   174 E Minikin : addFont failed to create font /system/fonts/NanumGothic.ttf
05-09 10:24:32.736   174   174 E Minikin : addFont failed to create font /system/fonts/DroidSansFallback.ttf
05-09 10:24:32.736   174   174 E Minikin : addFont failed to create font /system/fonts/MTLmr3m.ttf
05-09 10:24:32.743   306   339 D libEGL  : loaded /vendor/lib64/egl/libGLESv2_tegra.so
05-09 10:24:32.738   173   173 E Minikin : addFont failed to create font /system/fonts/NanumGothic.ttf
05-09 10:24:32.750   173   173 E Minikin : addFont failed to create font /system/fonts/DroidSansFallback.ttf
05-09 10:24:32.750   173   173 E Minikin : addFont failed to create font /system/fonts/MTLmr3m.ttf
05-09 10:24:32.805   306   339 D NvOsDebugPrintf: WARNING: Couldn't find glCurrentPaletteMatrixOES in procAddrs table
05-09 10:24:32.810   306   339 D NvOsDebugPrintf: WARNING: Couldn't find glLoadPaletteFromModelViewMatrixOES in procAddrs table
05-09 10:24:32.810   306   339 D NvOsDebugPrintf: WARNING: Couldn't find glMatrixIndexPointerOES in procAddrs table
05-09 10:24:32.810   306   339 D NvOsDebugPrintf: WARNING: Couldn't find glWeightPointerOES in procAddrs table
05-09 10:24:32.858   168   168 D NvOsDebugPrintf: NvPclHwCreateModuleListOne: WARNING: Could not map module to ISP config string
05-09 10:24:32.858   168   168 D NvOsDebugPrintf: NvPclHwCreateModuleListOne: WARNING: Could not map module to ISP config string
05-09 10:24:32.859   168   168 D NvOsDebugPrintf: SensorBayer_SetPowerLevel 3
05-09 10:24:32.865   168   168 D NvOsDebugPrintf: OV9760 Camera fd open as: 8
05-09 10:24:32.869   306   339 E BootAnimation: couldn't find audio_conf.txt
05-09 10:24:32.912   168   168 D NvOsDebugPrintf: AFConfigParamsSanityCheck: Warning: settle_time too large: 100, capped to 30
05-09 10:24:32.914   168   168 D NvOsDebugPrintf: NvIspSetStats: WARNING: FM can't be enabled because AP is not enabled!!
05-09 10:24:32.916   168   168 D NvOsDebugPrintf: SensorBayer_SetPowerLevel 3
05-09 10:24:32.999   168   168 D NvOsDebugPrintf: SensorBayer_SetPowerLevel 1
05-09 10:24:33.001   168   168 I CameraService: Loaded "NVIDIA Development Platform Camera HAL" camera module
05-09 10:24:33.007   168   168 D NvOsDebugPrintf: On-sensor flash not supported.
05-09 10:24:33.013   168   168 D NvOsDebugPrintf: Extended_CapabilityQuery: not supported.
05-09 10:24:33.014   168   168 D NvOsDebugPrintf: NvPclHwCreateModuleListOne: WARNING: Could not map module to ISP config string
05-09 10:24:33.014   168   168 D NvOsDebugPrintf: NvPclHwCreateModuleListOne: WARNING: Could not map module to ISP config string
05-09 10:24:33.014   168   168 D NvOsDebugPrintf: NvOdmImagerParameter_AFData: AF Data = 0x13b01f3
05-09 10:24:33.038   168   168 D NvOsDebugPrintf: LSC: LSC surface is not based on full res!
05-09 10:24:33.043   168   168 D NvOsDebugPrintf: NvIspSetStats: WARNING: FM can't be enabled because AP is not enabled!!
05-09 10:24:33.050   173   173 V DngCreator_JNI: DngCreator_nativeClassInit:
05-09 10:24:33.052   174   174 V DngCreator_JNI: DngCreator_nativeClassInit:
05-09 10:24:33.141   168   168 I NvCameraHal3Core: printSensorModes: [3280 x 2460]@30.000000, format= 10992087
05-09 10:24:33.141   168   168 I NvCameraHal3Core: printSensorModes: [3280 x 1846]@30.000000, format= 10992087
05-09 10:24:33.141   168   168 I NvCameraHal3Core: printSensorModes: [1920 x 1080]@30.000000, format= 10992087
05-09 10:24:33.141   168   168 I NvCameraHal3Core: printSensorModes: [1640 x 1230]@30.000000, format= 10992087
05-09 10:24:33.141   168   168 I NvCameraHal3Core: printSensorModes: [0 x 0]@0.000000, format= 0
05-09 10:24:33.141   168   168 I NvCameraHal3Core: printSensorModes: [0 x 0]@0.000000, format= 0
05-09 10:24:33.141   168   168 I NvCameraHal3Core: printSensorModes: [0 x 0]@0.000000, format= 0
05-09 10:24:33.142   168   168 I NvCameraHal3Core: printSensorModes: [0 x 0]@0.000000, format= 0
05-09 10:24:33.142   168   168 I NvCameraHal3Core: printSensorModes: [0 x 0]@0.000000, format= 0
05-09 10:24:33.142   168   168 I NvCameraHal3Core: printSensorModes: [0 x 0]@0.000000, format= 0
05-09 10:24:33.142   168   168 I NvCameraHal3Core: printSensorModes: [0 x 0]@0.000000, format= 0
05-09 10:24:33.142   168   168 I NvCameraHal3Core: printSensorModes: [0 x 0]@0.000000, format= 0
05-09 10:24:33.142   168   168 I NvCameraHal3Core: printSensorModes: [0 x 0]@0.000000, format= 0
05-09 10:24:33.142   168   168 I NvCameraHal3Core: printSensorModes: [0 x 0]@0.000000, format= 0
05-09 10:24:33.142   168   168 I NvCameraHal3Core: printSensorModes: [0 x 0]@0.000000, format= 0
05-09 10:24:33.142   168   168 I NvCameraHal3Core: printSensorModes: [0 x 0]@0.000000, format= 0
05-09 10:24:33.142   168   168 I NvCameraHal3Core: printSensorModes: [0 x 0]@0.000000, format= 0
05-09 10:24:33.142   168   168 I NvCameraHal3Core: printSensorModes: [0 x 0]@0.000000, format= 0
05-09 10:24:33.142   168   168 I NvCameraHal3Core: printSensorModes: [0 x 0]@0.000000, format= 0
05-09 10:24:33.142   168   168 I NvCameraHal3Core: printSensorModes: [0 x 0]@0.000000, format= 0
05-09 10:24:33.142   168   168 I NvCameraHal3Core: printSensorModes: [0 x 0]@0.000000, format= 0
05-09 10:24:33.142   168   168 I NvCameraHal3Core: printSensorModes: [0 x 0]@0.000000, format= 0
05-09 10:24:33.142   168   168 I NvCameraHal3Core: printSensorModes: [0 x 0]@0.000000, format= 0
05-09 10:24:33.142   168   168 I NvCameraHal3Core: printSensorModes: [0 x 0]@0.000000, format= 0
05-09 10:24:33.142   168   168 I NvCameraHal3Core: printSensorModes: [0 x 0]@0.000000, format= 0
05-09 10:24:33.142   168   168 I NvCameraHal3Core: printSensorModes: [0 x 0]@0.000000, format= 0
05-09 10:24:33.142   168   168 I NvCameraHal3Core: printSensorModes: [0 x 0]@0.000000, format= 0
05-09 10:24:33.142   168   168 I NvCameraHal3Core: printSensorModes: [0 x 0]@0.000000, format= 0
05-09 10:24:33.142   168   168 I NvCameraHal3Core: printSensorModes: [0 x 0]@0.000000, format= 0
05-09 10:24:33.142   168   168 I NvCameraHal3Core: printSensorModes: [0 x 0]@0.000000, format= 0
05-09 10:24:33.142   168   168 I NvCameraHal3Core: printSensorModes: [1640 x 1230]@30.000000, format= 10992087
05-09 10:24:33.142   168   168 I NvCameraHal3Core: printSensorModes: [1920 x 1080]@30.000000, format= 10992087
05-09 10:24:33.142   168   168 I NvCameraHal3Core: printSensorModes: [3280 x 1846]@30.000000, format= 10992087
05-09 10:24:33.142   168   168 I NvCameraHal3Core: printSensorModes: [3280 x 2460]@30.000000, format= 10992087
05-09 10:24:33.156   168   168 D NvOsDebugPrintf: NvPclHwCreateModuleListOne: WARNING: Could not map module to ISP config string
05-09 10:24:33.157   168   168 D NvOsDebugPrintf: NvPclHwCreateModuleListOne: WARNING: Could not map module to ISP config string
05-09 10:24:33.157   168   168 D NvOsDebugPrintf: SensorBayer_SetPowerLevel 3
05-09 10:24:33.159   168   168 D NvOsDebugPrintf: OV9760 Camera fd open as: 8
05-09 10:24:33.179   168   168 D NvOsDebugPrintf: AFConfigParamsSanityCheck: Warning: settle_time too large: 100, capped to 30
05-09 10:24:33.180   168   168 D NvOsDebugPrintf: NvIspSetStats: WARNING: FM can't be enabled because AP is not enabled!!
05-09 10:24:33.180   168   168 D NvOsDebugPrintf: SensorBayer_SetPowerLevel 3
05-09 10:24:33.249   168   168 I NvCameraHal3Core: printSensorModes: [1472 x 1104]@30.000000, format= 10a92087
05-09 10:24:33.249   168   168 I NvCameraHal3Core: printSensorModes: [0 x 0]@0.000000, format= 0
05-09 10:24:33.249   168   168 I NvCameraHal3Core: printSensorModes: [0 x 0]@0.000000, format= 0
05-09 10:24:33.249   168   168 I NvCameraHal3Core: printSensorModes: [0 x 0]@0.000000, format= 0
05-09 10:24:33.249   168   168 I NvCameraHal3Core: printSensorModes: [0 x 0]@0.000000, format= 0
05-09 10:24:33.249   168   168 I NvCameraHal3Core: printSensorModes: [0 x 0]@0.000000, format= 0
05-09 10:24:33.249   168   168 I NvCameraHal3Core: printSensorModes: [0 x 0]@0.000000, format= 0
05-09 10:24:33.249   168   168 I NvCameraHal3Core: printSensorModes: [0 x 0]@0.000000, format= 0
05-09 10:24:33.249   168   168 I NvCameraHal3Core: printSensorModes: [0 x 0]@0.000000, format= 0
05-09 10:24:33.249   168   168 I NvCameraHal3Core: printSensorModes: [0 x 0]@0.000000, format= 0
05-09 10:24:33.249   168   168 I NvCameraHal3Core: printSensorModes: [0 x 0]@0.000000, format= 0
05-09 10:24:33.249   168   168 I NvCameraHal3Core: printSensorModes: [0 x 0]@0.000000, format= 0
05-09 10:24:33.249   168   168 I NvCameraHal3Core: printSensorModes: [0 x 0]@0.000000, format= 0
05-09 10:24:33.249   168   168 I NvCameraHal3Core: printSensorModes: [0 x 0]@0.000000, format= 0
05-09 10:24:33.249   168   168 I NvCameraHal3Core: printSensorModes: [0 x 0]@0.000000, format= 0
05-09 10:24:33.249   168   168 I NvCameraHal3Core: printSensorModes: [0 x 0]@0.000000, format= 0
05-09 10:24:33.249   168   168 I NvCameraHal3Core: printSensorModes: [0 x 0]@0.000000, format= 0
05-09 10:24:33.249   168   168 I NvCameraHal3Core: printSensorModes: [0 x 0]@0.000000, format= 0
05-09 10:24:33.249   168   168 I NvCameraHal3Core: printSensorModes: [0 x 0]@0.000000, format= 0
05-09 10:24:33.249   168   168 I NvCameraHal3Core: printSensorModes: [0 x 0]@0.000000, format= 0
05-09 10:24:33.249   168   168 I NvCameraHal3Core: printSensorModes: [0 x 0]@0.000000, format= 0
05-09 10:24:33.249   168   168 I NvCameraHal3Core: printSensorModes: [0 x 0]@0.000000, format= 0
05-09 10:24:33.249   168   168 I NvCameraHal3Core: printSensorModes: [0 x 0]@0.000000, format= 0
05-09 10:24:33.249   168   168 I NvCameraHal3Core: printSensorModes: [0 x 0]@0.000000, format= 0
05-09 10:24:33.249   168   168 I NvCameraHal3Core: printSensorModes: [0 x 0]@0.000000, format= 0
05-09 10:24:33.250   168   168 I NvCameraHal3Core: printSensorModes: [0 x 0]@0.000000, format= 0
05-09 10:24:33.250   168   168 I NvCameraHal3Core: printSensorModes: [0 x 0]@0.000000, format= 0
05-09 10:24:33.250   168   168 I NvCameraHal3Core: printSensorModes: [0 x 0]@0.000000, format= 0
05-09 10:24:33.250   168   168 I NvCameraHal3Core: printSensorModes: [0 x 0]@0.000000, format= 0
05-09 10:24:33.250   168   168 I NvCameraHal3Core: printSensorModes: [0 x 0]@0.000000, format= 0
05-09 10:24:33.250   168   168 I NvCameraHal3Core: printSensorModes: [1472 x 1104]@30.000000, format= 10a92087
05-09 10:24:33.252   168   168 D NvOsDebugPrintf: SensorBayer_SetPowerLevel 1
05-09 10:24:33.255   168   168 I ServiceManager: Waiting for service media.camera.proxy...
05-09 10:24:33.338   174   174 I art     : Thread[1,tid=174,Native,Thread*=0xaaf1d978,peer=0x12c35100,"main"] recursive attempt to load library "/system/lib/libmedia_jni.so"
05-09 10:24:33.338   174   174 D MtpDeviceJNI: register_android_mtp_MtpDevice
05-09 10:24:33.338   174   174 I art     : Thread[1,tid=174,Native,Thread*=0xaaf1d978,peer=0x12c35100,"main"] recursive attempt to load library "/system/lib/libmedia_jni.so"
05-09 10:24:33.339   173   173 I art     : Thread[1,tid=173,Native,Thread*=0x55ba605ea0,peer=0x12c2c100,"main"] recursive attempt to load library "/system/lib64/libmedia_jni.so"
05-09 10:24:33.339   173   173 D MtpDeviceJNI: register_android_mtp_MtpDevice
05-09 10:24:33.339   173   173 I art     : Thread[1,tid=173,Native,Thread*=0x55ba605ea0,peer=0x12c2c100,"main"] recursive attempt to load library "/system/lib64/libmedia_jni.so"
05-09 10:24:33.340   173   173 I art     : Thread[1,tid=173,Native,Thread*=0x55ba605ea0,peer=0x12c2c100,"main"] recursive attempt to load library "/system/lib64/libmedia_jni.so"
05-09 10:24:33.342   174   174 I art     : Thread[1,tid=174,Native,Thread*=0xaaf1d978,peer=0x12c35100,"main"] recursive attempt to load library "/system/lib/libmedia_jni.so"
05-09 10:24:33.410   173   173 E EmojiFactory_jni: Failed to load libemoji.so: dlopen failed: library "libemoji.so" not found
05-09 10:24:33.424   174   174 E EmojiFactory_jni: Failed to load libemoji.so: dlopen failed: library "libemoji.so" not found
05-09 10:24:33.706   173   173 I System  : Loaded time zone names for "" in 111ms (110ms in ICU)
05-09 10:24:33.761   173   173 I System  : Loaded time zone names for "en_US" in 55ms (53ms in ICU)
05-09 10:24:33.791   174   174 I System  : Loaded time zone names for "" in 128ms (115ms in ICU)
05-09 10:24:33.796   173   173 I Zygote  : ...preloaded 3831 classes in 1569ms.
05-09 10:24:33.797   173   173 I art     : VMRuntime.preloadDexCaches starting
05-09 10:24:33.841   174   174 I System  : Loaded time zone names for "en_US" in 49ms (38ms in ICU)
05-09 10:24:33.873   174   174 I Zygote  : ...preloaded 3831 classes in 1592ms.
05-09 10:24:33.873   174   174 I art     : VMRuntime.preloadDexCaches starting
05-09 10:24:33.956   173   173 I art     : VMRuntime.preloadDexCaches strings total=243719 before=43715 after=43715
05-09 10:24:33.956   173   173 I art     : VMRuntime.preloadDexCaches types total=20132 before=6880 after=6906
05-09 10:24:33.956   173   173 I art     : VMRuntime.preloadDexCaches fields total=98219 before=35728 after=35933
05-09 10:24:33.956   173   173 I art     : VMRuntime.preloadDexCaches methods total=170290 before=70824 after=71322
05-09 10:24:33.956   173   173 I art     : VMRuntime.preloadDexCaches finished
05-09 10:24:34.019   483   483 D idmap   : error: no read access to /vendor/overlay: No such file or directory
05-09 10:24:34.024   174   174 I art     : VMRuntime.preloadDexCaches strings total=243719 before=43715 after=43715
05-09 10:24:34.024   174   174 I art     : VMRuntime.preloadDexCaches types total=20132 before=6880 after=6906
05-09 10:24:34.024   174   174 I art     : VMRuntime.preloadDexCaches fields total=98219 before=35728 after=35933
05-09 10:24:34.024   174   174 I art     : VMRuntime.preloadDexCaches methods total=170290 before=70824 after=71322
05-09 10:24:34.024   174   174 I art     : VMRuntime.preloadDexCaches finished
05-09 10:24:34.059   487   487 D idmap   : error: no read access to /vendor/overlay: No such file or directory
05-09 10:24:34.068   173   173 I Zygote  : Preloading resources...
05-09 10:24:34.074   174   174 I Zygote  : Preloading resources...
05-09 10:24:34.255   168   168 I ServiceManager: Waiting for service media.camera.proxy...
05-09 10:24:34.536   173   173 I Zygote  : ...preloaded 342 resources in 467ms.
05-09 10:24:34.545   173   173 I Zygote  : ...preloaded 41 resources in 10ms.
05-09 10:24:34.557   173   173 D libEGL  : loaded /vendor/lib64/egl/libEGL_tegra.so
05-09 10:24:34.600   174   174 I Zygote  : ...preloaded 342 resources in 525ms.
05-09 10:24:34.611   174   174 I Zygote  : ...preloaded 41 resources in 12ms.
05-09 10:24:34.633   174   174 D libEGL  : loaded /vendor/lib/egl/libEGL_tegra.so
05-09 10:24:34.638   173   173 D libEGL  : loaded /vendor/lib64/egl/libGLESv1_CM_tegra.so
05-09 10:24:34.693   173   173 D libEGL  : loaded /vendor/lib64/egl/libGLESv2_tegra.so
05-09 10:24:34.727   174   174 D libEGL  : loaded /vendor/lib/egl/libGLESv1_CM_tegra.so
05-09 10:24:34.737   173   173 I Zygote  : Preloading shared libraries...
05-09 10:24:34.751   173   173 D Zygote  : end preload
05-09 10:24:34.751   173   173 I art     : Starting a blocking GC Explicit
05-09 10:24:34.780   174   174 D libEGL  : loaded /vendor/lib/egl/libGLESv2_tegra.so
05-09 10:24:34.813   174   174 I Zygote  : Preloading shared libraries...
05-09 10:24:34.820   173   173 I art     : Explicit concurrent mark sweep GC freed 40668(5MB) AllocSpace objects, 121(2MB) LOS objects, 39% free, 8MB/13MB, paused 178us total 66.017ms
05-09 10:24:34.828   173   173 I art     : Starting a blocking GC Explicit
05-09 10:24:34.836   174   174 D Zygote  : end preload
05-09 10:24:34.836   174   174 I art     : Starting a blocking GC Explicit
05-09 10:24:34.849   173   173 I art     : Explicit concurrent mark sweep GC freed 3293(152KB) AllocSpace objects, 0(0B) LOS objects, 40% free, 8MB/13MB, paused 142us total 19.046ms
05-09 10:24:34.849   173   292 I art     : Starting a blocking GC HeapTrim
05-09 10:24:34.852   173   173 I art     : Starting a blocking GC Background
05-09 10:24:34.867   164   164 V NatController: runCmd(/system/bin/iptables -w -F natctrl_FORWARD) res=0
05-09 10:24:34.900   164   164 V NatController: runCmd(/system/bin/iptables -w -A natctrl_FORWARD -j DROP) res=0
05-09 10:24:34.923   173   173 I Zygote  : System server process 531 has been created
05-09 10:24:34.924   173   173 I Zygote  : Accepting command socket connections
05-09 10:24:34.939   164   164 V NatController: runCmd(/system/bin/iptables -w -t nat -F natctrl_nat_POSTROUTING) res=0
05-09 10:24:34.946   174   174 I art     : Explicit concurrent mark sweep GC freed 40571(5MB) AllocSpace objects, 121(2MB) LOS objects, 39% free, 8MB/13MB, paused 275us total 106.966ms
05-09 10:24:34.953   174   174 I art     : Starting a blocking GC Explicit
05-09 10:24:34.957   164   164 V NatController: runCmd(/system/bin/iptables -w -F natctrl_tether_counters) res=1
05-09 10:24:34.973   164   164 V NatController: runCmd(/system/bin/iptables -w -X natctrl_tether_counters) res=1
05-09 10:24:34.978   174   174 I art     : Explicit concurrent mark sweep GC freed 3293(152KB) AllocSpace objects, 0(0B) LOS objects, 40% free, 7MB/13MB, paused 241us total 24.246ms
05-09 10:24:34.979   174   174 I Zygote  : Accepting command socket connections
05-09 10:24:34.983   531   531 I Zygote  : Process: zygote socket opened, supported ABIS: armeabi-v7a,armeabi
05-09 10:24:34.984   531   531 I InstallerConnection: connecting...
05-09 10:24:34.985   169   169 I installd: new connection
05-09 10:24:34.987   164   164 V NatController: runCmd(/system/bin/iptables -w -N natctrl_tether_counters) res=0
05-09 10:24:34.997   164   164 V NatController: runCmd(/system/bin/iptables -w -t mangle -A natctrl_mangle_FORWARD -p tcp --tcp-flags SYN SYN -j TCPMSS --clamp-mss-to-pmtu) res=0
05-09 10:24:35.001   531   531 I InstallerConnection: disconnecting...
05-09 10:24:35.001   169   169 E installd: eof
05-09 10:24:35.001   169   169 E installd: failed to read size
05-09 10:24:35.002   169   169 I installd: closing connection
05-09 10:24:35.037   531   531 I SystemServer: Entered the Android system server!
05-09 10:24:35.102   531   531 I SystemServiceManager: Starting com.android.server.pm.Installer
05-09 10:24:35.107   531   531 I Installer: Waiting for installd to be ready.
05-09 10:24:35.107   531   531 I InstallerConnection: connecting...
05-09 10:24:35.108   169   169 I installd: new connection
05-09 10:24:35.109   531   531 I SystemServiceManager: Starting com.android.server.am.ActivityManagerService$Lifecycle
05-09 10:24:35.141   531   531 I ActivityManager: Memory class: 192
05-09 10:24:35.167   531   531 D BatteryStatsImpl: Reading daily items from /data/system/batterystats-daily.xml
05-09 10:24:35.251   531   531 W ProcessCpuTracker: Skipping unknown process pid 568
05-09 10:24:35.256   168   168 I ServiceManager: Waiting for service media.camera.proxy...
05-09 10:24:35.262   531   531 I IntentFirewall: Read new rules (A:0 B:0 S:0)
05-09 10:24:35.281   531   531 D AppOps  : AppOpsService published
05-09 10:24:35.281   531   531 I SystemServiceManager: Starting com.android.server.power.PowerManagerService
05-09 10:24:35.291   531   531 W libsuspend: Error writing 'on' to /sys/power/state: Invalid argument
05-09 10:24:35.291   531   531 I libsuspend: Selected wakeup count
05-09 10:24:35.300   531   531 I SystemServiceManager: Starting com.android.server.lights.LightsService
05-09 10:24:35.306   531   531 I SystemServiceManager: Starting com.android.server.display.DisplayManagerService
05-09 10:24:35.310   194   194 W Binder_2: type=1400 audit(0.0:4): avc: denied { ioctl } for path="socket:[12100]" dev="sockfs" ino=12100 ioctlcmd=7704 scontext=u:r:surfaceflinger:s0 tcontext=u:r:surfaceflinger:s0 tclass=unix_stream_socket permissive=0
05-09 10:24:35.310   194   194 W Binder_2: type=1400 audit(0.0:5): avc: denied { ioctl } for path="socket:[12100]" dev="sockfs" ino=12100 ioctlcmd=7704 scontext=u:r:surfaceflinger:s0 tcontext=u:r:surfaceflinger:s0 tclass=unix_stream_socket permissive=0
05-09 10:24:35.314   531   531 I SystemServiceManager: Starting phase 100
05-09 10:24:35.320   531   574 I DisplayManagerService: Display device added: DisplayDeviceInfo{"Built-in Screen": uniqueId="local:0", 1536 x 2048, modeId 1, defaultModeId 1, supportedModes [{id=1, width=1536, height=2048, fps=59.0}], colorTransformId 1, defaultColorTransformId 1, supportedColorTransforms [{id=1, colorTransform=-22}], density 320, 288.995 x 288.995 dpi, appVsyncOff 0, presDeadline 17949152, touch INTERNAL, rotation 0, type BUILT_IN, state UNKNOWN, FLAG_DEFAULT_DISPLAY, FLAG_ROTATES_WITH_CONTENT, FLAG_SECURE, FLAG_SUPPORTS_PROTECTED_BUFFERS}
05-09 10:24:35.321   163   163 D SurfaceFlinger: Set power mode=2, type=0 flinger=0x55890c5430
05-09 10:24:35.321   163   163 D SurfaceFlinger: Screen type=0 is already mode=2
05-09 10:24:35.325   531   531 I SystemServer: Package Manager
05-09 10:24:35.325   531   574 I DisplayManagerService: Display device changed state: "Built-in Screen", ON
05-09 10:24:35.438   531   531 D SELinuxMMAC: Using policy file /system/etc/security/mac_permissions.xml
05-09 10:24:35.463   531   531 D PackageSettings: Read domain verification for package:com.google.android.youtube
05-09 10:24:35.473   531   531 D PackageSettings: Read domain verification for package:com.google.android.apps.docs.editors.docs
05-09 10:24:35.477   531   531 D PackageSettings: Read domain verification for package:com.google.android.apps.docs.editors.sheets
05-09 10:24:35.477   531   531 D PackageSettings: Read domain verification for package:com.google.android.apps.docs.editors.slides
05-09 10:24:35.480   531   531 D PackageSettings: Read domain verification for package:com.android.vending
05-09 10:24:35.496   531   531 D PackageSettings: Read domain verification for package:com.google.android.apps.maps
05-09 10:24:35.497   531   531 D PackageSettings: Read domain verification for package:com.google.android.apps.plus
05-09 10:24:35.648   531   531 E art     : DexFile_getDexOptNeeded file '/system/framework/org.apache.http.legacy.jar' does not exist
05-09 10:24:35.649   531   531 W PackageManager: Library not found: /system/framework/org.apache.http.legacy.jar
05-09 10:24:35.670   531   531 E art     : DexFile_getDexOptNeeded file '/system/framework/org.apache.http.legacy.jar' does not exist
05-09 10:24:35.670   531   531 W PackageManager: Library not found: /system/framework/org.apache.http.legacy.jar
05-09 10:24:35.781   531   531 D PackageManager: No files in app dir /vendor/overlay
05-09 10:24:35.783   531   531 W PackageManager: Failed to parse /system/framework/arm: Missing base APK in /system/framework/arm
05-09 10:24:35.784   531   531 W PackageManager: Failed to parse /system/framework/arm64: Missing base APK in /system/framework/arm64
05-09 10:24:35.831   531   531 W PackageManager: Failed to parse /system/framework/oat: Missing base APK in /system/framework/oat
05-09 10:24:35.903   164   164 D MDnsDS  : MDnsSdListener::Hander starting up
05-09 10:24:35.903   164   627 D MDnsDS  : MDnsSdListener starting to monitor
05-09 10:24:35.904   164   627 D MDnsDS  : Going to poll with pollCount 1
05-09 10:24:35.924   531   531 W PackageManager: Permission android.permission.DOWNLOAD_WITHOUT_NOTIFICATION from package com.android.providers.downloads in an unknown group android.permission-group.NETWORK
05-09 10:24:35.985   531   531 W PackageParser: No actions in intent filter at /system/priv-app/GoogleContacts/GoogleContacts.apk Binary XML file line #390
05-09 10:24:35.999   531   531 W PackageParser: Unknown element under <manifest>: uses-library at /system/priv-app/GoogleFeedback/GoogleFeedback.apk Binary XML file line #30
05-09 10:24:36.077   531   531 W PackageParser: Ignoring duplicate uses-permissions/uses-permissions-sdk-m: com.google.android.providers.gsf.permission.READ_GSERVICES in package: com.google.android.partnersetup at: Binary XML file line #31
05-09 10:24:36.113   531   531 W PackageManager: Permission com.google.android.googleapps.permission.GOOGLE_AUTH from package com.google.android.gsf in an unknown group android.permission-group.ACCOUNTS
05-09 10:24:36.113   531   531 W PackageManager: Permission com.google.android.googleapps.permission.GOOGLE_AUTH.ALL_SERVICES from package com.google.android.gsf in an unknown group android.permission-group.ACCOUNTS
05-09 10:24:36.113   531   531 W PackageManager: Permission com.google.android.googleapps.permission.GOOGLE_AUTH.OTHER_SERVICES from package com.google.android.gsf in an unknown group android.permission-group.ACCOUNTS
05-09 10:24:36.113   531   531 W PackageManager: Permission com.google.android.googleapps.permission.GOOGLE_AUTH.mail from package com.google.android.gsf in an unknown group android.permission-group.ACCOUNTS
05-09 10:24:36.113   531   531 W PackageManager: Permission com.google.android.googleapps.permission.GOOGLE_AUTH.cl from package com.google.android.gsf in an unknown group android.permission-group.ACCOUNTS
05-09 10:24:36.113   531   531 W PackageManager: Permission com.google.android.googleapps.permission.GOOGLE_AUTH.android from package com.google.android.gsf in an unknown group android.permission-group.ACCOUNTS
05-09 10:24:36.113   531   531 W PackageManager: Permission com.google.android.googleapps.permission.GOOGLE_AUTH.androidsecure from package com.google.android.gsf in an unknown group android.permission-group.ACCOUNTS
05-09 10:24:36.113   531   531 W PackageManager: Permission com.google.android.googleapps.permission.GOOGLE_AUTH.sierra from package com.google.android.gsf in an unknown group android.permission-group.ACCOUNTS
05-09 10:24:36.113   531   531 W PackageManager: Permission com.google.android.googleapps.permission.GOOGLE_AUTH.sierraqa from package com.google.android.gsf in an unknown group android.permission-group.ACCOUNTS
05-09 10:24:36.113   531   531 W PackageManager: Permission com.google.android.googleapps.permission.GOOGLE_AUTH.sierrasandbox from package com.google.android.gsf in an unknown group android.permission-group.ACCOUNTS
05-09 10:24:36.113   531   531 W PackageManager: Permission com.google.android.googleapps.permission.GOOGLE_AUTH.youtube from package com.google.android.gsf in an unknown group android.permission-group.ACCOUNTS
05-09 10:24:36.113   531   531 W PackageManager: Permission com.google.android.googleapps.permission.GOOGLE_AUTH.YouTubeUser from package com.google.android.gsf in an unknown group android.permission-group.ACCOUNTS
05-09 10:24:36.113   531   531 W PackageManager: Permission com.google.android.googleapps.permission.GOOGLE_AUTH.talk from package com.google.android.gsf in an unknown group android.permission-group.ACCOUNTS
05-09 10:24:36.113   531   531 W PackageManager: Permission com.google.android.googleapps.permission.GOOGLE_AUTH.ig from package com.google.android.gsf in an unknown group android.permission-group.ACCOUNTS
05-09 10:24:36.113   531   531 W PackageManager: Permission com.google.android.googleapps.permission.GOOGLE_AUTH.lh2 from package com.google.android.gsf in an unknown group android.permission-group.ACCOUNTS
05-09 10:24:36.113   531   531 W PackageManager: Permission com.google.android.googleapps.permission.GOOGLE_AUTH.mobile from package com.google.android.gsf in an unknown group android.permission-group.ACCOUNTS
05-09 10:24:36.113   531   531 W PackageManager: Permission com.google.android.googleapps.permission.GOOGLE_AUTH.cp from package com.google.android.gsf in an unknown group android.permission-group.ACCOUNTS
05-09 10:24:36.113   531   531 W PackageManager: Permission com.google.android.googleapps.permission.GOOGLE_AUTH.adsense from package com.google.android.gsf in an unknown group android.permission-group.ACCOUNTS
05-09 10:24:36.113   531   531 W PackageManager: Permission com.google.android.googleapps.permission.GOOGLE_AUTH.adwords from package com.google.android.gsf in an unknown group android.permission-group.ACCOUNTS
05-09 10:24:36.114   531   531 W PackageManager: Permission com.google.android.googleapps.permission.GOOGLE_AUTH.blogger from package com.google.android.gsf in an unknown group android.permission-group.ACCOUNTS
05-09 10:24:36.114   531   531 W PackageManager: Permission com.google.android.googleapps.permission.GOOGLE_AUTH.dodgeball from package com.google.android.gsf in an unknown group android.permission-group.ACCOUNTS
05-09 10:24:36.114   531   531 W PackageManager: Permission com.google.android.googleapps.permission.GOOGLE_AUTH.gbase from package com.google.android.gsf in an unknown group android.permission-group.ACCOUNTS
05-09 10:24:36.114   531   531 W PackageManager: Permission com.google.android.googleapps.permission.GOOGLE_AUTH.groups2 from package com.google.android.gsf in an unknown group android.permission-group.ACCOUNTS
05-09 10:24:36.114   531   531 W PackageManager: Permission com.google.android.googleapps.permission.GOOGLE_AUTH.health from package com.google.android.gsf in an unknown group android.permission-group.ACCOUNTS
05-09 10:24:36.114   531   531 W PackageManager: Permission com.google.android.googleapps.permission.GOOGLE_AUTH.jotspot from package com.google.android.gsf in an unknown group android.permission-group.ACCOUNTS
05-09 10:24:36.114   531   531 W PackageManager: Permission com.google.android.googleapps.permission.GOOGLE_AUTH.knol from package com.google.android.gsf in an unknown group android.permission-group.ACCOUNTS
05-09 10:24:36.114   531   531 W PackageManager: Permission com.google.android.googleapps.permission.GOOGLE_AUTH.news from package com.google.android.gsf in an unknown group android.permission-group.ACCOUNTS
05-09 10:24:36.114   531   531 W PackageManager: Permission com.google.android.googleapps.permission.GOOGLE_AUTH.orkut from package com.google.android.gsf in an unknown group android.permission-group.ACCOUNTS
05-09 10:24:36.114   531   531 W PackageManager: Permission com.google.android.googleapps.permission.GOOGLE_AUTH.print from package com.google.android.gsf in an unknown group android.permission-group.ACCOUNTS
05-09 10:24:36.114   531   531 W PackageManager: Permission com.google.android.googleapps.permission.GOOGLE_AUTH.sitemaps from package com.google.android.gsf in an unknown group android.permission-group.ACCOUNTS
05-09 10:24:36.114   531   531 W PackageManager: Permission com.google.android.googleapps.permission.GOOGLE_AUTH.wifi from package com.google.android.gsf in an unknown group android.permission-group.ACCOUNTS
05-09 10:24:36.114   531   531 W PackageManager: Permission com.google.android.googleapps.permission.GOOGLE_AUTH.finance from package com.google.android.gsf in an unknown group android.permission-group.ACCOUNTS
05-09 10:24:36.114   531   531 W PackageManager: Permission com.google.android.googleapps.permission.GOOGLE_AUTH.local from package com.google.android.gsf in an unknown group android.permission-group.ACCOUNTS
05-09 10:24:36.114   531   531 W PackageManager: Permission com.google.android.googleapps.permission.GOOGLE_AUTH.ah from package com.google.android.gsf in an unknown group android.permission-group.ACCOUNTS
05-09 10:24:36.114   531   531 W PackageManager: Permission com.google.android.googleapps.permission.GOOGLE_AUTH.notebook from package com.google.android.gsf in an unknown group android.permission-group.ACCOUNTS
05-09 10:24:36.114   531   531 W PackageManager: Permission com.google.android.googleapps.permission.GOOGLE_AUTH.writely from package com.google.android.gsf in an unknown group android.permission-group.ACCOUNTS
05-09 10:24:36.114   531   531 W PackageManager: Permission com.google.android.googleapps.permission.GOOGLE_AUTH.wise from package com.google.android.gsf in an unknown group android.permission-group.ACCOUNTS
05-09 10:24:36.114   531   531 W PackageManager: Permission com.google.android.googleapps.permission.GOOGLE_AUTH.grandcentral from package com.google.android.gsf in an unknown group android.permission-group.ACCOUNTS
05-09 10:24:36.114   531   531 W PackageManager: Permission com.google.android.googleapps.permission.GOOGLE_AUTH.speechpersonalization from package com.google.android.gsf in an unknown group android.permission-group.ACCOUNTS
05-09 10:24:36.114   531   531 W PackageManager: Permission com.google.android.googleapps.permission.GOOGLE_AUTH.speech from package com.google.android.gsf in an unknown group android.permission-group.ACCOUNTS
