05-09 09:44:35.688   538   660 D ConnectivityService:    accepting network in place of null
05-09 09:44:35.688   538   658 D WifiNative-HAL: stopRssiMonitoring, cmdId 0
05-09 09:44:35.689   538   660 D ConnectivityService: Switching to new default network: NetworkAgentInfo{ ni{[type: WIFI[], state: CONNECTED/CONNECTED, reason: (unspecified), extra: "Tomato", roaming: false, failover: false, isAvailable: true]}  network{100}  lp{{InterfaceName: wlan0 LinkAddresses: [fe80::b6ce:f6ff:fe09:7b7a/64,192.168.1.20/24,]  Routes: [fe80::/64 -> :: wlan0,192.168.1.0/24 -> 0.0.0.0 wlan0,0.0.0.0/0 -> 192.168.1.1 wlan0,] DnsAddresses: [192.168.1.1,] Domains: null MTU: 0 TcpBufferSizes: 524288,1048576,2097152,262144,524288,1048576}}  nc{[ Transports: WIFI Capabilities: INTERNET&NOT_RESTRICTED&TRUSTED&NOT_VPN LinkUpBandwidth>=1048576Kbps LinkDnBandwidth>=1048576Kbps SignalStrength: -44]}  Score{20}  everValidated{false}  lastValidated{false}  created{true} lingering{false} explicitlySelected{false} acceptUnvalidated{false} everCaptivePortalDetected{false} lastCaptivePortalDetected{false} }
05-09 09:44:35.697  2500  2554 W AudioManagerAndroid: Requires BLUETOOTH permission
05-09 09:44:35.702   538  2452 D NetlinkSocketObserver: NeighborEvent{elapsedMs=40326, 192.168.1.1, [BCEE7B8E7F30], RTM_NEWNEIGH, NUD_REACHABLE}
05-09 09:44:35.705   538  2451 D NetworkMonitor/NetworkAgentInfo [WIFI () - 100]: Checking http://connectivitycheck.gstatic.com/generate_204 on "Tomato", connectivitycheck.gstatic.com=172.217.168.163,2a00:1450:4003:80a::2003
05-09 09:44:35.715  2500  2500 I NSApplication: Starting up...
05-09 09:44:35.718   163   626 V IdletimerController: runCmd(/system/bin/ip6tables -w -t raw -A idletimer_raw_PREROUTING -i wlan0 -j IDLETIMER --timeout 15 --label 1 --send_nl_msg 1) res_ipv4=0, res_ipv6=0
05-09 09:44:35.730   538  1419 I ActivityManager: Start proc 2559:com.google.android.apps.photos/u0a63 for broadcast com.google.android.apps.photos/.actionqueue.SystemReceiver
05-09 09:44:35.730   538  1419 I ActivityManager: Killing 1896:com.android.managedprovisioning/u0a15 (adj 15): empty #17
05-09 09:44:35.747  2156  2216 I GAV2    : Thread[GAThread,5,main]: No campaign data found.
05-09 09:44:35.748   538  2451 D NetworkMonitor/NetworkAgentInfo [WIFI () - 100]: isCaptivePortal: ret=204 headers={null=[HTTP/1.1 204 No Content], Content-Length=[0], Date=[Thu, 09 May 2019 08:44:34 GMT], X-Android-Received-Millis=[1557391475744], X-Android-Response-Source=[NETWORK 204], X-Android-Selected-Protocol=[http/1.1], X-Android-Sent-Millis=[1557391475727]}
05-09 09:44:35.755   163   626 V IdletimerController: runCmd(/system/bin/ip6tables -w -t mangle -A idletimer_mangle_POSTROUTING -o wlan0 -j IDLETIMER --timeout 15 --label 1 --send_nl_msg 1) res_ipv4=0, res_ipv6=0
05-09 09:44:35.759   538   660 D ConnectivityService: Setting tx/rx TCP buffers to 524288,1048576,2097152,262144,524288,1048576
05-09 09:44:35.763  2559  2559 W System  : ClassLoader referenced unknown path: /system/app/Photos/lib/arm
05-09 09:44:35.768   538   660 D CSLegacyTypeTracker: Sending CONNECTED broadcast for type 1 NetworkAgentInfo [WIFI () - 100] isDefaultNetwork=true
05-09 09:44:35.770   538   660 D ConnectivityService: sendStickyBroadcast: action=android.net.conn.CONNECTIVITY_CHANGE
05-09 09:44:35.772   538   660 D ConnectivityService: notifyType PRECHECK for NetworkAgentInfo [WIFI () - 100]
05-09 09:44:35.773   538   660 D ConnectivityService: setProvNotificationVisibleIntent null visible=false networkType=MOBILE extraInfo=null highPriority=false
05-09 09:44:35.773   538   581 D Tethering: MasterInitialState.processMessage what=3
05-09 09:44:35.773   538   660 D ConnectivityService: NetworkAgentInfo [WIFI () - 100] validation  passed
05-09 09:44:35.773   538   660 D ConnectivityService: notifyType CAP_CHANGED for NetworkAgentInfo [WIFI () - 100]
05-09 09:44:35.777   538   660 D ConnectivityService: sendStickyBroadcast: action=android.net.conn.INET_CONDITION_ACTION
05-09 09:44:35.777  1436  1436 W ErrorReporter: reportError [type: 29, code: 917507]: null
05-09 09:44:35.781  2351  2351 D MusicLifecycle: com.google.android.music.net.NetworkMonitor$2 generated event: Broadcast received with context com.google.android.music.net.NetworkMonitor@af8b3d3 and intent Intent { act=android.net.conn.CONNECTIVITY_CHANGE flg=0x4000010 (has extras) }
05-09 09:44:35.782  1436  1436 D NetworkChangeNotifierAutoDetect: Network connectivity changed, type is: 2
05-09 09:44:35.789  1180  1180 I SystemUpdateService: receiver: Intent { act=android.net.conn.CONNECTIVITY_CHANGE flg=0x4000010 cmp=com.google.android.gms/.update.SystemUpdateService$ActiveReceiver (has extras) }
05-09 09:44:35.791  2351  2351 I NetworkMonitor: type=WIFI subType= reason=null isConnected=true
05-09 09:44:35.794   538  1335 D AlarmManagerService: Setting time of day to sec=1557391474
05-09 09:44:36.056   538  1102 I ActivityManager: Start proc 2573:com.google.android.apps.plus/u0a65 for broadcast com.google.android.apps.plus/.service.ConnectivityReceiver
05-09 09:44:36.057   538  1102 I ActivityManager: Killing 1916:com.android.vending/u0a17 (adj 15): empty #17
05-09 09:44:36.107  2573  2573 W System  : ClassLoader referenced unknown path: /system/app/PlusOne/lib/arm
05-09 09:44:36.186   726   742 E DatabaseUtils: Writing exception to parcel
05-09 09:44:36.186   726   742 E DatabaseUtils: java.lang.SecurityException: Permission Denial: reading com.android.providers.media.MediaProvider uri content://media/external/fs_id from pid=2573, uid=10065 requires android.permission.READ_EXTERNAL_STORAGE, or grantUriPermission()
05-09 09:44:36.186   726   742 E DatabaseUtils: 	at android.content.ContentProvider.enforceReadPermissionInner(ContentProvider.java:605)
05-09 09:44:36.186   726   742 E DatabaseUtils: 	at android.content.ContentProvider$Transport.enforceReadPermission(ContentProvider.java:480)
05-09 09:44:36.186   726   742 E DatabaseUtils: 	at android.content.ContentProvider$Transport.query(ContentProvider.java:211)
05-09 09:44:36.186   726   742 E DatabaseUtils: 	at android.content.ContentProviderNative.onTransact(ContentProviderNative.java:112)
05-09 09:44:36.186   726   742 E DatabaseUtils: 	at android.os.Binder.execTransact(Binder.java:453)
05-09 09:44:36.318   538   741 W ActivityManager: Permission Denial: opening provider com.android.providers.contacts.ContactsProvider2 from ProcessRecord{cdced10 2573:com.google.android.apps.plus/u0a65} (pid=2573, uid=10065) requires android.permission.READ_CONTACTS or android.permission.WRITE_CONTACTS
05-09 09:44:36.330   538  1079 W ActivityManager: Permission Denial: opening provider com.android.providers.contacts.ContactsProvider2 from ProcessRecord{cdced10 2573:com.google.android.apps.plus/u0a65} (pid=2573, uid=10065) requires android.permission.READ_CONTACTS or android.permission.WRITE_CONTACTS
05-09 09:44:36.350   538   553 I ActivityManager: Killing 2043:com.google.process.gapps/u0a45 (adj 15): empty #17
05-09 09:44:36.385  2573  2582 W art     : Suspending all threads took: 5.278ms
05-09 09:44:36.398   538   741 W ActivityManager: Permission Denial: opening provider com.android.providers.contacts.ContactsProvider2 from ProcessRecord{cdced10 2573:com.google.android.apps.plus/u0a65} (pid=2573, uid=10065) requires android.permission.READ_CONTACTS or android.permission.WRITE_CONTACTS
05-09 09:44:36.409  2573  2590 E GooglePlusContactsSync: Failed to clear out contacts
05-09 09:44:36.409  2573  2590 E GooglePlusContactsSync: java.lang.SecurityException: Permission Denial: opening provider com.android.providers.contacts.ContactsProvider2 from ProcessRecord{cdced10 2573:com.google.android.apps.plus/u0a65} (pid=2573, uid=10065) requires android.permission.READ_CONTACTS or android.permission.WRITE_CONTACTS
05-09 09:44:36.409  2573  2590 E GooglePlusContactsSync: 	at android.os.Parcel.readException(Parcel.java:1620)
05-09 09:44:36.409  2573  2590 E GooglePlusContactsSync: 	at android.os.Parcel.readException(Parcel.java:1573)
05-09 09:44:36.409  2573  2590 E GooglePlusContactsSync: 	at android.app.ActivityManagerProxy.getContentProvider(ActivityManagerNative.java:3551)
05-09 09:44:36.409  2573  2590 E GooglePlusContactsSync: 	at android.app.ActivityThread.acquireProvider(ActivityThread.java:4778)
05-09 09:44:36.409  2573  2590 E GooglePlusContactsSync: 	at android.app.ContextImpl$ApplicationContentResolver.acquireUnstableProvider(ContextImpl.java:2018)
05-09 09:44:36.409  2573  2590 E GooglePlusContactsSync: 	at android.content.ContentResolver.acquireUnstableProvider(ContentResolver.java:1468)
05-09 09:44:36.409  2573  2590 E GooglePlusContactsSync: 	at android.content.ContentResolver.query(ContentResolver.java:475)
05-09 09:44:36.409  2573  2590 E GooglePlusContactsSync: 	at android.content.ContentResolver.query(ContentResolver.java:434)
05-09 09:44:36.409  2573  2590 E GooglePlusContactsSync: 	at dcl.a(PG:447)
05-09 09:44:36.409  2573  2590 E GooglePlusContactsSync: 	at dcl.b(PG:1396)
05-09 09:44:36.409  2573  2590 E GooglePlusContactsSync: 	at dcm.run(PG:333)
05-09 09:44:36.409  2573  2590 E GooglePlusContactsSync: 	at java.lang.Thread.run(Thread.java:818)
05-09 09:44:36.427  2351  2351 D MusicLifecycle: com.google.android.music.leanback.AutoCacheSchedulingService$EnablingReceiver generated event: Broadcast received with context android.app.ReceiverRestrictedContext@b2449c2 and intent Intent { act=com.google.android.music.START_DOWNLOAD_SCHEDULING flg=0x10 cmp=com.google.android.music/.leanback.AutoCacheSchedulingService$EnablingReceiver }
05-09 09:44:36.436  2351  2351 D MusicLifecycle: com.google.android.music.leanback.AutoCacheSchedulingService generated event: Service created
05-09 09:44:36.442  2351  2351 D MusicLifecycle: com.google.android.music.leanback.AutoCacheSchedulingService generated event: Service started with intent Intent { act=com.google.android.music.leanback.APP_IN_USE cmp=com.google.android.music/.leanback.AutoCacheSchedulingService (has extras) }
05-09 09:44:36.442  2351  2351 D MusicLifecycle: com.google.android.music.wear.WearBroadcastReceiver generated event: Broadcast received with context android.app.ReceiverRestrictedContext@b2449c2 and intent Intent { act=com.google.android.music.START_DOWNLOAD_SCHEDULING flg=0x10 cmp=com.google.android.music/.wear.WearBroadcastReceiver }
05-09 09:44:36.445  2351  2351 D MusicLifecycle: com.google.android.music.download.TrackDownloadQueueService generated event: Service created
05-09 09:44:36.451  2351  2351 D MusicLifecycle: com.google.android.music.download.cache.TrackCacheService generated event: Service created
05-09 09:44:36.458  2351  2351 D MusicLifecycle: com.google.android.music.wear.WearMetadataSyncService generated event: Service created
05-09 09:44:36.461  2351  2351 D MusicLifecycle: com.google.android.music.wear.WearMetadataSyncService generated event: Service started with intent Intent { cmp=com.google.android.music/.wear.WearMetadataSyncService }
05-09 09:44:36.463  2351  2351 E GmsUtils: Failed to connect to Google API client: ConnectionResult{statusCode=API_UNAVAILABLE, resolution=null}
05-09 09:44:36.467  2351  2598 I MusicLeanback: Conditions not met for autocaching. okToAttempt=false
05-09 09:44:36.467  2351  2598 I MusicLeanback: Stop autocaching.
05-09 09:44:36.469  2351  2351 D MusicLifecycle: com.google.android.music.download.cache.TrackCacheService generated event: Service destroyed
05-09 09:44:36.469  2351  2351 D MusicLifecycle: com.google.android.music.download.TrackDownloadQueueService generated event: Service destroyed
05-09 09:44:36.473  2351  2604 E GmsUtils: Failed to connect to Google API client: ConnectionResult{statusCode=API_UNAVAILABLE, resolution=null}
05-09 09:44:36.474  2351  2351 D MusicLifecycle: com.google.android.music.wear.WearMetadataSyncService generated event: Service destroyed
05-09 09:44:36.606  1049  2402 W FusedLocationProvider: I/O error: java.io.IOException: Timed out waiting for response from server
05-09 09:44:37.018   538   553 I ActivityManager: Killing 2064:com.google.android.apps.inputmethod.zhuyin/u0a52 (adj 15): empty #17
05-09 09:44:37.221  2379  2414 W UnsafeUtil: platform method missing - proto runtime falling back to safer methods: java.lang.NoSuchMethodException: getByte [class java.lang.Object, long]
05-09 09:44:37.525   538   660 D ConnectivityService: notifyType CAP_CHANGED for NetworkAgentInfo [WIFI () - 100]
05-09 09:44:37.856   538   650 I InputReader: Reconfiguring input devices.  changes=0x00000010
05-09 09:44:37.930   538   553 I ActivityManager: Start proc 2629:com.android.vending/u0a17 for broadcast com.android.vending/com.google.android.finsky.receivers.PackageMonitorReceiver$RegisteredReceiver
05-09 09:44:37.999  2629  2629 W System  : ClassLoader referenced unknown path: /system/priv-app/Phonesky/lib/arm64
05-09 09:44:38.042  1228  1228 V GmsNetworkLocationProvi: DISABLE
05-09 09:44:38.043  2629  2629 W Finsky  : [1] FinskyApp.getCurrentAccount: No account configured on this device.
05-09 09:44:38.070  2629  2629 D Finsky  : [1] FinskyApp.onCreate: Initializing network with DFE https://android.clients.google.com/fdfe/
05-09 09:44:38.073  2629  2629 W Finsky  : [1] FinskyApp.getCurrentAccount: No account configured on this device.
05-09 09:44:38.076  1228  1228 V GmsNetworkLocationProvi: ENABLE
05-09 09:44:38.078  1228  1241 V GmsNetworkLocationProvi: onSetRequest: ProviderRequestUnbundled, reportLocation is true and interval is 86400000
05-09 09:44:38.078  1228  1228 V GmsNetworkLocationProvi: SET-REQUEST
05-09 09:44:38.078  1228  1228 V GmsNetworkLocationProvi: in Handler: ProviderRequestUnbundled, reportLocation is true and interval is 86400000
05-09 09:44:38.095   538   566 D ActivityRecognitionProxy: AR HW instance not available, binding will be a no-op.
05-09 09:44:38.105  2629  2629 W Finsky  : [1] FinskyApp.getCurrentAccount: No account configured on this device.
05-09 09:44:38.106  2629  2629 W Finsky  : [1] FinskyApp.getCurrentAccount: No account configured on this device.
05-09 09:44:38.108  2629  2629 W Finsky  : [1] FinskyApp.getCurrentAccount: No account configured on this device.
05-09 09:44:38.109  2629  2629 W Finsky  : [1] FinskyApp.getCurrentAccount: No account configured on this device.
05-09 09:44:38.121  2629  2629 W Finsky  : [1] FinskyApp.getCurrentAccount: No account configured on this device.
05-09 09:44:38.121  2629  2629 W Finsky  : [1] FinskyApp.getCurrentAccount: No account configured on this device.
05-09 09:44:38.122  2629  2629 D Finsky  : [1] DailyHygiene.goMakeHygieneIfDirty: No need to run daily hygiene.
05-09 09:44:38.128  2629  2629 W Settings: Setting download_manager_max_bytes_over_mobile has moved from android.provider.Settings.Secure to android.provider.Settings.Global.
05-09 09:44:38.128  2629  2629 W Settings: Setting download_manager_recommended_max_bytes_over_mobile has moved from android.provider.Settings.Secure to android.provider.Settings.Global.
05-09 09:44:38.137  2629  2629 W Finsky  : [1] FinskyApp.getCurrentAccount: No account configured on this device.
05-09 09:44:38.138  2629  2629 W Finsky  : [1] FinskyApp.getCurrentAccount: No account configured on this device.
05-09 09:44:38.138  2629  2629 W Finsky  : [1] FinskyApp.getDfeApi: No account configured on this device.
05-09 09:44:38.141  2629  2629 W Finsky  : [1] FinskyApp.getCurrentAccount: No account configured on this device.
05-09 09:44:38.145  2629  2662 D Ads     : Skipping gmscore version check
05-09 09:44:38.148  2629  2662 W GooglePlayServicesUtil: Google Play services out of date.  Requires 8296000 but found 8122446
05-09 09:44:38.151   538   554 I ActivityManager: Killing 1738:com.android.printspooler/u0a71 (adj 15): empty #17
05-09 09:44:38.181  2629  2629 D Finsky  : [1] GmsCoreHelper.cleanupNlp: result=false type=4
05-09 09:44:38.182  1180  2664 D PackageBroadcastService: Received broadcast action=android.intent.action.PACKAGE_CHANGED and uri=com.google.android.gms
05-09 09:44:38.182  1436  2665 I UpdateIcingCorporaServi: Updating corpora: APPS=com.google.android.gms, CONTACTS=MAYBE
05-09 09:44:38.194  1180  2664 I PackageBroadcastService: Null package name or gms related package.  Ignoreing.
05-09 09:44:38.198  1436  2665 I UpdateIcingCorporaServi: UpdateCorporaTask done [took 16 ms] updated apps [took 16 ms] 
05-09 09:44:38.201  1180  1578 I Icing   : updateResources: need to parse f{com.google.android.gms}
05-09 09:44:38.203  2629  2629 W Finsky  : [1] FinskyApp.getCurrentAccount: No account configured on this device.
05-09 09:44:38.205  2629  2629 W Finsky  : [1] FinskyApp.getCurrentAccount: No account configured on this device.
05-09 09:44:38.214  2629  2629 D Finsky  : [1] RestoreTracker.stopServiceIfDone: Restore complete with 0 success and 0 failed.
05-09 09:44:41.025  2379  2673 E art     : No implementation found for long org.tensorflow.contrib.android.RunStats.allocate() (tried Java_org_tensorflow_contrib_android_RunStats_allocate and Java_org_tensorflow_contrib_android_RunStats_allocate__)
05-09 09:44:42.775   538   660 D ConnectivityService: handlePromptUnvalidated 100
05-09 09:44:43.009   538  1079 I ActivityManager: Killing 2144:com.google.android.apps.maps/u0a58 (adj 15): empty #17
05-09 09:44:43.387   538   568 I ActivityManager: Waited long enough for: ServiceRecord{45a3a81 u0 com.google.android.calendar/com.android.calendar.alerts.InitAlarmsService}
05-09 09:44:47.803  1180  1978 I CheckinService: Done disabling old GoogleServicesFramework version
05-09 09:44:47.809   538   658 D WifiStateMachine: L2Connected CMD_START_SCAN source -2 3, 4 -> obsolete
05-09 09:44:55.322   538   658 D WifiStateMachine: shouldSwitchNetwork  txSuccessRate=2.01 rxSuccessRate=0.99 delta 999 -> 999
05-09 09:44:55.325   538   658 D WifiStateMachine: CMD_AUTO_ROAM sup state CompletedState my state ConnectedState nid=2 config "Tomato"WPA_PSK roam=1 to bc:ee:7b:8e:7f:34 targetRoamBSSID any
05-09 09:44:55.325   538   658 E WifiConfigStore: saveWifiConfigBSSID Setting BSSID for "Tomato"WPA_PSK to bc:ee:7b:8e:7f:34
05-09 09:44:55.326   999   999 I wpa_supplicant: wlan0: Trying to associate with SSID 'Tomato'
05-09 09:44:55.328   538   658 D WifiStateMachine: WifiStateMachine: Leaving Connected state
05-09 09:44:55.328   538   658 D WifiStateMachine: Start Roam Watchdog 1
05-09 09:44:55.414   999   999 I wpa_supplicant: wlan0: Associated with bc:ee:7b:8e:7f:34
05-09 09:44:55.434   999   999 I wpa_supplicant: wlan0: WPA: Key negotiation completed with bc:ee:7b:8e:7f:34 [PTK=CCMP GTK=CCMP]
05-09 09:44:55.434   999   999 I wpa_supplicant: wlan0: CTRL-EVENT-CONNECTED - Connection to bc:ee:7b:8e:7f:34 completed [id=2 id_str=]
05-09 09:44:55.436   538   658 D WifiStateMachine: WifiStateMachine: Leaving Roaming state
05-09 09:44:55.436   538   658 E WifiConfigStore: saveWifiConfigBSSID Setting BSSID for "Tomato"WPA_PSK to any
05-09 09:44:55.453   538   658 D WifiStateMachine: Start Dhcp Watchdog 2
05-09 09:44:55.457   538   658 D IpReachabilityMonitor: probing ip=192.168.1.1%6
05-09 09:44:55.538   538   658 E native  : do suspend false
05-09 09:44:55.548   538  2453 D DhcpClient: Unicasting DHCPREQUEST ciaddr=192.168.1.20 request=0.0.0.0 serverid=null to /192.168.1.1:67
05-09 09:44:55.553   538  2454 D DhcpClient: Received packet: b4:ce:f6:09:7b:7a ACK: your new IP /192.168.1.20, netmask /255.255.255.0, gateways [/192.168.1.1] DNS servers: /192.168.1.1 , lease time 86400
05-09 09:44:55.555   538  2453 D DhcpClient: Scheduling renewal in 43199s
05-09 09:44:55.560   538   658 D WifiConfigStore: No blacklist allowed without epno enabled
05-09 09:44:55.560   538   660 D ConnectivityService: notifyType CAP_CHANGED for NetworkAgentInfo [WIFI () - 100]
05-09 09:44:55.655   538   660 D ConnectivityService: notifyType CAP_CHANGED for NetworkAgentInfo [WIFI () - 100]
05-09 09:44:58.439   538   553 I ActivityManager: Killing 2124:com.google.android.gm.exchange/u0a67 (adj 15): empty #17
05-09 09:45:07.747   538   660 D ConnectivityService: notifyType CAP_CHANGED for NetworkAgentInfo [WIFI () - 100]
05-09 09:45:10.770   538   660 D ConnectivityService: notifyType CAP_CHANGED for NetworkAgentInfo [WIFI () - 100]
05-09 09:45:11.204   538  2452 D NetlinkSocketObserver: NeighborEvent{elapsedMs=76747, 192.168.1.1, [BCEE7B8E7F30], RTM_NEWNEIGH, NUD_STALE}
05-09 09:45:14.721   538   658 D WifiStateMachine: L2Connected CMD_START_SCAN source -2 5, 6 -> obsolete
05-09 09:45:19.577   538  2452 D NetlinkSocketObserver: NeighborEvent{elapsedMs=85120, 192.168.1.1, [BCEE7B8E7F30], RTM_NEWNEIGH, NUD_PROBE}
05-09 09:45:21.416  1314  1425 I Keyboard.Facilitator.LanguageModelFlusher: run()
05-09 09:45:21.416  1314  1425 I Keyboard.Facilitator: flushDynamicLanguageModels()
05-09 09:45:35.364   538  2452 D NetlinkSocketObserver: NeighborEvent{elapsedMs=100907, 192.168.1.1, [BCEE7B8E7F30], RTM_NEWNEIGH, NUD_STALE}
05-09 09:45:40.937   538  2452 D NetlinkSocketObserver: NeighborEvent{elapsedMs=106480, 192.168.1.1, [BCEE7B8E7F30], RTM_NEWNEIGH, NUD_PROBE}
05-09 09:45:56.697   538  2452 D NetlinkSocketObserver: NeighborEvent{elapsedMs=122240, 192.168.1.1, [BCEE7B8E7F30], RTM_NEWNEIGH, NUD_STALE}
05-09 09:46:05.120   538   660 D ConnectivityService: notifyType CAP_CHANGED for NetworkAgentInfo [WIFI () - 100]
05-09 09:46:08.142   538   660 D ConnectivityService: notifyType CAP_CHANGED for NetworkAgentInfo [WIFI () - 100]
05-09 09:46:12.604   538  2452 D NetlinkSocketObserver: NeighborEvent{elapsedMs=138148, 192.168.1.1, [BCEE7B8E7F30], RTM_NEWNEIGH, NUD_PROBE}
05-09 09:46:15.576   538   658 D WifiStateMachine: starting scan for "Tomato"WPA_PSK with 2462,5180
05-09 09:46:28.377   538  2452 D NetlinkSocketObserver: NeighborEvent{elapsedMs=153920, 192.168.1.1, [BCEE7B8E7F30], RTM_NEWNEIGH, NUD_STALE}
05-09 09:46:30.898  1228  1700 I ClearcutLoggerApiImpl: disconnect managed GoogleApiClient
05-09 09:46:31.729  1049  2697 I VacuumService: Vacuum at: now=1557391591729 tag=VacuumService
05-09 09:46:31.775  1049  2700 D GetConfigurationSnapshotOperation: no corresponding serverToken: com.google.android.gms.playlog.uploader, 1, 
05-09 09:46:31.801  1049  2698 I PhenotypeFlagCommitter: Experiment Configs successfully retrieved for com.google.android.gms.playlog.uploader
05-09 09:46:31.803  1049  2698 I GoogleURLConnFactory: Using platform SSLCertificateSocketFactory
05-09 09:46:31.815  1049  2698 W Uploader:  no longer exists, so no auth token.
05-09 09:46:31.819  1049  2700 D GetCommittedConfigurationOperation: no corresponding serverToken: com.google.android.gms.playlog.uploader
05-09 09:46:32.267  1049  2701 D GetCommittedConfigurationOperation: no corresponding serverToken: com.google.android.gms.playlog.uploader
05-09 09:46:32.290   538   660 D ConnectivityService: notifyType CAP_CHANGED for NetworkAgentInfo [WIFI () - 100]
05-09 09:46:32.322  1049  2698 W Uploader:  no longer exists, so no auth token.
05-09 09:46:32.326  1049  2700 D GetCommittedConfigurationOperation: no corresponding serverToken: com.google.android.gms.playlog.uploader
05-09 09:46:32.386  1049  2701 D GetCommittedConfigurationOperation: no corresponding serverToken: com.google.android.gms.playlog.uploader
05-09 09:46:32.450  1049  2700 D GetCommittedConfigurationOperation: no corresponding serverToken: com.google.android.gms.playlog.uploader
05-09 09:46:32.514  1049  2701 D GetCommittedConfigurationOperation: no corresponding serverToken: com.google.android.gms.playlog.uploader
05-09 09:46:35.311   538   660 D ConnectivityService: notifyType CAP_CHANGED for NetworkAgentInfo [WIFI () - 100]
05-09 09:46:36.830   538  2452 D NetlinkSocketObserver: NeighborEvent{elapsedMs=162374, 192.168.1.1, [BCEE7B8E7F30], RTM_NEWNEIGH, NUD_REACHABLE}
05-09 09:46:48.324   538  2452 D NetlinkSocketObserver: NeighborEvent{elapsedMs=173867, 192.168.1.1, [BCEE7B8E7F30], RTM_NEWNEIGH, NUD_STALE}
05-09 09:46:54.857   538  2452 D NetlinkSocketObserver: NeighborEvent{elapsedMs=180400, 192.168.1.1, [BCEE7B8E7F30], RTM_NEWNEIGH, NUD_PROBE}
05-09 09:47:01.142  2379  2388 I art     : Background sticky concurrent mark sweep GC freed 23643(2MB) AllocSpace objects, 140(7MB) LOS objects, 27% free, 17MB/23MB, paused 5.456ms total 60.586ms
05-09 09:47:10.617   538  2452 D NetlinkSocketObserver: NeighborEvent{elapsedMs=196160, 192.168.1.1, [BCEE7B8E7F30], RTM_NEWNEIGH, NUD_STALE}
05-09 09:47:15.646   538  2452 D NetlinkSocketObserver: NeighborEvent{elapsedMs=201188, 192.168.1.1, [BCEE7B8E7F30], RTM_NEWNEIGH, NUD_PROBE}
05-09 09:47:17.591   538   660 D ConnectivityService: notifyType CAP_CHANGED for NetworkAgentInfo [WIFI () - 100]
05-09 09:47:20.611   538   660 D ConnectivityService: notifyType CAP_CHANGED for NetworkAgentInfo [WIFI () - 100]
05-09 09:47:31.418   538  2452 D NetlinkSocketObserver: NeighborEvent{elapsedMs=216961, 192.168.1.1, [BCEE7B8E7F30], RTM_NEWNEIGH, NUD_STALE}
05-09 09:47:35.588   538   658 D WifiStateMachine: starting scan for "Tomato"WPA_PSK with 2462,5180
05-09 09:47:42.671   538  2452 D NetlinkSocketObserver: NeighborEvent{elapsedMs=228214, 192.168.1.1, [BCEE7B8E7F30], RTM_NEWNEIGH, NUD_PROBE}
05-09 09:47:58.457   538  2452 D NetlinkSocketObserver: NeighborEvent{elapsedMs=244000, 192.168.1.1, [BCEE7B8E7F30], RTM_NEWNEIGH, NUD_STALE}
05-09 09:48:11.130  2379  2388 I art     : Background sticky concurrent mark sweep GC freed 26606(2MB) AllocSpace objects, 117(7MB) LOS objects, 33% free, 18MB/27MB, paused 5.346ms total 55.622ms
05-09 09:48:12.684   538  2452 D NetlinkSocketObserver: NeighborEvent{elapsedMs=258227, 192.168.1.1, [BCEE7B8E7F30], RTM_NEWNEIGH, NUD_PROBE}
05-09 09:48:28.430   538  2452 D NetlinkSocketObserver: NeighborEvent{elapsedMs=273974, 192.168.1.1, [BCEE7B8E7F30], RTM_NEWNEIGH, NUD_STALE}
05-09 09:48:35.597   538   658 D WifiStateMachine: starting scan for "Tomato"WPA_PSK with 2462,5180
05-09 09:48:39.897   538  2452 D NetlinkSocketObserver: NeighborEvent{elapsedMs=285440, 192.168.1.1, [BCEE7B8E7F30], RTM_NEWNEIGH, NUD_PROBE}
05-09 09:48:55.684   538  2452 D NetlinkSocketObserver: NeighborEvent{elapsedMs=301227, 192.168.1.1, [BCEE7B8E7F30], RTM_NEWNEIGH, NUD_STALE}
05-09 09:49:07.891   538  1102 D WifiService: acquireWifiLockLocked: WifiLock{NlpWifiLock type=2 binder=android.os.BinderProxy@f332e31}
05-09 09:49:07.898   538   674 D wifi    : Initialized common fields 10000, 25, 100, 10
05-09 09:49:07.898   538   674 D wifi    : bucket[0] = 2:3:10000:2
05-09 09:49:07.927   538   553 D WifiService: releaseWifiLockLocked: WifiLock{NlpWifiLock type=2 binder=android.os.BinderProxy@f332e31}
05-09 09:49:08.502   538   566 D libgps  : proxy_gps_inject_location: called.
05-09 09:49:08.503   179   179 D gpsd    : WakeLock(Acquire,GPSD)
05-09 09:49:08.503   179   179 D gpsd    : WakeLock(Release,GPSD)
05-09 09:49:15.602   538   658 D WifiStateMachine: starting scan for "Tomato"WPA_PSK with 2462,5180
05-09 09:49:29.417   538  2452 D NetlinkSocketObserver: NeighborEvent{elapsedMs=334960, 192.168.1.1, [BCEE7B8E7F30], RTM_NEWNEIGH, NUD_PROBE}
05-09 09:49:35.605   538   658 D WifiStateMachine: starting scan for "Tomato"WPA_PSK with 2462,5180
05-09 09:49:47.017   538  2452 D NetlinkSocketObserver: NeighborEvent{elapsedMs=352561, 192.168.1.1, [BCEE7B8E7F30], RTM_NEWNEIGH, NUD_STALE}
05-09 09:49:54.167   538  2452 D NetlinkSocketObserver: NeighborEvent{elapsedMs=359710, 192.168.1.1, [BCEE7B8E7F30], RTM_NEWNEIGH, NUD_PROBE}
05-09 09:49:55.608   538   658 D WifiStateMachine: starting scan for "Tomato"WPA_PSK with 2462,5180
05-09 09:50:10.424   538  2452 D NetlinkSocketObserver: NeighborEvent{elapsedMs=375967, 192.168.1.1, [BCEE7B8E7F30], RTM_NEWNEIGH, NUD_STALE}
05-09 09:50:22.485   538  2452 D NetlinkSocketObserver: NeighborEvent{elapsedMs=388028, 192.168.1.1, [BCEE7B8E7F30], RTM_NEWNEIGH, NUD_PROBE}
05-09 09:50:35.615   538   658 D WifiStateMachine: starting scan for "Tomato"WPA_PSK with 2462,5180
05-09 09:50:38.244   538  2452 D NetlinkSocketObserver: NeighborEvent{elapsedMs=403787, 192.168.1.1, [BCEE7B8E7F30], RTM_NEWNEIGH, NUD_STALE}
05-09 09:50:44.484   538  2452 D NetlinkSocketObserver: NeighborEvent{elapsedMs=410027, 192.168.1.1, [BCEE7B8E7F30], RTM_NEWNEIGH, NUD_PROBE}
05-09 09:50:55.617   538   658 D WifiStateMachine: starting scan for "Tomato"WPA_PSK with 2462,5180
05-09 09:51:00.270   538  2452 D NetlinkSocketObserver: NeighborEvent{elapsedMs=425814, 192.168.1.1, [BCEE7B8E7F30], RTM_NEWNEIGH, NUD_STALE}
05-09 09:51:07.471   538  2452 D NetlinkSocketObserver: NeighborEvent{elapsedMs=433014, 192.168.1.1, [BCEE7B8E7F30], RTM_NEWNEIGH, NUD_PROBE}
05-09 09:51:16.133   538   660 D ConnectivityService: updateNetworkScore for NetworkAgentInfo [WIFI () - 100] to 56
05-09 09:51:19.158   538   660 D ConnectivityService: updateNetworkScore for NetworkAgentInfo [WIFI () - 100] to 60
05-09 09:51:23.257   538  2452 D NetlinkSocketObserver: NeighborEvent{elapsedMs=448800, 192.168.1.1, [BCEE7B8E7F30], RTM_NEWNEIGH, NUD_STALE}
05-09 09:51:35.624   538   658 D WifiStateMachine: starting scan for "Tomato"WPA_PSK with 2462,5180
05-09 09:51:37.497   538  2452 D NetlinkSocketObserver: NeighborEvent{elapsedMs=463040, 192.168.1.1, [BCEE7B8E7F30], RTM_NEWNEIGH, NUD_PROBE}
05-09 09:51:53.284   538  2452 D NetlinkSocketObserver: NeighborEvent{elapsedMs=478827, 192.168.1.1, [BCEE7B8E7F30], RTM_NEWNEIGH, NUD_STALE}
05-09 09:51:55.626   538   658 D WifiStateMachine: starting scan for "Tomato"WPA_PSK with 2462,5180
05-09 09:52:07.510   538  2452 D NetlinkSocketObserver: NeighborEvent{elapsedMs=493053, 192.168.1.1, [BCEE7B8E7F30], RTM_NEWNEIGH, NUD_PROBE}
05-09 09:52:15.630   538   658 D WifiStateMachine: starting scan for "Tomato"WPA_PSK with 2462,5180
05-09 09:52:23.257   538  2452 D NetlinkSocketObserver: NeighborEvent{elapsedMs=508800, 192.168.1.1, [BCEE7B8E7F30], RTM_NEWNEIGH, NUD_STALE}
05-09 09:52:35.632   538   658 D WifiStateMachine: starting scan for "Tomato"WPA_PSK with 2462,5180
05-09 09:52:37.550   538  2452 D NetlinkSocketObserver: NeighborEvent{elapsedMs=523093, 192.168.1.1, [BCEE7B8E7F30], RTM_NEWNEIGH, NUD_PROBE}
05-09 09:52:53.337   538  2452 D NetlinkSocketObserver: NeighborEvent{elapsedMs=538880, 192.168.1.1, [BCEE7B8E7F30], RTM_NEWNEIGH, NUD_STALE}
05-09 09:53:07.577   538  2452 D NetlinkSocketObserver: NeighborEvent{elapsedMs=553120, 192.168.1.1, [BCEE7B8E7F30], RTM_NEWNEIGH, NUD_PROBE}
05-09 09:53:15.640   538   658 D WifiStateMachine: starting scan for "Tomato"WPA_PSK with 2462,5180
05-09 09:53:23.364   538  2452 D NetlinkSocketObserver: NeighborEvent{elapsedMs=568907, 192.168.1.1, [BCEE7B8E7F30], RTM_NEWNEIGH, NUD_STALE}
05-09 09:53:35.643   538   658 D WifiStateMachine: starting scan for "Tomato"WPA_PSK with 2462,5180
05-09 09:53:37.590   538  2452 D NetlinkSocketObserver: NeighborEvent{elapsedMs=583134, 192.168.1.1, [BCEE7B8E7F30], RTM_NEWNEIGH, NUD_PROBE}
05-09 09:53:52.906   538  1415 D WifiService: acquireWifiLockLocked: WifiLock{NlpWifiLock type=2 binder=android.os.BinderProxy@f332e31}
05-09 09:53:52.911   538   674 D wifi    : Initialized common fields 10000, 25, 100, 10
05-09 09:53:52.911   538   674 D wifi    : bucket[0] = 2:3:10000:2
05-09 09:53:52.958   538  1419 D WifiService: releaseWifiLockLocked: WifiLock{NlpWifiLock type=2 binder=android.os.BinderProxy@f332e31}
05-09 09:53:53.503   538   566 D libgps  : proxy_gps_inject_location: called.
05-09 09:53:53.503   179   179 D gpsd    : WakeLock(Acquire,GPSD)
05-09 09:53:53.503   179   179 D gpsd    : WakeLock(Release,GPSD)
05-09 09:53:55.646   538   658 D WifiStateMachine: starting scan for "Tomato"WPA_PSK with 2462,5180
05-09 09:54:09.463   538  2452 D NetlinkSocketObserver: NeighborEvent{elapsedMs=615007, 192.168.1.1, [BCEE7B8E7F30], RTM_NEWNEIGH, NUD_STALE}
05-09 09:54:14.645   538  2452 D NetlinkSocketObserver: NeighborEvent{elapsedMs=620188, 192.168.1.1, [BCEE7B8E7F30], RTM_NEWNEIGH, NUD_PROBE}
05-09 09:54:15.648   538   658 D WifiStateMachine: starting scan for "Tomato"WPA_PSK with 2462,5180
--------- beginning of crash
05-09 09:54:27.007  2379  2617 E AndroidRuntime: FATAL EXCEPTION: Multicast Advertiser
05-09 09:54:27.007  2379  2617 E AndroidRuntime: Process: pt.up.fc.dcc.hyrax.od_launcher, PID: 2379
05-09 09:54:27.007  2379  2617 E AndroidRuntime: java.net.SocketException: sendto failed: EPERM (Operation not permitted)
05-09 09:54:27.007  2379  2617 E AndroidRuntime: 	at libcore.io.IoBridge.maybeThrowAfterSendto(IoBridge.java:542)
05-09 09:54:27.007  2379  2617 E AndroidRuntime: 	at libcore.io.IoBridge.sendto(IoBridge.java:511)
05-09 09:54:27.007  2379  2617 E AndroidRuntime: 	at java.net.PlainDatagramSocketImpl.send(PlainDatagramSocketImpl.java:184)
05-09 09:54:27.007  2379  2617 E AndroidRuntime: 	at java.net.DatagramSocket.send(DatagramSocket.java:305)
05-09 09:54:27.007  2379  2617 E AndroidRuntime: 	at pt.up.fc.dcc.hyrax.odlib.services.broker.multicast.MulticastAdvertiser$start$1.invoke(MulticastAdvertiser.kt:63)
05-09 09:54:27.007  2379  2617 E AndroidRuntime: 	at pt.up.fc.dcc.hyrax.odlib.services.broker.multicast.MulticastAdvertiser$start$1.invoke(MulticastAdvertiser.kt:10)
05-09 09:54:27.007  2379  2617 E AndroidRuntime: 	at kotlin.concurrent.ThreadsKt$thread$thread$1.run(Thread.kt:30)
05-09 09:54:27.007  2379  2617 E AndroidRuntime: Caused by: android.system.ErrnoException: sendto failed: EPERM (Operation not permitted)
05-09 09:54:27.007  2379  2617 E AndroidRuntime: 	at libcore.io.Posix.sendtoBytes(Native Method)
05-09 09:54:27.007  2379  2617 E AndroidRuntime: 	at libcore.io.Posix.sendto(Posix.java:211)
05-09 09:54:27.007  2379  2617 E AndroidRuntime: 	at libcore.io.BlockGuardOs.sendto(BlockGuardOs.java:278)
05-09 09:54:27.007  2379  2617 E AndroidRuntime: 	at libcore.io.IoBridge.sendto(IoBridge.java:509)
05-09 09:54:27.007  2379  2617 E AndroidRuntime: 	... 5 more
05-09 09:54:27.056  1418  1418 W Binder_5: type=1400 audit(0.0:39): avc: denied { ioctl } for path="socket:[21090]" dev="sockfs" ino=21090 ioctlcmd=7704 scontext=u:r:surfaceflinger:s0 tcontext=u:r:surfaceflinger:s0 tclass=unix_stream_socket permissive=0
05-09 09:54:27.056  1418  1418 W Binder_5: type=1400 audit(0.0:40): avc: denied { ioctl } for path="socket:[21090]" dev="sockfs" ino=21090 ioctlcmd=7704 scontext=u:r:surfaceflinger:s0 tcontext=u:r:surfaceflinger:s0 tclass=unix_stream_socket permissive=0
05-09 09:54:27.059  1418  1418 W Binder_5: type=1400 audit(0.0:41): avc: denied { ioctl } for path="socket:[22360]" dev="sockfs" ino=22360 ioctlcmd=7704 scontext=u:r:surfaceflinger:s0 tcontext=u:r:surfaceflinger:s0 tclass=unix_stream_socket permissive=0
05-09 09:54:27.059  1418  1418 W Binder_5: type=1400 audit(0.0:42): avc: denied { ioctl } for path="socket:[22360]" dev="sockfs" ino=22360 ioctlcmd=7704 scontext=u:r:surfaceflinger:s0 tcontext=u:r:surfaceflinger:s0 tclass=unix_stream_socket permissive=0
05-09 09:54:27.061   538  2740 D OpenGLRenderer: Use EGL_SWAP_BEHAVIOR_PRESERVED: true
05-09 09:54:27.089   538  2740 I OpenGLRenderer: Initialized EGL, version 1.4
05-09 09:54:27.293  1436  1436 I HotwordDetector: Closing mic
05-09 09:54:27.294  1436  1587 I MicrophoneInputStream: mic_close com.google.android.apps.gsa.speech.audio.x@3c567b0
05-09 09:54:27.315   167   639 I SoundTriggerHwService::Module: void android::SoundTriggerHwService::Module::onCallbackEvent(const android::sp<android::SoundTriggerHwService::CallbackEvent>&) mClient == 0
05-09 09:54:27.318  1436  1592 I MicroRecognitionRnrImpl: Detection finished
05-09 09:54:27.319  1436  1589 I MicroRecognitionRnrImpl: Stopping hotword detection.
05-09 09:54:27.331   538   741 I ActivityManager: Killing 1702:com.google.android.apps.fitness/u0a43 (adj 15): empty #17
05-09 09:54:30.404   538  2452 D NetlinkSocketObserver: NeighborEvent{elapsedMs=635947, 192.168.1.1, [BCEE7B8E7F30], RTM_NEWNEIGH, NUD_STALE}
05-09 09:54:35.650   538   658 D WifiStateMachine: starting scan for "Tomato"WPA_PSK with 2462,5180
05-09 09:54:37.372  1436  2749 W CronetSyncConnectionRcs: Upload content type not set.
05-09 09:54:37.656   538  2452 D NetlinkSocketObserver: NeighborEvent{elapsedMs=643200, 192.168.1.1, [BCEE7B8E7F30], RTM_NEWNEIGH, NUD_REACHABLE}
05-09 09:54:53.837   538  2452 D NetlinkSocketObserver: NeighborEvent{elapsedMs=659380, 192.168.1.1, [BCEE7B8E7F30], RTM_NEWNEIGH, NUD_STALE}
05-09 09:55:04.298   538   568 W BroadcastQueue: Skipping deliver [background] BroadcastRecord{6735949 u-1 android.intent.action.BATTERY_CHANGED} to ReceiverList{2bf8b17 2379 pt.up.fc.dcc.hyrax.od_launcher/10083/u0 remote:c56a396}: process crashing
05-09 09:55:15.657   538   658 D WifiStateMachine: starting scan for "Tomato"WPA_PSK with 2462,5180
05-09 09:55:21.470   538  2452 D NetlinkSocketObserver: NeighborEvent{elapsedMs=687014, 192.168.1.1, [BCEE7B8E7F30], RTM_NEWNEIGH, NUD_PROBE}
05-09 09:55:35.661   538   658 D WifiStateMachine: starting scan for "Tomato"WPA_PSK with 2462,5180
05-09 09:55:37.230   538  2452 D NetlinkSocketObserver: NeighborEvent{elapsedMs=702773, 192.168.1.1, [BCEE7B8E7F30], RTM_NEWNEIGH, NUD_STALE}
05-09 09:55:55.664   538   658 D WifiStateMachine: starting scan for "Tomato"WPA_PSK with 2462,5180
05-09 09:55:57.631   538  2452 D NetlinkSocketObserver: NeighborEvent{elapsedMs=723174, 192.168.1.1, [BCEE7B8E7F30], RTM_NEWNEIGH, NUD_PROBE}
05-09 09:56:12.128   538   660 D ConnectivityService: updateNetworkScore for NetworkAgentInfo [WIFI () - 100] to 56
05-09 09:56:13.391   538  2452 D NetlinkSocketObserver: NeighborEvent{elapsedMs=738934, 192.168.1.1, [BCEE7B8E7F30], RTM_NEWNEIGH, NUD_STALE}
05-09 09:56:15.149   538   660 D ConnectivityService: updateNetworkScore for NetworkAgentInfo [WIFI () - 100] to 60
05-09 09:56:15.666   538   658 D WifiStateMachine: starting scan for "Tomato"WPA_PSK with 2462,5180
05-09 09:56:27.644   538  2452 D NetlinkSocketObserver: NeighborEvent{elapsedMs=753187, 192.168.1.1, [BCEE7B8E7F30], RTM_NEWNEIGH, NUD_PROBE}
05-09 09:56:35.668   538   658 D WifiStateMachine: starting scan for "Tomato"WPA_PSK with 2462,5180
05-09 09:56:43.417   538  2452 D NetlinkSocketObserver: NeighborEvent{elapsedMs=768960, 192.168.1.1, [BCEE7B8E7F30], RTM_NEWNEIGH, NUD_STALE}
05-09 09:56:48.375   538   660 D ConnectivityService: updateNetworkScore for NetworkAgentInfo [WIFI () - 100] to 56
05-09 09:56:51.395   538   660 D ConnectivityService: updateNetworkScore for NetworkAgentInfo [WIFI () - 100] to 60
05-09 09:56:55.670   538   658 D WifiStateMachine: starting scan for "Tomato"WPA_PSK with 2462,5180
05-09 09:57:04.298   538   568 W BroadcastQueue: Skipping deliver [background] BroadcastRecord{bc7724e u-1 android.intent.action.BATTERY_CHANGED} to ReceiverList{2bf8b17 2379 pt.up.fc.dcc.hyrax.od_launcher/10083/u0 remote:c56a396}: process crashing
05-09 09:57:15.672   538   658 D WifiStateMachine: starting scan for "Tomato"WPA_PSK with 2462,5180
05-09 09:57:27.697   538  2452 D NetlinkSocketObserver: NeighborEvent{elapsedMs=813240, 192.168.1.1, [BCEE7B8E7F30], RTM_NEWNEIGH, NUD_PROBE}
05-09 09:57:43.470   538  2452 D NetlinkSocketObserver: NeighborEvent{elapsedMs=829014, 192.168.1.1, [BCEE7B8E7F30], RTM_NEWNEIGH, NUD_STALE}
05-09 09:57:55.678   538   658 D WifiStateMachine: starting scan for "Tomato"WPA_PSK with 2462,5180
05-09 09:58:04.297   538   568 W BroadcastQueue: Skipping deliver [background] BroadcastRecord{f139f6f u-1 android.intent.action.BATTERY_CHANGED} to ReceiverList{2bf8b17 2379 pt.up.fc.dcc.hyrax.od_launcher/10083/u0 remote:c56a396}: process crashing
05-09 09:58:15.681   538   658 D WifiStateMachine: starting scan for "Tomato"WPA_PSK with 2462,5180
05-09 09:58:34.078   538   660 D ConnectivityService: updateNetworkScore for NetworkAgentInfo [WIFI () - 100] to 56
05-09 09:58:35.685   538   658 D WifiStateMachine: starting scan for "Tomato"WPA_PSK with 2462,5180
05-09 09:58:37.095   538   660 D ConnectivityService: updateNetworkScore for NetworkAgentInfo [WIFI () - 100] to 60
05-09 09:58:37.915   538  1079 D WifiService: acquireWifiLockLocked: WifiLock{NlpWifiLock type=2 binder=android.os.BinderProxy@4c8e47c}
05-09 09:58:37.919   538   674 D wifi    : Initialized common fields 10000, 25, 100, 10
05-09 09:58:37.919   538   674 D wifi    : bucket[0] = 2:3:10000:2
05-09 09:58:37.946   538   554 D WifiService: releaseWifiLockLocked: WifiLock{NlpWifiLock type=2 binder=android.os.BinderProxy@4c8e47c}
05-09 09:58:38.515   538   566 D libgps  : proxy_gps_inject_location: called.
05-09 09:58:38.515   179   179 D gpsd    : WakeLock(Acquire,GPSD)
05-09 09:58:38.516   179   179 D gpsd    : WakeLock(Release,GPSD)
05-09 09:58:43.057   538  2452 D NetlinkSocketObserver: NeighborEvent{elapsedMs=888600, 192.168.1.1, [BCEE7B8E7F30], RTM_NEWNEIGH, NUD_PROBE}
05-09 09:58:51.097   538  2452 D NetlinkSocketObserver: NeighborEvent{elapsedMs=896640, 192.168.1.1, [BCEE7B8E7F30], RTM_NEWNEIGH, NUD_STALE}
05-09 09:58:55.687   538   658 D WifiStateMachine: starting scan for "Tomato"WPA_PSK with 2462,5180
05-09 09:58:57.791   538  2452 D NetlinkSocketObserver: NeighborEvent{elapsedMs=903334, 192.168.1.1, [BCEE7B8E7F30], RTM_NEWNEIGH, NUD_PROBE}
05-09 09:59:04.298   538   568 W BroadcastQueue: Skipping deliver [background] BroadcastRecord{30f4105 u-1 android.intent.action.BATTERY_CHANGED} to ReceiverList{2bf8b17 2379 pt.up.fc.dcc.hyrax.od_launcher/10083/u0 remote:c56a396}: process crashing
05-09 09:59:05.844   538  2452 D NetlinkSocketObserver: NeighborEvent{elapsedMs=911387, 192.168.1.1, [BCEE7B8E7F30], RTM_NEWNEIGH, NUD_STALE}
05-09 09:59:13.345   538   660 D ConnectivityService: updateNetworkScore for NetworkAgentInfo [WIFI () - 100] to 56
05-09 09:59:15.690   538   658 D WifiStateMachine: starting scan for "Tomato"WPA_PSK with 2462,5180
05-09 09:59:16.363   538   660 D ConnectivityService: updateNetworkScore for NetworkAgentInfo [WIFI () - 100] to 60
05-09 09:59:27.075  2379  2617 I Process : Sending signal. PID: 2379 SIG: 9
05-09 09:59:27.131   538  1419 W InputMethodManagerService: Window already focused, ignoring focus gain of: com.android.internal.view.IInputMethodClient$Stub$Proxy@a5a0d67 attribute=null, token = android.os.BinderProxy@651ccf3
05-09 09:59:27.150   538  1079 I ActivityManager: Process pt.up.fc.dcc.hyrax.od_launcher (pid 2379) has died
05-09 09:59:27.150   538  1079 W ActivityManager: Scheduling restart of crashed service pt.up.fc.dcc.hyrax.od_launcher/pt.up.fc.dcc.hyrax.odlib.services.SchedulerAndroidService in 1000ms
05-09 09:59:27.151   538  1079 W ActivityManager: Scheduling restart of crashed service pt.up.fc.dcc.hyrax.od_launcher/pt.up.fc.dcc.hyrax.odlib.services.WorkerAndroidService in 11000ms
05-09 09:59:27.151   538  1079 W ActivityManager: Scheduling restart of crashed service pt.up.fc.dcc.hyrax.od_launcher/pt.up.fc.dcc.hyrax.odlib.services.BrokerAndroidService in 21000ms
05-09 09:59:27.151   538  1079 W ActivityManager: Scheduling restart of crashed service pt.up.fc.dcc.hyrax.od_launcher/.ODLauncherService in 31000ms
05-09 09:59:27.189  1436  1436 W LocationOracleImpl: Best location was null
05-09 09:59:27.219  1436  2766 I MicroRecognitionRnrImpl: Starting detection.
05-09 09:59:27.220  1436  2767 I MicrophoneInputStream: mic_starting com.google.android.apps.gsa.speech.audio.x@90a6eb2
05-09 09:59:27.273   167  2771 I AudioFlinger: AudioFlinger's thread 0xab0ffde0 ready to run
05-09 09:59:27.277   167   639 I SoundTriggerHwService::Module: void android::SoundTriggerHwService::Module::onCallbackEvent(const android::sp<android::SoundTriggerHwService::CallbackEvent>&) mClient == 0
05-09 09:59:27.280  1436  2767 I MicrophoneInputStream: mic_started com.google.android.apps.gsa.speech.audio.x@90a6eb2
05-09 09:59:27.303  1436  1436 E LocationReceiver: Received bad location: null
05-09 09:59:27.374   538   582 W AppOps  : Finishing op nesting under-run: uid 1000 pkg android code 24 time=0 duration=0 nesting=0
05-09 09:59:27.464  1436  1436 I HotwordWorkerImpl: onReady
05-09 09:59:28.174   538   568 I ActivityManager: Start proc 2775:pt.up.fc.dcc.hyrax.od_launcher/u0a83 for service pt.up.fc.dcc.hyrax.od_launcher/pt.up.fc.dcc.hyrax.odlib.services.SchedulerAndroidService
05-09 09:59:28.298  2775  2775 I art     : Rejecting re-init on previously-failed class java.lang.Class<io.netty.util.internal.LongAdderCounter>
05-09 09:59:28.298  2775  2775 I art     : Rejecting re-init on previously-failed class java.lang.Class<io.netty.util.internal.LongAdderCounter>
05-09 09:59:28.333  2775  2775 I art     : Rejecting re-init on previously-failed class java.lang.Class<io.netty.util.internal.logging.Log4J2Logger>
05-09 09:59:28.333  2775  2775 I art     : Rejecting re-init on previously-failed class java.lang.Class<io.netty.util.internal.logging.Log4J2Logger>
05-09 09:59:28.334  2775  2775 I art     : Rejecting re-init on previously-failed class java.lang.Class<io.netty.util.internal.logging.Log4J2Logger>
05-09 09:59:28.343  2775  2775 I PlatformDependent: Your platform does not provide complete low-level API for accessing direct buffers reliably. Unless explicitly requested, heap buffer will always be preferred to avoid potential system instability.
05-09 09:59:28.439   538   660 D ConnectivityService: updateNetworkScore for NetworkAgentInfo [WIFI () - 100] to 56
05-09 09:59:28.482   538   553 W ActivityManager: Unable to start service Intent { cmp=pt.up.fc.dcc.hyrax.od_launcher/pt.up.fc.dcc.hyrax.odlib.services.ClientAndroidService } U=0: not found
05-09 09:59:34.475   538   660 D ConnectivityService: updateNetworkScore for NetworkAgentInfo [WIFI () - 100] to 60
05-09 09:59:35.693   538   658 D WifiStateMachine: starting scan for "Tomato"WPA_PSK with 2462,5180
05-09 09:59:55.694   538   658 D WifiStateMachine: starting scan for "Tomato"WPA_PSK with 2462,5180
05-09 09:59:58.515  2775  2809 E AndroidRuntime: FATAL EXCEPTION: pool-1-thread-3
05-09 09:59:58.515  2775  2809 E AndroidRuntime: Process: pt.up.fc.dcc.hyrax.od_launcher, PID: 2775
05-09 09:59:58.515  2775  2809 E AndroidRuntime: java.lang.Error: java.util.concurrent.ExecutionException: io.grpc.StatusRuntimeException: UNAVAILABLE: io exception
05-09 09:59:58.515  2775  2809 E AndroidRuntime: 	at java.util.concurrent.ThreadPoolExecutor.runWorker(ThreadPoolExecutor.java:1119)
05-09 09:59:58.515  2775  2809 E AndroidRuntime: 	at java.util.concurrent.ThreadPoolExecutor$Worker.run(ThreadPoolExecutor.java:588)
05-09 09:59:58.515  2775  2809 E AndroidRuntime: 	at java.lang.Thread.run(Thread.java:818)
05-09 09:59:58.515  2775  2809 E AndroidRuntime: Caused by: java.util.concurrent.ExecutionException: io.grpc.StatusRuntimeException: UNAVAILABLE: io exception
05-09 09:59:58.515  2775  2809 E AndroidRuntime: 	at com.google.common.util.concurrent.AbstractFuture.getDoneValue(AbstractFuture.java:531)
05-09 09:59:58.515  2775  2809 E AndroidRuntime: 	at com.google.common.util.concurrent.AbstractFuture.get(AbstractFuture.java:492)
05-09 09:59:58.515  2775  2809 E AndroidRuntime: 	at pt.up.fc.dcc.hyrax.odlib.services.broker.grpc.BrokerGRPCClient$announceMulticast$1.run(BrokerGRPCClient.kt:141)
05-09 09:59:58.515  2775  2809 E AndroidRuntime: 	at java.util.concurrent.ThreadPoolExecutor.runWorker(ThreadPoolExecutor.java:1113)
05-09 09:59:58.515  2775  2809 E AndroidRuntime: 	... 2 more
05-09 09:59:58.515  2775  2809 E AndroidRuntime: Caused by: io.grpc.StatusRuntimeException: UNAVAILABLE: io exception
05-09 09:59:58.515  2775  2809 E AndroidRuntime: 	at io.grpc.Status.asRuntimeException(Status.java:532)
05-09 09:59:58.515  2775  2809 E AndroidRuntime: 	at io.grpc.stub.ClientCalls$UnaryStreamToFuture.onClose(ClientCalls.java:482)
05-09 09:59:58.515  2775  2809 E AndroidRuntime: 	at io.grpc.PartialForwardingClientCallListener.onClose(PartialForwardingClientCallListener.java:39)
05-09 09:59:58.515  2775  2809 E AndroidRuntime: 	at io.grpc.ForwardingClientCallListener.onClose(ForwardingClientCallListener.java:23)
05-09 09:59:58.515  2775  2809 E AndroidRuntime: 	at io.grpc.ForwardingClientCallListener$SimpleForwardingClientCallListener.onClose(ForwardingClientCallListener.java:40)
05-09 09:59:58.515  2775  2809 E AndroidRuntime: 	at io.grpc.internal.CensusStatsModule$StatsClientInterceptor$1$1.onClose(CensusStatsModule.java:700)
05-09 09:59:58.515  2775  2809 E AndroidRuntime: 	at io.grpc.PartialForwardingClientCallListener.onClose(PartialForwardingClientCallListener.java:39)
05-09 09:59:58.515  2775  2809 E AndroidRuntime: 	at io.grpc.ForwardingClientCallListener.onClose(ForwardingClientCallListener.java:23)
05-09 09:59:58.515  2775  2809 E AndroidRuntime: 	at io.grpc.ForwardingClientCallListener$SimpleForwardingClientCallListener.onClose(ForwardingClientCallListener.java:40)
05-09 09:59:58.515  2775  2809 E AndroidRuntime: 	at io.grpc.internal.CensusTracingModule$TracingClientInterceptor$1$1.onClose(CensusTracingModule.java:398)
05-09 09:59:58.515  2775  2809 E AndroidRuntime: 	at io.grpc.internal.ClientCallImpl.closeObserver(ClientCallImpl.java:459)
05-09 09:59:58.515  2775  2809 E AndroidRuntime: 	at io.grpc.internal.ClientCallImpl.access$300(ClientCallImpl.java:63)
05-09 09:59:58.515  2775  2809 E AndroidRuntime: 	at io.grpc.internal.ClientCallImpl$ClientStreamListenerImpl.close(ClientCallImpl.java:546)
05-09 09:59:58.515  2775  2809 E AndroidRuntime: 	at io.grpc.internal.ClientCallImpl$ClientStreamListenerImpl.access$600(ClientCallImpl.java:467)
05-09 09:59:58.515  2775  2809 E AndroidRuntime: 	at io.grpc.internal.ClientCallImpl$ClientStreamListenerImpl$1StreamClosed.runInContext(ClientCallImpl.java:584)
05-09 09:59:58.515  2775  2809 E AndroidRuntime: 	at io.grpc.internal.ContextRunnable.run(ContextRunnable.java:37)
05-09 09:59:58.515  2775  2809 E AndroidRuntime: 	at io.grpc.internal.SerializingExecutor.run(SerializingExecutor.java:123)
05-09 09:59:58.515  2775  2809 E AndroidRuntime: 	... 3 more
05-09 09:59:58.515  2775  2809 E AndroidRuntime: Caused by: io.netty.channel.ConnectTimeoutException: connection timed out: /127.0.0.1:50051
05-09 09:59:58.515  2775  2809 E AndroidRuntime: 	at io.netty.channel.nio.AbstractNioChannel$AbstractNioUnsafe$1.run(AbstractNioChannel.java:267)
05-09 09:59:58.515  2775  2809 E AndroidRuntime: 	at io.netty.util.concurrent.PromiseTask$RunnableAdapter.call(PromiseTask.java:38)
