05-09 10:13:00.626  2170  2191 I ProviderInstaller: Installed default security provider GmsCore_OpenSSL
05-09 10:13:00.709  2170  2170 W System.err: YouTube MDX: Bogus value in shared preferences for key MdxServerSelection value , returning default value.
05-09 10:13:00.716  1473  1543 W System.err: java.net.UnknownHostException: Unable to resolve host "www.google.com": No address associated with hostname
05-09 10:13:00.717  1473  1543 W System.err: 	at java.net.InetAddress.lookupHostByName(InetAddress.java:470)
05-09 10:13:00.717  1473  1543 W System.err: 	at java.net.InetAddress.getAllByNameImpl(InetAddress.java:252)
05-09 10:13:00.717  1473  1543 W System.err: 	at java.net.InetAddress.getAllByName(InetAddress.java:215)
05-09 10:13:00.717  1473  1543 W System.err: 	at com.android.okhttp.internal.Network$1.resolveInetAddresses(Network.java:29)
05-09 10:13:00.717  1473  1543 W System.err: 	at com.android.okhttp.internal.http.RouteSelector.resetNextInetSocketAddress(RouteSelector.java:188)
05-09 10:13:00.717  1473  1543 W System.err: 	at com.android.okhttp.internal.http.RouteSelector.nextProxy(RouteSelector.java:157)
05-09 10:13:00.717  1473  1543 W System.err: 	at com.android.okhttp.internal.http.RouteSelector.next(RouteSelector.java:100)
05-09 10:13:00.717  1473  1543 W System.err: 	at com.android.okhttp.internal.http.HttpEngine.createNextConnection(HttpEngine.java:357)
05-09 10:13:00.717  1473  1543 W System.err: 	at com.android.okhttp.internal.http.HttpEngine.nextConnection(HttpEngine.java:340)
05-09 10:13:00.717  1473  1543 W System.err: 	at com.android.okhttp.internal.http.HttpEngine.connect(HttpEngine.java:330)
05-09 10:13:00.717  1473  1543 W System.err: 	at com.android.okhttp.internal.http.HttpEngine.sendRequest(HttpEngine.java:248)
05-09 10:13:00.717  1473  1543 W System.err: 	at com.android.okhttp.internal.huc.HttpURLConnectionImpl.execute(HttpURLConnectionImpl.java:437)
05-09 10:13:00.717  1473  1543 W System.err: 	at com.android.okhttp.internal.huc.HttpURLConnectionImpl.connect(HttpURLConnectionImpl.java:114)
05-09 10:13:00.717  1473  1543 W System.err: 	at com.android.okhttp.internal.huc.HttpURLConnectionImpl.getOutputStream(HttpURLConnectionImpl.java:245)
05-09 10:13:00.717  1473  1543 W System.err: 	at com.android.okhttp.internal.huc.DelegatingHttpsURLConnection.getOutputStream(DelegatingHttpsURLConnection.java:218)
05-09 10:13:00.717  1473  1543 W System.err: 	at com.android.okhttp.internal.huc.HttpsURLConnectionImpl.getOutputStream(HttpsURLConnectionImpl.java)
05-09 10:13:00.717  1473  1543 W System.err: 	at com.google.android.gms.http.GoogleHttpClient.a(SourceFile:933)
05-09 10:13:00.717  1473  1543 W System.err: 	at com.google.android.gms.http.GoogleHttpClient.a(SourceFile:775)
05-09 10:13:00.717  1473  1543 W System.err: 	at com.google.android.gms.http.GoogleHttpClient.execute(SourceFile:676)
05-09 10:13:00.717  1473  1543 W System.err: 	at com.google.android.gms.http.GoogleHttpClient.execute(SourceFile:660)
05-09 10:13:00.717  1473  1543 W System.err: 	at com.google.r.a.b.a.b.g(SourceFile:126)
05-09 10:13:00.717  1473  1543 W System.err: 	at com.google.r.a.b.a.b.c(SourceFile:172)
05-09 10:13:00.717  1473  1543 W System.err: 	at com.google.y.a.d.run(SourceFile:434)
05-09 10:13:00.717  1473  1543 W System.err: 	at com.google.y.a.c.c(SourceFile:230)
05-09 10:13:00.717  1473  1543 W System.err: 	at com.google.y.a.c.run(SourceFile:204)
05-09 10:13:00.717  1473  1543 W System.err: 	at com.google.r.a.c.b.run(SourceFile:96)
05-09 10:13:00.717  1473  1543 W System.err: Caused by: android.system.GaiException: android_getaddrinfo failed: EAI_NODATA (No address associated with hostname)
05-09 10:13:00.718  1473  1543 W System.err: 	at libcore.io.Posix.android_getaddrinfo(Native Method)
05-09 10:13:00.718  1473  1543 W System.err: 	at libcore.io.ForwardingOs.android_getaddrinfo(ForwardingOs.java:55)
05-09 10:13:00.718  1473  1543 W System.err: 	at java.net.InetAddress.lookupHostByName(InetAddress.java:451)
05-09 10:13:00.718  1473  1543 W System.err: 	... 25 more
05-09 10:13:00.845   529  1164 I ActivityManager: Killing 1362:com.google.android.partnersetup/u0a13 (adj 15): empty #17
05-09 10:13:00.940  2170  2170 W InstanceID/Rpc: Found 10008
05-09 10:13:01.042  2208  2208 D AndroidRuntime: >>>>>> START com.android.internal.os.RuntimeInit uid 2000 <<<<<<
05-09 10:13:01.053  2208  2208 D AndroidRuntime: CheckJNI is OFF
05-09 10:13:01.067  1473  1473 V UserPresentBroadcastReceiver: Received Intent { act=android.intent.action.USER_PRESENT flg=0x24000010 cmp=com.google.android.gms/.auth.trustagent.UserPresentBroadcastReceiver }.
05-09 10:13:01.111  2208  2208 D ICU     : No timezone override file found: /data/misc/zoneinfo/current/icu/icu_tzdata.dat
05-09 10:13:01.136   529  1164 I ActivityManager: Start proc 2260:com.google.android.music:main/u0a59 for broadcast com.google.android.music/.wear.WearBroadcastReceiver
05-09 10:13:01.137   529  1164 I ActivityManager: Killing 1863:com.android.hotwordenrollment/u0a14 (adj 15): empty #17
05-09 10:13:01.157  2205  2205 I dex2oat : /system/bin/dex2oat --dex-file=/data/user/0/com.google.android.youtube/cache/ads-564720174.jar --oat-file=/data/user/0/com.google.android.youtube/cache/ads-564720174.dex
05-09 10:13:01.181  2208  2208 I Radio-JNI: register_android_hardware_Radio DONE
05-09 10:13:01.211  2208  2208 D AndroidRuntime: Calling main entry com.android.commands.am.Am
05-09 10:13:01.231  2208  2208 D AndroidRuntime: Shutting down VM
05-09 10:13:01.259  2260  2260 W System  : ClassLoader referenced unknown path: /system/app/Music2/lib/arm64
05-09 10:13:01.267  2260  2260 I MultiDex: VM with version 2.1.0 has multidex support
05-09 10:13:01.267  2260  2260 I MultiDex: install
05-09 10:13:01.267  2260  2260 I MultiDex: VM has multidex support, MultiDex support library is disabled.
05-09 10:13:01.296  2260  2260 I MusicStore: Database version: 121
05-09 10:13:01.304  2205  2205 I dex2oat : dex2oat took 163.924ms (threads: 2) arena alloc=187KB java alloc=37KB native alloc=758KB free=65KB
05-09 10:13:01.333  2260  2260 D MusicLifecycle: com.google.android.music.MusicApplication generated event: Application created
05-09 10:13:01.353  2260  2260 W System  : ClassLoader referenced unknown path: /system/priv-app/PrebuiltGmsCore/lib/arm64
05-09 10:13:01.405  2260  2260 V JNIHelp : Registering com/google/android/gms/org/conscrypt/NativeCrypto's 241 native methods...
05-09 10:13:01.434  2260  2260 I ProviderInstaller: Installed default security provider GmsCore_OpenSSL
05-09 10:13:01.434  2260  2260 D AndroidMusic: GMSCore installation verified
05-09 10:13:01.449  2260  2260 I ConfigStore: Config Database version: 1
05-09 10:13:01.501  2260  2260 I MediaRouter: Found default route: MediaRouter.RouteInfo{ uniqueId=android/.support.v7.media.SystemMediaRouteProvider:DEFAULT_ROUTE, name=Tablet, description=null, iconUri=null, enabled=true, connecting=false, connectionState=0, canDisconnect=false, playbackType=0, playbackStream=3, volumeHandling=1, volume=11, volumeMax=15, presentationDisplayId=-1, extras=null, settingsIntent=null, providerPackageName=android }
05-09 10:13:01.504  2260  2260 D MusicLifecycle: com.google.android.music.wear.WearBroadcastReceiver generated event: Broadcast received with context android.app.ReceiverRestrictedContext@614aa48 and intent Intent { act=com.google.android.music.IMPORT_COMPLETE flg=0x10 cmp=com.google.android.music/.wear.WearBroadcastReceiver }
05-09 10:13:01.521  1516  1516 D WearableService: callingUid 10008, callindPid: 1516
05-09 10:13:01.523  2260  2260 D MusicLifecycle: com.google.android.music.net.NetworkMonitor generated event: Service created
05-09 10:13:01.536  2260  2260 D MusicLifecycle: com.google.android.music.preferences.MusicPreferenceService$MusicPreferenceServiceBinder generated event: Service created
05-09 10:13:01.542  2260  2260 D MusicLifecycle: com.google.android.music.download.cache.StorageMigrationService generated event: Service created
05-09 10:13:01.547  2260  2260 D MusicLifecycle: com.google.android.music.download.artwork.ArtDownloadService generated event: Service created
05-09 10:13:01.562  2260  2260 D MusicLifecycle: com.google.android.music.wear.WearMetadataSyncService generated event: Service created
05-09 10:13:01.565  2260  2260 D MusicLifecycle: com.google.android.music.wear.WearMetadataSyncService generated event: Service started with intent Intent { cmp=com.google.android.music/.wear.WearMetadataSyncService }
05-09 10:13:01.567  2260  2260 D MusicLifecycle: com.google.android.music.store.MediaStoreImportService$Receiver generated event: Broadcast received with context android.app.ReceiverRestrictedContext@614aa48 and intent Intent { act=android.intent.action.MEDIA_SCANNER_STARTED dat=file:///system/media flg=0x10 cmp=com.google.android.music/.store.MediaStoreImportService$Receiver }
05-09 10:13:01.572  2260  2260 D MusicLifecycle: com.google.android.music.download.ArtDownloadQueueService generated event: Service created
05-09 10:13:01.582  2260  2260 I GHttpClientFactory: Using our fixed implementation of GMSCore's GoogleHttpClient
05-09 10:13:01.584  2260  2260 I GoogleURLConnFactory: Using platform SSLCertificateSocketFactory
05-09 10:13:01.596  2260  2260 D MusicLifecycle: com.google.android.music.download.cache.ArtCacheService generated event: Service created
05-09 10:13:01.610  2260  2260 D MusicLifecycle: com.google.android.music.store.MediaStoreImportService$Receiver generated event: Broadcast received with context android.app.ReceiverRestrictedContext@614aa48 and intent Intent { act=android.intent.action.MEDIA_SCANNER_FINISHED dat=file:///system/media flg=0x10 cmp=com.google.android.music/.store.MediaStoreImportService$Receiver }
05-09 10:13:01.612  2260  2260 D MusicLifecycle: com.google.android.music.download.cache.StorageMigrationService generated event: Service destroyed
05-09 10:13:01.646  2260  2260 E GmsUtils: Failed to connect to Google API client: ConnectionResult{statusCode=API_UNAVAILABLE, resolution=null}
05-09 10:13:01.646  2260  2260 D MusicLifecycle: com.google.android.music.store.MediaStoreImportService$Receiver generated event: Broadcast received with context android.app.ReceiverRestrictedContext@614aa48 and intent Intent { act=android.intent.action.MEDIA_SCANNER_STARTED dat=file:///storage/emulated/0 flg=0x10 cmp=com.google.android.music/.store.MediaStoreImportService$Receiver }
05-09 10:13:01.647  2260  2294 E GmsUtils: Failed to connect to Google API client: ConnectionResult{statusCode=API_UNAVAILABLE, resolution=null}
05-09 10:13:01.653  2260  2260 D MusicLifecycle: com.google.android.music.store.MediaStoreImportService generated event: Service created
05-09 10:13:01.654  2260  2260 D MusicLifecycle: com.google.android.music.wear.WearMetadataSyncService generated event: Service destroyed
05-09 10:13:01.655  2260  2260 D MusicLifecycle: com.google.android.music.store.MediaStoreImportService$Receiver generated event: Broadcast received with context android.app.ReceiverRestrictedContext@614aa48 and intent Intent { act=android.intent.action.MEDIA_SCANNER_FINISHED dat=file:///storage/emulated/0 flg=0x10 cmp=com.google.android.music/.store.MediaStoreImportService$Receiver }
05-09 10:13:01.801  1452  1452 D ChimeraCfgMgr: Loading module com.google.android.gms.kids from APK com.google.android.gms
05-09 10:13:01.802  1452  1452 I Kids    : [GCoreUtils] Current gmscore version, 8122446 is smaller than the required version 8400000
05-09 10:13:01.810  1151  1710 D GCM     : GcmService start Intent { act=com.google.android.checkin.CHECKIN_COMPLETE flg=0x10 cmp=com.google.android.gms/.gcm.GcmService (has extras) } com.google.android.checkin.CHECKIN_COMPLETE
05-09 10:13:01.819  1473  1541 W System.err: java.net.UnknownHostException: Unable to resolve host "www.google.com": No address associated with hostname
05-09 10:13:01.819  1473  1541 W System.err: 	at java.net.InetAddress.lookupHostByName(InetAddress.java:440)
05-09 10:13:01.819  1473  1541 W System.err: 	at java.net.InetAddress.getAllByNameImpl(InetAddress.java:252)
05-09 10:13:01.819  1473  1541 W System.err: 	at java.net.InetAddress.getAllByName(InetAddress.java:215)
05-09 10:13:01.819  1473  1541 W System.err: 	at com.android.okhttp.internal.Network$1.resolveInetAddresses(Network.java:29)
05-09 10:13:01.819  2289  2289 D AndroidRuntime: >>>>>> START com.android.internal.os.RuntimeInit uid 2000 <<<<<<
05-09 10:13:01.819  1473  1541 W System.err: 	at com.android.okhttp.internal.http.RouteSelector.resetNextInetSocketAddress(RouteSelector.java:188)
05-09 10:13:01.819  1473  1541 W System.err: 	at com.android.okhttp.internal.http.RouteSelector.nextProxy(RouteSelector.java:157)
05-09 10:13:01.819  1473  1541 W System.err: 	at com.android.okhttp.internal.http.RouteSelector.next(RouteSelector.java:100)
05-09 10:13:01.819  1473  1541 W System.err: 	at com.android.okhttp.internal.http.HttpEngine.createNextConnection(HttpEngine.java:357)
05-09 10:13:01.819  1473  1541 W System.err: 	at com.android.okhttp.internal.http.HttpEngine.nextConnection(HttpEngine.java:340)
05-09 10:13:01.819  1473  1541 W System.err: 	at com.android.okhttp.internal.http.HttpEngine.connect(HttpEngine.java:330)
05-09 10:13:01.819  1473  1541 W System.err: 	at com.android.okhttp.internal.http.HttpEngine.sendRequest(HttpEngine.java:248)
05-09 10:13:01.819  1473  1541 W System.err: 	at com.android.okhttp.internal.huc.HttpURLConnectionImpl.execute(HttpURLConnectionImpl.java:437)
05-09 10:13:01.819  1473  1541 W System.err: 	at com.android.okhttp.internal.huc.HttpURLConnectionImpl.connect(HttpURLConnectionImpl.java:114)
05-09 10:13:01.819  1473  1541 W System.err: 	at com.android.okhttp.internal.huc.HttpURLConnectionImpl.getOutputStream(HttpURLConnectionImpl.java:245)
05-09 10:13:01.819  1473  1541 W System.err: 	at com.android.okhttp.internal.huc.DelegatingHttpsURLConnection.getOutputStream(DelegatingHttpsURLConnection.java:218)
05-09 10:13:01.819  1473  1541 W System.err: 	at com.android.okhttp.internal.huc.HttpsURLConnectionImpl.getOutputStream(HttpsURLConnectionImpl.java)
05-09 10:13:01.820  1473  1541 W System.err: 	at com.google.android.gms.http.GoogleHttpClient.a(SourceFile:933)
05-09 10:13:01.820  1473  1541 W System.err: 	at com.google.android.gms.http.GoogleHttpClient.a(SourceFile:775)
05-09 10:13:01.820  1473  1541 W System.err: 	at com.google.android.gms.http.GoogleHttpClient.execute(SourceFile:676)
05-09 10:13:01.820  1473  1541 W System.err: 	at com.google.android.gms.http.GoogleHttpClient.execute(SourceFile:660)
05-09 10:13:01.820  1473  1541 W System.err: 	at com.google.r.a.b.a.b.g(SourceFile:126)
05-09 10:13:01.820  1473  1541 W System.err: 	at com.google.r.a.b.a.b.c(SourceFile:172)
05-09 10:13:01.820  1473  1541 W System.err: 	at com.google.y.a.d.run(SourceFile:434)
05-09 10:13:01.820  1473  1541 W System.err: 	at com.google.y.a.c.c(SourceFile:230)
05-09 10:13:01.820  1473  1541 W System.err: 	at com.google.y.a.c.run(SourceFile:204)
05-09 10:13:01.820  1473  1541 W System.err: 	at com.google.r.a.c.b.run(SourceFile:96)
05-09 10:13:01.823  2289  2289 D AndroidRuntime: CheckJNI is OFF
05-09 10:13:01.872  2289  2289 D ICU     : No timezone override file found: /data/misc/zoneinfo/current/icu/icu_tzdata.dat
05-09 10:13:01.915  2289  2289 I Radio-JNI: register_android_hardware_Radio DONE
05-09 10:13:01.943  2260  2299 I MediaStoreImporter: Update: incremental Added music: 0 Updated music: 0 Deleted music: 0 Created playlists: 0 Updated playlists: 0 Deleted playlists: 0 Inserted playlist items: 0 Deleted playlist items: 0 Removed orphaned playlist items: 0
05-09 10:13:01.951  2289  2289 D AndroidRuntime: Calling main entry com.android.commands.am.Am
05-09 10:13:01.952  2260  2260 D MusicLifecycle: com.google.android.music.wear.WearBroadcastReceiver generated event: Broadcast received with context android.app.ReceiverRestrictedContext@614aa48 and intent Intent { act=com.google.android.music.IMPORT_COMPLETE flg=0x10 cmp=com.google.android.music/.wear.WearBroadcastReceiver }
05-09 10:13:01.955  2289  2289 D AndroidRuntime: Shutting down VM
05-09 10:13:01.963  2260  2260 D MusicLifecycle: com.google.android.music.store.MediaStoreImportService generated event: Service destroyed
05-09 10:13:01.966  2260  2260 D MusicLifecycle: com.google.android.music.wear.WearMetadataSyncService generated event: Service created
05-09 10:13:01.966  2260  2260 D MusicLifecycle: com.google.android.music.wear.WearMetadataSyncService generated event: Service started with intent Intent { cmp=com.google.android.music/.wear.WearMetadataSyncService }
05-09 10:13:01.968  2260  2260 E GmsUtils: Failed to connect to Google API client: ConnectionResult{statusCode=API_UNAVAILABLE, resolution=null}
05-09 10:13:01.972  2260  2318 E GmsUtils: Failed to connect to Google API client: ConnectionResult{statusCode=API_UNAVAILABLE, resolution=null}
05-09 10:13:01.975  2260  2260 D MusicLifecycle: com.google.android.music.wear.WearMetadataSyncService generated event: Service destroyed
05-09 10:13:01.975   529  1271 I ActivityManager: Killing 1878:com.android.managedprovisioning/u0a15 (adj 15): empty #17
05-09 10:13:02.601  2321  2321 D AndroidRuntime: >>>>>> START com.android.internal.os.RuntimeInit uid 2000 <<<<<<
05-09 10:13:02.605  2321  2321 D AndroidRuntime: CheckJNI is OFF
05-09 10:13:02.637  2321  2321 D ICU     : No timezone override file found: /data/misc/zoneinfo/current/icu/icu_tzdata.dat
05-09 10:13:02.668  2321  2321 I Radio-JNI: register_android_hardware_Radio DONE
05-09 10:13:02.692  2321  2321 D AndroidRuntime: Calling main entry com.android.commands.am.Am
05-09 10:13:02.695  2321  2321 D AndroidRuntime: Shutting down VM
05-09 10:13:03.132  1718  1718 W System  : ClassLoader referenced unknown path: /system/priv-app/PrebuiltGmsCore/lib/arm
05-09 10:13:03.274  1718  1718 V JNIHelp : Registering com/google/android/gms/org/conscrypt/NativeCrypto's 241 native methods...
05-09 10:13:03.275  2331  2331 D AndroidRuntime: >>>>>> START com.android.internal.os.RuntimeInit uid 2000 <<<<<<
05-09 10:13:03.280  2331  2331 D AndroidRuntime: CheckJNI is OFF
05-09 10:13:03.318  2331  2331 D ICU     : No timezone override file found: /data/misc/zoneinfo/current/icu/icu_tzdata.dat
05-09 10:13:03.346  1718  1718 I ProviderInstaller: Installed default security provider GmsCore_OpenSSL
05-09 10:13:03.366  2331  2331 I Radio-JNI: register_android_hardware_Radio DONE
05-09 10:13:03.390  2331  2331 D AndroidRuntime: Calling main entry com.android.commands.am.Am
05-09 10:13:03.404   529   951 I ActivityManager: Start proc 2348:pt.up.fc.dcc.hyrax.od_launcher/u0a83 for service pt.up.fc.dcc.hyrax.od_launcher/.ODLauncherService
05-09 10:13:03.404  2331  2331 D AndroidRuntime: Shutting down VM
05-09 10:13:03.626  2348  2348 I art     : Rejecting re-init on previously-failed class java.lang.Class<io.netty.util.internal.LongAdderCounter>
05-09 10:13:03.627  2348  2348 I art     : Rejecting re-init on previously-failed class java.lang.Class<io.netty.util.internal.LongAdderCounter>
05-09 10:13:03.662  2348  2348 I art     : Rejecting re-init on previously-failed class java.lang.Class<io.netty.util.internal.logging.Log4J2Logger>
05-09 10:13:03.662  2348  2348 I art     : Rejecting re-init on previously-failed class java.lang.Class<io.netty.util.internal.logging.Log4J2Logger>
05-09 10:13:03.663  2348  2348 I art     : Rejecting re-init on previously-failed class java.lang.Class<io.netty.util.internal.logging.Log4J2Logger>
05-09 10:13:03.665  1452  1959 W FusedLocationProvider: I/O error: java.io.IOException: Timed out waiting for response from server
05-09 10:13:03.678  2348  2348 I PlatformDependent: Your platform does not provide complete low-level API for accessing direct buffers reliably. Unless explicitly requested, heap buffer will always be preferred to avoid potential system instability.
05-09 10:13:03.686  1473  1542 W System.err: java.net.UnknownHostException: Unable to resolve host "www.google.com": No address associated with hostname
05-09 10:13:03.686  1473  1542 W System.err: 	at java.net.InetAddress.lookupHostByName(InetAddress.java:470)
05-09 10:13:03.686  1473  1542 W System.err: 	at java.net.InetAddress.getAllByNameImpl(InetAddress.java:252)
05-09 10:13:03.686  1473  1542 W System.err: 	at java.net.InetAddress.getAllByName(InetAddress.java:215)
05-09 10:13:03.686  1473  1542 W System.err: 	at com.android.okhttp.internal.Network$1.resolveInetAddresses(Network.java:29)
05-09 10:13:03.686  1473  1542 W System.err: 	at com.android.okhttp.internal.http.RouteSelector.resetNextInetSocketAddress(RouteSelector.java:188)
05-09 10:13:03.686  1473  1542 W System.err: 	at com.android.okhttp.internal.http.RouteSelector.nextProxy(RouteSelector.java:157)
05-09 10:13:03.686  1473  1542 W System.err: 	at com.android.okhttp.internal.http.RouteSelector.next(RouteSelector.java:100)
05-09 10:13:03.686  1473  1542 W System.err: 	at com.android.okhttp.internal.http.HttpEngine.createNextConnection(HttpEngine.java:357)
05-09 10:13:03.687  1473  1542 W System.err: 	at com.android.okhttp.internal.http.HttpEngine.nextConnection(HttpEngine.java:340)
05-09 10:13:03.687  1473  1542 W System.err: 	at com.android.okhttp.internal.http.HttpEngine.connect(HttpEngine.java:330)
05-09 10:13:03.687  1473  1542 W System.err: 	at com.android.okhttp.internal.http.HttpEngine.sendRequest(HttpEngine.java:248)
05-09 10:13:03.687  1473  1542 W System.err: 	at com.android.okhttp.internal.huc.HttpURLConnectionImpl.execute(HttpURLConnectionImpl.java:437)
05-09 10:13:03.687  1473  1542 W System.err: 	at com.android.okhttp.internal.huc.HttpURLConnectionImpl.connect(HttpURLConnectionImpl.java:114)
05-09 10:13:03.687  1473  1542 W System.err: 	at com.android.okhttp.internal.huc.HttpURLConnectionImpl.getOutputStream(HttpURLConnectionImpl.java:245)
05-09 10:13:03.687  1473  1542 W System.err: 	at com.android.okhttp.internal.huc.DelegatingHttpsURLConnection.getOutputStream(DelegatingHttpsURLConnection.java:218)
05-09 10:13:03.687  1473  1542 W System.err: 	at com.android.okhttp.internal.huc.HttpsURLConnectionImpl.getOutputStream(HttpsURLConnectionImpl.java)
05-09 10:13:03.687  1473  1542 W System.err: 	at com.google.android.gms.http.GoogleHttpClient.a(SourceFile:933)
05-09 10:13:03.687  1473  1542 W System.err: 	at com.google.android.gms.http.GoogleHttpClient.a(SourceFile:775)
05-09 10:13:03.687  1473  1542 W System.err: 	at com.google.android.gms.http.GoogleHttpClient.execute(SourceFile:676)
05-09 10:13:03.687  1473  1542 W System.err: 	at com.google.android.gms.http.GoogleHttpClient.execute(SourceFile:660)
05-09 10:13:03.687  1473  1542 W System.err: 	at com.google.r.a.b.a.b.g(SourceFile:126)
05-09 10:13:03.687  1473  1542 W System.err: 	at com.google.r.a.b.a.b.c(SourceFile:172)
05-09 10:13:03.687  1473  1542 W System.err: 	at com.google.y.a.d.run(SourceFile:434)
05-09 10:13:03.687  1473  1542 W System.err: 	at com.google.y.a.c.c(SourceFile:230)
05-09 10:13:03.687  1473  1542 W System.err: 	at com.google.y.a.c.run(SourceFile:204)
05-09 10:13:03.687  1473  1542 W System.err: 	at com.google.r.a.c.b.run(SourceFile:96)
05-09 10:13:03.687  1473  1542 W System.err: Caused by: android.system.GaiException: android_getaddrinfo failed: EAI_NODATA (No address associated with hostname)
05-09 10:13:03.687  1473  1542 W System.err: 	at libcore.io.Posix.android_getaddrinfo(Native Method)
05-09 10:13:03.687  1473  1542 W System.err: 	at libcore.io.ForwardingOs.android_getaddrinfo(ForwardingOs.java:55)
05-09 10:13:03.687  1473  1542 W System.err: 	at java.net.InetAddress.lookupHostByName(InetAddress.java:451)
05-09 10:13:03.687  1473  1542 W System.err: 	... 25 more
05-09 10:13:03.760   529  2111 W ActivityManager: Unable to start service Intent { cmp=pt.up.fc.dcc.hyrax.od_launcher/pt.up.fc.dcc.hyrax.odlib.services.ClientAndroidService } U=0: not found
05-09 10:13:03.831  1473  1541 W System.err: java.net.UnknownHostException: Unable to resolve host "www.google.com": No address associated with hostname
05-09 10:13:03.832  1473  1541 W System.err: 	at java.net.InetAddress.lookupHostByName(InetAddress.java:440)
05-09 10:13:03.832  1473  1541 W System.err: 	at java.net.InetAddress.getAllByNameImpl(InetAddress.java:252)
05-09 10:13:03.832  1473  1541 W System.err: 	at java.net.InetAddress.getAllByName(InetAddress.java:215)
05-09 10:13:03.832  1473  1541 W System.err: 	at com.android.okhttp.internal.Network$1.resolveInetAddresses(Network.java:29)
05-09 10:13:03.832  1473  1541 W System.err: 	at com.android.okhttp.internal.http.RouteSelector.resetNextInetSocketAddress(RouteSelector.java:188)
05-09 10:13:03.832  1473  1541 W System.err: 	at com.android.okhttp.internal.http.RouteSelector.nextProxy(RouteSelector.java:157)
05-09 10:13:03.832  1473  1541 W System.err: 	at com.android.okhttp.internal.http.RouteSelector.next(RouteSelector.java:100)
05-09 10:13:03.832  1473  1541 W System.err: 	at com.android.okhttp.internal.http.HttpEngine.createNextConnection(HttpEngine.java:357)
05-09 10:13:03.832  1473  1541 W System.err: 	at com.android.okhttp.internal.http.HttpEngine.nextConnection(HttpEngine.java:340)
05-09 10:13:03.832  1473  1541 W System.err: 	at com.android.okhttp.internal.http.HttpEngine.connect(HttpEngine.java:330)
05-09 10:13:03.832  1473  1541 W System.err: 	at com.android.okhttp.internal.http.HttpEngine.sendRequest(HttpEngine.java:248)
05-09 10:13:03.832  1473  1541 W System.err: 	at com.android.okhttp.internal.huc.HttpURLConnectionImpl.execute(HttpURLConnectionImpl.java:437)
05-09 10:13:03.832  1473  1541 W System.err: 	at com.android.okhttp.internal.huc.HttpURLConnectionImpl.connect(HttpURLConnectionImpl.java:114)
05-09 10:13:03.832  1473  1541 W System.err: 	at com.android.okhttp.internal.huc.HttpURLConnectionImpl.getOutputStream(HttpURLConnectionImpl.java:245)
05-09 10:13:03.832  1473  1541 W System.err: 	at com.android.okhttp.internal.huc.DelegatingHttpsURLConnection.getOutputStream(DelegatingHttpsURLConnection.java:218)
05-09 10:13:03.833  1473  1541 W System.err: 	at com.android.okhttp.internal.huc.HttpsURLConnectionImpl.getOutputStream(HttpsURLConnectionImpl.java)
05-09 10:13:03.833  1473  1541 W System.err: 	at com.google.android.gms.http.GoogleHttpClient.a(SourceFile:933)
05-09 10:13:03.833  1473  1541 W System.err: 	at com.google.android.gms.http.GoogleHttpClient.a(SourceFile:775)
05-09 10:13:03.833  1473  1541 W System.err: 	at com.google.android.gms.http.GoogleHttpClient.execute(SourceFile:676)
05-09 10:13:03.833  1473  1541 W System.err: 	at com.google.android.gms.http.GoogleHttpClient.execute(SourceFile:660)
05-09 10:13:03.833  1473  1541 W System.err: 	at com.google.r.a.b.a.b.g(SourceFile:126)
05-09 10:13:03.833  1473  1541 W System.err: 	at com.google.r.a.b.a.b.c(SourceFile:172)
05-09 10:13:03.833  1473  1541 W System.err: 	at com.google.y.a.d.run(SourceFile:434)
05-09 10:13:03.833  1473  1541 W System.err: 	at com.google.y.a.c.c(SourceFile:230)
05-09 10:13:03.833  1473  1541 W System.err: 	at com.google.y.a.c.run(SourceFile:204)
05-09 10:13:03.833  1473  1541 W System.err: 	at com.google.r.a.c.b.run(SourceFile:96)
05-09 10:13:03.986  1966  1990 I GAV2    : Thread[GAThread,5,main]: No campaign data found.
05-09 10:13:04.734  1473  1543 W System.err: java.net.UnknownHostException: Unable to resolve host "www.google.com": No address associated with hostname
05-09 10:13:04.738  1473  1543 W System.err: 	at java.net.InetAddress.lookupHostByName(InetAddress.java:440)
05-09 10:13:04.738  1473  1543 W System.err: 	at java.net.InetAddress.getAllByNameImpl(InetAddress.java:252)
05-09 10:13:04.738  1473  1543 W System.err: 	at java.net.InetAddress.getAllByName(InetAddress.java:215)
05-09 10:13:04.738  1473  1543 W System.err: 	at com.android.okhttp.internal.Network$1.resolveInetAddresses(Network.java:29)
05-09 10:13:04.738  1473  1543 W System.err: 	at com.android.okhttp.internal.http.RouteSelector.resetNextInetSocketAddress(RouteSelector.java:188)
05-09 10:13:04.739  1473  1543 W System.err: 	at com.android.okhttp.internal.http.RouteSelector.nextProxy(RouteSelector.java:157)
05-09 10:13:04.739  1473  1543 W System.err: 	at com.android.okhttp.internal.http.RouteSelector.next(RouteSelector.java:100)
05-09 10:13:04.739  1473  1543 W System.err: 	at com.android.okhttp.internal.http.HttpEngine.createNextConnection(HttpEngine.java:357)
05-09 10:13:04.739  1473  1543 W System.err: 	at com.android.okhttp.internal.http.HttpEngine.nextConnection(HttpEngine.java:340)
05-09 10:13:04.739  1473  1543 W System.err: 	at com.android.okhttp.internal.http.HttpEngine.connect(HttpEngine.java:330)
05-09 10:13:04.739  1473  1543 W System.err: 	at com.android.okhttp.internal.http.HttpEngine.sendRequest(HttpEngine.java:248)
05-09 10:13:04.740  1473  1543 W System.err: 	at com.android.okhttp.internal.huc.HttpURLConnectionImpl.execute(HttpURLConnectionImpl.java:437)
05-09 10:13:04.740  1473  1543 W System.err: 	at com.android.okhttp.internal.huc.HttpURLConnectionImpl.connect(HttpURLConnectionImpl.java:114)
05-09 10:13:04.740  1473  1543 W System.err: 	at com.android.okhttp.internal.huc.HttpURLConnectionImpl.getOutputStream(HttpURLConnectionImpl.java:245)
05-09 10:13:04.740  1473  1543 W System.err: 	at com.android.okhttp.internal.huc.DelegatingHttpsURLConnection.getOutputStream(DelegatingHttpsURLConnection.java:218)
05-09 10:13:04.740  1473  1543 W System.err: 	at com.android.okhttp.internal.huc.HttpsURLConnectionImpl.getOutputStream(HttpsURLConnectionImpl.java)
05-09 10:13:04.740  1473  1543 W System.err: 	at com.google.android.gms.http.GoogleHttpClient.a(SourceFile:933)
05-09 10:13:04.741  1473  1543 W System.err: 	at com.google.android.gms.http.GoogleHttpClient.a(SourceFile:775)
05-09 10:13:04.741  1473  1543 W System.err: 	at com.google.android.gms.http.GoogleHttpClient.execute(SourceFile:676)
05-09 10:13:04.741  1473  1543 W System.err: 	at com.google.android.gms.http.GoogleHttpClient.execute(SourceFile:660)
05-09 10:13:04.741  1473  1543 W System.err: 	at com.google.r.a.b.a.b.g(SourceFile:126)
05-09 10:13:04.741  1473  1543 W System.err: 	at com.google.r.a.b.a.b.c(SourceFile:172)
05-09 10:13:04.741  1473  1543 W System.err: 	at com.google.y.a.d.run(SourceFile:434)
05-09 10:13:04.742  1473  1543 W System.err: 	at com.google.y.a.c.c(SourceFile:230)
05-09 10:13:04.742  1473  1543 W System.err: 	at com.google.y.a.c.run(SourceFile:204)
05-09 10:13:04.742  1473  1543 W System.err: 	at com.google.r.a.c.b.run(SourceFile:96)
05-09 10:13:04.843  2046  2116 I GAV2    : Thread[GAThread,5,main]: No campaign data found.
05-09 10:13:04.853  2070  2115 I GAV2    : Thread[GAThread,5,main]: No campaign data found.
05-09 10:13:04.933   529   658 D WifiConfigStore: Retrieve network priorities after PNO.
05-09 10:13:05.166  1452  2375 I iu.UploadsManager: End new media; added: 0, uploading: 0, time: 69 ms
05-09 10:13:05.712  1473  1541 W System.err: java.net.UnknownHostException: Unable to resolve host "www.google.com": No address associated with hostname
05-09 10:13:05.714  1473  1541 W System.err: 	at java.net.InetAddress.lookupHostByName(InetAddress.java:470)
05-09 10:13:05.715  1473  1541 W System.err: 	at java.net.InetAddress.getAllByNameImpl(InetAddress.java:252)
05-09 10:13:05.715  1473  1541 W System.err: 	at java.net.InetAddress.getAllByName(InetAddress.java:215)
05-09 10:13:05.715  1473  1541 W System.err: 	at com.android.okhttp.internal.Network$1.resolveInetAddresses(Network.java:29)
05-09 10:13:05.715  1473  1541 W System.err: 	at com.android.okhttp.internal.http.RouteSelector.resetNextInetSocketAddress(RouteSelector.java:188)
05-09 10:13:05.715  1473  1541 W System.err: 	at com.android.okhttp.internal.http.RouteSelector.nextProxy(RouteSelector.java:157)
05-09 10:13:05.716  1473  1541 W System.err: 	at com.android.okhttp.internal.http.RouteSelector.next(RouteSelector.java:100)
05-09 10:13:05.716  1473  1541 W System.err: 	at com.android.okhttp.internal.http.HttpEngine.createNextConnection(HttpEngine.java:357)
05-09 10:13:05.716  1473  1541 W System.err: 	at com.android.okhttp.internal.http.HttpEngine.nextConnection(HttpEngine.java:340)
05-09 10:13:05.716  1473  1541 W System.err: 	at com.android.okhttp.internal.http.HttpEngine.connect(HttpEngine.java:330)
05-09 10:13:05.716  1473  1541 W System.err: 	at com.android.okhttp.internal.http.HttpEngine.sendRequest(HttpEngine.java:248)
05-09 10:13:05.716  1473  1541 W System.err: 	at com.android.okhttp.internal.huc.HttpURLConnectionImpl.execute(HttpURLConnectionImpl.java:437)
05-09 10:13:05.717  1473  1541 W System.err: 	at com.android.okhttp.internal.huc.HttpURLConnectionImpl.connect(HttpURLConnectionImpl.java:114)
05-09 10:13:05.717  1473  1541 W System.err: 	at com.android.okhttp.internal.huc.HttpURLConnectionImpl.getOutputStream(HttpURLConnectionImpl.java:245)
05-09 10:13:05.717  1473  1541 W System.err: 	at com.android.okhttp.internal.huc.DelegatingHttpsURLConnection.getOutputStream(DelegatingHttpsURLConnection.java:218)
05-09 10:13:05.717  1473  1541 W System.err: 	at com.android.okhttp.internal.huc.HttpsURLConnectionImpl.getOutputStream(HttpsURLConnectionImpl.java)
05-09 10:13:05.720  1473  1541 W System.err: 	at com.google.android.gms.http.GoogleHttpClient.a(SourceFile:933)
05-09 10:13:05.720  1473  1541 W System.err: 	at com.google.android.gms.http.GoogleHttpClient.a(SourceFile:775)
05-09 10:13:05.720  1473  1541 W System.err: 	at com.google.android.gms.http.GoogleHttpClient.execute(SourceFile:676)
05-09 10:13:05.720  1473  1541 W System.err: 	at com.google.android.gms.http.GoogleHttpClient.execute(SourceFile:660)
05-09 10:13:05.720  1473  1541 W System.err: 	at com.google.r.a.b.a.b.g(SourceFile:126)
05-09 10:13:05.720  1473  1541 W System.err: 	at com.google.r.a.b.a.b.c(SourceFile:172)
05-09 10:13:05.721  1473  1541 W System.err: 	at com.google.y.a.d.run(SourceFile:434)
05-09 10:13:05.721  1473  1541 W System.err: 	at com.google.y.a.c.c(SourceFile:230)
05-09 10:13:05.721  1473  1541 W System.err: 	at com.google.y.a.c.run(SourceFile:204)
05-09 10:13:05.721  1473  1541 W System.err: 	at com.google.r.a.c.b.run(SourceFile:96)
05-09 10:13:05.721  1473  1541 W System.err: Caused by: android.system.GaiException: android_getaddrinfo failed: EAI_NODATA (No address associated with hostname)
05-09 10:13:05.722  1473  1541 W System.err: 	at libcore.io.Posix.android_getaddrinfo(Native Method)
05-09 10:13:05.722  1473  1541 W System.err: 	at libcore.io.ForwardingOs.android_getaddrinfo(ForwardingOs.java:55)
05-09 10:13:05.722  1473  1541 W System.err: 	at java.net.InetAddress.lookupHostByName(InetAddress.java:451)
05-09 10:13:05.722  1473  1541 W System.err: 	... 25 more
05-09 10:13:05.742   529   658 D WifiStateMachine: shouldSwitchNetwork  txSuccessRate=0.00 rxSuccessRate=0.00 delta 1000 -> 1000
05-09 10:13:05.745   529   658 D WifiStateMachine: CMD_AUTO_CONNECT sup state ScanState my state DisconnectedState nid=2 roam=3
05-09 10:13:05.745   529   658 E WifiConfigStore: saveWifiConfigBSSID Setting BSSID for "Tomato"WPA_PSK to any
05-09 10:13:05.762   529   658 D WifiStateMachine: CMD_AUTO_CONNECT will save config -> "Tomato" nid=2
05-09 10:13:05.789   529   658 D WifiStateMachine: CMD_AUTO_CONNECT did save config ->  nid=2
05-09 10:13:05.790  1013  1013 I wpa_supplicant: wlan0: Trying to associate with SSID 'Tomato'
05-09 10:13:06.499  2260  2260 D MusicLifecycle: com.google.android.music.leanback.AutoCacheSchedulingService$EnablingReceiver generated event: Broadcast received with context android.app.ReceiverRestrictedContext@614aa48 and intent Intent { act=com.google.android.music.START_DOWNLOAD_SCHEDULING flg=0x10 cmp=com.google.android.music/.leanback.AutoCacheSchedulingService$EnablingReceiver }
05-09 10:13:06.526  2260  2260 D MusicLifecycle: com.google.android.music.leanback.AutoCacheSchedulingService generated event: Service created
05-09 10:13:06.539  2260  2260 D MusicLifecycle: com.google.android.music.leanback.AutoCacheSchedulingService generated event: Service started with intent Intent { act=com.google.android.music.leanback.APP_IN_USE cmp=com.google.android.music/.leanback.AutoCacheSchedulingService (has extras) }
05-09 10:13:06.542  2260  2260 D MusicLifecycle: com.google.android.music.wear.WearBroadcastReceiver generated event: Broadcast received with context android.app.ReceiverRestrictedContext@614aa48 and intent Intent { act=com.google.android.music.START_DOWNLOAD_SCHEDULING flg=0x10 cmp=com.google.android.music/.wear.WearBroadcastReceiver }
05-09 10:13:06.554  2260  2260 D MusicLifecycle: com.google.android.music.download.TrackDownloadQueueService generated event: Service created
05-09 10:13:06.563  1013  1013 I wpa_supplicant: wlan0: Associated with bc:ee:7b:8e:7f:30
05-09 10:13:06.598  1013  1013 I wpa_supplicant: wlan0: WPA: Key negotiation completed with bc:ee:7b:8e:7f:30 [PTK=CCMP GTK=CCMP]
05-09 10:13:06.598  1013  1013 I wpa_supplicant: wlan0: CTRL-EVENT-CONNECTED - Connection to bc:ee:7b:8e:7f:30 completed [id=2 id_str=]
05-09 10:13:06.603   529   658 D WifiConfigStore: Retrieve network priorities after PNO.
05-09 10:13:06.610  2260  2378 I MusicLeanback: Conditions not met for autocaching. okToAttempt=false
05-09 10:13:06.610  2260  2378 I MusicLeanback: Stop autocaching.
05-09 10:13:06.617   529   658 D ConnectivityService: registerNetworkAgent NetworkAgentInfo{ ni{[type: WIFI[], state: CONNECTING/CONNECTING, reason: (unspecified), extra: "Tomato", roaming: false, failover: false, isAvailable: true]}  network{100}  lp{{LinkAddresses: []  Routes: [] DnsAddresses: [] Domains: null MTU: 0 TcpBufferSizes: 524288,1048576,2097152,262144,524288,1048576}}  nc{[ Transports: WIFI Capabilities: INTERNET&NOT_RESTRICTED&TRUSTED&NOT_VPN LinkUpBandwidth>=1048576Kbps LinkDnBandwidth>=1048576Kbps]}  Score{20}  everValidated{false}  lastValidated{false}  created{false} lingering{false} explicitlySelected{false} acceptUnvalidated{false} everCaptivePortalDetected{false} lastCaptivePortalDetected{false} }
05-09 10:13:06.617   529   660 D ConnectivityService: NetworkAgentInfo [WIFI () - 100] EVENT_NETWORK_INFO_CHANGED, going from null to CONNECTING
05-09 10:13:06.618   529   658 E WifiConfigStore: saveWifiConfigBSSID Setting BSSID for "Tomato"WPA_PSK to any
05-09 10:13:06.630   529   658 E WifiConfigStore: saveWifiConfigBSSID Setting BSSID for "Tomato"WPA_PSK to any
05-09 10:13:06.639  2260  2260 D MusicLifecycle: com.google.android.music.download.cache.TrackCacheService generated event: Service created
05-09 10:13:06.645   163   626 D CommandListener: Setting iface cfg
05-09 10:13:06.653   529   658 D WifiStateMachine: Start Dhcp Watchdog 1
05-09 10:13:06.678   529   658 D IpReachabilityMonitor: watch: iface{wlan0/6}, v{1}, ntable=[]
05-09 10:13:06.680   529   660 D ConnectivityService: notifyType CAP_CHANGED for NetworkAgentInfo [WIFI () - 100]
05-09 10:13:06.680   529   660 D ConnectivityService: updateNetworkScore for NetworkAgentInfo [WIFI () - 100] to 60
05-09 10:13:06.685   529  2385 D DhcpClient: Receive thread started
05-09 10:13:06.687  2260  2260 D MusicLifecycle: com.google.android.music.wear.WearMetadataSyncService generated event: Service created
05-09 10:13:06.687  2260  2260 D MusicLifecycle: com.google.android.music.wear.WearMetadataSyncService generated event: Service started with intent Intent { cmp=com.google.android.music/.wear.WearMetadataSyncService }
05-09 10:13:06.694  2260  2260 E GmsUtils: Failed to connect to Google API client: ConnectionResult{statusCode=API_UNAVAILABLE, resolution=null}
05-09 10:13:06.695  2260  2260 D MusicLifecycle: com.google.android.music.download.TrackDownloadQueueService generated event: Service destroyed
05-09 10:13:06.696  2260  2260 D MusicLifecycle: com.google.android.music.download.cache.TrackCacheService generated event: Service destroyed
05-09 10:13:06.702   529   539 I art     : Background partial concurrent mark sweep GC freed 23090(1464KB) AllocSpace objects, 5(108KB) LOS objects, 33% free, 16MB/25MB, paused 1.638ms total 108.800ms
05-09 10:13:06.702  2260  2386 E GmsUtils: Failed to connect to Google API client: ConnectionResult{statusCode=API_UNAVAILABLE, resolution=null}
05-09 10:13:06.703  2260  2260 D MusicLifecycle: com.google.android.music.wear.WearMetadataSyncService generated event: Service destroyed
05-09 10:13:06.766   529   658 E native  : do suspend false
05-09 10:13:06.799   529  2384 D DhcpClient: Broadcasting DHCPDISCOVER
05-09 10:13:06.805   529  2385 D DhcpClient: Received packet: b4:ce:f6:09:7b:7a OFFER, ip /192.168.1.20, mask /255.255.255.0, DNS servers: /192.168.1.1 , gateways [/192.168.1.1] lease time 86400, domain null
05-09 10:13:06.808   529  2384 D DhcpClient: Got pending lease: IP address 192.168.1.20/24 Gateway 192.168.1.1  DNS servers: [ 192.168.1.1 ] Domains DHCP server /192.168.1.1 Vendor info null lease 86400 seconds
05-09 10:13:06.810   529  2384 D DhcpClient: Broadcasting DHCPREQUEST ciaddr=0.0.0.0 request=192.168.1.20 serverid=192.168.1.1
05-09 10:13:06.815  1151  2301 W FusedLocationProvider: I/O error: java.io.IOException: Timed out waiting for response from server
05-09 10:13:06.820   529  2385 D DhcpClient: Received packet: b4:ce:f6:09:7b:7a ACK: your new IP /192.168.1.20, netmask /255.255.255.0, gateways [/192.168.1.1] DNS servers: /192.168.1.1 , lease time 86400
05-09 10:13:06.820   529  2384 D DhcpClient: Confirmed lease: IP address 192.168.1.20/24 Gateway 192.168.1.1  DNS servers: [ 192.168.1.1 ] Domains DHCP server /192.168.1.1 Vendor info null lease 86400 seconds
05-09 10:13:06.824   163   626 D CommandListener: Setting iface cfg
05-09 10:13:06.828   529   658 D IpReachabilityMonitor: watch: iface{wlan0/6}, v{2}, ntable=[]
05-09 10:13:06.829   529  2384 D DhcpClient: Scheduling renewal in 43199s
05-09 10:13:06.837   529   658 D IpReachabilityMonitor: watch: iface{wlan0/6}, v{3}, ntable=[192.168.1.1/NUD_NONE]
05-09 10:13:06.839   529   658 D WifiConfigStore: No blacklist allowed without epno enabled
05-09 10:13:06.839   529   660 D ConnectivityService: NetworkAgentInfo [WIFI () - 100] EVENT_NETWORK_INFO_CHANGED, going from CONNECTING to CONNECTED
05-09 10:13:06.845   529   658 E WifiStateMachine: Did not find remoteAddress {192.168.1.1} in /proc/net/arp
05-09 10:13:06.846   529   660 D ConnectivityService: Adding iface wlan0 to network 100
05-09 10:13:06.912   529   660 E ConnectivityService: Unexpected mtu value: 0, wlan0
05-09 10:13:06.913   529   660 D ConnectivityService: Adding Route [fe80::/64 -> :: wlan0] to network 100
05-09 10:13:06.917   529   660 D ConnectivityService: Adding Route [192.168.1.0/24 -> 0.0.0.0 wlan0] to network 100
05-09 10:13:06.920   529   660 D ConnectivityService: Adding Route [0.0.0.0/0 -> 192.168.1.1 wlan0] to network 100
05-09 10:13:06.923   529   660 D ConnectivityService: Setting Dns servers for network 100 to [/192.168.1.1]
05-09 10:13:06.931   529   660 D ConnectivityService: notifyType IP_CHANGED for NetworkAgentInfo [WIFI () - 100]
05-09 10:13:06.936   529   660 D ConnectivityService: scheduleUnvalidatedPrompt 100
05-09 10:13:06.937   529   660 D ConnectivityService: updateSignalStrengthThresholds: CONNECT, sending [] to NetworkAgentInfo [WIFI () - 100]
05-09 10:13:06.937   529   660 D ConnectivityService: rematch for NetworkAgentInfo [WIFI () - 100]
05-09 10:13:06.937   529   660 D ConnectivityService:    accepting network in place of null
05-09 10:13:06.937   529   658 D WifiNetworkAgent: NetworkAgent: Received signal strength thresholds: []
05-09 10:13:06.937   529   658 D WifiNative-HAL: stopRssiMonitoring, cmdId 0
05-09 10:13:06.938   529   660 D ConnectivityService: Switching to new default network: NetworkAgentInfo{ ni{[type: WIFI[], state: CONNECTED/CONNECTED, reason: (unspecified), extra: "Tomato", roaming: false, failover: false, isAvailable: true]}  network{100}  lp{{InterfaceName: wlan0 LinkAddresses: [fe80::b6ce:f6ff:fe09:7b7a/64,192.168.1.20/24,]  Routes: [fe80::/64 -> :: wlan0,192.168.1.0/24 -> 0.0.0.0 wlan0,0.0.0.0/0 -> 192.168.1.1 wlan0,] DnsAddresses: [192.168.1.1,] Domains: null MTU: 0 TcpBufferSizes: 524288,1048576,2097152,262144,524288,1048576}}  nc{[ Transports: WIFI Capabilities: INTERNET&NOT_RESTRICTED&TRUSTED&NOT_VPN LinkUpBandwidth>=1048576Kbps LinkDnBandwidth>=1048576Kbps SignalStrength: -45]}  Score{20}  everValidated{false}  lastValidated{false}  created{true} lingering{false} explicitlySelected{false} acceptUnvalidated{false} everCaptivePortalDetected{false} lastCaptivePortalDetected{false} }
05-09 10:13:06.949   529  2383 D NetlinkSocketObserver: NeighborEvent{elapsedMs=41406, 192.168.1.1, [BCEE7B8E7F30], RTM_NEWNEIGH, NUD_REACHABLE}
05-09 10:13:06.951   529  2381 D NetworkMonitor/NetworkAgentInfo [WIFI () - 100]: Checking http://connectivitycheck.gstatic.com/generate_204 on "Tomato", connectivitycheck.gstatic.com=172.217.168.163,2a00:1450:4003:80a::2003
05-09 10:13:06.969   163   626 V IdletimerController: runCmd(/system/bin/ip6tables -w -t raw -A idletimer_raw_PREROUTING -i wlan0 -j IDLETIMER --timeout 15 --label 1 --send_nl_msg 1) res_ipv4=0, res_ipv6=0
05-09 10:13:06.995   529  2381 D NetworkMonitor/NetworkAgentInfo [WIFI () - 100]: isCaptivePortal: ret=204 headers={null=[HTTP/1.1 204 No Content], Content-Length=[0], Date=[Thu, 09 May 2019 09:13:07 GMT], X-Android-Received-Millis=[1557393186993], X-Android-Response-Source=[NETWORK 204], X-Android-Selected-Protocol=[http/1.1], X-Android-Sent-Millis=[1557393186975]}
05-09 10:13:06.998   163   626 V IdletimerController: runCmd(/system/bin/ip6tables -w -t mangle -A idletimer_mangle_POSTROUTING -o wlan0 -j IDLETIMER --timeout 15 --label 1 --send_nl_msg 1) res_ipv4=0, res_ipv6=0
05-09 10:13:07.000   529   660 D ConnectivityService: Setting tx/rx TCP buffers to 524288,1048576,2097152,262144,524288,1048576
05-09 10:13:07.004   529   660 D CSLegacyTypeTracker: Sending CONNECTED broadcast for type 1 NetworkAgentInfo [WIFI () - 100] isDefaultNetwork=true
05-09 10:13:07.007   529   660 D ConnectivityService: sendStickyBroadcast: action=android.net.conn.CONNECTIVITY_CHANGE
05-09 10:13:07.008   529   579 D Tethering: MasterInitialState.processMessage what=3
05-09 10:13:07.011  1315  1315 W ErrorReporter: reportError [type: 29, code: 917507]: null
05-09 10:13:07.012   529   660 D ConnectivityService: notifyType PRECHECK for NetworkAgentInfo [WIFI () - 100]
05-09 10:13:07.013   529   660 D ConnectivityService: setProvNotificationVisibleIntent null visible=false networkType=MOBILE extraInfo=null highPriority=false
05-09 10:13:07.013   529   660 D ConnectivityService: NetworkAgentInfo [WIFI () - 100] validation  passed
05-09 10:13:07.013   529   660 D ConnectivityService: notifyType CAP_CHANGED for NetworkAgentInfo [WIFI () - 100]
05-09 10:13:07.015   529   660 D ConnectivityService: sendStickyBroadcast: action=android.net.conn.INET_CONDITION_ACTION
05-09 10:13:07.018  2260  2260 D MusicLifecycle: com.google.android.music.net.NetworkMonitor$2 generated event: Broadcast received with context com.google.android.music.net.NetworkMonitor@9320e63 and intent Intent { act=android.net.conn.CONNECTIVITY_CHANGE flg=0x4000010 (has extras) }
05-09 10:13:07.024  1452  1452 I SystemUpdateService: receiver: Intent { act=android.net.conn.CONNECTIVITY_CHANGE flg=0x4000010 cmp=com.google.android.gms/.update.SystemUpdateService$ActiveReceiver (has extras) }
05-09 10:13:07.028  2260  2260 I NetworkMonitor: type=WIFI subType= reason=null isConnected=true
05-09 10:13:07.029  1452  1452 D SystemUpdateService: onCreate
05-09 10:13:07.031   529  1249 D AlarmManagerService: Setting time of day to sec=1557393187
05-09 10:13:07.687  1452  1452 D SystemUpdateService: onStartCommand: intent: Intent { cmp=com.google.android.gms/.update.SystemUpdateService (has extras) }
05-09 10:13:07.723  1452  1452 E MDM     : [1] SitrepService.a: No Google accounts; deferring server state update.
05-09 10:13:07.728  1452  2410 I iu.SyncManager: SYNC; picasa accounts
05-09 10:13:07.731  1452  2403 I SystemUpdateService: active receiver: enabled
05-09 10:13:07.734  1452  1452 D NetworkLogImpl: Loaded NetworkSpeedPredictor
05-09 10:13:07.736  1452  1452 I iu.Environment: update connectivity state; isNetworkMetered? false, isRoaming? false, isBackgroundDataAllowed? true*
05-09 10:13:07.745  1452  2403 I SystemUpdateService: Already downloaded, skipping offpeak checks.
05-09 10:13:07.748  1452  1452 D ChimeraCfgMgr: Loading module com.google.android.gms.kids from APK com.google.android.gms
05-09 10:13:07.749  1452  1452 I Kids    : [GCoreUtils] Current gmscore version, 8122446 is smaller than the required version 8400000
05-09 10:13:07.751  1452  2403 I SystemUpdateService: network: [type: WIFI[], state: CONNECTED/CONNECTED, reason: (unspecified), extra: "Tomato", roaming: false, failover: false, isAvailable: true]; metered: false; mobile allowed: true
05-09 10:13:07.751  1452  2403 I SystemUpdateService: now status is 0 (complete)
05-09 10:13:07.751  1452  2403 I SystemUpdateService: processDownloadedFile /data/user/0/com.google.android.gms/app_download/update.zip
05-09 10:13:07.751  1452  2403 I SystemUpdateService: file has been verified
05-09 10:13:07.751  1452  2403 I SystemUpdateService: OTA package size = 817456682
05-09 10:13:07.759   529  1271 I ActivityManager: Start proc 2416:com.android.chrome/u0a34 for broadcast com.android.chrome/org.chromium.chrome.browser.precache.PrecacheServiceLauncher
05-09 10:13:07.760  1452  2410 I iu.UploadsManager: num queued entries: 0
05-09 10:13:07.779   529  2414 D GpsLocationProvider: NTP server returned: 1557393187687 (Thu May 09 10:13:07 GMT+01:00 2019) reference: 41489 certainty: 6 system time offset: -91
05-09 10:13:07.779  1452  2403 I SystemUpdateService: showing system update notification
05-09 10:13:07.780  1452  2410 I iu.UploadsManager: num updated entries: 0
05-09 10:13:07.781  1452  2410 I iu.SyncManager: NEXT; no task
05-09 10:13:07.788  1452  1452 D SystemUpdateService: onDestroy
