05-09 10:12:47.586   163   626 E Netd    : exec() res=0, status=256 for /system/bin/ip6tables -w -X st_clear_detect 
05-09 10:12:47.714   529   659 D WifiService: New client listening to asynchronous messages
05-09 10:12:47.823   648   648 W Binder_4: type=1400 audit(0.0:12): avc: denied { ioctl } for path="socket:[13157]" dev="sockfs" ino=13157 ioctlcmd=7704 scontext=u:r:surfaceflinger:s0 tcontext=u:r:surfaceflinger:s0 tclass=unix_stream_socket permissive=0
05-09 10:12:47.823   648   648 W Binder_4: type=1400 audit(0.0:13): avc: denied { ioctl } for path="socket:[13157]" dev="sockfs" ino=13157 ioctlcmd=7704 scontext=u:r:surfaceflinger:s0 tcontext=u:r:surfaceflinger:s0 tclass=unix_stream_socket permissive=0
05-09 10:12:47.846   529   579 D BluetoothManagerService: Added callback: android.bluetooth.IBluetoothManagerCallback$Stub$Proxy@cbef31:true
05-09 10:12:47.856   717   717 D LocalBluetoothProfileManager: Adding local MAP profile
05-09 10:12:47.857   717   717 D BluetoothMap: Create BluetoothMap proxy object
05-09 10:12:47.858   717   717 E BluetoothMap: Could not bind to Bluetooth MAP Service with Intent { act=android.bluetooth.IBluetoothMap }
05-09 10:12:47.861   717   717 D LocalBluetoothProfileManager: LocalBluetoothProfileManager construction complete
05-09 10:12:47.864   529   548 D ConnectivityService: listenForNetwork for Listen from uid/pid:10022/717 for NetworkRequest [ id=3, legacyType=-1, [] ]
05-09 10:12:47.872   717   717 I CameraManagerGlobal: Connecting to camera service
05-09 10:12:47.920   505   505 W Binder_3: type=1400 audit(0.0:14): avc: denied { ioctl } for path="socket:[12288]" dev="sockfs" ino=12288 ioctlcmd=7704 scontext=u:r:surfaceflinger:s0 tcontext=u:r:surfaceflinger:s0 tclass=unix_stream_socket permissive=0
05-09 10:12:47.920   505   505 W Binder_3: type=1400 audit(0.0:15): avc: denied { ioctl } for path="socket:[12288]" dev="sockfs" ino=12288 ioctlcmd=7704 scontext=u:r:surfaceflinger:s0 tcontext=u:r:surfaceflinger:s0 tclass=unix_stream_socket permissive=0
05-09 10:12:47.925   717   934 D OpenGLRenderer: Use EGL_SWAP_BEHAVIOR_PRESERVED: true
05-09 10:12:47.926   717   934 D OpenGLRenderer: profile bars disabled
05-09 10:12:47.927   717   934 D OpenGLRenderer: ambientRatio = 1.50
05-09 10:12:47.936   731   731 W Binder_3: type=1400 audit(0.0:16): avc: denied { ioctl } for path="socket:[13183]" dev="sockfs" ino=13183 ioctlcmd=7704 scontext=u:r:system_server:s0 tcontext=u:r:system_server:s0 tclass=unix_stream_socket permissive=0
05-09 10:12:47.936   731   731 W Binder_3: type=1400 audit(0.0:17): avc: denied { ioctl } for path="socket:[13183]" dev="sockfs" ino=13183 ioctlcmd=7704 scontext=u:r:system_server:s0 tcontext=u:r:system_server:s0 tclass=unix_stream_socket permissive=0
05-09 10:12:47.951   529   549 I ActivityManager: Start proc 937:android.process.acore/u0a3 for content provider com.android.providers.contacts/.ContactsProvider2
05-09 10:12:47.961   717   717 D PhoneStatusBar: disable: < expand icons alerts system_info back home recent clock search quick_settings >
05-09 10:12:47.973   731   731 W Binder_3: type=1400 audit(0.0:18): avc: denied { ioctl } for path="socket:[13223]" dev="sockfs" ino=13223 ioctlcmd=7704 scontext=u:r:system_server:s0 tcontext=u:r:system_server:s0 tclass=unix_stream_socket permissive=0
05-09 10:12:47.973   731   731 W Binder_3: type=1400 audit(0.0:19): avc: denied { ioctl } for path="socket:[13223]" dev="sockfs" ino=13223 ioctlcmd=7704 scontext=u:r:system_server:s0 tcontext=u:r:system_server:s0 tclass=unix_stream_socket permissive=0
05-09 10:12:47.976   731   731 W Binder_3: type=1400 audit(0.0:20): avc: denied { ioctl } for path="socket:[13225]" dev="sockfs" ino=13225 ioctlcmd=7704 scontext=u:r:system_server:s0 tcontext=u:r:system_server:s0 tclass=unix_stream_socket permissive=0
05-09 10:12:47.976   731   731 W Binder_3: type=1400 audit(0.0:21): avc: denied { ioctl } for path="socket:[13225]" dev="sockfs" ino=13225 ioctlcmd=7704 scontext=u:r:system_server:s0 tcontext=u:r:system_server:s0 tclass=unix_stream_socket permissive=0
05-09 10:12:48.002   937   937 W System  : ClassLoader referenced unknown path: /system/priv-app/ContactsProvider/lib/arm64
05-09 10:12:48.010   717   717 D PhoneStatusBar: heads up is enabled
05-09 10:12:48.017   717   717 D ViewRootImpl: changeCanvasOpacity: opaque=true
05-09 10:12:48.038   529   529 E NetdConnector: NDC Command {7 strict enable} took too long (781ms)
05-09 10:12:48.039   529   658 E NetdConnector: NDC Command {8 interface ipv6privacyextensions wlan0 enable} took too long (780ms)
05-09 10:12:48.039   529   658 E WifiMonitor: killSupplicant p2ptrue init.svc.wpa_supplicant=unknown init.svc.p2p_supplicant=unknown
05-09 10:12:48.127   717   934 I OpenGLRenderer: Initialized EGL, version 1.4
05-09 10:12:48.179   937   937 W System  : ClassLoader referenced unknown path: /system/app/UserDictionaryProvider/lib/arm64
05-09 10:12:48.206   529   659 D WifiService: New client listening to asynchronous messages
05-09 10:12:48.599   937   960 I ContactLocale: AddressBook Labels [en-US]: [, A, B, C, D, E, F, G, H, I, J, K, L, M, N, O, P, Q, R, S, T, U, V, W, X, Y, Z, , , , , , , , , , , , , , , , , , , , , , , , , , , , , , , , , , , , , , , , , , , , , , , , , , , , , , , , , , , , , , , , , , , , , , , , , , , , , , , , , , , , , , , , , , , , , , , , , , , , , , , , , , , , , , , , , , , , , , , , , , , , , , , , , , , , , , , , , , , , , , , , , , , , , , , , , , , , , , , , , , , , , , , , , , , , , , , , , , , , , , , , , , , #, ]
05-09 10:12:48.751   937   960 D ContactDirectoryManager: Found com.google.contacts.gal.provider
05-09 10:12:48.751   937   960 D ContactDirectoryManager: Found com.google.android.gm.exchange.directory.provider
05-09 10:12:48.765   529   549 I ActivityManager: Start proc 1000:com.google.android.gm.exchange/u0a67 for content provider com.google.android.gm.exchange/com.android.exchange.provider.ExchangeDirectoryProvider
05-09 10:12:48.776   529   658 D wifi    : set interface wlan0 flags (UP)
05-09 10:12:48.776   529   658 I WifiHAL : Initializing wifi
05-09 10:12:48.776   529   658 I WifiHAL : Creating socket
05-09 10:12:48.782   529   658 I WifiHAL : Initialized Wifi HAL Successfully; vendor cmd = 103
05-09 10:12:48.782   529   658 D wifi    : Did set static halHandle = 0x558174d390
05-09 10:12:48.782   529   658 D wifi    : halHandle = 0x558174d390, mVM = 0x558138ac30, mCls = 0x1009fa
05-09 10:12:48.782   529   658 D wifi    : array field set
05-09 10:12:48.782   529   658 I WifiNative-HAL: interface[0] = wlan0
05-09 10:12:48.785   529  1012 I WifiNative-HAL: Waiting for HAL events mWifiHalHandle=367244137360
05-09 10:12:48.785   529  1012 D wifi    : waitForHalEvents called, vm = 0x558138ac30, obj = 0x1009fa, env = 0x558173fe80
05-09 10:12:48.792   529   658 D WifiMonitor: startMonitoring(wlan0) with mConnected = false
05-09 10:12:48.799   529   658 E WifiHW  : Unable to open connection to supplicant on "@android:wpa_wlan0": No such file or directory
05-09 10:12:48.803   529   565 I ActivityManager: Start proc 1015:com.google.android.apps.gcs/u0a7 for broadcast com.google.android.apps.gcs/.receiver.WifiStateChangedReceiver
05-09 10:12:48.872  1000  1000 W System  : ClassLoader referenced unknown path: /system/app/PrebuiltExchange3Google/lib/arm64
05-09 10:12:48.875  1013  1013 I wpa_supplicant: Successfully initialized wpa_supplicant
05-09 10:12:48.914  1015  1015 W System  : ClassLoader referenced unknown path: /system/priv-app/GCS/lib/arm64
05-09 10:12:48.954  1013  1013 I wpa_supplicant: rfkill: Cannot open RFKILL control device
05-09 10:12:49.007  1013  1013 I wpa_supplicant: rfkill: Cannot open RFKILL control device
05-09 10:12:49.007  1013  1013 E wpa_supplicant: Could not read interface p2p-dev-wlan0 flags: No such device
05-09 10:12:49.049   529   951 I ActivityManager: Start proc 1044:com.google.android.gm/u0a68 for content provider com.google.android.gm/com.android.email.provider.EmailProvider
05-09 10:12:49.805   529   658 D WifiConfigStore: Loading config and enabling all networks 
05-09 10:12:49.825   529   658 D WifiConfigStore: loaded 0 passpoint configs
05-09 10:12:49.828   529   658 W WifiConfigStore: Upgrading network 1 to android.uid.system:1000
05-09 10:12:49.829   529   658 W WifiConfigStore: Upgrading network 0 to android.uid.system:1000
05-09 10:12:49.829   529   658 W WifiConfigStore: Upgrading network 2 to android.uid.system:1000
05-09 10:12:49.830   529   658 E WifiConfigStore: readAutoJoinStatus: Error parsing configurationjava.io.FileNotFoundException: /data/misc/wifi/autojoinconfig.txt: open failed: ENOENT (No such file or directory)
05-09 10:12:49.830   529   658 E WifiConfigStore: buildPnoList sortedWifiConfigurations size 3
05-09 10:12:49.830   529   658 E WifiConfigStore: found sortedWifiConfigurations : "DIRECT-r7-Android_2be0"WPA_PSK
05-09 10:12:49.830   529   658 E WifiConfigStore: found sortedWifiConfigurations : "DIRECT-M2-RMBL-ROQ85"WPA_PSK
05-09 10:12:49.830   529   658 E WifiConfigStore: found sortedWifiConfigurations : "Tomato"WPA_PSK
05-09 10:12:49.834   529   658 D WifiNative-HAL: Setting external_sim to 1
05-09 10:12:49.834   529   658 D wifi    : setting dfs flag to true, 0x55817545e0
05-09 10:12:49.834   529   658 D WifiStateMachine: Setting OUI to DA-A1-19
05-09 10:12:49.834   529   658 D wifi    : setting scan oui 0x55817545e0
05-09 10:12:49.834   529   658 D WifiHAL : Sending mac address OUI
05-09 10:12:49.843  1044  1044 W System  : ClassLoader referenced unknown path: /system/app/PrebuiltGmail/lib/arm64
05-09 10:12:49.847   529   658 D WifiConfigStore: Retrieve network priorities after PNO.
05-09 10:12:49.858   529   549 I ActivityManager: Start proc 1125:com.google.process.gapps/u0a45 for content provider com.google.android.syncadapters.contacts/.GalProvider
05-09 10:12:49.858   529   658 D wifi    : android_net_wifi_setLinkLayerStats: 1
05-09 10:12:49.881   529   658 E native  : do suspend false
05-09 10:12:49.885   163   626 W CommandListener: Failed to retrieve HW addr for p2p0 (No such device)
05-09 10:12:49.887   529   658 D WifiConfigStore: No blacklist allowed without epno enabled
05-09 10:12:49.887   529   658 D WifiConfigStore: Retrieve network priorities after PNO.
05-09 10:12:49.923   163   626 D CommandListener: Setting iface cfg
05-09 10:12:49.924   529   657 E WifiP2pService: Unable to change interface settings: java.lang.IllegalStateException: command '74 interface setcfg p2p0 0.0.0.0 0 up' failed with '400 74 Failed to set address (No such device)'
05-09 10:12:49.924   529   657 D WifiMonitor: startMonitoring(p2p0) with mConnected = true
05-09 10:12:49.926   529   657 D WifiNative-HAL: p2pGetDeviceAddress
05-09 10:12:49.926   529   657 D WifiNative-HAL: p2pGetDeviceAddress returning b6:ce:f6:09:7b:7a
05-09 10:12:49.937  1125  1125 W System  : ClassLoader referenced unknown path: /system/app/GoogleContactsSyncAdapter/lib/arm64
05-09 10:12:49.965   529   731 I ActivityManager: Start proc 1151:com.google.process.gapps/u0a8 for content provider com.google.android.gsf/.gservices.GservicesProvider
05-09 10:12:50.020  1151  1151 W System  : ClassLoader referenced unknown path: /system/priv-app/GoogleServicesFramework/lib/arm64
05-09 10:12:50.061  1151  1151 I GservicesProvider: Gservices pushing to system: true; secure/global: true
05-09 10:12:50.157  1044  1183 D ActivityThread: Loading provider com.google.android.gmail.provider;com.android.mail.notifier;com.google.android.gm.email.provider;com.google.android.gm.email.notifier: com.android.email.provider.EmailProvider
05-09 10:12:50.189  1151  1151 I GoogleHttpClient: GMS http client unavailable, use old client
05-09 10:12:50.199  1125  1125 I GoogleHttpClient: GMS http client unavailable, use old client
05-09 10:12:50.212   937   960 I ContactDirectoryManager: deleted 0 stale rows which don't have any relevant directory
05-09 10:12:50.226  1044  1182 I Gmail   : getAccountsCursor
05-09 10:12:50.241  1151  1151 W System  : ClassLoader referenced unknown path: /system/priv-app/PrebuiltGmsCore/lib/arm64
05-09 10:12:50.254  1015  1015 W ClientExperimentManager: [1] d.a: com.google.android.apps.gcs does not have permission com.google.android.apps.gcs.WRITE_EXPERIMENTS; disabling overrides
05-09 10:12:50.265   937   960 I ContactDirectoryManager: Discovered 0 contact directories in 1592ms
05-09 10:12:50.283   529   549 I ActivityManager: Start proc 1201:com.google.android.keep/u0a69 for broadcast com.google.android.keep/.notification.AlertReceiver
05-09 10:12:50.307   529   529 D PermissionMonitor: Monitoring
05-09 10:12:50.319   529   529 D PermissionMonitor: Users: 1, Apps: 86
05-09 10:12:50.324   529   529 I SystemServiceManager: Starting phase 600
05-09 10:12:50.325   529   579 D BluetoothManagerService: Added callback: android.bluetooth.BluetoothAdapter$1@da2f906:true
05-09 10:12:50.329   529   529 I BackupManagerService: Backup enabled => false
05-09 10:12:50.340   169   169 I AudioFlinger: systemReady
05-09 10:12:50.361   529   529 I ActivityManager: Start proc 1217:com.google.android.googlequicksearchbox:interactor/u0a24 for service com.google.android.googlequicksearchbox/com.google.android.voiceinteraction.GsaVoiceInteractionService
05-09 10:12:50.364   529  1216 E WVMExtractor: Failed to open libwvm.so: dlopen failed: library "libwvm.so" not found
05-09 10:12:50.368   529   529 E InputMethodManagerService: Ignoring updateSystemUiLocked due to an invalid token. uid:1000 token:null
05-09 10:12:50.381   529  1227 I OMXClient: Using client-side OMX mux.
05-09 10:12:50.396  1151  1151 I MultiDex: VM with version 2.1.0 has multidex support
05-09 10:12:50.396  1151  1151 I MultiDex: install
05-09 10:12:50.396  1151  1151 I MultiDex: VM has multidex support, MultiDex support library is disabled.
05-09 10:12:50.438   529   529 I ActivityManager: Start proc 1234:com.google.android.inputmethod.latin/u0a56 for service com.google.android.inputmethod.latin/com.android.inputmethod.latin.LatinIME
05-09 10:12:50.439   529   529 V InputMethodManagerService: Adding window token: android.os.Binder@22b546d
05-09 10:12:50.459   529   529 E libgps  : proxy_gps_get_extension: Unsupported GpsInterface extension: "gps_measurement"
05-09 10:12:50.459   529   529 E libgps  : Interface "gps_measurement" is not supported
05-09 10:12:50.459   529   529 E libgps  : proxy_gps_get_extension: Unsupported GpsInterface extension: "gps_navigation_message"
05-09 10:12:50.459   529   529 E libgps  : Interface "gps_navigation_message" is not supported
05-09 10:12:50.459   529   529 E libgps  : proxy_gps_get_extension: Unsupported GpsInterface extension: "gnss_configuration"
05-09 10:12:50.461   529  1239 I OMXClient: Using client-side OMX mux.
05-09 10:12:50.476   529   529 E FlpHardwareProvider: Error hw_get_module 'flp': -2
05-09 10:12:50.476   529   529 E LocationManagerService: FLP HAL not supported
05-09 10:12:50.497   529   529 E ActivityRecognitionHardware: Error hw_get_module: -2
05-09 10:12:50.497   529   529 E LocationManagerService: Hardware Activity-Recognition not supported.
05-09 10:12:50.514   529   529 I CommonTimeManagementService: No common time service detected on this platform.  Common time services will be unavailable.
05-09 10:12:50.516   529   650 I InputReader: Reconfiguring input devices.  changes=0x00000020
05-09 10:12:50.517   529   529 I MmsServiceBroker: Delay connecting to MmsService until an API is called
05-09 10:12:50.519   529   529 D MountService: onStartUser 0
05-09 10:12:50.519   529   529 D VoldConnector: SND -> {6 volume user_started 0}
05-09 10:12:50.520   153   164 D vold    : Linking /storage/emulated/0 to /mnt/user/0/primary
05-09 10:12:50.520   529   650 I InputReader: Reconfiguring input devices.  changes=0x00000010
05-09 10:12:50.520   529   652 D VoldConnector: RCV <- {200 6 Command succeeded}
05-09 10:12:50.526   529   651 D MountService: Volume emulated broadcasting mounted to UserHandle{0}
05-09 10:12:50.539   529   529 I ActivityManager: Start proc 1252:com.android.nfc/1027 for added application com.android.nfc
05-09 10:12:50.543   529  1251 I OMXClient: Using client-side OMX mux.
05-09 10:12:50.546   686   686 D MtpService: onStorageStateChanged /storage/emulated/0 mounted -> mounted
05-09 10:12:50.546   529   564 D GpsLocationProvider: Reset GPS properties, previous size = 0
05-09 10:12:50.570   529   529 I ActivityManager: Start proc 1260:com.android.phone/1001 for added application com.android.phone
05-09 10:12:50.570   529   529 I ActivityManager: START u0 {act=android.intent.action.MAIN cat=[android.intent.category.HOME] flg=0x10000000 cmp=com.google.android.googlequicksearchbox/com.google.android.launcher.GEL} from uid 0 on display 0
05-09 10:12:50.591  1151  1151 V JNIHelp : Registering com/google/android/gms/org/conscrypt/NativeCrypto's 241 native methods...
05-09 10:12:50.610   529   658 D WIFI    : Registering NetworkFactory
05-09 10:12:50.610   529   658 D WIFI_UT : Registering NetworkFactory
05-09 10:12:50.610   529   660 D ConnectivityService: Got NetworkFactory Messenger for WIFI
05-09 10:12:50.610   529   660 D ConnectivityService: Got NetworkFactory Messenger for WIFI_UT
05-09 10:12:50.626   529   529 I ActivityManager: Start proc 1273:com.google.android.googlequicksearchbox/u0a24 for activity com.google.android.googlequicksearchbox/com.google.android.launcher.GEL
05-09 10:12:50.651   717   717 V StatusBar: userId 0 is in the house
05-09 10:12:50.651   529   658 D WIFI    : got request NetworkRequest [ id=1, legacyType=-1, [ Capabilities: INTERNET&NOT_RESTRICTED&TRUSTED&NOT_VPN] ] with score 0
05-09 10:12:50.651   529   658 D WIFI_UT : got request NetworkRequest [ id=1, legacyType=-1, [ Capabilities: INTERNET&NOT_RESTRICTED&TRUSTED&NOT_VPN] ] with score 0
05-09 10:12:50.651   529   529 D RttService: SCAN_AVAILABLE : 1
05-09 10:12:50.652   529   675 D RttService: DefaultState got{ when=0 what=160513 target=com.android.internal.util.StateMachine$SmHandler }
05-09 10:12:50.663   529   529 I Choreographer: Skipped 246 frames!  The application may be doing too much work on its main thread.
05-09 10:12:50.668   529  1279 I OMXClient: Using client-side OMX mux.
05-09 10:12:50.685   529   529 W System  : ClassLoader referenced unknown path: /system/priv-app/Telecom/lib/arm64
05-09 10:12:50.742  1252  1252 I NfcService: Starting NFC service
05-09 10:12:50.744  1151  1151 I ProviderInstaller: Installed default security provider GmsCore_OpenSSL
05-09 10:12:50.792  1151  1151 V GLSActivity: AuthDelegateWrapperCreated with selected intent: Intent { cmp=com.google.android.gms/.auth.DefaultAuthDelegateService }
05-09 10:12:50.795   529  1296 I OMXClient: Using client-side OMX mux.
05-09 10:12:50.805   529   529 I Telecom : Class: TelecomSystem.INSTANCE being set
05-09 10:12:50.805   529   529 W ContextImpl: Calling a method in the system process without a qualified user: android.app.ContextImpl.startService:1221 android.content.ContextWrapper.startService:581 com.android.server.telecom.components.TelecomService.initializeTelecomSystem:107 com.android.server.telecom.components.TelecomService.onBind:46 android.app.ActivityThread.handleBindService:2904 
05-09 10:12:50.832   529   529 D RttService: SCAN_AVAILABLE : 3
05-09 10:12:50.832   529   675 D RttService: DefaultState got{ when=0 what=160512 target=com.android.internal.util.StateMachine$SmHandler }
05-09 10:12:50.846   717   717 D PhoneStatusBar: disable: < EXPAND* icons alerts system_info BACK* HOME* RECENT* clock SEARCH* quick_settings >
05-09 10:12:50.850   529   529 D GpsNetInitiatedHandler: location enabled :true
05-09 10:12:50.851   529   529 V WiredAccessoryManager: init()
05-09 10:12:50.859  1260  1260 W System  : ClassLoader referenced unknown path: /system/priv-app/TeleService/lib/arm64
05-09 10:12:50.869  1252  1252 D BrcmNfcJni: JNI_OnLoad: enter
05-09 10:12:50.879  1252  1252 I BrcmNfcJni: NFC Service: loading nci JNI
05-09 10:12:50.879  1252  1252 D BrcmNfcJni: register_com_android_nfc_NativeNfcManager: enter
05-09 10:12:50.879  1252  1252 D BrcmNfcJni: PowerSwitch::initialize: level=PS-UNKNOWN (0)
05-09 10:12:50.883  1252  1252 D NfcAdaptation: bool CNfcConfig::readConfig(const char*, bool) Opened base config /etc/libnfc-brcm.conf
05-09 10:12:50.889   161   189 D PermissionCache: checking android.permission.HARDWARE_TEST for uid=1000 => granted (395 us)
05-09 10:12:50.891  1151  1295 D NativeLibraryUtils: Install completed successfully. count=17 extracted=0
05-09 10:12:50.892   529   677 V KeyValueBackupJob: Scheduling k/v pass in 245 minutes
05-09 10:12:50.907   529  1301 I OMXClient: Using client-side OMX mux.
05-09 10:12:50.922  1260  1260 W System  : ClassLoader referenced unknown path: /system/priv-app/TelephonyProvider/lib/arm64
05-09 10:12:50.929  1252  1252 D NfcAdaptation: const CNfcParam* CNfcConfig::find(const char*) const found SCREEN_OFF_POWER_STATE=(0x1)
05-09 10:12:50.929  1252  1252 D BrcmNfcJni: PowerSwitch::initialize: desired screen-off state=1
05-09 10:12:50.929  1252  1252 D BrcmNfcJni: register_com_android_nfc_NativeNfcManager: exit
05-09 10:12:50.930  1252  1252 D BrcmNfcJni: register_com_android_nfc_NativeNfcTag
05-09 10:12:50.943  1252  1252 D NfcAdaptation: const CNfcParam* CNfcConfig::find(const char*) const found ACTIVE_SE=(0x0)
05-09 10:12:50.943  1252  1252 D BrcmNfcJni: RoutingManager::RoutingManager(): default route is 0x00
05-09 10:12:50.943  1252  1252 D BrcmNfcJni: RoutingManager::RoutingManager(): mOffHostEe=0xF4
05-09 10:12:50.943  1252  1252 D BrcmNfcJni: RoutingManager::registerJniFunctions
05-09 10:12:50.947  1252  1252 D BrcmNfcJni: JNI_OnLoad: exit
05-09 10:12:50.948  1252  1252 D BrcmNfcJni: nfcManager_initNativeStruc: enter
05-09 10:12:50.949  1252  1252 D BrcmNfcJni: nfcManager_initNativeStruc: exit
05-09 10:12:50.951  1234  1234 I Decoder : createOrResetDecoder
05-09 10:12:50.953  1234  1234 I Decoder : createOrResetDecoder
05-09 10:12:50.965   529   579 D BluetoothManagerService: Added callback: android.bluetooth.IBluetoothManagerCallback$Stub$Proxy@9915073:true
05-09 10:12:50.966  1252  1252 W Settings: Setting device_provisioned has moved from android.provider.Settings.Secure to android.provider.Settings.Global.
05-09 10:12:50.983  1234  1234 I LatinIME: Hardware accelerated drawing: true
05-09 10:12:50.996  1201  1201 W System  : ClassLoader referenced unknown path: /system/app/PrebuiltKeep/lib/arm64
05-09 10:12:51.016  1260  1260 D TelephonyProvider: dbh.onOpen: ok, queried table=siminfo
05-09 10:12:51.017  1260  1260 D TelephonyProvider: dbh.onOpen: ok, queried table=carriers
05-09 10:12:51.157  1044  1044 W GAV2    : Thread[main,5,main]: Need to call initialize() and be in fallback mode to start dispatch.
05-09 10:12:51.164  1273  1273 V Launcher: LauncherAppState inited
05-09 10:12:51.193   549   549 W Binder_2: type=1400 audit(0.0:22): avc: denied { ioctl } for path="socket:[13871]" dev="sockfs" ino=13871 ioctlcmd=7704 scontext=u:r:system_server:s0 tcontext=u:r:system_server:s0 tclass=unix_stream_socket permissive=0
05-09 10:12:51.193   549   549 W Binder_2: type=1400 audit(0.0:23): avc: denied { ioctl } for path="socket:[13871]" dev="sockfs" ino=13871 ioctlcmd=7704 scontext=u:r:system_server:s0 tcontext=u:r:system_server:s0 tclass=unix_stream_socket permissive=0
05-09 10:12:51.194   529   529 V BackupManagerService: Connected to transport ComponentInfo{android/com.android.internal.backup.LocalTransportService}
05-09 10:12:51.194   529   529 V BackupManagerService: Registering transport android/com.android.internal.backup.LocalTransportService::android/com.android.internal.backup.LocalTransport = android.app.backup.BackupTransport$TransportImpl@ad45a92
05-09 10:12:51.242  1273  1273 D Launcher.Model: Old launcher provider: content://com.google.android.launcher.oldhome.settings/favorites?notify=true
05-09 10:12:51.243  1273  1273 D Launcher.Model: Old launcher provider does not exist.
05-09 10:12:51.280  1234  1234 I StatsUtilsManager: onCreate()
05-09 10:12:51.282   529  1164 I ActivityManager: Start proc 1315:com.google.android.googlequicksearchbox:search/u0a24 for service com.google.android.googlequicksearchbox/com.google.android.hotword.service.HotwordService
05-09 10:12:51.284  1234  1234 I PeriodicStatsRecorder: shouldRecordStats() = Disabled
05-09 10:12:51.304   529   564 D GpsLocationProvider: GpsParamsResource: SUPL_HOST=supl.google.com
05-09 10:12:51.305   529   564 D GpsLocationProvider: GpsParamsResource: SUPL_PORT=7275
05-09 10:12:51.305   529   564 D GpsLocationProvider: GpsParamsResource: NTP_SERVER=north-america.pool.ntp.org
05-09 10:12:51.305   529   564 D GpsLocationProvider: GpsParamsResource: SUPL_VER=0x20000
05-09 10:12:51.305   529   564 D GpsLocationProvider: GpsParamsResource: SUPL_MODE=1
05-09 10:12:51.309  1252  1252 W NfceeAccess: could not find /etc/nfcee_access.xml, no NFCEE access allowed
05-09 10:12:51.309  1252  1252 I NfceeAccess: read 0 signature(s) for NFCEE access
05-09 10:12:51.312  1252  1252 W Settings: Setting airplane_mode_radios has moved from android.provider.Settings.System to android.provider.Settings.Global, returning read-only value.
05-09 10:12:51.312  1252  1252 W Settings: Setting airplane_mode_toggleable_radios has moved from android.provider.Settings.System to android.provider.Settings.Global, returning read-only value.
05-09 10:12:51.371  1252  1252 D RegisteredServicesCache: Dynamic AIDs file does not exist.
05-09 10:12:51.377  1234  1234 W InputAttributes: No editor info for this field. Bug?
05-09 10:12:51.423   193   193 W Binder_2: type=1400 audit(0.0:24): avc: denied { ioctl } for path="socket:[15515]" dev="sockfs" ino=15515 ioctlcmd=7704 scontext=u:r:surfaceflinger:s0 tcontext=u:r:surfaceflinger:s0 tclass=unix_stream_socket permissive=0
05-09 10:12:51.423   193   193 W Binder_2: type=1400 audit(0.0:25): avc: denied { ioctl } for path="socket:[15515]" dev="sockfs" ino=15515 ioctlcmd=7704 scontext=u:r:surfaceflinger:s0 tcontext=u:r:surfaceflinger:s0 tclass=unix_stream_socket permissive=0
05-09 10:12:51.423  1234  1234 I Keyboard.Facilitator: resetDictionaries() : en_US
05-09 10:12:51.425  1234  1234 I Keyboard.Personal: create()
05-09 10:12:51.435  1260  1337 E DcSwitchStateMachine-0: DctController is not ready
05-09 10:12:51.436  1234  1234 I StatsUtilsManager: onLoadSettings()
05-09 10:12:51.442   529   660 E ConnectivityService: Failed to find Messenger in unregisterNetworkFactory
05-09 10:12:51.444  1234  1341 I Keyboard.Facilitator.DecoderInitializer: run()
05-09 10:12:51.445   529   660 D ConnectivityService: Got NetworkFactory Messenger for Telephony
05-09 10:12:51.451  1234  1341 I Decoder : createOrResetDecoder
05-09 10:12:51.487  1260  1260 D CarrierConfigLoader: CarrierConfigLoader has started
05-09 10:12:51.497   529   579 D BluetoothManagerService: Added callback: android.bluetooth.IBluetoothManagerCallback$Stub$Proxy@b3f489e:true
05-09 10:12:51.509  1151  1151 I ConfigService: onCreate
05-09 10:12:51.539  1260  1260 I Telephony: TtyManager: updateUiTtyMode -1 -> 0
05-09 10:12:51.553   529   539 I art     : Background partial concurrent mark sweep GC freed 50344(3MB) AllocSpace objects, 10(188KB) LOS objects, 33% free, 16MB/24MB, paused 1.937ms total 194.142ms
05-09 10:12:51.569  1260  1260 D TelephonyDebugService: TelephonyDebugService()
05-09 10:12:51.577  1260  1260 D CarrierConfigLoader: mHandler: 12 phoneId: 0
05-09 10:12:51.594  1260  1260 E PhoneInterfaceManager: [PhoneIntfMgr] getIccId: No UICC
05-09 10:12:51.609   529   951 W Telecom : : registerPhoneAccount not allowed on non-voice capable device.
05-09 10:12:51.616  1260  1260 I Telephony: AccountEntry: Registered phoneAccount: [[ ] PhoneAccount: ComponentInfo{com.android.phone/com.android.services.telephony.TelephonyConnectionService}, [e0184adedf913b076626646d3f52c3b49c39ad6d], UserHandle{0} Capabilities: 54 Schemes: tel voicemail ] with handle: ComponentInfo{com.android.phone/com.android.services.telephony.TelephonyConnectionService}, [e0184adedf913b076626646d3f52c3b49c39ad6d], UserHandle{0}
05-09 10:12:51.618  1260  1260 I Telephony: PstnIncomingCallNotifier: Registering: Handler (com.android.internal.telephony.gsm.GSMPhone) {131d83a}
05-09 10:12:51.626   529   731 W Telecom : : No account found for the calling user
05-09 10:12:51.632  1252  1338 D NfcService: checking on firmware download
05-09 10:12:51.633  1252  1338 W Settings: Setting airplane_mode_on has moved from android.provider.Settings.System to android.provider.Settings.Global, returning read-only value.
05-09 10:12:51.633  1252  1338 D NfcService: NFC is on. Doing normal stuff
05-09 10:12:51.633  1252  1338 I NfcService: Enabling NFC
05-09 10:12:51.640  1252  1338 D BrcmNfcJni: nfcManager_doInitialize: enter; ver=NFCDROID-AOSP_M_00.01 nfa=NFA_PI_1.03.66+ NCI_VERSION=0x10
05-09 10:12:51.640  1252  1338 D BrcmNfcJni: PowerSwitch::initialize: level=PS-FULL (1)
05-09 10:12:51.640  1252  1338 D NfcAdaptation: const CNfcParam* CNfcConfig::find(const char*) const found SCREEN_OFF_POWER_STATE=(0x1)
05-09 10:12:51.640  1252  1338 D BrcmNfcJni: PowerSwitch::initialize: desired screen-off state=1
05-09 10:12:51.640  1252  1338 D NfcAdaptation: NfcAdaptation::Initialize: enter
05-09 10:12:51.640  1252  1338 E NfcAdaptation: NfcAdaptation::Initialize: ver=NFCDROID-AOSP_M_00.01 nfa=NFA_PI_1.03.66+
05-09 10:12:51.640  1252  1338 D NfcAdaptation: const CNfcParam* CNfcConfig::find(const char*) const found NFA_STORAGE=/data/nfc
05-09 10:12:51.640  1252  1338 D NfcAdaptation: const CNfcParam* CNfcConfig::find(const char*) const found PROTOCOL_TRACE_LEVEL=(0x0)
05-09 10:12:51.640  1252  1338 D NfcAdaptation: const CNfcParam* CNfcConfig::find(const char*) const found NFA_MAX_EE_SUPPORTED=(0x0)
05-09 10:12:51.640  1252  1338 D NfcAdaptation: NfcAdaptation::Initialize: Overriding NFA_EE_MAX_EE_SUPPORTED to use 0
05-09 10:12:51.640  1252  1338 D NfcAdaptation: const CNfcParam* CNfcConfig::find(const char*) const found APPL_TRACE_LEVEL=(0x1)
05-09 10:12:51.652  1252  1351 I BrcmNfcNfa: NFC_TASK started.
05-09 10:12:51.653  1252  1338 E NfcAdaptation: No HAL module specified in config, falling back to BCM2079x
05-09 10:12:51.664  1252  1338 D NfcNciHal: nfc_open: enter; name=nci
05-09 10:12:51.664  1252  1338 D NfcNciHal: HaiInitializeLibrary: enter
05-09 10:12:51.664  1252  1338 E NfcNciHal: HaiInitializeLibrary: ver=NFCDROID-AOSP_M_00.01 nfa=NFA_PI_1.03.66+
05-09 10:12:51.664  1252  1338 D NfcNciHal: bool CNfcConfig::readConfig(const char*, bool) Opened base config /etc/libnfc-brcm.conf
05-09 10:12:51.674  1252  1338 D NfcNciHal: const CNfcParam* CNfcConfig::find(const char*) const found APPL_TRACE_LEVEL=(0x1)
05-09 10:12:51.680  1252  1338 I USERIAL_LINUX: USERIAL_Init
05-09 10:12:51.680  1252  1338 I NfcNciHal: HAL_NfcInitialize (): NFC_HAL_TASK id=0
05-09 10:12:51.681  1252  1338 I BrcmNfcNfa: nfa_dm_init ()
05-09 10:12:51.681  1252  1338 I BrcmNfcNfa: nfa_sys_register () id=1, enable_cplt_mask=0x0
05-09 10:12:51.681  1252  1338 I BrcmNfcNfa: nfa_sys_register () id=3, enable_cplt_mask=0x8
05-09 10:12:51.682  1252  1338 I BrcmNfcNfa: nfa_rw_init ()
05-09 10:12:51.682  1252  1338 I BrcmNfcNfa: nfa_sys_register () id=6, enable_cplt_mask=0x48
05-09 10:12:51.682  1252  1338 I BrcmNfcNfa: nfa_ce_init ()
05-09 10:12:51.682  1252  1338 I BrcmNfcNfa: nfa_sys_register () id=7, enable_cplt_mask=0xc8
05-09 10:12:51.682  1252  1338 I BrcmNfcNfa: nfa_ee_init ()
05-09 10:12:51.682  1252  1338 I BrcmNfcNfa: nfa_sys_register () id=2, enable_cplt_mask=0xcc
05-09 10:12:51.682  1252  1338 I BrcmNfcNfa: LLCP - llcp_init ()
05-09 10:12:51.682  1252  1338 I BrcmNfcNfa: num_rx_buff = 9, rx_congest_start = 6, rx_congest_end = 4, max_num_ll_rx_buff = 2
05-09 10:12:51.682  1252  1338 I BrcmNfcNfa: max_num_tx_buff = 21, max_num_ll_tx_buff = 6
05-09 10:12:51.682  1252  1338 I BrcmNfcNfa: LLCP_RegisterServer (): SAP:0x1, link_type:0x2, ServiceName:<urn:nfc:sn:sdp>
05-09 10:12:51.682  1252  1338 I BrcmNfcNfa: LLCP_RegisterServer (): Registered SAP = 0x01
05-09 10:12:51.682  1252  1338 I BrcmNfcNfa: NFA_Enable ()
05-09 10:12:51.682  1252  1338 I BrcmNfcNfa: NFC_SetTraceLevel () new_level = 1
05-09 10:12:51.682  1252  1355 I USERIAL_LINUX: USERIAL_Open(): enter
05-09 10:12:51.682  1252  1355 I USERIAL_LINUX: USERIAL_Open() device: /dev/bcm2079x port=5, uart_port=0 WAKE_DELAY(20) WRITE_DELAY(20) POWER_ON_DELAY(50) PRE_POWER_OFF_DELAY(10) POST_POWER_OFF_DELAY(0)
05-09 10:12:51.745  1252  1355 I USERIAL_LINUX: USERIAL_Open(): exit
05-09 10:12:51.745   529   731 I ActivityManager: Start proc 1362:com.google.android.partnersetup/u0a13 for content provider com.google.android.partnersetup/.RlzAppProvider
05-09 10:12:51.780   529   529 W system_server: type=1400 audit(0.0:26): avc: denied { ioctl } for path="socket:[15540]" dev="sockfs" ino=15540 ioctlcmd=7704 scontext=u:r:system_server:s0 tcontext=u:r:system_server:s0 tclass=unix_stream_socket permissive=0
05-09 10:12:51.780   529   529 W system_server: type=1400 audit(0.0:27): avc: denied { ioctl } for path="socket:[15540]" dev="sockfs" ino=15540 ioctlcmd=7704 scontext=u:r:system_server:s0 tcontext=u:r:system_server:s0 tclass=unix_stream_socket permissive=0
05-09 10:12:51.806  1273  1314 W Launcher: setApplicationContext called twice! old=com.google.android.velvet.VelvetApplication@30f985d new=com.google.android.velvet.VelvetApplication@30f985d
05-09 10:12:51.815  1273  1273 I GEL     : handleIntent(Intent { act=android.intent.action.MAIN cat=[android.intent.category.HOME] flg=0x10000000 cmp=com.google.android.googlequicksearchbox/com.google.android.launcher.GEL })
05-09 10:12:51.816  1362  1362 W System  : ClassLoader referenced unknown path: /system/priv-app/GooglePartnerSetup/lib/arm64
05-09 10:12:51.853   648   648 W Binder_4: type=1400 audit(0.0:28): avc: denied { ioctl } for path="socket:[13983]" dev="sockfs" ino=13983 ioctlcmd=7704 scontext=u:r:surfaceflinger:s0 tcontext=u:r:surfaceflinger:s0 tclass=unix_stream_socket permissive=0
05-09 10:12:51.853   648   648 W Binder_4: type=1400 audit(0.0:29): avc: denied { ioctl } for path="socket:[13983]" dev="sockfs" ino=13983 ioctlcmd=7704 scontext=u:r:surfaceflinger:s0 tcontext=u:r:surfaceflinger:s0 tclass=unix_stream_socket permissive=0
05-09 10:12:51.856  1273  1380 D OpenGLRenderer: Use EGL_SWAP_BEHAVIOR_PRESERVED: true
05-09 10:12:51.863   951   951 W Binder_4: type=1400 audit(0.0:30): avc: denied { ioctl } for path="socket:[13987]" dev="sockfs" ino=13987 ioctlcmd=7704 scontext=u:r:system_server:s0 tcontext=u:r:system_server:s0 tclass=unix_stream_socket permissive=0
05-09 10:12:51.863   951   951 W Binder_4: type=1400 audit(0.0:31): avc: denied { ioctl } for path="socket:[13987]" dev="sockfs" ino=13987 ioctlcmd=7704 scontext=u:r:system_server:s0 tcontext=u:r:system_server:s0 tclass=unix_stream_socket permissive=0
05-09 10:12:51.873   529   548 W SoundModelDBHelper: No SoundModel available for the given keyphrase
05-09 10:12:51.938  1273  1380 I OpenGLRenderer: Initialized EGL, version 1.4
05-09 10:12:51.998   717   717 I Choreographer: Skipped 65 frames!  The application may be doing too much work on its main thread.
05-09 10:12:52.149   529   581 I ActivityManager: Displayed com.google.android.googlequicksearchbox/com.google.android.launcher.GEL: +1s571ms
05-09 10:12:52.189  1234  1341 I Keyboard.Facilitator.MainLanguageModelLoader: run()
05-09 10:12:52.193   717   717 W PathParser: Points are too far apart 4.030360828967057
05-09 10:12:52.193   717   717 W PathParser: Points are too far apart 4.030360538880159
05-09 10:12:52.255   717   717 W KeyguardUpdateMonitor: invalid subId in handleSimStateChange()
05-09 10:12:52.256   717   717 W KeyguardUpdateMonitor: invalid subId in handleServiceStateChange()
05-09 10:12:52.270   529   564 D GpsLocationProvider: GPS properties reloaded, size = 7
05-09 10:12:52.270   529   564 E GpsLocationProvider: no AGPS interface in set_agps_server
05-09 10:12:52.288   529   565 V KeyguardServiceDelegate: *** Keyguard started
05-09 10:12:52.288   529   565 W KeyguardServiceDelegate: onScreenTurningOn(): no keyguard service!
05-09 10:12:52.289   529   529 V KeyguardServiceDelegate: *** Keyguard connected (yay!)
05-09 10:12:52.307   529   664 D NotificationSQLiteLog: Pruned event entries: 0
05-09 10:12:52.309   529  1270 V KeyguardServiceDelegate: **** SHOWN CALLED ****
05-09 10:12:52.313   717   717 D PhoneStatusBar: disable: < expand* icons alerts system_info back* home* recent* clock search* quick_settings >
05-09 10:12:52.334   161   505 I SurfaceFlinger: Boot is finished (17619 ms)
05-09 10:12:52.470   548   548 W Binder_1: type=1400 audit(0.0:32): avc: denied { ioctl } for path="socket:[14082]" dev="sockfs" ino=14082 ioctlcmd=7704 scontext=u:r:system_server:s0 tcontext=u:r:system_server:s0 tclass=unix_stream_socket permissive=0
05-09 10:12:52.470   548   548 W Binder_1: type=1400 audit(0.0:33): avc: denied { ioctl } for path="socket:[14082]" dev="sockfs" ino=14082 ioctlcmd=7704 scontext=u:r:system_server:s0 tcontext=u:r:system_server:s0 tclass=unix_stream_socket permissive=0
05-09 10:12:52.482  1273  1380 V RenderScript: 0x558197c6e0 Launching thread(s), CPUs 2
05-09 10:12:52.483  1273  1291 I art     : Background sticky concurrent mark sweep GC freed 16148(2MB) AllocSpace objects, 11(280KB) LOS objects, 0% free, 13MB/13MB, paused 5.361ms total 599.533ms
05-09 10:12:52.490   731   731 W Binder_3: type=1400 audit(0.0:34): avc: denied { ioctl } for path="socket:[14081]" dev="sockfs" ino=14081 ioctlcmd=7704 scontext=u:r:system_server:s0 tcontext=u:r:system_server:s0 tclass=unix_stream_socket permissive=0
05-09 10:12:52.490   731   731 W Binder_3: type=1400 audit(0.0:35): avc: denied { ioctl } for path="socket:[14081]" dev="sockfs" ino=14081 ioctlcmd=7704 scontext=u:r:system_server:s0 tcontext=u:r:system_server:s0 tclass=unix_stream_socket permissive=0
05-09 10:12:52.549  1151  1431 D GetCommittedConfigurationOperation: no corresponding serverToken: com.google.android.gms.playlog.uploader
05-09 10:12:52.552  1234  1234 I Keyboard.Facilitator: onFinishInput()
05-09 10:12:52.571  1151  1421 I Scheduler: Use legacy PeriodicScheduler
05-09 10:12:52.600  1151  1421 W InstanceID/Rpc: Found 10008
05-09 10:12:52.680  1044  1182 I Gmail   : getAccountsCursor
05-09 10:12:52.685  1151  1151 V GLSActivity: AuthDelegateWrapperCreated with selected intent: Intent { cmp=com.google.android.gms/.auth.DefaultAuthDelegateService }
05-09 10:12:52.690  1044  1435 E Gmail   : Error finding the version of the Email provider.....
05-09 10:12:52.690  1044  1435 E Gmail   : android.content.pm.PackageManager$NameNotFoundException: com.google.android.email
05-09 10:12:52.690  1044  1435 E Gmail   : 	at android.app.ApplicationPackageManager.getPackageInfo(ApplicationPackageManager.java:137)
05-09 10:12:52.690  1044  1435 E Gmail   : 	at com.google.android.gm.EmailMigrationService.a(SourceFile:1280)
05-09 10:12:52.690  1044  1435 E Gmail   : 	at com.google.android.gm.EmailMigrationService.onHandleIntent(SourceFile:219)
05-09 10:12:52.690  1044  1435 E Gmail   : 	at android.app.IntentService$ServiceHandler.handleMessage(IntentService.java:66)
05-09 10:12:52.690  1044  1435 E Gmail   : 	at android.os.Handler.dispatchMessage(Handler.java:102)
05-09 10:12:52.690  1044  1435 E Gmail   : 	at android.os.Looper.loop(Looper.java:148)
05-09 10:12:52.690  1044  1435 E Gmail   : 	at android.os.HandlerThread.run(HandlerThread.java:61)
05-09 10:12:52.691  1044  1435 W EmailMigration: We do not support migrating this version of the Email provider.
05-09 10:12:52.713  1315  1322 I art     : Background sticky concurrent mark sweep GC freed 21806(3MB) AllocSpace objects, 1(24KB) LOS objects, 15% free, 11MB/13MB, paused 11.816ms total 209.824ms
05-09 10:12:52.739   529   564 D GpsLocationProvider: GPS configuration:
05-09 10:12:52.739   529   564 D GpsLocationProvider:  #Thu May 09 10:12:52 GMT+01:00 2019
05-09 10:12:52.739   529   564 D GpsLocationProvider: XTRA_SERVER_2=http\://gllto2.glpals.com/7day/v3/latest/lto2.dat
05-09 10:12:52.739   529   564 D GpsLocationProvider: SUPL_VER=0x20000
05-09 10:12:52.739   529   564 D GpsLocationProvider: SUPL_HOST=supl.google.com
05-09 10:12:52.739   529   564 D GpsLocationProvider: NTP_SERVER=pool.ntp.org
05-09 10:12:52.739   529   564 D GpsLocationProvider: XTRA_SERVER_1=http\://gllto1.glpals.com/7day/v3/latest/lto2.dat
05-09 10:12:52.739   529   564 D GpsLocationProvider: SUPL_PORT=7275
05-09 10:12:52.739   529   564 D GpsLocationProvider: SUPL_MODE=1
05-09 10:12:52.739   529   564 D libgps  : configuration_update: Waiting for IPC connection...
05-09 10:12:52.773  1151  1151 V GLSActivity: AuthDelegateWrapperCreated with selected intent: Intent { cmp=com.google.android.gms/.auth.DefaultAuthDelegateService }
05-09 10:12:52.781  1234  1341 I Keyboard.Facilitator.MainLanguageModelLoader: loadStaticLm() : Loading File = /system/app/LatinImeGoogle/LatinImeGoogle.apk (offset=3132360, length=4014912) with up to date LoudsLmContentVersion = 20150512
05-09 10:12:52.783  1234  1341 I Keyboard.Facilitator.DynamicLanguageModelLoader: run()
05-09 10:12:52.784  1234  1341 I Keyboard.Facilitator.DynamicLanguageModelLoader: run() : Loading LM = contacts
05-09 10:12:52.791  1234  1341 I Keyboard.Facilitator.DynamicLanguageModelLoader: run() : Missing File = Contacts.dict
05-09 10:12:52.792  1234  1341 I Keyboard.Facilitator.DynamicLanguageModelLoader: run() : Loading LM = history
05-09 10:12:52.796  1234  1341 I Keyboard.Facilitator.DynamicLanguageModelLoader: run() : Loaded File = UserHistory.en_US.dict
05-09 10:12:52.796  1234  1341 I Keyboard.Facilitator.DynamicLanguageModelLoader: run() : Loading LM = user
05-09 10:12:52.832  1234  1341 I Keyboard.Facilitator.DynamicLanguageModelLoader: run() : Missing File = Personal.en_US.dict
05-09 10:12:52.832  1234  1341 I Keyboard.Facilitator.PersonalDictionaryLoader: run() : Loading Personal Dictionary
05-09 10:12:52.832  1234  1341 I Keyboard.Personal: open()
05-09 10:12:52.832  1234  1341 I Keyboard.Personal: loadPersonalDictionary() : Start Loading
05-09 10:12:52.850  1044  1433 I Gmail   : getAccountsCursor
05-09 10:12:52.859  1151  1151 V GLSActivity: AuthDelegateWrapperCreated with selected intent: Intent { cmp=com.google.android.gms/.auth.DefaultAuthDelegateService }
05-09 10:12:52.895  1234  1341 I Keyboard.Personal: loadPersonalDictionary() : Empty
05-09 10:12:52.895  1234  1341 I Keyboard.Personal: loadPersonalDictionary() : Loaded 0 words and 0 shortcuts
05-09 10:12:52.905  1234  1341 I Keyboard.Facilitator.Delight2FileSweeper: run()
05-09 10:12:52.905  1234  1341 I Keyboard.Facilitator.RecurringTaskScheduler: run()
05-09 10:12:52.909  1315  1315 W LocationOracleImpl: Best location was null
05-09 10:12:52.909  1234  1341 I StatsUtilsManager: startPeriodStatsRecorder() : Success
05-09 10:12:52.917  1315  1315 I VS.Container: create_recognizer
05-09 10:12:52.917  1234  1341 I PeriodicStatsRecorder: shouldRecordStats() = Too Soon
05-09 10:12:53.017  1315  1447 I MicroRecognitionRnrImpl: Starting detection.
05-09 10:12:53.021  1315  1448 I MicrophoneInputStream: mic_starting com.google.android.apps.gsa.speech.audio.x@e06b1d0
05-09 10:12:53.022   169   666 D PermissionCache: checking android.permission.CAPTURE_AUDIO_HOTWORD for uid=10024 => granted (750 us)
05-09 10:12:53.030   169   637 I SoundTriggerHwService::Module: void android::SoundTriggerHwService::Module::onCallbackEvent(const android::sp<android::SoundTriggerHwService::CallbackEvent>&) mClient == 0
05-09 10:12:53.039   169  1451 I AudioFlinger: AudioFlinger's thread 0xab519a00 ready to run
05-09 10:12:53.040  1315  1448 I MicrophoneInputStream: mic_started com.google.android.apps.gsa.speech.audio.x@e06b1d0
05-09 10:12:53.052   529   951 I ActivityManager: Start proc 1452:com.google.android.gms/u0a8 for service com.google.android.gms/.icing.service.IndexService
05-09 10:12:53.083   529  1164 W ActivityManager: Unable to start service Intent { cmp=com.google.android.gm/com.android.email.service.AttachmentService } U=0: not found
05-09 10:12:53.125  1452  1452 W System  : ClassLoader referenced unknown path: /system/priv-app/PrebuiltGmsCore/lib/arm64
05-09 10:12:53.141  1452  1452 I MultiDex: VM with version 2.1.0 has multidex support
05-09 10:12:53.141  1452  1452 I MultiDex: install
05-09 10:12:53.141  1452  1452 I MultiDex: VM has multidex support, MultiDex support library is disabled.
05-09 10:12:53.156  1252  1355 E NfcNciHal: Downloading patch version: 3.69 (previous version in NVM: 3.110)...
05-09 10:12:53.175  1252  1355 E NfcNciHal: Patch authentication failed
05-09 10:12:53.175  1252  1355 E NfcNciHal: postDownloadPatchram: Patch download failed
05-09 10:12:53.180  1044  1463 I Gmail   : Observing account changes for notifications
05-09 10:12:53.192  1000  1000 W GAV2    : Thread[main,5,main]: Need to call initialize() and be in fallback mode to start dispatch.
05-09 10:12:53.208  1000  1000 I Exchange: EasService.onCreate
05-09 10:12:53.215  1000  1470 I Exchange: RestartPingTask
05-09 10:12:53.224  1000  1000 I Exchange: RestartPingsTask did not start any pings.
05-09 10:12:53.225  1000  1000 I Exchange: PSS stopIfIdle
05-09 10:12:53.225  1000  1000 I Exchange: PSS has no active accounts; stopping service.
05-09 10:12:53.235  1000  1000 I Exchange: onDestroy
05-09 10:12:53.238  1315  1315 I HotwordWorkerImpl: onReady
05-09 10:12:53.251   529   655 I ActivityManager: Start proc 1473:com.google.android.gms.persistent/u0a8 for broadcast com.google.android.gms/com.google.android.location.internal.NlpNetworkProviderSettingsUpdateReceiver
05-09 10:12:53.321  1473  1473 W System  : ClassLoader referenced unknown path: /system/priv-app/PrebuiltGmsCore/lib/arm64
05-09 10:12:53.341  1473  1473 I MultiDex: VM with version 2.1.0 has multidex support
05-09 10:12:53.341  1473  1473 I MultiDex: install
05-09 10:12:53.341  1473  1473 I MultiDex: VM has multidex support, MultiDex support library is disabled.
05-09 10:12:53.341  1452  1452 V JNIHelp : Registering com/google/android/gms/org/conscrypt/NativeCrypto's 241 native methods...
05-09 10:12:53.349   529   539 I art     : Background partial concurrent mark sweep GC freed 13189(938KB) AllocSpace objects, 2(40KB) LOS objects, 33% free, 16MB/24MB, paused 5.181ms total 99.101ms
05-09 10:12:53.376  1452  1452 I ProviderInstaller: Installed default security provider GmsCore_OpenSSL
05-09 10:12:53.418  1473  1473 V JNIHelp : Registering com/google/android/gms/org/conscrypt/NativeCrypto's 241 native methods...
05-09 10:12:53.436  1452  1491 D NativeLibraryUtils: Install completed successfully. count=17 extracted=0
05-09 10:12:53.470  1473  1473 I ProviderInstaller: Installed default security provider GmsCore_OpenSSL
05-09 10:12:53.513   529   529 V BackupManagerService: Connected to transport ComponentInfo{com.google.android.gms/com.google.android.gms.backup.BackupTransportService}
05-09 10:12:53.515   529   529 V BackupManagerService: Registering transport com.google.android.gms/.backup.BackupTransportService::com.google.android.gms/.backup.BackupTransportService = com.android.internal.backup.IBackupTransport$Stub$Proxy@ea8282e
05-09 10:12:53.540  1473  1494 D NativeLibraryUtils: Install completed successfully. count=17 extracted=0
05-09 10:12:53.636  1452  1493 I Icing   : Storage manager: low false usage 1.66MB avail 7.29GB capacity 9.40GB
05-09 10:12:53.644  1473  1473 D GeofencerStateMachine: Creating GeofencerStateMachine
05-09 10:12:53.653  1452  1493 W Icing   : Received bad json for section weights override -- ignoring.
05-09 10:12:53.654  1452  1493 W Icing   : Received bad json for corpus scoring config -- ignoring.
05-09 10:12:53.654  1452  1493 W Icing   : Received bad json for corpus context scoring override -- ignoring.
05-09 10:12:53.654  1452  1493 W Icing   : Received bad json for section weights override -- ignoring.
05-09 10:12:53.654  1452  1493 W Icing   : Received bad json for corpus scoring config -- ignoring.
05-09 10:12:53.654  1452  1493 W Icing   : Received bad json for corpus context scoring override -- ignoring.
05-09 10:12:53.657   529   659 D WifiService: New client listening to asynchronous messages
05-09 10:12:53.757  1452  1493 E Icing   : Loading extension /data/data/com.google.android.gms/files/libAppDataSearchExt_arm64_v8a.so failed
05-09 10:12:53.784   529  1170 I ActivityManager: Start proc 1516:com.google.android.gms.wearable/u0a8 for service com.google.android.gms/.wearable.service.WearableService
05-09 10:12:53.832  1473  1473 W GmsBackupAccountManager: Backup account not found in gmscore.
05-09 10:12:53.858  1473  1473 V GeofencerHelper: Initializing geofence's system cache.
05-09 10:12:53.870  1516  1516 W System  : ClassLoader referenced unknown path: /system/priv-app/PrebuiltGmsCore/lib/arm64
05-09 10:12:53.883  1473  1513 D GeofenceStateCache: Recovered 0 geofences.
05-09 10:12:53.896   529   579 D BluetoothManagerService: Added callback: android.bluetooth.IBluetoothManagerCallback$Stub$Proxy@44b1ef9:true
05-09 10:12:53.903  1516  1516 I MultiDex: VM with version 2.1.0 has multidex support
05-09 10:12:53.903  1516  1516 I MultiDex: install
05-09 10:12:53.903  1516  1516 I MultiDex: VM has multidex support, MultiDex support library is disabled.
05-09 10:12:53.984  1473  1473 I GCoreUlr: Starting service, intent=Intent { act=com.google.android.location.reporting.ACTION_UPDATE_WORLD cmp=com.google.android.gms/com.google.android.location.reporting.service.DispatchingService (has extras) }, extras=Bundle[{receiverAction=android.location.PROVIDERS_CHANGED}]
05-09 10:12:53.996   529   548 I ActivityManager: Start proc 1545:com.google.android.apps.maps/u0a58 for broadcast com.google.android.apps.maps/com.google.android.apps.gmm.iamhere.ble.StartBleServiceReceiver
05-09 10:12:54.000  1516  1516 V JNIHelp : Registering com/google/android/gms/org/conscrypt/NativeCrypto's 241 native methods...
05-09 10:12:54.015  1473  1473 I GCoreUlr: DispatchingService.onCreate()
