05-09 09:44:10.782   538   538 W PackageManager: Permission com.google.android.providers.talk.permission.READ_ONLY from package com.google.android.gsf in an unknown group android.permission-group.MESSAGES
05-09 09:44:10.782   538   538 W PackageManager: Permission com.google.android.providers.talk.permission.WRITE_ONLY from package com.google.android.gsf in an unknown group android.permission-group.MESSAGES
05-09 09:44:10.782   538   538 W PackageManager: Permission com.google.android.gtalkservice.permission.GTALK_SERVICE from package com.google.android.gsf in an unknown group android.permission-group.MESSAGES
05-09 09:44:10.782   538   538 W PackageManager: Permission com.google.android.gtalkservice.permission.SEND_HEARTBEAT from package com.google.android.gsf in an unknown group android.permission-group.NETWORK
05-09 09:44:10.782   538   538 W PackageManager: Permission com.google.android.permission.BROADCAST_DATA_MESSAGE from package com.google.android.gsf in an unknown group android.permission-group.NETWORK
05-09 09:44:10.782   538   538 W PackageManager: Permission com.google.android.c2dm.permission.SEND from package com.google.android.gsf in an unknown group android.permission-group.NETWORK
05-09 09:44:10.782   538   538 W PackageManager: Permission com.google.android.c2dm.permission.RECEIVE from package com.google.android.gsf in an unknown group android.permission-group.NETWORK
05-09 09:44:10.782   538   538 W PackageManager: Permission com.google.android.xmpp.permission.BROADCAST from package com.google.android.gsf in an unknown group android.permission-group.NETWORK
05-09 09:44:10.782   538   538 W PackageManager: Permission com.google.android.xmpp.permission.SEND_RECEIVE from package com.google.android.gsf in an unknown group android.permission-group.NETWORK
05-09 09:44:10.782   538   538 W PackageManager: Permission com.google.android.xmpp.permission.XMPP_ENDPOINT_BROADCAST from package com.google.android.gsf in an unknown group android.permission-group.NETWORK
05-09 09:44:10.782   538   538 W PackageManager: Permission com.google.android.xmpp.permission.USE_XMPP_ENDPOINT from package com.google.android.gsf in an unknown group android.permission-group.NETWORK
05-09 09:44:10.782   538   538 W PackageManager: Permission com.google.android.providers.gsf.permission.READ_GSERVICES from package com.google.android.gsf in an unknown group android.permission-group.ACCOUNTS
05-09 09:44:10.909   538   538 W PackageManager: Permission com.android.vending.CHECK_LICENSE from package com.android.vending in an unknown group android.permission-group.NETWORK
05-09 09:44:10.909   538   538 W PackageManager: Permission com.android.vending.BILLING from package com.android.vending in an unknown group android.permission-group.NETWORK
05-09 09:44:11.007   538   538 W PackageParser: Ignoring duplicate uses-permissions/uses-permissions-sdk-m: android.permission.SYSTEM_ALERT_WINDOW in package: com.google.android.gms at: Binary XML file line #77
05-09 09:44:11.008   538   538 W PackageParser: Ignoring duplicate uses-permissions/uses-permissions-sdk-m: android.permission.SUBSCRIBED_FEEDS_READ in package: com.google.android.gms at: Binary XML file line #90
05-09 09:44:11.008   538   538 W PackageParser: Ignoring duplicate uses-permissions/uses-permissions-sdk-m: android.permission.SUBSCRIBED_FEEDS_WRITE in package: com.google.android.gms at: Binary XML file line #91
05-09 09:44:11.008   538   538 W PackageParser: Ignoring duplicate uses-permissions/uses-permissions-sdk-m: android.permission.WRITE_SETTINGS in package: com.google.android.gms at: Binary XML file line #134
05-09 09:44:11.008   538   538 W PackageParser: Ignoring duplicate uses-permissions/uses-permissions-sdk-m: android.permission.SYSTEM_ALERT_WINDOW in package: com.google.android.gms at: Binary XML file line #160
05-09 09:44:11.008   538   538 W PackageParser: Ignoring duplicate uses-permissions/uses-permissions-sdk-m: android.permission.READ_SYNC_SETTINGS in package: com.google.android.gms at: Binary XML file line #164
05-09 09:44:11.008   538   538 W PackageParser: Ignoring duplicate uses-permissions/uses-permissions-sdk-m: android.permission.WRITE_SYNC_SETTINGS in package: com.google.android.gms at: Binary XML file line #165
05-09 09:44:11.008   538   538 W PackageParser: Ignoring duplicate uses-permissions/uses-permissions-sdk-m: android.permission.VIBRATE in package: com.google.android.gms at: Binary XML file line #167
05-09 09:44:11.008   538   538 W PackageParser: Ignoring duplicate uses-permissions/uses-permissions-sdk-m: android.permission.VIBRATE in package: com.google.android.gms at: Binary XML file line #209
05-09 09:44:11.008   538   538 W PackageParser: Ignoring duplicate uses-permissions/uses-permissions-sdk-m: android.permission.ACCESS_FINE_LOCATION in package: com.google.android.gms at: Binary XML file line #224
05-09 09:44:11.009   538   538 W PackageParser: Ignoring duplicate uses-permissions/uses-permissions-sdk-m: android.permission.OBSERVE_GRANT_REVOKE_PERMISSIONS in package: com.google.android.gms at: Binary XML file line #230
05-09 09:44:11.009   538   538 W PackageParser: Ignoring duplicate uses-permissions/uses-permissions-sdk-m: android.permission.READ_CONTACTS in package: com.google.android.gms at: Binary XML file line #268
05-09 09:44:11.009   538   538 W PackageParser: Ignoring duplicate uses-permissions/uses-permissions-sdk-m: android.permission.WRITE_SETTINGS in package: com.google.android.gms at: Binary XML file line #300
05-09 09:44:11.009   538   538 W PackageParser: Ignoring duplicate uses-permissions/uses-permissions-sdk-m: android.permission.CAPTURE_AUDIO_OUTPUT in package: com.google.android.gms at: Binary XML file line #315
05-09 09:44:11.009   538   538 W PackageParser: Ignoring duplicate uses-permissions/uses-permissions-sdk-m: android.permission.CAPTURE_VIDEO_OUTPUT in package: com.google.android.gms at: Binary XML file line #316
05-09 09:44:11.092   538   538 W PackageManager: Permission com.google.android.gms.permission.ACTIVITY_RECOGNITION from package com.google.android.gms in an unknown group android.permission-group.PERSONAL_INFO
05-09 09:44:11.166   538   538 W PackageParser: Ignoring duplicate uses-permissions/uses-permissions-sdk-m: android.permission.USE_CREDENTIALS in package: com.android.settings at: Binary XML file line #55
05-09 09:44:11.166   538   538 W PackageParser: Ignoring duplicate uses-permissions/uses-permissions-sdk-m: android.permission.READ_SYNC_SETTINGS in package: com.android.settings at: Binary XML file line #60
05-09 09:44:11.166   538   538 W PackageParser: Ignoring duplicate uses-permissions/uses-permissions-sdk-m: android.permission.WRITE_SYNC_SETTINGS in package: com.android.settings at: Binary XML file line #61
05-09 09:44:11.223   538   538 W PackageParser: No actions in intent filter at /system/priv-app/SetupWizard/SetupWizard.apk Binary XML file line #184
05-09 09:44:11.248   538   538 W PackageParser: Ignoring duplicate uses-permissions/uses-permissions-sdk-m: android.permission.INSTALL_GRANT_RUNTIME_PERMISSIONS in package: com.android.shell at: Binary XML file line #101
05-09 09:44:11.280   538   538 W PackageParser: Ignoring duplicate uses-permissions/uses-permissions-sdk-m: android.permission.CONFIGURE_WIFI_DISPLAY in package: com.android.systemui at: Binary XML file line #120
05-09 09:44:11.436   538   538 W PackageManager: Permission com.google.android.launcher.permission.READ_SETTINGS from package com.google.android.googlequicksearchbox in an unknown group android.permission-group.SYSTEM_TOOLS
05-09 09:44:11.436   538   538 W PackageManager: Permission com.google.android.launcher.permission.WRITE_SETTINGS from package com.google.android.googlequicksearchbox in an unknown group android.permission-group.SYSTEM_TOOLS
05-09 09:44:11.436   538   538 W PackageManager: Permission com.android.launcher.permission.INSTALL_SHORTCUT from package com.google.android.googlequicksearchbox in an unknown group android.permission-group.SYSTEM_TOOLS
05-09 09:44:11.466   538   538 W PackageParser: Ignoring duplicate uses-permissions/uses-permissions-sdk-m: android.permission.READ_CONTACTS in package: com.android.bluetooth at: Binary XML file line #58
05-09 09:44:11.467   538   538 W PackageParser: No actions in intent filter at /system/app/Bluetooth/Bluetooth.apk Binary XML file line #216
05-09 09:44:11.644   538   538 W PackageManager: Permission com.android.chrome.permission.DEBUG from package com.android.chrome in an unknown group android.permission-group.DEVELOPMENT_TOOLS
05-09 09:44:11.671   167   167 I ServiceManager: Waiting for service media.camera.proxy...
05-09 09:44:11.761   538   538 W PackageManager: Permission com.google.android.apps.docs.permission.READ_MY_DATA from package com.google.android.apps.docs in an unknown group android.permission-group.PERSONAL_INFO
05-09 09:44:11.761   538   538 W PackageManager: Permission com.google.android.apps.docs.permission.SYNC_STATUS from package com.google.android.apps.docs in an unknown group android.permission-group.PERSONAL_INFO
05-09 09:44:11.850   538   538 W PackageManager: Permission com.google.android.apps.docs.editors.kix.permission.READ_MY_DATA from package com.google.android.apps.docs.editors.docs in an unknown group android.permission-group.PERSONAL_INFO
05-09 09:44:11.850   538   538 W PackageManager: Permission com.google.android.apps.docs.editors.kix.permission.SYNC_STATUS from package com.google.android.apps.docs.editors.docs in an unknown group android.permission-group.PERSONAL_INFO
05-09 09:44:11.939   538   538 W PackageManager: Permission com.google.android.apps.docs.editors.trix.permission.READ_MY_DATA from package com.google.android.apps.docs.editors.sheets in an unknown group android.permission-group.PERSONAL_INFO
05-09 09:44:11.939   538   538 W PackageManager: Permission com.google.android.apps.docs.editors.trix.permission.SYNC_STATUS from package com.google.android.apps.docs.editors.sheets in an unknown group android.permission-group.PERSONAL_INFO
05-09 09:44:12.035   538   538 W PackageManager: Permission com.google.android.apps.docs.editors.punch.permission.READ_MY_DATA from package com.google.android.apps.docs.editors.slides in an unknown group android.permission-group.PERSONAL_INFO
05-09 09:44:12.035   538   538 W PackageManager: Permission com.google.android.apps.docs.editors.punch.permission.SYNC_STATUS from package com.google.android.apps.docs.editors.slides in an unknown group android.permission-group.PERSONAL_INFO
05-09 09:44:12.077   538   538 W PackageParser: No actions in intent filter at /system/app/FitnessPrebuilt/FitnessPrebuilt.apk Binary XML file line #202
05-09 09:44:12.185   538   538 W PackageParser: Ignoring duplicate uses-permissions/uses-permissions-sdk-m: android.permission.ACCESS_NETWORK_STATE in package: com.google.android.inputmethod.japanese at: Binary XML file line #26
05-09 09:44:12.185   538   538 W PackageParser: Ignoring duplicate uses-permissions/uses-permissions-sdk-m: android.permission.INTERNET in package: com.google.android.inputmethod.japanese at: Binary XML file line #27
05-09 09:44:12.321   538   538 W PackageParser: Ignoring duplicate uses-permissions/uses-permissions-sdk-m: android.permission.INTERNET in package: com.google.android.talk at: Binary XML file line #161
05-09 09:44:12.321   538   538 W PackageParser: Ignoring duplicate uses-permissions/uses-permissions-sdk-m: android.permission.USE_CREDENTIALS in package: com.google.android.talk at: Binary XML file line #164
05-09 09:44:12.321   538   538 W PackageParser: Ignoring duplicate uses-permissions/uses-permissions-sdk-m: android.permission.ACCESS_NETWORK_STATE in package: com.google.android.talk at: Binary XML file line #166
05-09 09:44:12.480   538   538 W PackageParser: Ignoring duplicate uses-permissions/uses-permissions-sdk-m: android.permission.WAKE_LOCK in package: com.google.android.apps.maps at: Binary XML file line #95
05-09 09:44:12.663   538   538 W PackageParser: Ignoring duplicate uses-permissions/uses-permissions-sdk-m: android.permission.CHANGE_WIFI_STATE in package: com.android.nfc at: Binary XML file line #47
05-09 09:44:12.663   538   538 W PackageParser: Ignoring duplicate uses-permissions/uses-permissions-sdk-m: android.permission.ACCESS_WIFI_STATE in package: com.android.nfc at: Binary XML file line #48
05-09 09:44:12.672   167   167 I AudioPolicyService: AudioPolicyService CSTOR in new mode
05-09 09:44:12.673   167   167 I APM::ConfigParsingUtils: loadAudioPolicyConfig() loaded /system/etc/audio_policy.conf
05-09 09:44:12.682   167   167 D audio_hw_primary: adev_open: enter
05-09 09:44:12.704   167   167 D HTC Acoustic: spk_reverse LINE=687 result = 1,1
05-09 09:44:12.706   167   167 D HTC Acoustic: open /system/etc/RT5506 success.
05-09 09:44:12.706   167   167 D HTC Acoustic: file size 6415
05-09 09:44:12.707   167   630 D audio_hw_primary: dummybuf_thread: enter
05-09 09:44:12.708   167   630 D audio_hw_primary: pcm_open: card=0, id=9
05-09 09:44:12.744   538   538 W PackageParser: Problem in package /system/app/Photos/Photos.apk:
05-09 09:44:12.744   538   538 W PackageParser: Unknown element under <activity>: category at /system/app/Photos/Photos.apk Binary XML file line #649
05-09 09:44:12.761   167   167 D audio_hw_primary: dummybuf_thread_close: enter
05-09 09:44:12.769   538   538 W PackageManager: Permission com.google.android.apps.photos.permission.GOOGLE_PHOTOS_PROVIDER from package com.google.android.apps.photos in an unknown group android.permission-group.PERSONAL_INFO
05-09 09:44:12.789   167   633 D audio_hw_primary: dummybuf_thread: enter
05-09 09:44:12.789   167   633 D audio_hw_primary: pcm_open: card=0, id=9
05-09 09:44:12.816   167   167 I AudioFlinger: loadHwModule() Loaded primary audio interface from NVIDIA Tegra Audio HAL (audio) handle 1
05-09 09:44:12.816   167   634 D audio_hw_primary: tfa9895_config_thread: enter
05-09 09:44:12.816   167   634 D HTC Acoustic: set_amp_mode: entering
05-09 09:44:12.817   167   167 I AudioFlinger: openOutput(), module 1 Device 2, SamplingRate 48000, Format 0x000001, Channels 3, flags 2
05-09 09:44:12.817   167   634 D HTC Acoustic: found left tfa98xx
05-09 09:44:12.817   167   167 I AudioFlinger: AudioStreamOut::open(), mHalFormatIsLinearPcm = 1
05-09 09:44:12.817   167   634 D HTC Acoustic: enable dsp mode: 0 on left=0 return 0
05-09 09:44:12.817   167   167 I AudioFlinger: HAL output buffer size 128 frames, normal sink buffer size 1024 frames
05-09 09:44:12.817   167   634 D HTC Acoustic: handle=0 result = 1 err=0 I2C=0x68
05-09 09:44:12.825   167   634 D HTC Acoustic: Tfa98xx_Init
05-09 09:44:12.834   167   634 D HTC Acoustic: Waiting for IC to start up
05-09 09:44:12.837   167   634 D HTC Acoustic: cold_startup TFA98XX_STATUSREG_PLLS = 0x805f ++
05-09 09:44:12.837   167   634 D HTC Acoustic: cold_startup TFA98XX_STATUSREG_PLLS = 0x805f,0 --
05-09 09:44:12.840   167   634 D HTC Acoustic: @@## line 1152: Status = 0x885f, mtp:0x3, systcl:0x24c
05-09 09:44:12.841   167   634 D HTC Acoustic: cold_startup TFA98XX_STATUS = 0x885f, 0
05-09 09:44:12.857   167   167 I BufferProvider: found effect "Downmixer" from Fraunhofer IIS
05-09 09:44:12.857   167   167 E MonoPipe: Failed to fetch local time frequency when constructing a MonoPipe (res = -32).  getNextWriteTimestamp calls will be non-functional
05-09 09:44:12.858   167   167 I AudioFlinger: Using module 1 has the primary audio interface
05-09 09:44:12.858   167   636 I AudioFlinger: AudioFlinger's thread 0xab03a098 ready to run
05-09 09:44:12.858   167   636 D audio_hw_primary: out_set_parameters: enter: usecase(0: playback) kvpairs: routing=2 out->devices(2) adev->mode(0)
05-09 09:44:12.858   167   636 E AudioFlinger: no wake lock to update!
05-09 09:44:12.861   167   637 I AudioFlinger: AudioFlinger's thread 0xab0be190 ready to run
05-09 09:44:12.864   167   167 I bt_a2dp_hw: adev_open:  adev_open in A2dp_hw module
05-09 09:44:12.864   167   167 I AudioFlinger: loadHwModule() Loaded a2dp audio interface from A2DP Audio HW HAL (audio) handle 5
05-09 09:44:12.869   167   167 I AudioFlinger: loadHwModule() Loaded usb audio interface from USB audio HW HAL (audio) handle 6
05-09 09:44:12.871   167   167 I r_submix: adev_open(name=audio_hw_if)
05-09 09:44:12.871   167   167 I r_submix: adev_init_check()
05-09 09:44:12.871   167   167 I AudioFlinger: loadHwModule() Loaded r_submix audio interface from Wifi Display audio HAL (audio) handle 7
05-09 09:44:12.871   167   167 D r_submix: adev_open_input_stream(addr=0)
05-09 09:44:12.872   167   167 D r_submix: submix_audio_device_create_pipe_l(addr=0, idx=9)
05-09 09:44:12.872   167   167 D r_submix:   now using address 0 for route 9
05-09 09:44:12.872   167   638 I AudioFlinger: AudioFlinger's thread 0xab0ffde0 ready to run
05-09 09:44:12.872   167   167 D r_submix: adev_close_input_stream()
05-09 09:44:12.872   167   167 D r_submix: submix_audio_device_release_pipe_l(idx=9) addr=0
05-09 09:44:12.873   167   167 D r_submix: submix_audio_device_destroy_pipe_l(): pipe destroyed
05-09 09:44:12.876   167   167 I sound_trigger_hw_flounder: stdev_get_properties
05-09 09:44:12.876   167   167 I SoundTriggerHwService: loaded default module Volantis OK Google , handle 1
05-09 09:44:12.876   167   167 I RadioService: RadioService
05-09 09:44:12.876   167   167 I RadioService: onFirstRef
05-09 09:44:12.877   167   167 E RadioService: couldn't load radio module radio.primary (No such file or directory)
05-09 09:44:12.912   167   634 D HTC Acoustic: dsp_patch vendor/etc/tfa/tfa9895.patch LINE=590 0 OK
05-09 09:44:12.912   167   634 D HTC Acoustic: set_otc TFA98XX_STATUSREG_PLLS = 0x0 ++
05-09 09:44:12.917   538   538 W PackageManager: Permission com.google.android.apps.photos.permission.GOOGLE_PHOTOS from package com.google.android.apps.plus in an unknown group android.permission-group.PERSONAL_INFO
05-09 09:44:12.917   538   538 W PackageManager: Permission com.google.android.apps.plus.permission.PICASA_STORE from package com.google.android.apps.plus in an unknown group android.permission-group.PERSONAL_INFO
05-09 09:44:12.923   167   634 D HTC Acoustic: set_otc TFA98XX_STATUSREG_PLLS = 0x885f,0 --
05-09 09:44:12.923   167   634 D HTC Acoustic: DSP already calibrated.Calibration results loaded from MTP.
05-09 09:44:13.025   538   538 W PackageManager: Permission com.google.android.gm.email.permission.READ_ATTACHMENT from package com.google.android.gm in an unknown group android.permission-group.MESSAGES
05-09 09:44:13.025   538   538 W PackageManager: Permission com.google.android.gm.permission.READ_GMAIL from package com.google.android.gm in an unknown group android.permission-group.MESSAGES
05-09 09:44:13.025   538   538 W PackageManager: Permission com.google.android.gm.permission.WRITE_GMAIL from package com.google.android.gm in an unknown group android.permission-group.MESSAGES
05-09 09:44:13.025   538   538 W PackageManager: Permission com.google.android.gm.permission.AUTO_SEND from package com.google.android.gm in an unknown group android.permission-group.MESSAGES
05-09 09:44:13.025   538   538 W PackageManager: Permission com.google.android.gm.permission.READ_CONTENT_PROVIDER from package com.google.android.gm in an unknown group android.permission-group.MESSAGES
05-09 09:44:13.113   167   634 D HTC Acoustic: wait_calibration,mtp 3
05-09 09:44:13.125   538   538 W PackageParser: Ignoring duplicate uses-permissions/uses-permissions-sdk-m: android.permission.READ_PHONE_STATE in package: com.google.android.videos at: Binary XML file line #7
05-09 09:44:13.163   167   634 D HTC Acoustic: wait_calibration,tries 1
05-09 09:44:13.168   167   634 D HTC Acoustic: Handle1 Calibration R is 6.871 ohm
05-09 09:44:13.168   167   634 E HTC Acoustic: Re-calibrate(0) 0 times
05-09 09:44:13.168   167   634 D HTC Acoustic: enable dsp mode: 1 on left=0 return 0
05-09 09:44:13.168   167   634 D HTC Acoustic: enable dsp mode: 0 on left=1 return 0
05-09 09:44:13.169   167   634 D HTC Acoustic: handle2=0 result = 1 err=0 I2C_2=0x6a
05-09 09:44:13.173   167   634 D HTC Acoustic: Tfa98xx_Init
05-09 09:44:13.181   167   634 D HTC Acoustic: Waiting for IC to start up
05-09 09:44:13.182   167   634 D HTC Acoustic: cold_startup TFA98XX_STATUSREG_PLLS = 0x805f ++
05-09 09:44:13.182   167   634 D HTC Acoustic: cold_startup TFA98XX_STATUSREG_PLLS = 0x805f,0 --
05-09 09:44:13.184   167   634 D HTC Acoustic: @@## line 1152: Status = 0x885f, mtp:0x3, systcl:0x24c
05-09 09:44:13.184   167   634 D HTC Acoustic: cold_startup TFA98XX_STATUS = 0x885f, 0
05-09 09:44:13.252   167   634 D HTC Acoustic: dsp_patch vendor/etc/tfa/tfa9895.patch LINE=590 0 OK
05-09 09:44:13.252   167   634 D HTC Acoustic: set_otc TFA98XX_STATUSREG_PLLS = 0x0 ++
05-09 09:44:13.263   167   634 D HTC Acoustic: set_otc TFA98XX_STATUSREG_PLLS = 0x885f,0 --
05-09 09:44:13.264   167   634 D HTC Acoustic: DSP already calibrated.Calibration results loaded from MTP.
05-09 09:44:13.285   538   538 D PackageManager: No files in app dir /oem/app
05-09 09:44:13.309   538   538 I SELinux : SELinux: Loaded file_contexts contexts from /file_contexts.
05-09 09:44:13.451   167   634 D HTC Acoustic: wait_calibration,mtp 3
05-09 09:44:13.491   538   538 W PackageParser: Ignoring duplicate uses-permissions/uses-permissions-sdk-m: android.permission.ACCESS_COARSE_LOCATION in package: pt.iris.mediaplayer at: Binary XML file line #24
05-09 09:44:13.491   538   538 W PackageParser: Ignoring duplicate uses-permissions/uses-permissions-sdk-m: android.permission.CHANGE_WIFI_STATE in package: pt.iris.mediaplayer at: Binary XML file line #28
05-09 09:44:13.491   538   538 W PackageParser: Ignoring duplicate uses-permissions/uses-permissions-sdk-m: android.permission.CHANGE_WIFI_MULTICAST_STATE in package: pt.iris.mediaplayer at: Binary XML file line #29
05-09 09:44:13.491   538   538 W PackageParser: Ignoring duplicate uses-permissions/uses-permissions-sdk-m: android.permission.ACCESS_FINE_LOCATION in package: pt.iris.mediaplayer at: Binary XML file line #31
05-09 09:44:13.491   538   538 W PackageParser: Ignoring duplicate uses-permissions/uses-permissions-sdk-m: android.permission.ACCESS_COARSE_LOCATION in package: pt.iris.mediaplayer at: Binary XML file line #32
05-09 09:44:13.491   538   538 W PackageParser: Ignoring duplicate uses-permissions/uses-permissions-sdk-m: android.permission.ACCESS_NETWORK_STATE in package: pt.iris.mediaplayer at: Binary XML file line #34
05-09 09:44:13.491   538   538 W PackageParser: Ignoring duplicate uses-permissions/uses-permissions-sdk-m: android.permission.ACCESS_WIFI_STATE in package: pt.iris.mediaplayer at: Binary XML file line #35
05-09 09:44:13.502   167   634 D HTC Acoustic: wait_calibration,tries 1
05-09 09:44:13.507   167   634 D HTC Acoustic: Handle2 Calibration R is 6.178 ohm
05-09 09:44:13.507   167   634 E HTC Acoustic: Re-calibrate(1) 0 times
05-09 09:44:13.508   167   634 D HTC Acoustic: enable dsp mode: 1 on left=1 return 0
05-09 09:44:13.508   167   634 D HTC Acoustic: init tfa done
05-09 09:44:13.519   167   634 D HTC Acoustic: spk_enable LINE=661 result = 1,1
05-09 09:44:13.519   167   634 D HTC Acoustic: switch tfa halmode = 0 device = 2 curr_tfa_mode = -1 mode = 0 devflag 0x0 reload 0 start
05-09 09:44:13.636   167   634 D HTC Acoustic: switch tfa mode = 0 done result = 1
05-09 09:44:13.636   167   634 D HTC Acoustic: Leaving set_amp_mode: OK
05-09 09:44:13.636   167   634 I audio_hw_primary: @@##tfa9895_config_thread Done!! tfa9895_mode_change=0
05-09 09:44:13.636   167   634 D audio_hw_primary: dummybuf_thread_close: enter
05-09 09:44:14.036   538   538 W PackageParser: Unknown element under <manifest>: meta-data at /data/app/pt.up.fc.dcc.hyrax.mandelbrot.demo.debug-1/base.apk Binary XML file line #17
05-09 09:44:14.102   538   538 D PackageManager: No files in app dir /data/app-private
05-09 09:44:14.102   538   538 W PackageManager: Package com.google.android.gms desires unavailable shared library com.google.android.ble; ignoring!
05-09 09:44:14.102   538   538 W PackageManager: Package com.google.android.GoogleCamera desires unavailable shared library com.google.android.gestureservice; ignoring!
05-09 09:44:14.102   538   538 W PackageManager: Package com.google.android.GoogleCamera desires unavailable shared library com.google.android.camera2; ignoring!
05-09 09:44:14.102   538   538 I PackageManager: Adjusting ABI for : com.google.android.gsf.login to arm64-v8a
05-09 09:44:14.104   538   538 I PackageManager: Adjusting ABI for : com.google.android.backuptransport to arm64-v8a
05-09 09:44:14.104   538   538 I PackageManager: Adjusting ABI for : com.google.android.gsf to arm64-v8a
05-09 09:44:14.104   538   538 I PackageManager: Adjusting ABI for : com.nvidia.tegraprofiler.security to arm64-v8a
05-09 09:44:14.104   538   538 I PackageManager: Adjusting ABI for : com.android.server.telecom to arm64-v8a
05-09 09:44:14.105   538   538 I PackageManager: Adjusting ABI for : com.android.providers.settings to arm64-v8a
05-09 09:44:14.105   538   538 I PackageManager: Adjusting ABI for : com.android.settings to arm64-v8a
05-09 09:44:14.105   538   538 I PackageManager: Adjusting ABI for : com.android.location.fused to arm64-v8a
05-09 09:44:14.106   538   538 I PackageManager: Adjusting ABI for : com.android.inputdevices to arm64-v8a
05-09 09:44:14.106   538   538 I PackageManager: Adjusting ABI for : com.android.keychain to arm64-v8a
05-09 09:44:14.109   538   538 I PackageManager: Time to scan packages: 3.77 seconds
05-09 09:44:14.109   538   538 W PackageManager: Not granting permission android.permission.READ_PHONE_STATE to package pt.up.fc.dcc.hyrax.od_launcher because it was previously installed without
05-09 09:44:14.109   538   538 W PackageManager: Not granting permission android.permission.READ_EXTERNAL_STORAGE to package pt.up.fc.dcc.hyrax.od_launcher because it was previously installed without
05-09 09:44:14.109   538   538 W PackageManager: Not granting permission android.permission.WRITE_EXTERNAL_STORAGE to package pt.up.fc.dcc.hyrax.od_launcher because it was previously installed without
05-09 09:44:14.109   538   538 W PackageManager: Unknown permission android.permission.FOREGROUND_SERVICE in package pt.up.fc.dcc.hyrax.od_launcher
05-09 09:44:14.110   538   538 W PackageManager: Not granting permission android.permission.MANAGE_DOCUMENTS to package com.google.android.youtube (protectionLevel=2 flags=0x38583e45)
05-09 09:44:14.110   538   538 W PackageManager: Not granting permission com.google.android.googleapps.permission.GOOGLE_AUTH to package com.google.android.youtube (protectionLevel=2 flags=0x38583e45)
05-09 09:44:14.110   538   538 W PackageManager: Not granting permission com.google.android.googleapps.permission.GOOGLE_AUTH.youtube to package com.google.android.youtube (protectionLevel=2 flags=0x38583e45)
05-09 09:44:14.110   538   538 W PackageManager: Not granting permission com.google.android.googleapps.permission.GOOGLE_AUTH.YouTubeUser to package com.google.android.youtube (protectionLevel=2 flags=0x38583e45)
05-09 09:44:14.110   538   538 W PackageManager: Unknown permission com.google.android.voicesearch.SHORTCUTS_ACCESS in package com.google.android.googlequicksearchbox
05-09 09:44:14.110   538   538 W PackageManager: Unknown permission com.google.android.voicesearch.ACCESS_SETTINGS in package com.google.android.googlequicksearchbox
05-09 09:44:14.110   538   538 W PackageManager: Unknown permission com.android.browser.permission.PRELOAD in package com.google.android.googlequicksearchbox
05-09 09:44:14.110   538   538 W PackageManager: Unknown permission com.google.android.ears.permission.WRITE in package com.google.android.googlequicksearchbox
05-09 09:44:14.110   538   538 W PackageManager: Unknown permission com.google.android.apps.googlevoice.permission.AUTO_SEND in package com.google.android.googlequicksearchbox
05-09 09:44:14.111   538   538 W PackageManager: Unknown permission com.android.chrome.PRERENDER_URL in package com.google.android.googlequicksearchbox
05-09 09:44:14.111   538   538 W PackageManager: Not granting permission com.google.android.googleapps.permission.GOOGLE_AUTH to package com.android.providers.calendar (protectionLevel=2 flags=0x30083e45)
05-09 09:44:14.111   538   538 W PackageManager: Not granting permission com.google.android.googleapps.permission.GOOGLE_AUTH.cl to package com.android.providers.calendar (protectionLevel=2 flags=0x30083e45)
05-09 09:44:14.111   538   538 W PackageManager: Unknown permission android.permission.WRITE_SYNC_STATS in package com.google.android.apps.docs.editors.docs
05-09 09:44:14.111   538   538 W PackageManager: Not granting permission com.google.android.gm.permission.READ_GMAIL to package com.google.android.apps.docs.editors.docs (protectionLevel=2 flags=0x38183e45)
05-09 09:44:14.111   538   538 W PackageManager: Not granting permission com.google.android.googleapps.permission.GOOGLE_AUTH to package com.google.android.apps.docs.editors.docs (protectionLevel=2 flags=0x38183e45)
05-09 09:44:14.111   538   538 W PackageManager: Not granting permission com.google.android.googleapps.permission.GOOGLE_AUTH.OTHER_SERVICES to package com.google.android.apps.docs.editors.docs (protectionLevel=2 flags=0x38183e45)
05-09 09:44:14.111   538   538 W PackageManager: Not granting permission com.google.android.googleapps.permission.GOOGLE_AUTH.ALL_SERVICES to package com.google.android.apps.docs.editors.docs (protectionLevel=2 flags=0x38183e45)
05-09 09:44:14.111   538   538 W PackageManager: Not granting permission com.google.android.googleapps.permission.GOOGLE_AUTH.writely to package com.google.android.apps.docs.editors.docs (protectionLevel=2 flags=0x38183e45)
05-09 09:44:14.111   538   538 W PackageManager: Not granting permission com.google.android.googleapps.permission.GOOGLE_AUTH.wise to package com.google.android.apps.docs.editors.docs (protectionLevel=2 flags=0x38183e45)
05-09 09:44:14.111   538   538 W PackageManager: Not granting permission android.permission.WRITE_SECURE_SETTINGS to package com.google.android.apps.enterprise.dmagent (protectionLevel=50 flags=0x38083e05)
05-09 09:44:14.111   538   538 W PackageManager: Not granting permission android.permission.CONNECTIVITY_INTERNAL to package com.google.android.apps.enterprise.dmagent (protectionLevel=18 flags=0x38083e05)
05-09 09:44:14.111   538   538 W PackageManager: Not granting permission android.permission.MANAGE_USB to package com.google.android.apps.enterprise.dmagent (protectionLevel=18 flags=0x38083e05)
05-09 09:44:14.111   538   538 W PackageManager: Not granting permission android.permission.CHANGE_COMPONENT_ENABLED_STATE to package com.google.android.apps.enterprise.dmagent (protectionLevel=18 flags=0x38083e05)
05-09 09:44:14.111   538   538 W PackageManager: Not granting permission android.permission.MANAGE_CA_CERTIFICATES to package com.google.android.apps.enterprise.dmagent (protectionLevel=18 flags=0x38083e05)
05-09 09:44:14.111   538   538 W PackageManager: Not granting permission android.permission.MANAGE_USERS to package com.google.android.apps.enterprise.dmagent (protectionLevel=18 flags=0x38083e05)
05-09 09:44:14.112   538   538 W PackageManager: Unknown permission android.permission.WRITE_SYNC_STATS in package com.google.android.apps.docs.editors.sheets
05-09 09:44:14.112   538   538 W PackageManager: Not granting permission com.google.android.gm.permission.READ_GMAIL to package com.google.android.apps.docs.editors.sheets (protectionLevel=2 flags=0x38183e45)
05-09 09:44:14.112   538   538 W PackageManager: Not granting permission com.google.android.googleapps.permission.GOOGLE_AUTH to package com.google.android.apps.docs.editors.sheets (protectionLevel=2 flags=0x38183e45)
05-09 09:44:14.112   538   538 W PackageManager: Not granting permission com.google.android.googleapps.permission.GOOGLE_AUTH.OTHER_SERVICES to package com.google.android.apps.docs.editors.sheets (protectionLevel=2 flags=0x38183e45)
05-09 09:44:14.112   538   538 W PackageManager: Not granting permission com.google.android.googleapps.permission.GOOGLE_AUTH.ALL_SERVICES to package com.google.android.apps.docs.editors.sheets (protectionLevel=2 flags=0x38183e45)
05-09 09:44:14.112   538   538 W PackageManager: Not granting permission com.google.android.googleapps.permission.GOOGLE_AUTH.writely to package com.google.android.apps.docs.editors.sheets (protectionLevel=2 flags=0x38183e45)
05-09 09:44:14.112   538   538 W PackageManager: Not granting permission com.google.android.googleapps.permission.GOOGLE_AUTH.wise to package com.google.android.apps.docs.editors.sheets (protectionLevel=2 flags=0x38183e45)
05-09 09:44:14.112   538   538 W PackageManager: Unknown permission android.permission.WRITE_SYNC_STATS in package com.google.android.apps.docs.editors.slides
05-09 09:44:14.112   538   538 W PackageManager: Not granting permission com.google.android.gm.permission.READ_GMAIL to package com.google.android.apps.docs.editors.slides (protectionLevel=2 flags=0x38583e45)
05-09 09:44:14.112   538   538 W PackageManager: Not granting permission com.google.android.googleapps.permission.GOOGLE_AUTH to package com.google.android.apps.docs.editors.slides (protectionLevel=2 flags=0x38583e45)
05-09 09:44:14.112   538   538 W PackageManager: Not granting permission com.google.android.googleapps.permission.GOOGLE_AUTH.OTHER_SERVICES to package com.google.android.apps.docs.editors.slides (protectionLevel=2 flags=0x38583e45)
05-09 09:44:14.112   538   538 W PackageManager: Not granting permission com.google.android.googleapps.permission.GOOGLE_AUTH.ALL_SERVICES to package com.google.android.apps.docs.editors.slides (protectionLevel=2 flags=0x38583e45)
05-09 09:44:14.112   538   538 W PackageManager: Not granting permission com.google.android.googleapps.permission.GOOGLE_AUTH.writely to package com.google.android.apps.docs.editors.slides (protectionLevel=2 flags=0x38583e45)
05-09 09:44:14.112   538   538 W PackageManager: Not granting permission com.google.android.googleapps.permission.GOOGLE_AUTH.wise to package com.google.android.apps.docs.editors.slides (protectionLevel=2 flags=0x38583e45)
05-09 09:44:14.112   538   538 W PackageManager: Not granting permission android.permission.READ_EXTERNAL_STORAGE to package hyrax.dcc.fc.up.pt.hyraxnetworklayerapp because it was previously installed without
05-09 09:44:14.112   538   538 W PackageManager: Not granting permission android.permission.WRITE_EXTERNAL_STORAGE to package hyrax.dcc.fc.up.pt.hyraxnetworklayerapp because it was previously installed without
05-09 09:44:14.112   538   538 W PackageManager: Not granting permission android.permission.ACCESS_COARSE_LOCATION to package hyrax.dcc.fc.up.pt.hyraxnetworklayerapp because it was previously installed without
05-09 09:44:14.112   538   538 W PackageManager: Not granting permission android.permission.ACCESS_FINE_LOCATION to package hyrax.dcc.fc.up.pt.hyraxnetworklayerapp because it was previously installed without
05-09 09:44:14.113   538   538 W PackageManager: Not granting permission android.permission.SEND_DOWNLOAD_COMPLETED_INTENTS to package com.android.vending (protectionLevel=2 flags=0x384abe45)
05-09 09:44:14.113   538   538 W PackageManager: Unknown permission android.permission.SEND_SMS_NO_CONFIRMATION in package com.android.vending
05-09 09:44:14.113   538   538 I PackageManager: Un-granting permission android.permission.INSTALL_GRANT_RUNTIME_PERMISSIONS from package com.android.vending (protectionLevel=770 flags=0x384abe45)
05-09 09:44:14.113   538   538 I PackageManager: Un-granting permission android.permission.GRANT_RUNTIME_PERMISSIONS from package com.android.vending (protectionLevel=770 flags=0x384abe45)
05-09 09:44:14.113   538   538 I PackageManager: Un-granting permission android.permission.REVOKE_RUNTIME_PERMISSIONS from package com.android.vending (protectionLevel=770 flags=0x384abe45)
05-09 09:44:14.113   538   538 W PackageManager: Unknown permission android.permission.NFC_UNLOCK in package com.android.nfc
05-09 09:44:14.113   538   538 W PackageManager: Unknown permission com.android.launcher.permission.READ_SETTINGS in package com.google.android.launcher
05-09 09:44:14.113   538   538 W PackageManager: Unknown permission com.android.launcher.permission.WRITE_SETTINGS in package com.google.android.launcher
05-09 09:44:14.113   538   538 W PackageManager: Unknown permission com.google.android.email.permission.ACCESS_PROVIDER in package com.google.android.gm
05-09 09:44:14.114   538   538 W PackageManager: Unknown permission android.permission.READ_OWNER_DATA in package com.google.android.setupwizard
05-09 09:44:14.114   538   538 W PackageManager: Unknown permission android.permission.WRITE_OWNER_DATA in package com.google.android.setupwizard
05-09 09:44:14.114   538   538 W PackageManager: Not granting permission android.permission.WRITE_EXTERNAL_STORAGE to package pt.up.fc.dcc.hyrax.mandelbrot.demo.debug because it was previously installed without
05-09 09:44:14.114   538   538 W PackageManager: Not granting permission android.permission.READ_EXTERNAL_STORAGE to package pt.up.fc.dcc.hyrax.mandelbrot.demo.debug because it was previously installed without
05-09 09:44:14.114   538   538 W PackageManager: Unknown permission android.permission.WRITE_SYNC_STATS in package com.google.android.apps.docs
05-09 09:44:14.115   538   538 W PackageManager: Unknown permission com.google.android.gallery3d.permission.PICASA_STORE in package com.google.android.apps.plus
05-09 09:44:14.115   538   538 W PackageManager: Unknown permission com.google.android.permission.PROVIDE_BACKGROUND in package com.google.android.apps.fitness
05-09 09:44:14.115   538   538 W PackageManager: Not granting permission android.permission.INTERACT_ACROSS_USERS to package com.google.android.syncadapters.contacts (protectionLevel=50 flags=0x38083e45)
05-09 09:44:14.115   538   538 W PackageManager: Unknown permission com.google.android.gms.permission.CONTACTS_SYNC_DELEGATION in package com.google.android.syncadapters.contacts
05-09 09:44:14.115   538   538 W PackageManager: Unknown permission com.chrome.permission.DEVICE_EXTRAS in package com.android.chrome
05-09 09:44:14.115   538   538 W PackageManager: Unknown permission com.sec.enterprise.knox.MDM_CONTENT_PROVIDER in package com.android.chrome
05-09 09:44:14.115   538   538 I PackageManager: Un-granting permission android.permission.CLEAR_APP_USER_DATA from package com.google.android.packageinstaller (protectionLevel=258 flags=0x38483e45)
05-09 09:44:14.115   538   538 I PackageManager: Un-granting permission android.permission.GRANT_RUNTIME_PERMISSIONS from package com.google.android.packageinstaller (protectionLevel=770 flags=0x38483e45)
05-09 09:44:14.115   538   538 I PackageManager: Un-granting permission android.permission.REVOKE_RUNTIME_PERMISSIONS from package com.google.android.packageinstaller (protectionLevel=770 flags=0x38483e45)
05-09 09:44:14.115   538   538 I PackageManager: Un-granting permission android.permission.INSTALL_GRANT_RUNTIME_PERMISSIONS from package com.google.android.packageinstaller (protectionLevel=770 flags=0x38483e45)
05-09 09:44:14.115   538   538 I PackageManager: Un-granting permission android.permission.INTERACT_ACROSS_USERS_FULL from package com.google.android.packageinstaller (protectionLevel=258 flags=0x38483e45)
05-09 09:44:14.115   538   538 I PackageManager: Un-granting permission android.permission.KILL_UID from package com.google.android.packageinstaller (protectionLevel=258 flags=0x38483e45)
05-09 09:44:14.116   538   538 W PackageManager: Unknown permission com.google.android.wearable.READ_SETTINGS in package com.google.android.gms
05-09 09:44:14.116   538   538 W PackageManager: Not granting permission android.permission.MANAGE_DOCUMENTS to package com.google.android.gms (protectionLevel=2 flags=0xb8483e45)
05-09 09:44:14.116   538   538 W PackageManager: Unknown permission com.android.launcher.permission.PRELOAD_WORKSPACE in package com.google.android.partnersetup
05-09 09:44:14.116   538   538 W PackageManager: Not granting permission com.google.android.googleapps.permission.GOOGLE_AUTH to package com.google.android.videos (protectionLevel=2 flags=0x38583e45)
05-09 09:44:14.116   538   538 W PackageManager: Unknown permission com.google.android.gallery3d.permission.PICASA_STORE in package com.google.android.apps.photos
05-09 09:44:14.116   538   538 W PackageManager: Not granting permission android.permission.CONTROL_KEYGUARD to package com.google.android.gsf.login (protectionLevel=2 flags=0x3048be45)
05-09 09:44:14.116   538   538 W PackageManager: Unknown permission com.android.vending.billing.IBillingAccountService.BIND2 in package com.google.android.gsf.login
05-09 09:44:14.117   538   538 W PackageManager: Unknown permission com.android.launcher.permission.READ_SETTINGS in package com.android.settings
05-09 09:44:14.117   538   538 W PackageManager: Unknown permission com.android.launcher.permission.WRITE_SETTINGS in package com.android.settings
05-09 09:44:14.117   538   538 W PackageManager: Not granting permission android.permission.REGISTER_CONNECTION_MANAGER to package com.google.android.talk (protectionLevel=18 flags=0x3849be45)
05-09 09:44:14.117   538   538 W PackageManager: Not granting permission android.permission.ACCESS_COARSE_LOCATION to package pt.iris.mediaplayer because it was previously installed without
05-09 09:44:14.117   538   538 W PackageManager: Not granting permission android.permission.WRITE_EXTERNAL_STORAGE to package pt.iris.mediaplayer because it was previously installed without
05-09 09:44:14.117   538   538 W PackageManager: Not granting permission android.permission.READ_EXTERNAL_STORAGE to package pt.iris.mediaplayer because it was previously installed without
05-09 09:44:14.117   538   538 W PackageManager: Unknown permission android.permission.WRITE_INTERNAL_STORAGE in package pt.iris.mediaplayer
05-09 09:44:14.117   538   538 W PackageManager: Unknown permission android.permission.READ_INTERNAL_STORAGE in package pt.iris.mediaplayer
05-09 09:44:14.117   538   538 W PackageManager: Not granting permission android.permission.LOCAL_MAC_ADDRESS to package pt.iris.mediaplayer (protectionLevel=18 flags=0x3848be46)
05-09 09:44:14.117   538   538 W PackageManager: Not granting permission android.permission.ACCESS_FINE_LOCATION to package pt.iris.mediaplayer because it was previously installed without
05-09 09:44:14.117   538   538 W PackageManager: Not granting permission android.permission.BLUETOOTH_PRIVILEGED to package pt.iris.mediaplayer (protectionLevel=18 flags=0x3848be46)
05-09 09:44:14.117   538   538 W PackageManager: Not granting permission android.permission.READ_PHONE_STATE to package pt.iris.mediaplayer because it was previously installed without
05-09 09:44:14.117   538   538 W PackageManager: Unknown permission com.android.smspush.WAPPUSH_MANAGER_BIND in package com.android.phone
05-09 09:44:14.118   538   538 W PackageManager: Unknown permission com.android.gallery3d.permission.GALLERY_PROVIDER in package com.android.bluetooth
05-09 09:44:14.118   538   538 W PackageManager: Not granting permission android.permission.BIND_WALLPAPER to package com.google.android.GoogleCamera (protectionLevel=18 flags=0x38583c45)
05-09 09:44:14.189   538   538 I art     : Starting a blocking GC Explicit
05-09 09:44:14.225   538   538 I art     : Explicit concurrent mark sweep GC freed 42889(2MB) AllocSpace objects, 3(60KB) LOS objects, 33% free, 12MB/19MB, paused 356us total 34.991ms
05-09 09:44:14.231   538   538 I SystemServer: User Service
05-09 09:44:14.240   160   160 I lowmemorykiller: ActivityManager connected
05-09 09:44:14.241   538   538 D SensorService: nuSensorService starting...
05-09 09:44:14.244   538   538 I CwMcuSensor: CwMcuSensor::CwMcuSensor: set IIO buffer length success: 4096
05-09 09:44:14.248   538   538 D CwMcuSensor: Get compass calibration data from data/misc/ x is 0 ,y is 0 ,z is 0
05-09 09:44:14.252   538   538 E CwMcuSensor: CwMcuSensor::cw_read_calibrator_file: open file '/data/misc/AccOffset.txt' failed: No such file or directory
05-09 09:44:14.252   538   538 I CwMcuSensor: G-Sensor user calibration data does not exist
05-09 09:44:14.365   538   538 I SystemServiceManager: Starting com.android.server.BatteryService
05-09 09:44:14.365   538   646 D SensorService: nuSensorService thread starting...
05-09 09:44:14.369   538   645 D SensorService: new thread SensorEventAckReceiver
05-09 09:44:14.382   538   553 E lights  : write_int failed to open /sys/class/leds/indicator/ModeRGB
05-09 09:44:14.383   538   538 I SystemServiceManager: Starting com.android.server.usage.UsageStatsService
05-09 09:44:14.416   538   538 I SystemServiceManager: Starting com.android.server.webkit.WebViewUpdateService
05-09 09:44:14.421   538   538 I SystemServer: Reading configuration...
05-09 09:44:14.421   538   538 I SystemServer: Scheduling Policy
05-09 09:44:14.424   538   538 I SystemServiceManager: Starting com.android.server.telecom.TelecomLoaderService
05-09 09:44:14.427   538   538 I SystemServer: Telephony Registry
05-09 09:44:14.440   538   538 I SystemServer: Entropy Mixer
05-09 09:44:14.449   538   538 I EntropyMixer: Writing entropy...
05-09 09:44:14.455   538   538 I SystemServer: Camera Service
05-09 09:44:14.456   538   538 I SystemServiceManager: Starting com.android.server.camera.CameraService
05-09 09:44:14.467   538   538 I SystemServer: Account Manager
05-09 09:44:14.480   538   538 I SystemServer: Content Manager
05-09 09:44:14.488   538   538 I SystemServer: System Content Providers
05-09 09:44:14.501   538   538 W System  : ClassLoader referenced unknown path: /system/priv-app/SettingsProvider/lib/arm64
05-09 09:44:14.531   538   538 I SystemServer: Vibrator Service
05-09 09:44:14.533   538   538 I SystemServer: Consumer IR Service
05-09 09:44:14.534   538   538 E ConsumerIrService: Can't open consumer IR HW Module, error: -2
05-09 09:44:14.534   538   538 I SystemServiceManager: Starting com.android.server.AlarmManagerService
05-09 09:44:14.538   538   538 D AlarmManagerService: Kernel timezone updated to -60 minutes west of GMT
05-09 09:44:14.543   538   538 I SystemServer: Init Watchdog
05-09 09:44:14.543   538   538 I SystemServer: Input Manager
05-09 09:44:14.545   538   538 I InputManager: Initializing input manager, mUseDevInputEventForAudioJack=false
05-09 09:44:14.550   538   538 I SystemServer: Window Manager
05-09 09:44:14.566   483   483 W Binder_3: type=1400 audit(0.0:6): avc: denied { ioctl } for path="socket:[12881]" dev="sockfs" ino=12881 ioctlcmd=7704 scontext=u:r:surfaceflinger:s0 tcontext=u:r:surfaceflinger:s0 tclass=unix_stream_socket permissive=0
05-09 09:44:14.566   483   483 W Binder_3: type=1400 audit(0.0:7): avc: denied { ioctl } for path="socket:[12881]" dev="sockfs" ino=12881 ioctlcmd=7704 scontext=u:r:surfaceflinger:s0 tcontext=u:r:surfaceflinger:s0 tclass=unix_stream_socket permissive=0
05-09 09:44:14.571   538   582 I WindowManager: No existing display settings /data/system/display_settings.xml; starting empty
05-09 09:44:14.640   538   538 I InputManager: Starting input manager
05-09 09:44:14.641   538   538 I SystemServer: Bluetooth Service
05-09 09:44:14.644   538   538 I SystemServiceManager: Starting com.android.server.BluetoothService
05-09 09:44:14.653   538   538 D BluetoothService: onStart: publishing BluetoothManagerService
05-09 09:44:14.654   538   538 I SystemServer: Input Method Service
05-09 09:44:14.655   538   650 W EventHub: Unable to disable kernel key repeat for /dev/input/event0: Function not implemented
05-09 09:44:14.655   538   650 I EventHub: New device: id=1, fd=81, path='/dev/input/event0', name='synaptics_dsx', classes=0x15, configuration='/system/usr/idc/synaptics_dsx.idc', keyLayout='/system/usr/keylayout/Generic.kl', keyCharacterMap='/system/usr/keychars/Generic.kcm', builtinKeyboard=false, wakeMechanism=EPOLLWAKEUP, usingClockIoctl=true
05-09 09:44:14.656   538   650 D EventHub: No input device configuration file found for device 'gpio-keys.6'.
05-09 09:44:14.660   538   650 W EventHub: Unable to disable kernel key repeat for /dev/input/event3: Function not implemented
05-09 09:44:14.660   538   650 I EventHub: New device: id=2, fd=82, path='/dev/input/event3', name='gpio-keys.6', classes=0x1, configuration='', keyLayout='/system/usr/keylayout/Generic.kl', keyCharacterMap='/system/usr/keychars/Generic.kcm', builtinKeyboard=false, wakeMechanism=EPOLLWAKEUP, usingClockIoctl=true
05-09 09:44:14.660   538   650 D EventHub: No input device configuration file found for device 'h2w headset'.
05-09 09:44:14.667   538   650 W EventHub: Unable to disable kernel key repeat for /dev/input/event2: Function not implemented
05-09 09:44:14.668   538   650 I EventHub: New device: id=3, fd=83, path='/dev/input/event2', name='h2w headset', classes=0x1, configuration='', keyLayout='/system/usr/keylayout/h2w_headset.kl', keyCharacterMap='/system/usr/keychars/Generic.kcm', builtinKeyboard=false, wakeMechanism=EPOLLWAKEUP, usingClockIoctl=true
05-09 09:44:14.668   538   650 D EventHub: No input device configuration file found for device 'CwMcuSensor'.
05-09 09:44:14.668   538   650 I EventHub: New device: id=4, fd=86, path='/dev/input/event1', name='CwMcuSensor', classes=0x80, configuration='', keyLayout='', keyCharacterMap='', builtinKeyboard=false, wakeMechanism=EPOLLWAKEUP, usingClockIoctl=true
05-09 09:44:14.683   538   650 I InputReader: Device added: id=-1, name='Virtual', sources=0x00000301
05-09 09:44:14.684   538   650 I InputReader: Device added: id=4, name='CwMcuSensor', sources=0x80000000
05-09 09:44:14.684   538   650 I InputReader: Device added: id=3, name='h2w headset', sources=0x00000101
05-09 09:44:14.684   538   650 I InputReader: Device added: id=2, name='gpio-keys.6', sources=0x00000101
