05-09 10:05:22.600  1180  2911 I CheckinService: From server: Intent { act=com.google.android.gms.checkin.NOOP }
05-09 10:05:22.604  1180  2911 I CheckinService: Checking schedule, now: 1557392722604 next: 1557433621599
05-09 10:05:22.604  1180  2911 I CheckinService: active receiver: disabled
05-09 10:05:22.619  1180  1180 D ChimeraCfgMgr: Loading module com.google.android.gms.kids from APK com.google.android.gms
05-09 10:05:22.620  1180  1180 I Kids    : [GCoreUtils] Current gmscore version, 8122446 is smaller than the required version 8400000
05-09 10:05:22.626  1049  1622 D GCM     : GcmService start Intent { act=com.google.android.checkin.CHECKIN_COMPLETE flg=0x10 cmp=com.google.android.gms/.gcm.GcmService (has extras) } com.google.android.checkin.CHECKIN_COMPLETE
05-09 10:05:26.257   538  2452 D NetlinkSocketObserver: NeighborEvent{elapsedMs=1291800, 192.168.1.1, [BCEE7B8E7F30], RTM_NEWNEIGH, NUD_REACHABLE}
05-09 10:05:27.121   538  1419 I ActivityManager: Killing 2500:com.google.android.apps.magazines/u0a60 (adj 15): empty #17
05-09 10:05:30.950   538   650 I InputReader: Reconfiguring input devices.  changes=0x00000010
05-09 10:05:31.003  1180  2957 D PackageBroadcastService: Received broadcast action=android.intent.action.PACKAGE_CHANGED and uri=com.google.android.gms
05-09 10:05:31.007  1436  2959 I UpdateIcingCorporaServi: Updating corpora: APPS=com.google.android.gms, CONTACTS=MAYBE
05-09 10:05:31.022  1180  2957 I PackageBroadcastService: Null package name or gms related package.  Ignoreing.
05-09 10:05:31.044  1436  2959 I UpdateIcingCorporaServi: UpdateCorporaTask done [took 36 ms] updated apps [took 36 ms] 
05-09 10:05:31.050  1180  1578 I Icing   : updateResources: need to parse f{com.google.android.gms}
05-09 10:05:31.097  1228  1228 V GmsNetworkLocationProvi: DISABLE
05-09 10:05:31.115  1228  1894 V GmsNetworkLocationProvi: onSetRequest: ProviderRequestUnbundled, reportLocation is true and interval is 86400000
05-09 10:05:31.120  1228  1228 V GmsNetworkLocationProvi: ENABLE
05-09 10:05:31.121  1228  1228 V GmsNetworkLocationProvi: SET-REQUEST
05-09 10:05:31.121  1228  1228 V GmsNetworkLocationProvi: in Handler: ProviderRequestUnbundled, reportLocation is true and interval is 86400000
05-09 10:05:31.130   538   566 D ActivityRecognitionProxy: AR HW instance not available, binding will be a no-op.
05-09 10:05:31.710   538  2452 D NetlinkSocketObserver: NeighborEvent{elapsedMs=1297253, 192.168.1.1, [BCEE7B8E7F30], RTM_NEWNEIGH, NUD_STALE}
05-09 10:05:35.746   538   658 D WifiStateMachine: starting scan for "Tomato"WPA_PSK with 2462,5180
05-09 10:05:55.748   538   658 D WifiStateMachine: starting scan for "Tomato"WPA_PSK with 2462,5180
05-09 10:05:58.585   713   713 D PhoneStatusBar: disable: < expand ICONS* alerts SYSTEM_INFO* back home recent clock search quick_settings >
05-09 10:05:58.629  1436  1436 I HotwordDetector: Closing mic
05-09 10:05:58.630  1436  1587 I MicrophoneInputStream: mic_close com.google.android.apps.gsa.speech.audio.x@8156059
05-09 10:05:58.656   167   639 I SoundTriggerHwService::Module: void android::SoundTriggerHwService::Module::onCallbackEvent(const android::sp<android::SoundTriggerHwService::CallbackEvent>&) mClient == 0
05-09 10:05:58.678  1436  1589 I MicroRecognitionRnrImpl: Stopping hotword detection.
05-09 10:05:58.679  1436  2898 I MicroRecognitionRnrImpl: Detection finished
05-09 10:05:58.684   538   741 I ActivityManager: Killing 2007:com.google.android.calendar/u0a31 (adj 15): empty #17
05-09 10:06:00.012   167   636 D audio_hw_primary: out_set_parameters: enter: usecase(0: playback) kvpairs: routing=2 out->devices(2) adev->mode(0)
05-09 10:06:00.014   538  1415 I ActivityManager: START u0 {act=android.settings.SETTINGS flg=0x14000000 cmp=com.android.settings/.Settings} from uid 10022 on display 0
05-09 10:06:00.089  1415  1415 W Binder_8: type=1400 audit(0.0:71): avc: denied { ioctl } for path="socket:[23645]" dev="sockfs" ino=23645 ioctlcmd=7704 scontext=u:r:system_server:s0 tcontext=u:r:system_server:s0 tclass=unix_stream_socket permissive=0
05-09 10:06:00.089  1415  1415 W Binder_8: type=1400 audit(0.0:72): avc: denied { ioctl } for path="socket:[23645]" dev="sockfs" ino=23645 ioctlcmd=7704 scontext=u:r:system_server:s0 tcontext=u:r:system_server:s0 tclass=unix_stream_socket permissive=0
05-09 10:06:00.106  2833  2884 D Index   : Locale 'en_US' is already indexed
05-09 10:06:00.185  2833  2833 D DashboardSummary: rebuildUI took: 83 ms
05-09 10:06:00.252   553   553 W Binder_1: type=1400 audit(0.0:73): avc: denied { ioctl } for path="socket:[22669]" dev="sockfs" ino=22669 ioctlcmd=7704 scontext=u:r:system_server:s0 tcontext=u:r:system_server:s0 tclass=unix_stream_socket permissive=0
05-09 10:06:00.252   553   553 W Binder_1: type=1400 audit(0.0:74): avc: denied { ioctl } for path="socket:[22669]" dev="sockfs" ino=22669 ioctlcmd=7704 scontext=u:r:system_server:s0 tcontext=u:r:system_server:s0 tclass=unix_stream_socket permissive=0
05-09 10:06:00.253   538   582 I ActivityManager: Displayed com.android.settings/.Settings: +230ms
05-09 10:06:00.256  1314  1314 I Keyboard.Facilitator: onFinishInput()
05-09 10:06:00.549   713   713 D PhoneStatusBar: disable: < expand icons* alerts system_info* back home recent clock search quick_settings >
05-09 10:06:03.177   538  1079 I ActivityManager: START u0 {act=android.intent.action.MAIN cmp=com.android.settings/.SubSettings (has extras)} from uid 1000 on display 0
05-09 10:06:03.181   167   636 D audio_hw_primary: out_set_parameters: enter: usecase(0: playback) kvpairs: routing=2 out->devices(2) adev->mode(0)
05-09 10:06:03.206  2833  2833 D SubSettings: Launching fragment com.android.settings.DeviceInfoSettings
05-09 10:06:03.217  2833  2833 D DeviceInfoSettings: Property 'ro.url.safetylegal' missing and no 'safetylegal' preference
05-09 10:06:03.224   167   636 D AudioFlinger: mixer(0xab03a098) throttle end: throttle time(10)
05-09 10:06:03.229   554   554 W Binder_2: type=1400 audit(0.0:75): avc: denied { ioctl } for path="socket:[23653]" dev="sockfs" ino=23653 ioctlcmd=7704 scontext=u:r:system_server:s0 tcontext=u:r:system_server:s0 tclass=unix_stream_socket permissive=0
05-09 10:06:03.229   554   554 W Binder_2: type=1400 audit(0.0:76): avc: denied { ioctl } for path="socket:[23653]" dev="sockfs" ino=23653 ioctlcmd=7704 scontext=u:r:system_server:s0 tcontext=u:r:system_server:s0 tclass=unix_stream_socket permissive=0
05-09 10:06:03.306   952   952 W Binder_4: type=1400 audit(0.0:77): avc: denied { ioctl } for path="socket:[22669]" dev="sockfs" ino=22669 ioctlcmd=7704 scontext=u:r:system_server:s0 tcontext=u:r:system_server:s0 tclass=unix_stream_socket permissive=0
05-09 10:06:03.306   952   952 W Binder_4: type=1400 audit(0.0:78): avc: denied { ioctl } for path="socket:[22669]" dev="sockfs" ino=22669 ioctlcmd=7704 scontext=u:r:system_server:s0 tcontext=u:r:system_server:s0 tclass=unix_stream_socket permissive=0
05-09 10:06:03.308   538   582 I ActivityManager: Displayed com.android.settings/.SubSettings: +123ms
05-09 10:06:03.310  1314  1314 I Keyboard.Facilitator: onFinishInput()
05-09 10:06:03.338  2833  2848 D OpenGLRenderer: endAllStagingAnimators on 0x559ce7e040 (RippleDrawable) with handle 0x559cc6c290
05-09 10:06:05.246   538  1401 I ActivityManager: START u0 {act=android.intent.action.MAIN cmp=com.android.settings/.deviceinfo.Status} from uid 1000 on display 0
05-09 10:06:05.252   167   636 D audio_hw_primary: out_set_parameters: enter: usecase(0: playback) kvpairs: routing=2 out->devices(2) adev->mode(0)
05-09 10:06:05.283  1347  1347 W System  : ClassLoader referenced unknown path: /system/priv-app/Settings/lib/arm64
05-09 10:06:05.341   538   659 D WifiService: New client listening to asynchronous messages
05-09 10:06:05.350  2833  2848 D OpenGLRenderer: endAllStagingAnimators on 0x559d0b15f0 (ListView) with handle 0x559d0bb530
05-09 10:06:05.353   538   568 W BroadcastQueue: Permission Denial: broadcasting Intent { act=android.net.conn.CONNECTIVITY_CHANGE flg=0x4000010 (has extras) } from null (pid=-1, uid=-1) requires android.permission.CHANGE_NETWORK_STATE due to registered receiver BroadcastFilter{784b9c0 u0 ReceiverList{6182f43 1347 com.android.phone/1001/u0 remote:8cfccf2}}
05-09 10:06:05.353   538   568 W BroadcastQueue: Permission Denial: broadcasting Intent { act=android.net.wifi.STATE_CHANGE flg=0x4000010 (has extras) } from null (pid=-1, uid=-1) requires android.permission.CHANGE_NETWORK_STATE due to registered receiver BroadcastFilter{784b9c0 u0 ReceiverList{6182f43 1347 com.android.phone/1001/u0 remote:8cfccf2}}
05-09 10:06:05.359  1416  1416 W Binder_4: type=1400 audit(0.0:79): avc: denied { ioctl } for path="socket:[23658]" dev="sockfs" ino=23658 ioctlcmd=7704 scontext=u:r:surfaceflinger:s0 tcontext=u:r:surfaceflinger:s0 tclass=unix_stream_socket permissive=0
05-09 10:06:05.359  1416  1416 W Binder_4: type=1400 audit(0.0:80): avc: denied { ioctl } for path="socket:[23658]" dev="sockfs" ino=23658 ioctlcmd=7704 scontext=u:r:surfaceflinger:s0 tcontext=u:r:surfaceflinger:s0 tclass=unix_stream_socket permissive=0
05-09 10:06:05.362   195   195 W Binder_2: type=1400 audit(0.0:81): avc: denied { ioctl } for path="socket:[23664]" dev="sockfs" ino=23664 ioctlcmd=7704 scontext=u:r:surfaceflinger:s0 tcontext=u:r:surfaceflinger:s0 tclass=unix_stream_socket permissive=0
05-09 10:06:05.362   195   195 W Binder_2: type=1400 audit(0.0:82): avc: denied { ioctl } for path="socket:[23664]" dev="sockfs" ino=23664 ioctlcmd=7704 scontext=u:r:surfaceflinger:s0 tcontext=u:r:surfaceflinger:s0 tclass=unix_stream_socket permissive=0
05-09 10:06:05.365  1347  2973 D OpenGLRenderer: Use EGL_SWAP_BEHAVIOR_PRESERVED: true
05-09 10:06:05.369   538  1419 E JavaBinder: *** Uncaught remote exception!  (Exceptions are not yet supported across processes.)
05-09 10:06:05.369   538  1419 E JavaBinder: java.lang.RuntimeException: android.os.RemoteException: Invalid package name
05-09 10:06:05.369   538  1419 E JavaBinder: 	at android.os.Parcel.writeException(Parcel.java:1520)
05-09 10:06:05.369   538  1419 E JavaBinder: 	at android.os.Binder.execTransact(Binder.java:459)
05-09 10:06:05.369   538  1419 E JavaBinder: Caused by: android.os.RemoteException: Invalid package name
05-09 10:06:05.369   538  1419 E JavaBinder: 	at com.android.server.GraphicsStatsService.requestBufferForProcess(GraphicsStatsService.java:97)
05-09 10:06:05.369   538  1419 E JavaBinder: 	at android.view.IGraphicsStats$Stub.onTransact(IGraphicsStats.java:55)
05-09 10:06:05.369   538  1419 E JavaBinder: 	at android.os.Binder.execTransact(Binder.java:453)
05-09 10:06:05.371  1347  1347 W HardwareRenderer: Could not acquire gfx stats buffer
05-09 10:06:05.371  1347  1347 W HardwareRenderer: java.lang.NullPointerException: Attempt to invoke virtual method 'int android.os.ParcelFileDescriptor.getFd()' on a null object reference
05-09 10:06:05.371  1347  1347 W HardwareRenderer: 	at android.view.ThreadedRenderer$ProcessInitializer.initGraphicsStats(ThreadedRenderer.java:460)
05-09 10:06:05.371  1347  1347 W HardwareRenderer: 	at android.view.ThreadedRenderer$ProcessInitializer.init(ThreadedRenderer.java:446)
05-09 10:06:05.371  1347  1347 W HardwareRenderer: 	at android.view.ThreadedRenderer.<init>(ThreadedRenderer.java:126)
05-09 10:06:05.371  1347  1347 W HardwareRenderer: 	at android.view.HardwareRenderer.create(HardwareRenderer.java:436)
05-09 10:06:05.371  1347  1347 W HardwareRenderer: 	at android.view.ViewRootImpl.enableHardwareAcceleration(ViewRootImpl.java:755)
05-09 10:06:05.371  1347  1347 W HardwareRenderer: 	at android.view.ViewRootImpl.setView(ViewRootImpl.java:488)
05-09 10:06:05.371  1347  1347 W HardwareRenderer: 	at android.view.WindowManagerGlobal.addView(WindowManagerGlobal.java:310)
05-09 10:06:05.371  1347  1347 W HardwareRenderer: 	at android.view.WindowManagerImpl.addView(WindowManagerImpl.java:85)
05-09 10:06:05.371  1347  1347 W HardwareRenderer: 	at android.app.ActivityThread.handleResumeActivity(ActivityThread.java:3169)
05-09 10:06:05.371  1347  1347 W HardwareRenderer: 	at android.app.ActivityThread.handleLaunchActivity(ActivityThread.java:2481)
05-09 10:06:05.371  1347  1347 W HardwareRenderer: 	at android.app.ActivityThread.-wrap11(ActivityThread.java)
05-09 10:06:05.371  1347  1347 W HardwareRenderer: 	at android.app.ActivityThread$H.handleMessage(ActivityThread.java:1344)
05-09 10:06:05.371  1347  1347 W HardwareRenderer: 	at android.os.Handler.dispatchMessage(Handler.java:102)
05-09 10:06:05.371  1347  1347 W HardwareRenderer: 	at android.os.Looper.loop(Looper.java:148)
05-09 10:06:05.371  1347  1347 W HardwareRenderer: 	at android.app.ActivityThread.main(ActivityThread.java:5417)
05-09 10:06:05.371  1347  1347 W HardwareRenderer: 	at java.lang.reflect.Method.invoke(Native Method)
05-09 10:06:05.371  1347  1347 W HardwareRenderer: 	at com.android.internal.os.ZygoteInit$MethodAndArgsCaller.run(ZygoteInit.java:726)
05-09 10:06:05.371  1347  1347 W HardwareRenderer: 	at com.android.internal.os.ZygoteInit.main(ZygoteInit.java:616)
05-09 10:06:05.376  1401  1401 W Binder_7: type=1400 audit(0.0:83): avc: denied { ioctl } for path="socket:[23669]" dev="sockfs" ino=23669 ioctlcmd=7704 scontext=u:r:system_server:s0 tcontext=u:r:system_server:s0 tclass=unix_stream_socket permissive=0
05-09 10:06:05.376  1401  1401 W Binder_7: type=1400 audit(0.0:84): avc: denied { ioctl } for path="socket:[23669]" dev="sockfs" ino=23669 ioctlcmd=7704 scontext=u:r:system_server:s0 tcontext=u:r:system_server:s0 tclass=unix_stream_socket permissive=0
05-09 10:06:05.420  1347  2973 I OpenGLRenderer: Initialized EGL, version 1.4
05-09 10:06:05.582   554   554 W Binder_2: type=1400 audit(0.0:85): avc: denied { ioctl } for path="socket:[23673]" dev="sockfs" ino=23673 ioctlcmd=7704 scontext=u:r:system_server:s0 tcontext=u:r:system_server:s0 tclass=unix_stream_socket permissive=0
05-09 10:06:05.585   538   582 I ActivityManager: Displayed com.android.settings/.deviceinfo.Status: +310ms
05-09 10:06:05.586   554   554 W Binder_2: type=1400 audit(0.0:86): avc: denied { ioctl } for path="socket:[23673]" dev="sockfs" ino=23673 ioctlcmd=7704 scontext=u:r:system_server:s0 tcontext=u:r:system_server:s0 tclass=unix_stream_socket permissive=0
05-09 10:06:05.586  1102  1102 W Binder_6: type=1400 audit(0.0:87): avc: denied { ioctl } for path="socket:[23672]" dev="sockfs" ino=23672 ioctlcmd=7704 scontext=u:r:system_server:s0 tcontext=u:r:system_server:s0 tclass=unix_stream_socket permissive=0
05-09 10:06:05.586  1102  1102 W Binder_6: type=1400 audit(0.0:88): avc: denied { ioctl } for path="socket:[23672]" dev="sockfs" ino=23672 ioctlcmd=7704 scontext=u:r:system_server:s0 tcontext=u:r:system_server:s0 tclass=unix_stream_socket permissive=0
05-09 10:06:05.591  1314  1314 I Keyboard.Facilitator: onFinishInput()
05-09 10:06:07.705  1314  1314 D EmojiAltPhysicalKeyDetector: onKeyUp() : KeyEvent { action=ACTION_UP, keyCode=KEYCODE_BACK, scanCode=0, metaState=0, flags=0x48, repeatCount=0, eventTime=1333248, downTime=1333177, deviceId=-1, source=0x101 }
05-09 10:06:07.705  1314  1314 D EmojiAltPhysicalKeyDetector: onKeyUp() : Not Mapped: 4
05-09 10:06:07.719   167   636 D audio_hw_primary: out_set_parameters: enter: usecase(0: playback) kvpairs: routing=2 out->devices(2) adev->mode(0)
05-09 10:06:07.752   553   553 W Binder_1: type=1400 audit(0.0:89): avc: denied { ioctl } for path="socket:[22669]" dev="sockfs" ino=22669 ioctlcmd=7704 scontext=u:r:system_server:s0 tcontext=u:r:system_server:s0 tclass=unix_stream_socket permissive=0
05-09 10:06:07.752   553   553 W Binder_1: type=1400 audit(0.0:90): avc: denied { ioctl } for path="socket:[22669]" dev="sockfs" ino=22669 ioctlcmd=7704 scontext=u:r:system_server:s0 tcontext=u:r:system_server:s0 tclass=unix_stream_socket permissive=0
05-09 10:06:07.754  1314  1314 I Keyboard.Facilitator: onFinishInput()
05-09 10:06:07.759   167   636 D AudioFlinger: mixer(0xab03a098) throttle end: throttle time(3)
05-09 10:06:07.914  1314  1314 D EmojiAltPhysicalKeyDetector: onKeyUp() : KeyEvent { action=ACTION_UP, keyCode=KEYCODE_BACK, scanCode=0, metaState=0, flags=0x48, repeatCount=0, eventTime=1333457, downTime=1333418, deviceId=-1, source=0x101 }
05-09 10:06:07.915  1314  1314 D EmojiAltPhysicalKeyDetector: onKeyUp() : Not Mapped: 4
05-09 10:06:07.951   167   636 D AudioFlinger: mixer(0xab03a098) throttle end: throttle time(3)
05-09 10:06:07.992  1415  1415 W Binder_8: type=1400 audit(0.0:91): avc: denied { ioctl } for path="socket:[22669]" dev="sockfs" ino=22669 ioctlcmd=7704 scontext=u:r:system_server:s0 tcontext=u:r:system_server:s0 tclass=unix_stream_socket permissive=0
05-09 10:06:07.992  1415  1415 W Binder_8: type=1400 audit(0.0:92): avc: denied { ioctl } for path="socket:[22669]" dev="sockfs" ino=22669 ioctlcmd=7704 scontext=u:r:system_server:s0 tcontext=u:r:system_server:s0 tclass=unix_stream_socket permissive=0
05-09 10:06:07.993  2833  2833 D DashboardSummary: rebuildUI took: 48 ms
05-09 10:06:07.995  1314  1314 I Keyboard.Facilitator: onFinishInput()
05-09 10:06:08.627   713   713 V DeadZone: consuming errant click: (459.35046,6.2612305)
05-09 10:06:08.679  1436  2978 W CronetSyncConnectionRcs: Upload content type not set.
05-09 10:06:09.249  1314  1314 D EmojiAltPhysicalKeyDetector: onKeyUp() : KeyEvent { action=ACTION_UP, keyCode=KEYCODE_BACK, scanCode=0, metaState=0, flags=0x48, repeatCount=0, eventTime=1334792, downTime=1334737, deviceId=-1, source=0x101 }
05-09 10:06:09.249  1314  1314 D EmojiAltPhysicalKeyDetector: onKeyUp() : Not Mapped: 4
05-09 10:06:09.255   167   636 D audio_hw_primary: out_set_parameters: enter: usecase(0: playback) kvpairs: routing=2 out->devices(2) adev->mode(0)
05-09 10:06:09.295   167   636 D AudioFlinger: mixer(0xab03a098) throttle end: throttle time(3)
05-09 10:06:09.349  1102  1102 W Binder_6: type=1400 audit(0.0:93): avc: denied { ioctl } for path="socket:[16496]" dev="sockfs" ino=16496 ioctlcmd=7704 scontext=u:r:system_server:s0 tcontext=u:r:system_server:s0 tclass=unix_stream_socket permissive=0
05-09 10:06:09.349  1102  1102 W Binder_6: type=1400 audit(0.0:94): avc: denied { ioctl } for path="socket:[16496]" dev="sockfs" ino=16496 ioctlcmd=7704 scontext=u:r:system_server:s0 tcontext=u:r:system_server:s0 tclass=unix_stream_socket permissive=0
05-09 10:06:09.380  1314  1314 I Keyboard.Facilitator: onFinishInput()
05-09 10:06:09.401  1436  1436 W LocationOracleImpl: Best location was null
05-09 10:06:09.419  1436  2984 I MicroRecognitionRnrImpl: Starting detection.
05-09 10:06:09.431  1436  2985 I MicrophoneInputStream: mic_starting com.google.android.apps.gsa.speech.audio.x@ed9ed16
05-09 10:06:09.434   167  2987 I AudioFlinger: AudioFlinger's thread 0xab0ffde0 ready to run
05-09 10:06:09.435   167   639 I SoundTriggerHwService::Module: void android::SoundTriggerHwService::Module::onCallbackEvent(const android::sp<android::SoundTriggerHwService::CallbackEvent>&) mClient == 0
05-09 10:06:09.436  1436  2985 I MicrophoneInputStream: mic_started com.google.android.apps.gsa.speech.audio.x@ed9ed16
05-09 10:06:09.484  1436  1436 E LocationReceiver: Received bad location: null
05-09 10:06:09.623  1436  1436 I HotwordWorkerImpl: onReady
05-09 10:06:09.858  1357  1536 W OpenGLRenderer: Incorrectly called buildLayer on View: ShortcutAndWidgetContainer, destroying layer...
05-09 10:06:13.684   538  2452 D NetlinkSocketObserver: NeighborEvent{elapsedMs=1339227, 192.168.1.1, [BCEE7B8E7F30], RTM_NEWNEIGH, NUD_REACHABLE}
05-09 10:06:15.752   538   658 D WifiStateMachine: starting scan for "Tomato"WPA_PSK with 2462,5180
05-09 10:06:18.217   538  2452 D NetlinkSocketObserver: NeighborEvent{elapsedMs=1343760, 192.168.1.1, [BCEE7B8E7F30], RTM_NEWNEIGH, NUD_STALE}
05-09 10:06:35.755   538   658 D WifiStateMachine: starting scan for "Tomato"WPA_PSK with 2462,5180
05-09 10:06:52.296   538   660 D ConnectivityService: updateNetworkScore for NetworkAgentInfo [WIFI () - 100] to 56
05-09 10:06:55.322   538   660 D ConnectivityService: updateNetworkScore for NetworkAgentInfo [WIFI () - 100] to 60
05-09 10:06:55.758   538   658 D WifiStateMachine: starting scan for "Tomato"WPA_PSK with 2462,5180
05-09 10:07:09.420  1314  1425 I Keyboard.Facilitator.LanguageModelFlusher: run()
05-09 10:07:09.421  1314  1425 I Keyboard.Facilitator: flushDynamicLanguageModels()
05-09 10:07:10.421   538   660 D ConnectivityService: updateNetworkScore for NetworkAgentInfo [WIFI () - 100] to 56
05-09 10:07:13.442   538   660 D ConnectivityService: updateNetworkScore for NetworkAgentInfo [WIFI () - 100] to 60
05-09 10:07:15.762   538   658 D WifiStateMachine: starting scan for "Tomato"WPA_PSK with 2462,5180
05-09 10:07:49.678   538   660 D ConnectivityService: updateNetworkScore for NetworkAgentInfo [WIFI () - 100] to 56
05-09 10:07:52.700   538   660 D ConnectivityService: updateNetworkScore for NetworkAgentInfo [WIFI () - 100] to 60
05-09 10:07:55.721   538   660 D ConnectivityService: updateNetworkScore for NetworkAgentInfo [WIFI () - 100] to 56
05-09 10:07:55.764   538   658 D WifiStateMachine: starting scan for "Tomato"WPA_PSK with 2462,5180
05-09 10:07:58.743   538   660 D ConnectivityService: updateNetworkScore for NetworkAgentInfo [WIFI () - 100] to 60
